###############################################################################
#
# IAR ELF Linker V7.30.1.7746/W32 for ARM                 26/Feb/2016  13:48:53
# Copyright 2007-2014 IAR Systems AB.
#
#    Output file  =  
#        D:\工作资料\斐联\sdk-ameba1-v3.4b\project\realtek_ameba1_va0_example\EWARM-RELEASE\Debug\Exe\application.axf
#    Map file     =  
#        D:\工作资料\斐联\sdk-ameba1-v3.4b\project\realtek_ameba1_va0_example\EWARM-RELEASE\Debug\List\application.map
#    Command line =  
#        D:\工作资料\斐联\sdk-ameba1-v3.4b\project\realtek_ameba1_va0_example\EWARM-RELEASE\Debug\Obj\ac_api.o
#        D:\工作资料\斐联\sdk-ameba1-v3.4b\project\realtek_ameba1_va0_example\EWARM-RELEASE\Debug\Obj\ac_hal.o
#        D:\工作资料\斐联\sdk-ameba1-v3.4b\project\realtek_ameba1_va0_example\EWARM-RELEASE\Debug\Obj\aes.o
#        D:\工作资料\斐联\sdk-ameba1-v3.4b\project\realtek_ameba1_va0_example\EWARM-RELEASE\Debug\Obj\aes_cbc.o
#        D:\工作资料\斐联\sdk-ameba1-v3.4b\project\realtek_ameba1_va0_example\EWARM-RELEASE\Debug\Obj\aes_core.o
#        D:\工作资料\斐联\sdk-ameba1-v3.4b\project\realtek_ameba1_va0_example\EWARM-RELEASE\Debug\Obj\aesni.o
#        D:\工作资料\斐联\sdk-ameba1-v3.4b\project\realtek_ameba1_va0_example\EWARM-RELEASE\Debug\Obj\analogin_api.o
#        D:\工作资料\斐联\sdk-ameba1-v3.4b\project\realtek_ameba1_va0_example\EWARM-RELEASE\Debug\Obj\api_lib.o
#        D:\工作资料\斐联\sdk-ameba1-v3.4b\project\realtek_ameba1_va0_example\EWARM-RELEASE\Debug\Obj\api_msg.o
#        D:\工作资料\斐联\sdk-ameba1-v3.4b\project\realtek_ameba1_va0_example\EWARM-RELEASE\Debug\Obj\arc4.o
#        D:\工作资料\斐联\sdk-ameba1-v3.4b\project\realtek_ameba1_va0_example\EWARM-RELEASE\Debug\Obj\asn1parse.o
#        D:\工作资料\斐联\sdk-ameba1-v3.4b\project\realtek_ameba1_va0_example\EWARM-RELEASE\Debug\Obj\asn1write.o
#        D:\工作资料\斐联\sdk-ameba1-v3.4b\project\realtek_ameba1_va0_example\EWARM-RELEASE\Debug\Obj\atcmd_google.o
#        D:\工作资料\斐联\sdk-ameba1-v3.4b\project\realtek_ameba1_va0_example\EWARM-RELEASE\Debug\Obj\atcmd_sys.o
#        D:\工作资料\斐联\sdk-ameba1-v3.4b\project\realtek_ameba1_va0_example\EWARM-RELEASE\Debug\Obj\atcmd_wifi.o
#        D:\工作资料\斐联\sdk-ameba1-v3.4b\project\realtek_ameba1_va0_example\EWARM-RELEASE\Debug\Obj\autoip.o
#        D:\工作资料\斐联\sdk-ameba1-v3.4b\project\realtek_ameba1_va0_example\EWARM-RELEASE\Debug\Obj\base64.o
#        D:\工作资料\斐联\sdk-ameba1-v3.4b\project\realtek_ameba1_va0_example\EWARM-RELEASE\Debug\Obj\bignum.o
#        D:\工作资料\斐联\sdk-ameba1-v3.4b\project\realtek_ameba1_va0_example\EWARM-RELEASE\Debug\Obj\blowfish.o
#        D:\工作资料\斐联\sdk-ameba1-v3.4b\project\realtek_ameba1_va0_example\EWARM-RELEASE\Debug\Obj\camellia.o
#        D:\工作资料\斐联\sdk-ameba1-v3.4b\project\realtek_ameba1_va0_example\EWARM-RELEASE\Debug\Obj\ccm.o
#        D:\工作资料\斐联\sdk-ameba1-v3.4b\project\realtek_ameba1_va0_example\EWARM-RELEASE\Debug\Obj\certs.o
#        D:\工作资料\斐联\sdk-ameba1-v3.4b\project\realtek_ameba1_va0_example\EWARM-RELEASE\Debug\Obj\cipher.o
#        D:\工作资料\斐联\sdk-ameba1-v3.4b\project\realtek_ameba1_va0_example\EWARM-RELEASE\Debug\Obj\cipher_wrap.o
#        D:\工作资料\斐联\sdk-ameba1-v3.4b\project\realtek_ameba1_va0_example\EWARM-RELEASE\Debug\Obj\cJSON.o
#        D:\工作资料\斐联\sdk-ameba1-v3.4b\project\realtek_ameba1_va0_example\EWARM-RELEASE\Debug\Obj\cmsis_os.o
#        D:\工作资料\斐联\sdk-ameba1-v3.4b\project\realtek_ameba1_va0_example\EWARM-RELEASE\Debug\Obj\crc.o
#        D:\工作资料\斐联\sdk-ameba1-v3.4b\project\realtek_ameba1_va0_example\EWARM-RELEASE\Debug\Obj\croutine.o
#        D:\工作资料\斐联\sdk-ameba1-v3.4b\project\realtek_ameba1_va0_example\EWARM-RELEASE\Debug\Obj\ctr_drbg.o
#        D:\工作资料\斐联\sdk-ameba1-v3.4b\project\realtek_ameba1_va0_example\EWARM-RELEASE\Debug\Obj\debug.o
#        D:\工作资料\斐联\sdk-ameba1-v3.4b\project\realtek_ameba1_va0_example\EWARM-RELEASE\Debug\Obj\def.o
#        D:\工作资料\斐联\sdk-ameba1-v3.4b\project\realtek_ameba1_va0_example\EWARM-RELEASE\Debug\Obj\des.o
#        D:\工作资料\斐联\sdk-ameba1-v3.4b\project\realtek_ameba1_va0_example\EWARM-RELEASE\Debug\Obj\dhcp.o
#        D:\工作资料\斐联\sdk-ameba1-v3.4b\project\realtek_ameba1_va0_example\EWARM-RELEASE\Debug\Obj\dhcps.o
#        D:\工作资料\斐联\sdk-ameba1-v3.4b\project\realtek_ameba1_va0_example\EWARM-RELEASE\Debug\Obj\dhm.o
#        D:\工作资料\斐联\sdk-ameba1-v3.4b\project\realtek_ameba1_va0_example\EWARM-RELEASE\Debug\Obj\dma_api.o
#        D:\工作资料\斐联\sdk-ameba1-v3.4b\project\realtek_ameba1_va0_example\EWARM-RELEASE\Debug\Obj\dns.o
#        D:\工作资料\斐联\sdk-ameba1-v3.4b\project\realtek_ameba1_va0_example\EWARM-RELEASE\Debug\Obj\ecdh.o
#        D:\工作资料\斐联\sdk-ameba1-v3.4b\project\realtek_ameba1_va0_example\EWARM-RELEASE\Debug\Obj\ecdsa.o
#        D:\工作资料\斐联\sdk-ameba1-v3.4b\project\realtek_ameba1_va0_example\EWARM-RELEASE\Debug\Obj\ecp.o
#        D:\工作资料\斐联\sdk-ameba1-v3.4b\project\realtek_ameba1_va0_example\EWARM-RELEASE\Debug\Obj\ecp_curves.o
#        D:\工作资料\斐联\sdk-ameba1-v3.4b\project\realtek_ameba1_va0_example\EWARM-RELEASE\Debug\Obj\efuse1_api.o
#        D:\工作资料\斐联\sdk-ameba1-v3.4b\project\realtek_ameba1_va0_example\EWARM-RELEASE\Debug\Obj\efuse2_api.o
#        D:\工作资料\斐联\sdk-ameba1-v3.4b\project\realtek_ameba1_va0_example\EWARM-RELEASE\Debug\Obj\efuse3_api.o
#        D:\工作资料\斐联\sdk-ameba1-v3.4b\project\realtek_ameba1_va0_example\EWARM-RELEASE\Debug\Obj\entropy.o
#        D:\工作资料\斐联\sdk-ameba1-v3.4b\project\realtek_ameba1_va0_example\EWARM-RELEASE\Debug\Obj\entropy_poll.o
#        D:\工作资料\斐联\sdk-ameba1-v3.4b\project\realtek_ameba1_va0_example\EWARM-RELEASE\Debug\Obj\err.o
#        D:\工作资料\斐联\sdk-ameba1-v3.4b\project\realtek_ameba1_va0_example\EWARM-RELEASE\Debug\Obj\error.o
#        D:\工作资料\斐联\sdk-ameba1-v3.4b\project\realtek_ameba1_va0_example\EWARM-RELEASE\Debug\Obj\etharp.o
#        D:\工作资料\斐联\sdk-ameba1-v3.4b\project\realtek_ameba1_va0_example\EWARM-RELEASE\Debug\Obj\ethernetif.o
#        D:\工作资料\斐联\sdk-ameba1-v3.4b\project\realtek_ameba1_va0_example\EWARM-RELEASE\Debug\Obj\event_groups.o
#        D:\工作资料\斐联\sdk-ameba1-v3.4b\project\realtek_ameba1_va0_example\EWARM-RELEASE\Debug\Obj\example_entry.o
#        D:\工作资料\斐联\sdk-ameba1-v3.4b\project\realtek_ameba1_va0_example\EWARM-RELEASE\Debug\Obj\example_google.o
#        D:\工作资料\斐联\sdk-ameba1-v3.4b\project\realtek_ameba1_va0_example\EWARM-RELEASE\Debug\Obj\example_mcast.o
#        D:\工作资料\斐联\sdk-ameba1-v3.4b\project\realtek_ameba1_va0_example\EWARM-RELEASE\Debug\Obj\example_mdns.o
#        D:\工作资料\斐联\sdk-ameba1-v3.4b\project\realtek_ameba1_va0_example\EWARM-RELEASE\Debug\Obj\example_socket_select.o
#        D:\工作资料\斐联\sdk-ameba1-v3.4b\project\realtek_ameba1_va0_example\EWARM-RELEASE\Debug\Obj\example_ssl_download.o
#        D:\工作资料\斐联\sdk-ameba1-v3.4b\project\realtek_ameba1_va0_example\EWARM-RELEASE\Debug\Obj\example_wlan_fast_connect.o
#        D:\工作资料\斐联\sdk-ameba1-v3.4b\project\realtek_ameba1_va0_example\EWARM-RELEASE\Debug\Obj\example_xml.o
#        D:\工作资料\斐联\sdk-ameba1-v3.4b\project\realtek_ameba1_va0_example\EWARM-RELEASE\Debug\Obj\flash_api.o
#        D:\工作资料\斐联\sdk-ameba1-v3.4b\project\realtek_ameba1_va0_example\EWARM-RELEASE\Debug\Obj\freertos_pmu.o
#        D:\工作资料\斐联\sdk-ameba1-v3.4b\project\realtek_ameba1_va0_example\EWARM-RELEASE\Debug\Obj\freertos_service.o
#        D:\工作资料\斐联\sdk-ameba1-v3.4b\project\realtek_ameba1_va0_example\EWARM-RELEASE\Debug\Obj\gcm.o
#        D:\工作资料\斐联\sdk-ameba1-v3.4b\project\realtek_ameba1_va0_example\EWARM-RELEASE\Debug\Obj\gpio_api.o
#        D:\工作资料\斐联\sdk-ameba1-v3.4b\project\realtek_ameba1_va0_example\EWARM-RELEASE\Debug\Obj\gpio_irq_api.o
#        D:\工作资料\斐联\sdk-ameba1-v3.4b\project\realtek_ameba1_va0_example\EWARM-RELEASE\Debug\Obj\hal_32k.o
#        D:\工作资料\斐联\sdk-ameba1-v3.4b\project\realtek_ameba1_va0_example\EWARM-RELEASE\Debug\Obj\hal_adc.o
#        D:\工作资料\斐联\sdk-ameba1-v3.4b\project\realtek_ameba1_va0_example\EWARM-RELEASE\Debug\Obj\hal_gdma.o
#        D:\工作资料\斐联\sdk-ameba1-v3.4b\project\realtek_ameba1_va0_example\EWARM-RELEASE\Debug\Obj\hal_gpio.o
#        D:\工作资料\斐联\sdk-ameba1-v3.4b\project\realtek_ameba1_va0_example\EWARM-RELEASE\Debug\Obj\hal_i2c.o
#        D:\工作资料\斐联\sdk-ameba1-v3.4b\project\realtek_ameba1_va0_example\EWARM-RELEASE\Debug\Obj\hal_i2s.o
#        D:\工作资料\斐联\sdk-ameba1-v3.4b\project\realtek_ameba1_va0_example\EWARM-RELEASE\Debug\Obj\hal_mii.o
#        D:\工作资料\斐联\sdk-ameba1-v3.4b\project\realtek_ameba1_va0_example\EWARM-RELEASE\Debug\Obj\hal_nfc.o
#        D:\工作资料\斐联\sdk-ameba1-v3.4b\project\realtek_ameba1_va0_example\EWARM-RELEASE\Debug\Obj\hal_pcm.o
#        D:\工作资料\斐联\sdk-ameba1-v3.4b\project\realtek_ameba1_va0_example\EWARM-RELEASE\Debug\Obj\hal_pwm.o
#        D:\工作资料\斐联\sdk-ameba1-v3.4b\project\realtek_ameba1_va0_example\EWARM-RELEASE\Debug\Obj\hal_sdr_controller.o
#        D:\工作资料\斐联\sdk-ameba1-v3.4b\project\realtek_ameba1_va0_example\EWARM-RELEASE\Debug\Obj\hal_soc_ps_monitor.o
#        D:\工作资料\斐联\sdk-ameba1-v3.4b\project\realtek_ameba1_va0_example\EWARM-RELEASE\Debug\Obj\hal_ssi.o
#        D:\工作资料\斐联\sdk-ameba1-v3.4b\project\realtek_ameba1_va0_example\EWARM-RELEASE\Debug\Obj\hal_timer.o
#        D:\工作资料\斐联\sdk-ameba1-v3.4b\project\realtek_ameba1_va0_example\EWARM-RELEASE\Debug\Obj\hal_uart.o
#        D:\工作资料\斐联\sdk-ameba1-v3.4b\project\realtek_ameba1_va0_example\EWARM-RELEASE\Debug\Obj\havege.o
#        D:\工作资料\斐联\sdk-ameba1-v3.4b\project\realtek_ameba1_va0_example\EWARM-RELEASE\Debug\Obj\heap_5.o
#        D:\工作资料\斐联\sdk-ameba1-v3.4b\project\realtek_ameba1_va0_example\EWARM-RELEASE\Debug\Obj\hmac_drbg.o
#        D:\工作资料\斐联\sdk-ameba1-v3.4b\project\realtek_ameba1_va0_example\EWARM-RELEASE\Debug\Obj\i2c_api.o
#        D:\工作资料\斐联\sdk-ameba1-v3.4b\project\realtek_ameba1_va0_example\EWARM-RELEASE\Debug\Obj\i2s_api.o
#        D:\工作资料\斐联\sdk-ameba1-v3.4b\project\realtek_ameba1_va0_example\EWARM-RELEASE\Debug\Obj\icmp.o
#        D:\工作资料\斐联\sdk-ameba1-v3.4b\project\realtek_ameba1_va0_example\EWARM-RELEASE\Debug\Obj\igmp.o
#        D:\工作资料\斐联\sdk-ameba1-v3.4b\project\realtek_ameba1_va0_example\EWARM-RELEASE\Debug\Obj\inet.o
#        D:\工作资料\斐联\sdk-ameba1-v3.4b\project\realtek_ameba1_va0_example\EWARM-RELEASE\Debug\Obj\inet_chksum.o
#        D:\工作资料\斐联\sdk-ameba1-v3.4b\project\realtek_ameba1_va0_example\EWARM-RELEASE\Debug\Obj\init.o
#        D:\工作资料\斐联\sdk-ameba1-v3.4b\project\realtek_ameba1_va0_example\EWARM-RELEASE\Debug\Obj\ip.o
#        D:\工作资料\斐联\sdk-ameba1-v3.4b\project\realtek_ameba1_va0_example\EWARM-RELEASE\Debug\Obj\ip_addr.o
#        D:\工作资料\斐联\sdk-ameba1-v3.4b\project\realtek_ameba1_va0_example\EWARM-RELEASE\Debug\Obj\ip_frag.o
#        D:\工作资料\斐联\sdk-ameba1-v3.4b\component\soc\realtek\8195a\misc\bsp\lib\common\IAR\lib_mdns.a
#        D:\工作资料\斐联\sdk-ameba1-v3.4b\component\soc\realtek\8195a\misc\bsp\lib\common\IAR\lib_platform.a
#        D:\工作资料\斐联\sdk-ameba1-v3.4b\component\soc\realtek\8195a\misc\bsp\lib\common\IAR\lib_rtlstd.a
#        D:\工作资料\斐联\sdk-ameba1-v3.4b\component\soc\realtek\8195a\misc\bsp\lib\common\IAR\lib_wlan.a
#        D:\工作资料\斐联\sdk-ameba1-v3.4b\component\soc\realtek\8195a\misc\bsp\lib\common\IAR\lib_wps.a
#        D:\工作资料\斐联\sdk-ameba1-v3.4b\project\realtek_ameba1_va0_example\EWARM-RELEASE\Debug\Obj\list.o
#        D:\工作资料\斐联\sdk-ameba1-v3.4b\project\realtek_ameba1_va0_example\EWARM-RELEASE\Debug\Obj\log_service.o
#        D:\工作资料\斐联\sdk-ameba1-v3.4b\project\realtek_ameba1_va0_example\EWARM-RELEASE\Debug\Obj\low_level_io.o
#        D:\工作资料\斐联\sdk-ameba1-v3.4b\project\realtek_ameba1_va0_example\EWARM-RELEASE\Debug\Obj\lwip_intf.o
#        D:\工作资料\斐联\sdk-ameba1-v3.4b\project\realtek_ameba1_va0_example\EWARM-RELEASE\Debug\Obj\lwip_netconf.o
#        D:\工作资料\斐联\sdk-ameba1-v3.4b\project\realtek_ameba1_va0_example\EWARM-RELEASE\Debug\Obj\lwip_timers.o
#        D:\工作资料\斐联\sdk-ameba1-v3.4b\project\realtek_ameba1_va0_example\EWARM-RELEASE\Debug\Obj\mailbox.o
#        D:\工作资料\斐联\sdk-ameba1-v3.4b\project\realtek_ameba1_va0_example\EWARM-RELEASE\Debug\Obj\main.o
#        D:\工作资料\斐联\sdk-ameba1-v3.4b\project\realtek_ameba1_va0_example\EWARM-RELEASE\Debug\Obj\md.o
#        D:\工作资料\斐联\sdk-ameba1-v3.4b\project\realtek_ameba1_va0_example\EWARM-RELEASE\Debug\Obj\md2.o
#        D:\工作资料\斐联\sdk-ameba1-v3.4b\project\realtek_ameba1_va0_example\EWARM-RELEASE\Debug\Obj\md4.o
#        D:\工作资料\斐联\sdk-ameba1-v3.4b\project\realtek_ameba1_va0_example\EWARM-RELEASE\Debug\Obj\md5.o
#        D:\工作资料\斐联\sdk-ameba1-v3.4b\project\realtek_ameba1_va0_example\EWARM-RELEASE\Debug\Obj\md_wrap.o
#        D:\工作资料\斐联\sdk-ameba1-v3.4b\project\realtek_ameba1_va0_example\EWARM-RELEASE\Debug\Obj\mDNSPlatform.o
#        D:\工作资料\斐联\sdk-ameba1-v3.4b\project\realtek_ameba1_va0_example\EWARM-RELEASE\Debug\Obj\mem.o
#        D:\工作资料\斐联\sdk-ameba1-v3.4b\project\realtek_ameba1_va0_example\EWARM-RELEASE\Debug\Obj\memory_buffer_alloc.o
#        D:\工作资料\斐联\sdk-ameba1-v3.4b\project\realtek_ameba1_va0_example\EWARM-RELEASE\Debug\Obj\memp.o
#        D:\工作资料\斐联\sdk-ameba1-v3.4b\project\realtek_ameba1_va0_example\EWARM-RELEASE\Debug\Obj\net.o
#        D:\工作资料\斐联\sdk-ameba1-v3.4b\project\realtek_ameba1_va0_example\EWARM-RELEASE\Debug\Obj\netbuf.o
#        D:\工作资料\斐联\sdk-ameba1-v3.4b\project\realtek_ameba1_va0_example\EWARM-RELEASE\Debug\Obj\netdb.o
#        D:\工作资料\斐联\sdk-ameba1-v3.4b\project\realtek_ameba1_va0_example\EWARM-RELEASE\Debug\Obj\netif.o
#        D:\工作资料\斐联\sdk-ameba1-v3.4b\project\realtek_ameba1_va0_example\EWARM-RELEASE\Debug\Obj\netifapi.o
#        D:\工作资料\斐联\sdk-ameba1-v3.4b\project\realtek_ameba1_va0_example\EWARM-RELEASE\Debug\Obj\nfc_api.o
#        D:\工作资料\斐联\sdk-ameba1-v3.4b\project\realtek_ameba1_va0_example\EWARM-RELEASE\Debug\Obj\oid.o
#        D:\工作资料\斐联\sdk-ameba1-v3.4b\project\realtek_ameba1_va0_example\EWARM-RELEASE\Debug\Obj\osdep_api.o
#        D:\工作资料\斐联\sdk-ameba1-v3.4b\project\realtek_ameba1_va0_example\EWARM-RELEASE\Debug\Obj\osdep_service.o
#        D:\工作资料\斐联\sdk-ameba1-v3.4b\project\realtek_ameba1_va0_example\EWARM-RELEASE\Debug\Obj\padlock.o
#        D:\工作资料\斐联\sdk-ameba1-v3.4b\project\realtek_ameba1_va0_example\EWARM-RELEASE\Debug\Obj\pbkdf2.o
#        D:\工作资料\斐联\sdk-ameba1-v3.4b\project\realtek_ameba1_va0_example\EWARM-RELEASE\Debug\Obj\pbuf.o
#        D:\工作资料\斐联\sdk-ameba1-v3.4b\project\realtek_ameba1_va0_example\EWARM-RELEASE\Debug\Obj\pem.o
#        D:\工作资料\斐联\sdk-ameba1-v3.4b\project\realtek_ameba1_va0_example\EWARM-RELEASE\Debug\Obj\ping_test.o
#        D:\工作资料\斐联\sdk-ameba1-v3.4b\project\realtek_ameba1_va0_example\EWARM-RELEASE\Debug\Obj\pinmap.o
#        D:\工作资料\斐联\sdk-ameba1-v3.4b\project\realtek_ameba1_va0_example\EWARM-RELEASE\Debug\Obj\pinmap_common.o
#        D:\工作资料\斐联\sdk-ameba1-v3.4b\project\realtek_ameba1_va0_example\EWARM-RELEASE\Debug\Obj\pk.o
#        D:\工作资料\斐联\sdk-ameba1-v3.4b\project\realtek_ameba1_va0_example\EWARM-RELEASE\Debug\Obj\pk_wrap.o
#        D:\工作资料\斐联\sdk-ameba1-v3.4b\project\realtek_ameba1_va0_example\EWARM-RELEASE\Debug\Obj\pkcs11.o
#        D:\工作资料\斐联\sdk-ameba1-v3.4b\project\realtek_ameba1_va0_example\EWARM-RELEASE\Debug\Obj\pkcs12.o
#        D:\工作资料\斐联\sdk-ameba1-v3.4b\project\realtek_ameba1_va0_example\EWARM-RELEASE\Debug\Obj\pkcs5.o
#        D:\工作资料\斐联\sdk-ameba1-v3.4b\project\realtek_ameba1_va0_example\EWARM-RELEASE\Debug\Obj\pkparse.o
#        D:\工作资料\斐联\sdk-ameba1-v3.4b\project\realtek_ameba1_va0_example\EWARM-RELEASE\Debug\Obj\pkwrite.o
#        D:\工作资料\斐联\sdk-ameba1-v3.4b\project\realtek_ameba1_va0_example\EWARM-RELEASE\Debug\Obj\platform.o
#        D:\工作资料\斐联\sdk-ameba1-v3.4b\project\realtek_ameba1_va0_example\EWARM-RELEASE\Debug\Obj\port.o
#        D:\工作资料\斐联\sdk-ameba1-v3.4b\project\realtek_ameba1_va0_example\EWARM-RELEASE\Debug\Obj\port_api.o
#        D:\工作资料\斐联\sdk-ameba1-v3.4b\project\realtek_ameba1_va0_example\EWARM-RELEASE\Debug\Obj\portasm.o
#        D:\工作资料\斐联\sdk-ameba1-v3.4b\project\realtek_ameba1_va0_example\EWARM-RELEASE\Debug\Obj\pwmout_api.o
#        D:\工作资料\斐联\sdk-ameba1-v3.4b\project\realtek_ameba1_va0_example\EWARM-RELEASE\Debug\Obj\queue.o
#        D:\工作资料\斐联\sdk-ameba1-v3.4b\project\realtek_ameba1_va0_example\EWARM-RELEASE\Debug\Obj\raw.o
#        D:\工作资料\斐联\sdk-ameba1-v3.4b\project\realtek_ameba1_va0_example\EWARM-RELEASE\Debug\Obj\ripemd160.o
#        D:\工作资料\斐联\sdk-ameba1-v3.4b\component\soc\realtek\8195a\misc\bsp\lib\va0\rom.a
#        D:\工作资料\斐联\sdk-ameba1-v3.4b\project\realtek_ameba1_va0_example\EWARM-RELEASE\Debug\Obj\rom_ssl_ram_map.o
#        D:\工作资料\斐联\sdk-ameba1-v3.4b\project\realtek_ameba1_va0_example\EWARM-RELEASE\Debug\Obj\rsa.o
#        D:\工作资料\斐联\sdk-ameba1-v3.4b\project\realtek_ameba1_va0_example\EWARM-RELEASE\Debug\Obj\rtc_api.o
#        D:\工作资料\斐联\sdk-ameba1-v3.4b\project\realtek_ameba1_va0_example\EWARM-RELEASE\Debug\Obj\rtl8195a_adc.o
#        D:\工作资料\斐联\sdk-ameba1-v3.4b\project\realtek_ameba1_va0_example\EWARM-RELEASE\Debug\Obj\rtl8195a_gdma.o
#        D:\工作资料\斐联\sdk-ameba1-v3.4b\project\realtek_ameba1_va0_example\EWARM-RELEASE\Debug\Obj\rtl8195a_gpio.o
#        D:\工作资料\斐联\sdk-ameba1-v3.4b\project\realtek_ameba1_va0_example\EWARM-RELEASE\Debug\Obj\rtl8195a_i2c.o
#        D:\工作资料\斐联\sdk-ameba1-v3.4b\project\realtek_ameba1_va0_example\EWARM-RELEASE\Debug\Obj\rtl8195a_i2s.o
#        D:\工作资料\斐联\sdk-ameba1-v3.4b\project\realtek_ameba1_va0_example\EWARM-RELEASE\Debug\Obj\rtl8195a_it.o
#        D:\工作资料\斐联\sdk-ameba1-v3.4b\project\realtek_ameba1_va0_example\EWARM-RELEASE\Debug\Obj\rtl8195a_nfc.o
#        D:\工作资料\斐联\sdk-ameba1-v3.4b\project\realtek_ameba1_va0_example\EWARM-RELEASE\Debug\Obj\rtl8195a_pwm.o
#        D:\工作资料\斐联\sdk-ameba1-v3.4b\project\realtek_ameba1_va0_example\EWARM-RELEASE\Debug\Obj\rtl8195a_ssi.o
#        D:\工作资料\斐联\sdk-ameba1-v3.4b\project\realtek_ameba1_va0_example\EWARM-RELEASE\Debug\Obj\rtl8195a_timer.o
#        D:\工作资料\斐联\sdk-ameba1-v3.4b\project\realtek_ameba1_va0_example\EWARM-RELEASE\Debug\Obj\rtl8195a_uart.o
#        D:\工作资料\斐联\sdk-ameba1-v3.4b\project\realtek_ameba1_va0_example\EWARM-RELEASE\Debug\Obj\rtl_consol.o
#        D:\工作资料\斐联\sdk-ameba1-v3.4b\project\realtek_ameba1_va0_example\EWARM-RELEASE\Debug\Obj\serial_api.o
#        D:\工作资料\斐联\sdk-ameba1-v3.4b\project\realtek_ameba1_va0_example\EWARM-RELEASE\Debug\Obj\sha1.o
#        D:\工作资料\斐联\sdk-ameba1-v3.4b\project\realtek_ameba1_va0_example\EWARM-RELEASE\Debug\Obj\sha256.o
#        D:\工作资料\斐联\sdk-ameba1-v3.4b\project\realtek_ameba1_va0_example\EWARM-RELEASE\Debug\Obj\sha512.o
#        D:\工作资料\斐联\sdk-ameba1-v3.4b\project\realtek_ameba1_va0_example\EWARM-RELEASE\Debug\Obj\sleep.o
#        D:\工作资料\斐联\sdk-ameba1-v3.4b\project\realtek_ameba1_va0_example\EWARM-RELEASE\Debug\Obj\sockets.o
#        D:\工作资料\斐联\sdk-ameba1-v3.4b\project\realtek_ameba1_va0_example\EWARM-RELEASE\Debug\Obj\spi_api.o
#        D:\工作资料\斐联\sdk-ameba1-v3.4b\project\realtek_ameba1_va0_example\EWARM-RELEASE\Debug\Obj\ssl_cache.o
#        D:\工作资料\斐联\sdk-ameba1-v3.4b\project\realtek_ameba1_va0_example\EWARM-RELEASE\Debug\Obj\ssl_ciphersuites.o
#        D:\工作资料\斐联\sdk-ameba1-v3.4b\project\realtek_ameba1_va0_example\EWARM-RELEASE\Debug\Obj\ssl_cli.o
#        D:\工作资料\斐联\sdk-ameba1-v3.4b\project\realtek_ameba1_va0_example\EWARM-RELEASE\Debug\Obj\ssl_client.o
#        D:\工作资料\斐联\sdk-ameba1-v3.4b\project\realtek_ameba1_va0_example\EWARM-RELEASE\Debug\Obj\ssl_ram_map.o
#        D:\工作资料\斐联\sdk-ameba1-v3.4b\project\realtek_ameba1_va0_example\EWARM-RELEASE\Debug\Obj\ssl_srv.o
#        D:\工作资料\斐联\sdk-ameba1-v3.4b\project\realtek_ameba1_va0_example\EWARM-RELEASE\Debug\Obj\ssl_tls.o
#        D:\工作资料\斐联\sdk-ameba1-v3.4b\project\realtek_ameba1_va0_example\EWARM-RELEASE\Debug\Obj\stats.o
#        D:\工作资料\斐联\sdk-ameba1-v3.4b\project\realtek_ameba1_va0_example\EWARM-RELEASE\Debug\Obj\sys.o
#        D:\工作资料\斐联\sdk-ameba1-v3.4b\project\realtek_ameba1_va0_example\EWARM-RELEASE\Debug\Obj\sys_api.o
#        D:\工作资料\斐联\sdk-ameba1-v3.4b\project\realtek_ameba1_va0_example\EWARM-RELEASE\Debug\Obj\sys_arch.o
#        D:\工作资料\斐联\sdk-ameba1-v3.4b\project\realtek_ameba1_va0_example\EWARM-RELEASE\Debug\Obj\system_8195a.o
#        D:\工作资料\斐联\sdk-ameba1-v3.4b\project\realtek_ameba1_va0_example\EWARM-RELEASE\Debug\Obj\tasks.o
#        D:\工作资料\斐联\sdk-ameba1-v3.4b\project\realtek_ameba1_va0_example\EWARM-RELEASE\Debug\Obj\tcm_heap.o
#        D:\工作资料\斐联\sdk-ameba1-v3.4b\project\realtek_ameba1_va0_example\EWARM-RELEASE\Debug\Obj\tcp.o
#        D:\工作资料\斐联\sdk-ameba1-v3.4b\project\realtek_ameba1_va0_example\EWARM-RELEASE\Debug\Obj\tcp_in.o
#        D:\工作资料\斐联\sdk-ameba1-v3.4b\project\realtek_ameba1_va0_example\EWARM-RELEASE\Debug\Obj\tcp_out.o
#        D:\工作资料\斐联\sdk-ameba1-v3.4b\project\realtek_ameba1_va0_example\EWARM-RELEASE\Debug\Obj\tcpip.o
#        D:\工作资料\斐联\sdk-ameba1-v3.4b\project\realtek_ameba1_va0_example\EWARM-RELEASE\Debug\Obj\tcptest.o
#        D:\工作资料\斐联\sdk-ameba1-v3.4b\project\realtek_ameba1_va0_example\EWARM-RELEASE\Debug\Obj\threading.o
#        D:\工作资料\斐联\sdk-ameba1-v3.4b\project\realtek_ameba1_va0_example\EWARM-RELEASE\Debug\Obj\timer_api.o
#        D:\工作资料\斐联\sdk-ameba1-v3.4b\project\realtek_ameba1_va0_example\EWARM-RELEASE\Debug\Obj\timers.o
#        D:\工作资料\斐联\sdk-ameba1-v3.4b\project\realtek_ameba1_va0_example\EWARM-RELEASE\Debug\Obj\timing.o
#        D:\工作资料\斐联\sdk-ameba1-v3.4b\project\realtek_ameba1_va0_example\EWARM-RELEASE\Debug\Obj\uart_adapter.o
#        D:\工作资料\斐联\sdk-ameba1-v3.4b\project\realtek_ameba1_va0_example\EWARM-RELEASE\Debug\Obj\uart_socket.o
#        D:\工作资料\斐联\sdk-ameba1-v3.4b\project\realtek_ameba1_va0_example\EWARM-RELEASE\Debug\Obj\udp.o
#        D:\工作资料\斐联\sdk-ameba1-v3.4b\project\realtek_ameba1_va0_example\EWARM-RELEASE\Debug\Obj\update.o
#        D:\工作资料\斐联\sdk-ameba1-v3.4b\project\realtek_ameba1_va0_example\EWARM-RELEASE\Debug\Obj\us_ticker.o
#        D:\工作资料\斐联\sdk-ameba1-v3.4b\project\realtek_ameba1_va0_example\EWARM-RELEASE\Debug\Obj\us_ticker_api.o
#        D:\工作资料\斐联\sdk-ameba1-v3.4b\project\realtek_ameba1_va0_example\EWARM-RELEASE\Debug\Obj\version.o
#        D:\工作资料\斐联\sdk-ameba1-v3.4b\project\realtek_ameba1_va0_example\EWARM-RELEASE\Debug\Obj\version_features.o
#        D:\工作资料\斐联\sdk-ameba1-v3.4b\project\realtek_ameba1_va0_example\EWARM-RELEASE\Debug\Obj\wait_api.o
#        D:\工作资料\斐联\sdk-ameba1-v3.4b\project\realtek_ameba1_va0_example\EWARM-RELEASE\Debug\Obj\wdt_api.o
#        D:\工作资料\斐联\sdk-ameba1-v3.4b\project\realtek_ameba1_va0_example\EWARM-RELEASE\Debug\Obj\webserver.o
#        D:\工作资料\斐联\sdk-ameba1-v3.4b\project\realtek_ameba1_va0_example\EWARM-RELEASE\Debug\Obj\wifi_conf.o
#        D:\工作资料\斐联\sdk-ameba1-v3.4b\project\realtek_ameba1_va0_example\EWARM-RELEASE\Debug\Obj\wifi_ind.o
#        D:\工作资料\斐联\sdk-ameba1-v3.4b\project\realtek_ameba1_va0_example\EWARM-RELEASE\Debug\Obj\wifi_interactive_mode.o
#        D:\工作资料\斐联\sdk-ameba1-v3.4b\project\realtek_ameba1_va0_example\EWARM-RELEASE\Debug\Obj\wifi_promisc.o
#        D:\工作资料\斐联\sdk-ameba1-v3.4b\project\realtek_ameba1_va0_example\EWARM-RELEASE\Debug\Obj\wifi_simple_config.o
#        D:\工作资料\斐联\sdk-ameba1-v3.4b\project\realtek_ameba1_va0_example\EWARM-RELEASE\Debug\Obj\wifi_util.o
#        D:\工作资料\斐联\sdk-ameba1-v3.4b\project\realtek_ameba1_va0_example\EWARM-RELEASE\Debug\Obj\wifi_wps_config.o
#        D:\工作资料\斐联\sdk-ameba1-v3.4b\project\realtek_ameba1_va0_example\EWARM-RELEASE\Debug\Obj\wlan_network.o
#        D:\工作资料\斐联\sdk-ameba1-v3.4b\project\realtek_ameba1_va0_example\EWARM-RELEASE\Debug\Obj\x509.o
#        D:\工作资料\斐联\sdk-ameba1-v3.4b\project\realtek_ameba1_va0_example\EWARM-RELEASE\Debug\Obj\x509_create.o
#        D:\工作资料\斐联\sdk-ameba1-v3.4b\project\realtek_ameba1_va0_example\EWARM-RELEASE\Debug\Obj\x509_crl.o
#        D:\工作资料\斐联\sdk-ameba1-v3.4b\project\realtek_ameba1_va0_example\EWARM-RELEASE\Debug\Obj\x509_crt.o
#        D:\工作资料\斐联\sdk-ameba1-v3.4b\project\realtek_ameba1_va0_example\EWARM-RELEASE\Debug\Obj\x509_csr.o
#        D:\工作资料\斐联\sdk-ameba1-v3.4b\project\realtek_ameba1_va0_example\EWARM-RELEASE\Debug\Obj\x509write_crt.o
#        D:\工作资料\斐联\sdk-ameba1-v3.4b\project\realtek_ameba1_va0_example\EWARM-RELEASE\Debug\Obj\x509write_csr.o
#        D:\工作资料\斐联\sdk-ameba1-v3.4b\project\realtek_ameba1_va0_example\EWARM-RELEASE\Debug\Obj\xml.o
#        D:\工作资料\斐联\sdk-ameba1-v3.4b\project\realtek_ameba1_va0_example\EWARM-RELEASE\Debug\Obj\xtea.o
#        D:\工作资料\斐联\sdk-ameba1-v3.4b\project\realtek_ameba1_va0_example\EWARM-RELEASE\Debug\Obj\zc_bc.o
#        D:\工作资料\斐联\sdk-ameba1-v3.4b\project\realtek_ameba1_va0_example\EWARM-RELEASE\Debug\Obj\zc_client_manager.o
#        D:\工作资料\斐联\sdk-ameba1-v3.4b\project\realtek_ameba1_va0_example\EWARM-RELEASE\Debug\Obj\zc_cloud_event.o
#        D:\工作资料\斐联\sdk-ameba1-v3.4b\project\realtek_ameba1_va0_example\EWARM-RELEASE\Debug\Obj\zc_common.o
#        D:\工作资料\斐联\sdk-ameba1-v3.4b\project\realtek_ameba1_va0_example\EWARM-RELEASE\Debug\Obj\zc_configuration.o
#        D:\工作资料\斐联\sdk-ameba1-v3.4b\project\realtek_ameba1_va0_example\EWARM-RELEASE\Debug\Obj\zc_hf_adpter.o
#        D:\工作资料\斐联\sdk-ameba1-v3.4b\project\realtek_ameba1_va0_example\EWARM-RELEASE\Debug\Obj\zc_message_queue.o
#        D:\工作资料\斐联\sdk-ameba1-v3.4b\project\realtek_ameba1_va0_example\EWARM-RELEASE\Debug\Obj\zc_moudle_manager.o
#        D:\工作资料\斐联\sdk-ameba1-v3.4b\project\realtek_ameba1_va0_example\EWARM-RELEASE\Debug\Obj\zc_protocol_controller.o
#        D:\工作资料\斐联\sdk-ameba1-v3.4b\project\realtek_ameba1_va0_example\EWARM-RELEASE\Debug\Obj\zc_sec_engine.o
#        D:\工作资料\斐联\sdk-ameba1-v3.4b\project\realtek_ameba1_va0_example\EWARM-RELEASE\Debug\Obj\zc_timer.o
#        -o
#        D:\工作资料\斐联\sdk-ameba1-v3.4b\project\realtek_ameba1_va0_example\EWARM-RELEASE\Debug\Exe\application.axf
#        --redirect _Printf=_PrintfTiny --redirect _Scanf=_ScanfSmallNoMb
#        --keep bootloader --keep gImage2EntryFun0 --keep RAM_IMG2_VALID_PATTEN
#        --image_input=D:\工作资料\斐联\sdk-ameba1-v3.4b\project\realtek_ameba1_va0_example\EWARM-RELEASE\..\..\..\component\soc\realtek\8195a\misc\bsp\image\ram_1.r.bin,bootloader,LOADER,4
#        --map
#        D:\工作资料\斐联\sdk-ameba1-v3.4b\project\realtek_ameba1_va0_example\EWARM-RELEASE\Debug\List\application.map
#        --log veneers --log_file
#        D:\工作资料\斐联\sdk-ameba1-v3.4b\project\realtek_ameba1_va0_example\EWARM-RELEASE\Debug\List\application.log
#        --config
#        D:\工作资料\斐联\sdk-ameba1-v3.4b\project\realtek_ameba1_va0_example\EWARM-RELEASE\image2.icf
#        --diag_suppress Lt009,Lp005,Lp006 --entry Reset_Handler
#        --no_exceptions --no_vfe
#
###############################################################################

*******************************************************************************
*** RUNTIME MODEL ATTRIBUTES
***

CppFlavor       = *
__Heap_Handler  = DLMalloc
__SystemLibrary = DLib


*******************************************************************************
*** PLACEMENT SUMMARY
***

"A1":  place at start of [0x00000000-0x000fffff] { ro, section .rom };
"A2":  place at start of [0x10000000-0x10005fff] {
          rw, block .vector_table, block .user_vector_table,
          block .user_data_table, block .rom.bss, block IMAGE1 };
"A3":  place at start of [0x10006000-0x1006ffff] {
          rw, block IMAGE2, block .ram.bss };
"A4":  place at end of [0x10006000-0x1006ffff] { rw, block .bf_data };
"A6":  place at start of [0x1fff0000-0x1fffffff] { rw, overlay TCM_overlay };

  Section                 Kind        Address     Size  Object
  -------                 ----        -------     ----  ------
"A1":                                          0x43828
  .rom                    ro code  0x00000000  0x43828  rom.o [11]
                                 - 0x00043828  0x43828

"A2":                                           0x4294
  .vector_table                    0x10000000    0x100  <Block>
    .ram_dedecated_vector_table
                          const    0x10000000    0x100  rom.o [11]
  .user_vector_table               0x10000100    0x100  <Block>
    .ram_user_define_irq_table
                          const    0x10000100    0x100  rom.o [11]
  .user_data_table                 0x10000200    0x100  <Block>
    .ram_user_define_data_table
                          const    0x10000200    0x100  rom.o [11]
  .rom.bss                         0x10000300    0x8c8  <Block>
    .hal.ram.bss          const    0x10000300     0x58  rom.o [11]
    .timer2_7_vector_table.data
                          const    0x10000358     0x18  rom.o [11]
    .infra.ram.bss        const    0x10000370     0x14  rom.o [11]
    .mon.ram.bss          zero     0x10000384    0x324  rtl_consol.o [2]
    .mon.ram.bss          zero     0x100006a8      0x4  rtl_consol.o [2]
    .mon.ram.bss          zero     0x100006ac     0x28  rtl_consol.o [2]
    .wlan_ram_map         const    0x100006d4      0x8  rom_wlan_ram_map.o [11]
    .wlan_ram_map         const    0x100006e0     0x80  rom.o [11]
    .libc.ram.bss         const    0x10000760    0x468  rom.o [11]
  IMAGE1                           0x10000bc8   0x36cc  <Block>
    LOADER                const    0x10000bc8   0x36cc  ram_1.r.bin [1]
                                 - 0x10004294   0x4294

"A3":                                          0x577d0
  IMAGE2                           0x10006000  0x4ccc0  <Block>
    .image2.start.table1           0x10006000      0x4  <Block>
      .image2.ram.data    const    0x10006000      0x4  startup.o [6]
    .image2.start.table2           0x10006004     0x34  <Block>
      .image2.validate.rodata
                          const    0x10006004     0x14  startup.o [6]
      .custom.validate.rodata
                          const    0x10006018     0x20  update.o [2]
    .ram_image2.text               0x10006038  0x49cbc  <Block>
      Veneer              ro code  0x10006038      0x8  - Linker created -
      Veneer              ro code  0x10006040      0x8  - Linker created -
      Veneer              ro code  0x10006048      0x8  - Linker created -
      .infra.ram.start    ro code  0x10006050    0x12c  startup.o [6]
      .rodata             const    0x1000617c   0x1000  aes_core.o [2]
      .rodata             const    0x1000717c     0x60  atcmd_sys.o [2]
      .rodata             const    0x100071dc    0x1a8  atcmd_wifi.o [2]
      .rodata             const    0x10007384    0x124  freertos_service.o [2]
      .rodata             const    0x100074a8      0x8  ip_addr.o [2]
      .rodata             const    0x100074b0     0x10  log_service.o [2]
      .rodata             const    0x100074c0     0xa4  rtw_mlme_ext.o [8]
      .rodata             const    0x10007564     0x10  lxbus_hci_intf.o [8]
      .rodata             const    0x10007574   0x116c  rom_rtw_message.o [8]
      .rodata             const    0x100086e0      0x8  rtw_wlan_util.o [8]
      .rodata             const    0x100086e8     0xc4  dh_groups.o [9]
      .rodata             const    0x100087ac    0x270  phydm_PowerTracking.o [8]
      .rodata             const    0x10008a1c     0x80  HalHWImg8195A_RF.o [8]
      .rodata             const    0x10008a9c      0x0  zero_init3.o [12]
      CPP_INIT                     0x10008a9c      0x0  <Block>
        SHT$$PREINIT_ARRAY
                                   0x10008a9c      0x0  <Block>
        SHT$$INIT_ARRAY            0x10008a9c      0x0  <Block>
      Veneer              ro code  0x10008a9c      0x8  - Linker created -
      Veneer              ro code  0x10008aa4      0x8  - Linker created -
      Veneer              ro code  0x10008aac      0x8  - Linker created -
      Veneer              ro code  0x10008ab4      0x8  - Linker created -
      Veneer              ro code  0x10008abc      0x8  - Linker created -
      Veneer              ro code  0x10008ac4      0x8  - Linker created -
      .mon.ram.text       ro code  0x10008acc    0x1b4  rtl_consol.o [2]
      Veneer              ro code  0x10008c80      0x8  - Linker created -
      Veneer              ro code  0x10008c88      0x8  - Linker created -
      Veneer              ro code  0x10008c90      0x8  - Linker created -
      .hal.flash.text     ro code  0x10008c98    0xe78  hal_spi_flash_ram.o [6]
      Veneer              ro code  0x10009b10      0x8  - Linker created -
      Veneer              ro code  0x10009b18      0x8  - Linker created -
      .hal.gpio.text      ro code  0x10009b20     0x74  hal_gpio.o [2]
      .text               ro code  0x10009b94     0x48  main.o [2]
      .text               ro code  0x10009bdc    0x24a  ac_api.o [2]
      .text               ro code  0x10009e26      0x6  rtl8195a_recv.o [8]
      .text               ro code  0x10009e2c     0x76  ABImemcpy_unaligned.o [12]
      .text               ro code  0x10009ea2     0x1e  xsscin.o [4]
      .text               ro code  0x10009ec0     0x46  crc.o [2]
      .text               ro code  0x10009f06     0x1a  xsnprout.o [4]
      .text               ro code  0x10009f20    0x29c  zc_moudle_manager.o [2]
      .text               ro code  0x1000a1bc    0x184  ac_hal.o [2]
      .text               ro code  0x1000a340    0x1b0  zc_cloud_event.o [2]
      .text               ro code  0x1000a4f0     0x78  ABImemmove_unaligned.o [12]
      .text               ro code  0x1000a568    0x318  zc_configuration.o [2]
      .text               ro code  0x1000a880    0x1b2  aes_cbc.o [2]
      .text               ro code  0x1000aa32     0x22  zero_init3.o [12]
      .text               ro code  0x1000aa54    0xdec  zc_protocol_controller.o [2]
      .text               ro code  0x1000b840    0x11c  zc_timer.o [2]
      .text               ro code  0x1000b95c    0x1d0  zc_common.o [2]
      .text               ro code  0x1000bb2c     0x3a  ABImemset48.o [12]
      .text               ro code  0x1000bb66     0x22  sys.o [2]
      .text               ro code  0x1000bb88   0x2286  aes_core.o [2]
      .text               ro code  0x1000de10    0x258  zc_message_queue.o [2]
      .text               ro code  0x1000e068    0x2ca  zc_client_manager.o [2]
      .text               ro code  0x1000e334     0x62  memcmp_unaligned.o [12]
      .text               ro code  0x1000e398     0xe0  rand.o [4]
      .text               ro code  0x1000e478    0xfcc  zc_hf_adpter.o [2]
      .text               ro code  0x1000f444    0x478  zc_sec_engine.o [2]
      .text               ro code  0x1000f8bc    0x1ea  sys_arch.o [2]
      .text               ro code  0x1000faa6      0x2  xtls.o [4]
      .text               ro code  0x1000faa8    0x2e0  flash_api.o [2]
      Veneer              ro code  0x1000fd88      0x8  - Linker created -
      Veneer              ro code  0x1000fd90      0x8  - Linker created -
      Veneer              ro code  0x1000fd98      0x8  - Linker created -
      Veneer              ro code  0x1000fda0      0x8  - Linker created -
      Veneer              ro code  0x1000fda8      0x8  - Linker created -
      Veneer              ro code  0x1000fdb0      0x8  - Linker created -
      Veneer              ro code  0x1000fdb8      0x8  - Linker created -
      Veneer              ro code  0x1000fdc0      0x8  - Linker created -
      Veneer              ro code  0x1000fdc8      0x8  - Linker created -
      Veneer              ro code  0x1000fdd0      0x8  - Linker created -
      Veneer              ro code  0x1000fdd8      0x8  - Linker created -
      Veneer              ro code  0x1000fde0      0x8  - Linker created -
      Veneer              ro code  0x1000fde8      0x8  - Linker created -
      .text               ro code  0x1000fdf0    0x13c  ram_libc.o [7]
      Veneer              ro code  0x1000ff2c      0x8  - Linker created -
      .text               ro code  0x1000ff34    0xaac  update.o [2]
      .text               ro code  0x100109e0   0x1758  atcmd_wifi.o [2]
      .text               ro code  0x10012138    0xd78  sockets.o [2]
      .text               ro code  0x10012eb0    0x118  zc_bc.o [2]
      .text               ro code  0x10012fc8      0x6  ABImemclr4.o [12]
      .text               ro code  0x10012fd0   0x15dc  wifi_conf.o [2]
      .text               ro code  0x100145ac     0x24  sscanf.o [4]
      Veneer              ro code  0x100145d0      0x8  - Linker created -
      Veneer              ro code  0x100145d8      0x8  - Linker created -
      Veneer              ro code  0x100145e0      0x8  - Linker created -
      .text               ro code  0x100145e8    0x3b8  sys_api.o [2]
      .text               ro code  0x100149a0     0x26  def.o [2]
      .text               ro code  0x100149c8    0x498  api_lib.o [2]
      .text               ro code  0x10014e60     0x3c  vsnprint.o [4]
      .text               ro code  0x10014e9c    0x1da  ip_addr.o [2]
      .text               ro code  0x10015078     0xe0  timer_api.o [2]
      .text               ro code  0x10015158    0x720  uart_socket.o [2]
      .text               ro code  0x10015878    0x874  tasks.o [2]
      .text               ro code  0x100160ec    0x310  rsa.o [2]
      .text               ro code  0x100163fc   0x1586  bignum.o [2]
      .text               ro code  0x10017982    0x4a2  queue.o [2]
      .text               ro code  0x10017e24    0x208  port.o [2]
      Veneer              ro code  0x1001802c      0x8  - Linker created -
      .text               ro code  0x10018034    0x104  ram_libgloss_retarget.o [7]
      .text               ro code  0x10018138     0x18  cmsis_os.o [2]
      .text               ro code  0x10018150    0x1c0  heap_5.o [2]
      .text               ro code  0x10018310    0x142  netif.o [2]
      .text               ro code  0x10018454    0xc90  wifi_util.o [2]
      .text               ro code  0x100190e4    0x65a  dhcps.o [2]
      .text               ro code  0x10019740    0x354  lwip_netconf.o [2]
      .text               ro code  0x10019a94    0x3e0  log_service.o [2]
      .text               ro code  0x10019e74    0x22c  ping_test.o [2]
      .text               ro code  0x1001a0a0    0x480  wifi_promisc.o [2]
      .text               ro code  0x1001a520    0xb50  wifi_simple_config.o [2]
      .text               ro code  0x1001b070    0x8c0  wifi_wps_config.o [2]
      .text               ro code  0x1001b930    0xc84  rtk_wlan_if.o [8]
      .text               ro code  0x1001c5b4    0x45e  pbuf.o [2]
      .text               ro code  0x1001ca12     0x74  netbuf.o [2]
      .text               ro code  0x1001ca88    0x1f8  tcpip.o [2]
      .text               ro code  0x1001cc80    0x3b8  igmp.o [2]
      Veneer              ro code  0x1001d038      0x8  - Linker created -
      Veneer              ro code  0x1001d040      0x8  - Linker created -
      Veneer              ro code  0x1001d048      0x8  - Linker created -
      Veneer              ro code  0x1001d050      0x8  - Linker created -
      Veneer              ro code  0x1001d058      0x8  - Linker created -
      Veneer              ro code  0x1001d060      0x8  - Linker created -
      .text               ro code  0x1001d068    0x8a0  rtw_promisc.o [8]
      .text               ro code  0x1001d908    0x56c  osdep_service.o [2]
      .text               ro code  0x1001de74     0xb4  wifi_ind.o [2]
      .text               ro code  0x1001df28    0x514  xscanfsmall_nomb.o [4]
      .text               ro code  0x1001e43c     0x90  osdep_api.o [2]
      Veneer              ro code  0x1001e4cc      0x8  - Linker created -
      Veneer              ro code  0x1001e4d4      0x8  - Linker created -
      Veneer              ro code  0x1001e4dc      0x8  - Linker created -
      Veneer              ro code  0x1001e4e4      0x8  - Linker created -
      .text               ro code  0x1001e4ec     0xf8  hal_log_uart.o [6]
      .text               ro code  0x1001e5e4    0xbac  api_msg.o [2]
      .text               ro code  0x1001f190     0xd0  memp.o [2]
      .text               ro code  0x1001f260    0x150  xprintftiny.o [4]
      Veneer              ro code  0x1001f3b0      0x8  - Linker created -
      Veneer              ro code  0x1001f3b8      0x8  - Linker created -
      Veneer              ro code  0x1001f3c0      0x8  - Linker created -
      .text               ro code  0x1001f3c8    0x448  rtl8195a_timer.o [2]
      Veneer              ro code  0x1001f810      0x8  - Linker created -
      .text               ro code  0x1001f818    0x448  serial_api.o [2]
      .text               ro code  0x1001fc60     0x8e  list.o [2]
      .text               ro code  0x1001fcf0    0x2f4  timers.o [2]
      Veneer              ro code  0x1001ffe4      0x8  - Linker created -
      .text               ro code  0x1001ffec     0xc4  freertos_pmu.o [2]
      .text               ro code  0x100200b0      0x6  ABImemclr.o [12]
      .text               ro code  0x100200b8    0xb2c  tcp.o [2]
      .text               ro code  0x10020be4    0x6c8  etharp.o [2]
      .text               ro code  0x100212ac    0x410  udp.o [2]
      .text               ro code  0x100216bc    0xc16  dhcp.o [2]
      .text               ro code  0x100222d4    0x2c2  autoip.o [2]
      .text               ro code  0x10022596    0x132  inet_chksum.o [2]
      Veneer              ro code  0x100226c8      0x8  - Linker created -
      Veneer              ro code  0x100226d0      0x8  - Linker created -
      Veneer              ro code  0x100226d8      0x8  - Linker created -
      Veneer              ro code  0x100226e0      0x8  - Linker created -
      Veneer              ro code  0x100226e8      0x8  - Linker created -
      .text               ro code  0x100226f0    0xc34  wifi_simple_config_parser.o [8]
      Veneer              ro code  0x10023324      0x8  - Linker created -
      .text               ro code  0x1002332c     0x84  os_freertos.o [9]
      Veneer              ro code  0x100233b0      0x8  - Linker created -
      Veneer              ro code  0x100233b8      0x8  - Linker created -
      Veneer              ro code  0x100233c0      0x8  - Linker created -
      Veneer              ro code  0x100233c8      0x8  - Linker created -
      .text               ro code  0x100233d0    0x3c8  wps_common.o [9]
      .text               ro code  0x10023798    0x580  freertos_service.o [2]
      .text               ro code  0x10023d18    0x350  freertos_skbuff.o [8]
      .text               ro code  0x10024068    0xa80  freertos_intfs.o [8]
      .text               ro code  0x10024ae8    0x268  lwip_intf.o [2]
      .text               ro code  0x10024d50    0x260  mem.o [2]
      .text               ro code  0x10024fb0    0x234  lwip_timers.o [2]
      .text               ro code  0x100251e4    0x358  ip.o [2]
      .text               ro code  0x1002553c     0x2e  init.o [2]
      .text               ro code  0x1002556c    0x710  rtw_pwrctrl.o [8]
      .text               ro code  0x10025c7c    0x3d8  hal_intf.o [8]
      Veneer              ro code  0x10026054      0x8  - Linker created -
      .text               ro code  0x1002605c   0x11b8  rtw_recv.o [8]
      Veneer              ro code  0x10027214      0x8  - Linker created -
      .text               ro code  0x1002721c   0x14a4  rtw_mlme.o [8]
      .text               ro code  0x100286c0    0x14a  tcm_heap.o [2]
      .text               ro code  0x1002880c     0x16  strchr.o [12]
      .text               ro code  0x10028822     0x86  xstol.o [4]
      .text               ro code  0x100288a8    0x19c  xstoul.o [4]
      .text               ro code  0x10028a44    0x174  raw.o [2]
      .text               ro code  0x10028bb8    0xa4a  tcp_out.o [2]
      .text               ro code  0x10029604    0x4a4  dns.o [2]
      .text               ro code  0x10029aa8     0x36  strlen.o [12]
      .text               ro code  0x10029ae0     0xfc  pinmap_common.o [2]
      Veneer              ro code  0x10029bdc      0x8  - Linker created -
      .text               ro code  0x10029be4    0x588  hal_uart.o [2]
      .text               ro code  0x1002a16c    0x19c  hal_gdma.o [2]
      .text               ro code  0x1002a308     0x30  us_ticker.o [2]
      Veneer              ro code  0x1002a338      0x8  - Linker created -
      .text               ro code  0x1002a340    0x1b8  gpio_api.o [2]
      .text               ro code  0x1002a4f8     0x38  hal_pinmux.o [6]
      .text               ro code  0x1002a530     0x14  sleep.o [2]
      .text               ro code  0x1002a544     0x66  ABImemset.o [12]
      .text               ro code  0x1002a5ac    0x188  icmp.o [2]
      .text               ro code  0x1002a734     0x36  dh_group5.o [9]
      .text               ro code  0x1002a76c     0xea  wpabuf.o [9]
      Veneer              ro code  0x1002a858      0x8  - Linker created -
      .text               ro code  0x1002a860    0x334  wps_attr_build.o [9]
      Veneer              ro code  0x1002ab94      0x8  - Linker created -
      .text               ro code  0x1002ab9c   0x25f0  freertos_ioctl.o [8]
      .text               ro code  0x1002d18c    0xf50  rtw_cmd.o [8]
      .text               ro code  0x1002e0dc     0x60  netdev.o [8]
      .text               ro code  0x1002e13c    0xa8c  lxbus_halinit.o [8]
      .text               ro code  0x1002ebc8    0x370  rtw_intfs.o [8]
      Veneer              ro code  0x1002ef38      0x8  - Linker created -
      Veneer              ro code  0x1002ef40      0x8  - Linker created -
      Veneer              ro code  0x1002ef48      0x8  - Linker created -
      Veneer              ro code  0x1002ef50      0x8  - Linker created -
      Veneer              ro code  0x1002ef58      0x8  - Linker created -
      .text               ro code  0x1002ef60   0x159c  rtw_ap.o [8]
      Veneer              ro code  0x100304fc      0x8  - Linker created -
      Veneer              ro code  0x10030504      0x8  - Linker created -
      Veneer              ro code  0x1003050c      0x8  - Linker created -
      .text               ro code  0x10030514   0x4704  rtw_mlme_ext.o [8]
      .text               ro code  0x10034c18    0x1f2  rtw_ieee80211.o [8]
      .text               ro code  0x10034e0c     0x38  hci_intfs.o [8]
      .text               ro code  0x10034e44    0x14c  ethernetif.o [2]
      .text               ro code  0x10034f90    0x4f4  ip_frag.o [2]
      .text               ro code  0x10035484    0xeac  tcp_in.o [2]
      .text               ro code  0x10036330    0xf64  rtw_wlan_util.o [8]
      .text               ro code  0x10037294     0x54  rtw_io.o [8]
      .text               ro code  0x100372e8   0x1af8  rtl8195a_pmu_task.o [8]
      .text               ro code  0x10038de0    0xb0c  hal_com.o [8]
      .text               ro code  0x100398ec    0x1f4  freertos_recv.o [8]
      Veneer              ro code  0x10039ae0      0x8  - Linker created -
      Veneer              ro code  0x10039ae8      0x8  - Linker created -
      Veneer              ro code  0x10039af0      0x8  - Linker created -
      Veneer              ro code  0x10039af8      0x8  - Linker created -
      Veneer              ro code  0x10039b00      0x8  - Linker created -
      Veneer              ro code  0x10039b08      0x8  - Linker created -
      .text               ro code  0x10039b10    0x30c  rtw_security.o [8]
      .text               ro code  0x10039e1c    0x5ec  rtw_sta_mgt.o [8]
      Veneer              ro code  0x1003a408      0x8  - Linker created -
      Veneer              ro code  0x1003a410      0x8  - Linker created -
      Veneer              ro code  0x1003a418      0x8  - Linker created -
      .text               ro code  0x1003a420   0x1644  rtw_xmit.o [8]
      .text               ro code  0x1003ba64    0xf1c  lxbus_ops.o [8]
      .text               ro code  0x1003c980     0xfa  freertos_xmit.o [8]
      .text               ro code  0x1003ca7c    0x55a  rtw_ioctl_set.o [8]
      .text               ro code  0x1003cfd8      0xc  errno.o [4]
      .text               ro code  0x1003cfe4     0x58  memchr.o [12]
      Veneer              ro code  0x1003d03c      0x8  - Linker created -
      Veneer              ro code  0x1003d044      0x8  - Linker created -
      Veneer              ro code  0x1003d04c      0x8  - Linker created -
      Veneer              ro code  0x1003d054      0x8  - Linker created -
      Veneer              ro code  0x1003d05c      0x8  - Linker created -
      .text               ro code  0x1003d064    0xcac  rtl8195a_uart.o [2]
      Veneer              ro code  0x1003dd10      0x8  - Linker created -
      .text               ro code  0x1003dd18    0x80c  hal_soc_ps_monitor.o [2]
      .text               ro code  0x1003e524      0x2  pinmap.o [2]
      .text               ro code  0x1003e528     0xfe  dh_groups.o [9]
      .text               ro code  0x1003e628    0x158  random.o [9]
      Veneer              ro code  0x1003e780      0x8  - Linker created -
      Veneer              ro code  0x1003e788      0x8  - Linker created -
      Veneer              ro code  0x1003e790      0x8  - Linker created -
      Veneer              ro code  0x1003e798      0x8  - Linker created -
      Veneer              ro code  0x1003e7a0      0x8  - Linker created -
      Veneer              ro code  0x1003e7a8      0x8  - Linker created -
      Veneer              ro code  0x1003e7b0      0x8  - Linker created -
      .text               ro code  0x1003e7b8   0x19bc  rtw_psk.o [8]
      .text               ro code  0x10040174   0x18b4  hal_com_phycfg.o [8]
      Veneer              ro code  0x10041a28      0x8  - Linker created -
      Veneer              ro code  0x10041a30      0x8  - Linker created -
      .text               ro code  0x10041a38    0x67c  rtw_efuse.o [8]
      Veneer              ro code  0x100420b4      0x8  - Linker created -
      .text               ro code  0x100420bc   0x24fc  rtl8195a_hal_init.o [8]
      Veneer              ro code  0x100445b8      0x8  - Linker created -
      Veneer              ro code  0x100445c0      0x8  - Linker created -
      Veneer              ro code  0x100445c8      0x8  - Linker created -
      .text               ro code  0x100445d0    0x9c4  rtl8195a_phycfg.o [8]
      .text               ro code  0x10044f94    0x526  rtl8195a_dm.o [8]
      .text               ro code  0x100454bc   0x1844  HalPhyRf_8195A.o [8]
      .text               ro code  0x10046d00     0xdc  HalPwrSeqCmd.o [8]
      .text               ro code  0x10046ddc     0x18  wlan_ram_map.o [8]
      .text               ro code  0x10046df4    0x3a4  PhyDM_Adaptivity.o [8]
      .text               ro code  0x10047198    0x776  Hal8195ARateAdaptive.o [8]
      .text               ro code  0x10047910    0x8f4  rtl8195a_xmit.o [8]
      .text               ro code  0x10048204    0x2bc  rtl8195a_rxdesc.o [8]
      Veneer              ro code  0x100484c0      0x8  - Linker created -
      .text               ro code  0x100484c8    0x3b0  rtl8195a_gdma.o [2]
      Veneer              ro code  0x10048878      0x8  - Linker created -
      Veneer              ro code  0x10048880      0x8  - Linker created -
      Veneer              ro code  0x10048888      0x8  - Linker created -
      Veneer              ro code  0x10048890      0x8  - Linker created -
      Veneer              ro code  0x10048898      0x8  - Linker created -
      .text               ro code  0x100488a0     0x9a  crypto_internal-modexp.o [9]
      .text               ro code  0x1004893c    0x548  rtl8195a_cmd.o [8]
      .text               ro code  0x10048e84    0x398  phydm_RaInfo.o [8]
      Veneer              ro code  0x1004921c      0x8  - Linker created -
      .text               ro code  0x10049224    0x4b6  phydm_DIG.o [8]
      .text               ro code  0x100496dc    0x3e0  phydm.o [8]
      Veneer              ro code  0x10049abc      0x8  - Linker created -
      Veneer              ro code  0x10049ac4      0x8  - Linker created -
      .text               ro code  0x10049acc    0x3fc  phydm_HWConfig.o [8]
      .text               ro code  0x10049ec8    0x170  rtl8195a_rf6052.o [8]
      .text               ro code  0x1004a038     0x58  phydm_interface.o [8]
      .text               ro code  0x1004a090    0x4f4  HalPhyRf.o [8]
      .text               ro code  0x1004a584    0x17c  rtl8195a_pmu_cmd.o [8]
      Veneer              ro code  0x1004a700      0x8  - Linker created -
      Veneer              ro code  0x1004a708      0x8  - Linker created -
      Veneer              ro code  0x1004a710      0x8  - Linker created -
      .text               ro code  0x1004a718     0x7c  phydm_CfoTracking.o [8]
      .text               ro code  0x1004a794    0x244  phydm_PowerTracking.o [8]
      .text               ro code  0x1004a9d8     0x14  phydm_debug.o [8]
      .text               ro code  0x1004a9ec     0x1e  U64Shr.o [12]
      .text               ro code  0x1004aa0c    0x1e0  HalHWImg8195A_RF.o [8]
      .text               ro code  0x1004abec    0x1d8  HalHWImg8195A_BB.o [8]
      .text               ro code  0x1004adc4    0x134  HalHWImg8195A_MAC.o [8]
      .text               ro code  0x1004aef8     0xda  phydm_RegConfig8195A.o [8]
      .text               ro code  0x1004afd4    0x126  analogin_api.o [2]
      .text               ro code  0x1004b0fc    0x7d4  hal_adc.o [2]
      Veneer              ro code  0x1004b8d0      0x8  - Linker created -
      Veneer              ro code  0x1004b8d8      0x8  - Linker created -
      Veneer              ro code  0x1004b8e0      0x8  - Linker created -
      .text               ro code  0x1004b8e8    0xe0c  atcmd_sys.o [2]
      .text               ro code  0x1004c6f4     0x1c  example_entry.o [2]
      .text               ro code  0x1004c710    0x1d4  example_wlan_fast_connect.o [2]
      .text               ro code  0x1004c8e4     0x24  printf.o [4]
      .text               ro code  0x1004c908     0x90  hal_32k.o [2]
      .text               ro code  0x1004c998     0x3c  hal_timer.o [2]
      .text               ro code  0x1004c9d4    0x318  rtl8195a_adc.o [2]
      Veneer              ro code  0x1004ccec      0x8  - Linker created -
      Veneer              ro code  0x1004ccf4      0x8  - Linker created -
      .text               ro code  0x1004ccfc     0x90  rtl_consol.o [2]
      .text               ro code  0x1004cd8c     0x6c  strncpy_unaligned.o [12]
      .text               ro code  0x1004cdf8     0x14  system_8195a.o [2]
      .text               ro code  0x1004ce0c     0xdc  wlan_network.o [2]
      Veneer              ro code  0x1004cee8      0x8  - Linker created -
      Veneer              ro code  0x1004cef0      0x8  - Linker created -
      .text               ro code  0x1004cef8    0x1f8  startup.o [6]
      Veneer              ro code  0x1004d0f0      0x8  - Linker created -
      .text               ro code  0x1004d0f8     0x24  hal_crypto.o [6]
      .text               ro code  0x1004d11c     0x78  freertos_isr.o [8]
      .text               ro code  0x1004d194    0x598  wps_protocol_handler.o [9]
      .text               ro code  0x1004d72c    0x3a0  eap_wsc.o [9]
      .text               ro code  0x1004dacc    0x1a4  wps.o [9]
      .text               ro code  0x1004dc70    0x11c  eap_common.o [9]
      .text               ro code  0x1004dd8c     0x3e  eap_wsc_common.o [9]
      .text               ro code  0x1004ddcc    0x2f8  wps_dev_attr.o [9]
      .text               ro code  0x1004e0c4    0xa4e  wps_enrollee.o [9]
      .text               ro code  0x1004eb12    0x476  wps_attr_parse.o [9]
      .text               ro code  0x1004ef88    0x1c6  wps_attr_process.o [9]
      .text               ro code  0x1004f14e    0x838  wps_validate.o [9]
      .text               ro code  0x1004f988     0x10  hal_common.o [6]
      .text               ro code  0x1004f998     0x24  app_start.o [6]
      .text               ro code  0x1004f9bc    0x124  lxbus_hci_intf.o [8]
      .text               ro code  0x1004fae0     0x58  lxbus_intf.o [8]
      .text               ro code  0x1004fb38     0x28  data_init.o [12]
      .text               ro code  0x1004fb60     0x2c  low_level_io.o [2]
      .text               ro code  0x1004fb8c      0x4  rtl8195a_led.o [8]
      .text               ro code  0x1004fb90     0x16  xprout.o [4]
      .text               ro code  0x1004fba6     0x28  putchar.o [4]
      CODE                ro code  0x1004fbd0     0x94  portasm.o [2]
      __DLIB_PERTHREAD    const    0x1004fc64     0x8c  rand.o [4]
      __DLIB_PERTHREAD    const    0x1004fcf0      0x4  errno.o [4]
    .ram.data                      0x1004fcf4   0x2fcc  <Block>
      .data.log_init               0x1004fcf4      0xc  <Block>
        .data.log_init    const    0x1004fcf4      0x4  atcmd_sys.o [2]
        .data.log_init    const    0x1004fcf8      0x4  atcmd_wifi.o [2]
        .data.log_init    const    0x1004fcfc      0x4  log_service.o [2]
      .data               const    0x1004fd00     0x80  ac_hal.o [2]
      .data               const    0x1004fd80      0x8  atcmd_sys.o [2]
      .data               const    0x1004fd88     0xc0  atcmd_sys.o [2]
      .data               const    0x1004fe48    0x180  atcmd_wifi.o [2]
      .data               const    0x1004ffc8     0x78  dhcps.o [2]
      .data               const    0x10050040      0x4  freertos_pmu.o [2]
      .data               const    0x10050044      0xc  freertos_pmu.o [2]
      .data               const    0x10050050      0x4  freertos_service.o [2]
      .data               const    0x10050054     0x20  log_service.o [2]
      .data               const    0x10050074      0x4  port.o [2]
      .data               const    0x10050078      0x4  system_8195a.o [2]
      .data               const    0x1005007c     0x9c  tasks.o [2]
      .data               const    0x10050118     0x20  tcp.o [2]
      .data               const    0x10050138      0x8  udp.o [2]
      .data               const    0x10050140     0x10  wifi_conf.o [2]
      .data               const    0x10050150    0x1f4  zc_configuration.o [2]
      .data               const    0x10050344     0x14  zc_hf_adpter.o [2]
      .data               const    0x10050358      0x8  zc_hf_adpter.o [2]
      .data               const    0x10050360      0x8  rtw_psk.o [8]
      .data               const    0x10050368     0xd4  wifi_simple_config_parser.o [8]
      .data               const    0x1005043c      0x8  wifi_simple_config_parser.o [8]
      .data               const    0x10050444     0xa8  rtw_mlme_ext.o [8]
      .data               const    0x100504ec     0x38  freertos_ioctl.o [8]
      .data               const    0x10050524    0x1b0  rom_rtw_message.o [8]
      .data               const    0x100506d4      0x8  rtw_xmit.o [8]
      .data               const    0x100506dc     0x40  Hal8195ARateAdaptive.o [8]
      .data               const    0x1005071c     0x40  Hal8195ARateAdaptive.o [8]
      .data               const    0x1005075c     0x14  Hal8195ARateAdaptive.o [8]
      .data               const    0x10050770     0xa0  Hal8195APwrSeq.o [8]
      .data               const    0x10050810     0xa0  Hal8195APwrSeq.o [8]
      .data               const    0x100508b0     0x14  dh_groups.o [9]
      .data               const    0x100508c4    0x210  HalHWImg8195A_BB.o [8]
      .data               const    0x10050ad4    0x678  HalHWImg8195A_BB.o [8]
      .data               const    0x1005114c     0x90  HalHWImg8195A_BB.o [8]
      .data               const    0x100511dc    0x308  HalHWImg8195A_MAC.o [8]
      .data               const    0x100514e4    0x3a0  HalHWImg8195A_RF.o [8]
      .data               const    0x10051884     0x80  HalHWImg8195A_RF.o [8]
      .data               const    0x10051904     0x80  HalHWImg8195A_RF.o [8]
      .data               const    0x10051984     0x80  HalHWImg8195A_RF.o [8]
      .data               const    0x10051a04   0x1260  HalHWImg8195A_RF.o [8]
      .data               const    0x10052c64      0x2  tcp.o [2]
      .iar.init_table     const    0x10052c68     0x58  - Linker created -
  .ram.bss                         0x10052cc0   0xab10  <Block>
    .bss                  zero     0x10052cc0    0x500  hal_crypto.o [6]
    .bss                  zero     0x100531c0    0x340  rtw_mlme_ext.o [8]
    .bss                  zero     0x10053500      0x8  ac_hal.o [2]
    .bss                  zero     0x10053508    0x200  ac_hal.o [2]
    .bss                  zero     0x10053708     0x38  atcmd_wifi.o [2]
    .bss                  zero     0x10053740     0x78  atcmd_wifi.o [2]
    .bss                  zero     0x100537b8      0x4  atcmd_wifi.o [2]
    .bss                  zero     0x100537bc    0x1b8  bignum.o [2]
    .bss                  zero     0x10053974   0x16b0  bignum.o [2]
    .bss                  zero     0x10055024     0x34  dhcp.o [2]
    .bss                  zero     0x10055058      0x4  dhcp.o [2]
    .bss                  zero     0x1005505c    0x214  dns.o [2]
    .bss                  zero     0x10055270    0x460  dns.o [2]
    .bss                  zero     0x100556d0     0xc8  etharp.o [2]
    .bss                  zero     0x10055798      0x4  ethernetif.o [2]
    .bss                  zero     0x1005579c      0x4  example_wlan_fast_connect.o [2]
    .bss                  zero     0x100557a0      0xc  hal_adc.o [2]
    .bss                  zero     0x100557ac     0x2c  hal_adc.o [2]
    .bss                  zero     0x100557d8    0x290  hal_soc_ps_monitor.o [2]
    .bss                  zero     0x10055a68     0x3c  heap_5.o [2]
    .bss                  zero     0x10055aa4      0xc  igmp.o [2]
    .bss                  zero     0x10055ab0     0x10  ip.o [2]
    .bss                  zero     0x10055ac0     0x10  ip_addr.o [2]
    .bss                  zero     0x10055ad0      0x8  ip_frag.o [2]
    .bss                  zero     0x10055ad8    0x100  log_service.o [2]
    .bss                  zero     0x10055bd8     0x70  log_service.o [2]
    .bss                  zero     0x10055c48     0x78  lwip_netconf.o [2]
    .bss                  zero     0x10055cc0      0x4  lwip_timers.o [2]
    .bss                  zero     0x10055cc4      0x4  lwip_timers.o [2]
    .bss                  zero     0x10055cc8      0xc  netif.o [2]
    .bss                  zero     0x10055cd4      0x4  osdep_service.o [2]
    .bss                  zero     0x10055cd8     0x28  ping_test.o [2]
    .bss                  zero     0x10055d00      0xc  port.o [2]
    .bss                  zero     0x10055d0c      0x4  raw.o [2]
    .bss                  zero     0x10055d10    0x108  rsa.o [2]
    .bss                  zero     0x10055e18     0x40  rsa.o [2]
    .bss                  zero     0x10055e58     0x18  rtl8195a_timer.o [2]
    .bss                  zero     0x10055e70     0x18  serial_api.o [2]
    .bss                  zero     0x10055e88      0xc  serial_api.o [2]
    .bss                  zero     0x10055e94      0xc  serial_api.o [2]
    .bss                  zero     0x10055ea0     0x28  serial_api.o [2]
    .bss                  zero     0x10055ec8     0xf0  sockets.o [2]
    .bss                  zero     0x10055fb8      0x8  sockets.o [2]
    .bss                  zero     0x10055fc0     0x34  sys_arch.o [2]
    .bss                  zero     0x10055ff4     0xdc  tasks.o [2]
    .bss                  zero     0x100560d0      0xc  tcm_heap.o [2]
    .bss                  zero     0x100560dc     0x30  tcp_in.o [2]
    .bss                  zero     0x1005610c      0xc  tcpip.o [2]
    .bss                  zero     0x10056118     0x38  timers.o [2]
    .bss                  zero     0x10056150      0x4  uart_socket.o [2]
    .bss                  zero     0x10056154      0x4  update.o [2]
    .bss                  zero     0x10056158     0x24  wifi_conf.o [2]
    .bss                  zero     0x1005617c      0x8  wifi_conf.o [2]
    .bss                  zero     0x10056184     0x18  wifi_conf.o [2]
    .bss                  zero     0x1005619c    0x150  wifi_ind.o [2]
    .bss                  zero     0x100562ec      0x8  wifi_promisc.o [2]
    .bss                  zero     0x100562f4     0x78  wifi_promisc.o [2]
    .bss                  zero     0x1005636c     0x40  wifi_simple_config.o [2]
    .bss                  zero     0x100563ac     0x28  wifi_wps_config.o [2]
    .bss                  zero     0x100563d4     0x10  zc_bc.o [2]
    .bss                  zero     0x100563e4     0x28  zc_client_manager.o [2]
    .bss                  zero     0x1005640c     0x78  zc_hf_adpter.o [2]
    .bss                  zero     0x10056484    0x260  zc_hf_adpter.o [2]
    .bss                  zero     0x100566e4    0x260  zc_hf_adpter.o [2]
    .bss                  zero     0x10056944     0x28  zc_hf_adpter.o [2]
    .bss                  zero     0x1005696c    0x720  zc_hf_adpter.o [2]
    .bss                  zero     0x1005708c     0x28  zc_hf_adpter.o [2]
    .bss                  zero     0x100570b4    0x258  zc_hf_adpter.o [2]
    .bss                  zero     0x1005730c    0x83c  zc_hf_adpter.o [2]
    .bss                  zero     0x10057b48     0x50  zc_hf_adpter.o [2]
    .bss                  zero     0x10057b98     0x14  zc_hf_adpter.o [2]
    .bss                  zero     0x10057bac      0xc  zc_hf_adpter.o [2]
    .bss                  zero     0x10057bb8     0x88  zc_protocol_controller.o [2]
    .bss                  zero     0x10057c40     0x50  zc_timer.o [2]
    .bss                  zero     0x10057c90      0x8  startup.o [6]
    .bss                  zero     0x10057c98      0x4  ram_libc.o [7]
    .bss                  zero     0x10057c9c     0x40  rtk_wlan_if.o [8]
    .bss                  zero     0x10057cdc      0x4  freertos_intfs.o [8]
    .bss                  zero     0x10057ce0      0xc  freertos_intfs.o [8]
    .bss                  zero     0x10057cec     0x14  freertos_intfs.o [8]
    .bss                  zero     0x10057d00    0x11c  rtw_psk.o [8]
    .bss                  zero     0x10057e1c     0x44  rtw_psk.o [8]
    .bss                  zero     0x10057e60      0x4  freertos_skbuff.o [8]
    .bss                  zero     0x10057e64    0x1b8  freertos_skbuff.o [8]
    .bss                  zero     0x1005801c     0x18  freertos_skbuff.o [8]
    .bss                  zero     0x10058034      0x4  freertos_isr.o [8]
    .bss                  zero     0x10058038      0x8  rtw_promisc.o [8]
    .bss                  zero     0x10058040      0x4  rtw_mlme.o [8]
    .bss                  zero     0x10058044      0x4  wifi_simple_config_parser.o [8]
    .bss                  zero     0x10058048     0x10  wps_protocol_handler.o [9]
    .bss                  zero     0x10058058      0x4  ram_libgloss_retarget.o [7]
    .bss                  zero     0x1005805c      0x4  rtl8195a_pmu_task.o [8]
    .bss                  zero     0x10058060   0x20e0  lxbus_ops.o [8]
    .bss                  zero     0x1005a140     0x1c  eap_wsc.o [9]
    .bss                  zero     0x1005a15c     0x80  random.o [9]
    .bss                  zero     0x1005a1dc     0x20  random.o [9]
    .bss                  zero     0x1005a1fc      0x2  hal_gdma.o [2]
    .bss                  zero     0x1005a1fe      0x2  ip.o [2]
    .bss                  zero     0x1005a200      0x1  dns.o [2]
    .bss                  zero     0x1005a201      0x1  etharp.o [2]
    .bss                  zero     0x1005a202      0x1  pbuf.o [2]
    .bss                  zero     0x1005a203      0x1  tcp.o [2]
    .bss                  zero     0x1005a204      0x1  wifi_promisc.o [2]
    .bss                  zero     0x1005a205      0x1  zc_hf_adpter.o [2]
    .bss                  zero     0x1005a206      0x1  rtl8195a_pmu_task.o [8]
    .bss                  zero     0x1005a207      0x1  rtw_mlme_ext.o [8]
    .bss                  zero     0x1005a208      0x1  lxbus_ops.o [8]
    .hal.flash.data       zero     0x1005a20c     0x90  hal_spi_flash_ram.o [6]
    .hal.gpio.data        zero     0x1005a29c    0x12c  hal_gpio.o [2]
    .bdsram.data          zero     0x1005a3c8   0x3400  freertos_skbuff.o [8]
    .bdsram.data          zero     0x1005d7c8      0x8  freertos_skbuff.o [8]
                                 - 0x1005d7d0  0x577d0

"A4":                                           0xf000
  .bf_data                         0x10061000   0xf000  <Block>
    .bfsram.data          zero     0x10061000   0xf000  heap_5.o [2]
                                 - 0x10070000   0xf000

"A6":                                           0xf4e8
  TCM_overlay                      0x1fff0000   0xf4e8  <Overlay>
    part 1:
      .bss                zero     0x1fff0000   0x1424  mem.o [2]
      .bss                zero     0x1fff1424   0x40c0  memp.o [2]
      .tcm.heap           zero     0x1fff54e4   0xa000  tcm_heap.o [2]
      .heap                        0x1ffff4e4      0x4  <Block>
        .heap.stdlib      zero     0x1ffff4e4      0x1  ram_libgloss_retarget.o [7]
    part 2:
      IMAGE1_DBG                   0x1fff0000   0x24b4  <Block>
        .ram.start.table           0x1fff0000     0x14  <Block>
          .start.ram.data.a
                          const    0x1fff0000      0x4  startup.o [6]
          .start.ram.data.b
                          const    0x1fff0004      0x4  startup.o [6]
          .start.ram.data.c
                          const    0x1fff0008      0x4  startup.o [6]
          .start.ram.data.d
                          const    0x1fff000c      0x4  startup.o [6]
          .start.ram.data.e
                          const    0x1fff0010      0x4  startup.o [6]
        .ram_image1.data           0x1fff0014   0x14d0  <Block>
          .image1.validate.rodata
                          const    0x1fff0014      0x8  startup.o [6]
          .cutb.ram.data  const    0x1fff001c     0x10  hal_sdr_controller.o [2]
          .cutb.ram.data  const    0x1fff002c     0x1c  hal_sdr_controller.o [2]
          .cutb.ram.data  const    0x1fff0048     0x34  hal_sdr_controller.o [2]
          .cutb.ram.data  const    0x1fff007c     0x14  hal_sdr_controller.o [2]
          .cutb.ram.data  const    0x1fff0090      0x4  hal_sdr_controller.o [2]
          .cutb.ram.data  zero     0x1fff0094   0x1000  hal_sdr_controller.o [2]
          .hal.ram.data   const    0x1fff1098    0x430  rom.o [11]
          .hal.ram.data   const    0x1fff14c8      0xc  hal_sdr_controller.o [2]
          .hal.ram.data   zero     0x1fff14d4     0x10  startup.o [6]
        .ram_image1.bss            0x1fff14e4      0x0  <Block>
        .ram_image1.text           0x1fff14e4    0xfd0  <Block>
          Veneer          ro code  0x1fff14e4      0x8  - Linker created -
          Veneer          ro code  0x1fff14ec      0x8  - Linker created -
          Veneer          ro code  0x1fff14f4      0x8  - Linker created -
          Veneer          ro code  0x1fff14fc      0x8  - Linker created -
          Veneer          ro code  0x1fff1504      0x8  - Linker created -
          Veneer          ro code  0x1fff150c      0x8  - Linker created -
          Veneer          ro code  0x1fff1514      0x8  - Linker created -
          Veneer          ro code  0x1fff151c      0x8  - Linker created -
          Veneer          ro code  0x1fff1524      0x8  - Linker created -
          Veneer          ro code  0x1fff152c      0x8  - Linker created -
          Veneer          ro code  0x1fff1534      0x8  - Linker created -
          Veneer          ro code  0x1fff153c      0x8  - Linker created -
          Veneer          ro code  0x1fff1544      0x8  - Linker created -
          Veneer          ro code  0x1fff154c      0x8  - Linker created -
          Veneer          ro code  0x1fff1554      0x8  - Linker created -
          Veneer          ro code  0x1fff155c      0x8  - Linker created -
          Veneer          ro code  0x1fff1564      0x8  - Linker created -
          Veneer          ro code  0x1fff156c      0x8  - Linker created -
          Veneer          ro code  0x1fff1574      0x8  - Linker created -
          Veneer          ro code  0x1fff157c      0x8  - Linker created -
          Veneer          ro code  0x1fff1584      0x8  - Linker created -
          Veneer          ro code  0x1fff158c      0x8  - Linker created -
          Veneer          ro code  0x1fff1594      0x8  - Linker created -
          .hal.ram.text   ro code  0x1fff159c    0x700  startup.o [6]
          Veneer          ro code  0x1fff1c9c      0x8  - Linker created -
          .hal.sdrc.text  ro code  0x1fff1ca4    0x810  hal_sdr_controller.o [2]
                                 - 0x1ffff4e8   0xf4e8


*******************************************************************************
*** INIT TABLE
***

          Address     Size
          -------     ----
Zero (__iar_zero_init3)
    8 destination ranges, total size 0x29342:
          0x10000384   0x350
          0x10052cc0  0x7549
          0x1005a20c    0x90
          0x1005a29c   0x12c
          0x1005a3c8  0x3408
          0x10061000  0xf000
          0x1fff0000  0xf4e4
          0x1ffff4e4     0x1



*******************************************************************************
*** MODULE SUMMARY
***

    Module                       ro code  rw code  ro data  rw data
    ------                       -------  -------  -------  -------
D:\工作资料\斐联\sdk-ameba1-v3.4b\project\realtek_ameba1_va0_example\EWARM-RELEASE\..\..\..\component\soc\realtek\8195a\misc\bsp\image: [1]
    ram_1.r.bin                                     14 028
    ---------------------------------------------------------------
    Total:                                          14 028

D:\工作资料\斐联\sdk-ameba1-v3.4b\project\realtek_ameba1_va0_example\EWARM-RELEASE\Debug\Obj: [2]
    ac_api.o                         586
    ac_hal.o                         388                        648
    aes_cbc.o                        434
    aes_core.o                     8 838             4 096
    analogin_api.o                   294
    api_lib.o                      1 176
    api_msg.o                      2 988
    atcmd_sys.o                    3 596                96      204
    atcmd_wifi.o                   5 976               424      568
    autoip.o                         706
    bignum.o                       5 510                      6 248
    cmsis_os.o                        24
    crc.o                             70
    def.o                             38
    dhcp.o                         3 094                         56
    dhcps.o                        1 626                        120
    dns.o                          1 188                      1 653
    etharp.o                       1 736                        201
    ethernetif.o                     332                          4
    example_entry.o                   28
    example_wlan_fast_connect.o      468                          4
    flash_api.o                      736
    freertos_pmu.o                   196                         16
    freertos_service.o             1 408               292        4
    gpio_api.o                       440
    hal_32k.o                        144
    hal_adc.o                      2 004                         56
    hal_gdma.o                       412                          2
    hal_gpio.o                       116                        300
    hal_soc_ps_monitor.o           2 060                        656
    hal_timer.o                       60
    hal_uart.o                     1 416
    heap_5.o                         448                     61 500
    icmp.o                           392
    igmp.o                           952                         12
    inet_chksum.o                    306
    init.o                            46
    ip.o                             856                         18
    ip_addr.o                        474                 8       16
    ip_frag.o                      1 268                          8
    list.o                           142
    log_service.o                    992                16      404
    low_level_io.o                    44
    lwip_intf.o                      616
    lwip_netconf.o                   852                        120
    lwip_timers.o                    564                          8
    main.o                            72
    mem.o                            608
    memp.o                           208
    netbuf.o                         116
    netif.o                          322                         12
    osdep_api.o                      144
    osdep_service.o                1 388                          4
    pbuf.o                         1 118                          1
    ping_test.o                      556                         40
    pinmap.o                           2
    pinmap_common.o                  252
    port.o                           520                         16
    portasm.o                        148
    queue.o                        1 186
    raw.o                            372                          4
    rsa.o                            784                        328
    rtl8195a_adc.o                   792
    rtl8195a_gdma.o                  944
    rtl8195a_timer.o               1 096                         24
    rtl8195a_uart.o                3 244
    rtl_consol.o                     580                        848
    serial_api.o                   1 096                         88
    sleep.o                           20
    sockets.o                      3 448                        248
    sys.o                             34
    sys_api.o                        952
    sys_arch.o                       490                         52
    system_8195a.o                    20                          4
    tasks.o                        2 164                        376
    tcm_heap.o                       330                         12
    tcp.o                          2 860                         35
    tcp_in.o                       3 756                         48
    tcp_out.o                      2 634
    tcpip.o                          504                         12
    timer_api.o                      224
    timers.o                         756                         56
    uart_socket.o                  1 824                          4
    udp.o                          1 040                          8
    update.o                       2 732                32        4
    us_ticker.o                       48
    wifi_conf.o                    5 596                         84
    wifi_ind.o                       180                        336
    wifi_promisc.o                 1 152                        129
    wifi_simple_config.o           2 896                         64
    wifi_util.o                    3 216
    wifi_wps_config.o              2 240                         40
    wlan_network.o                   220
    zc_bc.o                          280                         16
    zc_client_manager.o              714                         40
    zc_cloud_event.o                 432
    zc_common.o                      464
    zc_configuration.o               792                        500
    zc_hf_adpter.o                 4 044                      6 089
    zc_message_queue.o               600
    zc_moudle_manager.o              668
    zc_protocol_controller.o       3 564                        136
    zc_sec_engine.o                1 144
    zc_timer.o                       284                         80
    ---------------------------------------------------------------
    Total:                       123 910             4 964   82 564

command line: [3]
    ---------------------------------------------------------------
    Total:

dl7M_tln.a: [4]
    errno.o                           12                          4
    printf.o                          36
    putchar.o                         40
    rand.o                           224                        140
    sscanf.o                          36
    vsnprint.o                        60
    xprintftiny.o                    336
    xprout.o                          22
    xscanfsmall_nomb.o             1 300
    xsnprout.o                        26
    xsscin.o                          30
    xstol.o                          134
[...]
wifi_mode               0x1005617c     0x4  Data  Lc  wifi_conf.o [2]
wifi_no_network_hdl     0x1001330b     0xe  Code  Lc  wifi_conf.o [2]
wifi_off                0x10013b53    0x6a  Code  Gb  wifi_conf.o [2]
wifi_on                 0x10013ac5    0x8e  Code  Gb  wifi_conf.o [2]
wifi_reg_event_handler  0x1001deaf    0x3a  Code  Gb  wifi_ind.o [2]
wifi_remove_packet_filter
                        0x10014295     0x4  Code  Gb  wifi_conf.o [2]
wifi_rx_beacon_hdl      0x10013309     0x2  Code  Gb  wifi_conf.o [2]
wifi_scan               0x10013e69    0x56  Code  Gb  wifi_conf.o [2]
wifi_scan_done_hdl      0x10013dff    0x64  Code  Lc  wifi_conf.o [2]
wifi_scan_each_report_hdl
                        0x10013cd5   0x12a  Code  Lc  wifi_conf.o [2]
wifi_scan_networks      0x10013ee1    0x92  Code  Gb  wifi_conf.o [2]
wifi_set_autoreconnect  0x10014221    0x1c  Code  Gb  wifi_conf.o [2]
wifi_set_channel        0x10013abb     0xa  Code  Gb  wifi_conf.o [2]
wifi_set_lps_dtim       0x10013bdd     0xa  Code  Gb  wifi_conf.o [2]
wifi_set_power_mode     0x10013bbd     0x4  Code  Gb  wifi_conf.o [2]
wifi_set_promisc        0x100140fd     0x4  Code  Gb  wifi_conf.o [2]
wifi_set_pscan_chan     0x10013f81    0x12  Code  Gb  wifi_conf.o [2]
wifi_set_tdma_param     0x10013bc9    0x14  Code  Gb  wifi_conf.o [2]
wifi_set_wps_phase      0x100140f9     0x4  Code  Gb  wifi_conf.o [2]
wifi_show_setting       0x1001404d    0x9e  Code  Gb  wifi_conf.o [2]
wifi_start_ap           0x10013c05    0xcc  Code  Gb  wifi_conf.o [2]
wifi_unreg_event_handler
                        0x1001dee9    0x30  Code  Gb  wifi_ind.o [2]
wifirate2_ratetbl_inx   0x10036e79    0x60  Code  Gb  rtw_wlan_util.o [8]
wireless_send_event     0x1002aba7     0xa  Code  Gb  freertos_ioctl.o [8]
wlan_init_done_callback
                        0x1004c76d    0xd0  Code  Gb  example_wlan_fast_connect.o [2]
wlan_network            0x1004ce3d    0x3a  Code  Gb  wlan_network.o [2]
wlan_wrtie_reconnect_data_to_flash
                        0x1004c711    0x5c  Code  Gb  example_wlan_fast_connect.o [2]
wlancmds                0x1002dee4   0x1f8  Data  Gb  rtw_cmd.o [8]
wlanevents              0x10034b50    0xc0  Data  Lc  rtw_mlme_ext.o [8]
wlanhdr_to_ethhdr       0x10026e3d   0x138  Code  Gb  rtw_recv.o [8]
wpa_global_PSK          0x10057dcc    0x50  Data  Gb  rtw_psk.o [8]
wpa_set_encryption      0x1002ad6b   0x176  Code  Lc  freertos_ioctl.o [8]
wpabuf_alloc            0x1002a799    0x18  Code  Gb  wpabuf.o [9]
wpabuf_alloc_copy       0x1002a7b1    0x1c  Code  Gb  wpabuf.o [9]
wpabuf_dup              0x1002a7cd    0x1a  Code  Gb  wpabuf.o [9]
wpabuf_free             0x1002a7e7    0x24  Code  Gb  wpabuf.o [9]
wpabuf_put              0x1002a811     0xc  Code  Gb  wpabuf.o [9]
wpabuf_put_be16         0x1002a871    0x14  Code  Lc  wps_attr_build.o [9]
wpabuf_put_be16         0x1004ddcd    0x14  Code  Lc  wps_dev_attr.o [9]
wpabuf_put_be16         0x1004e0c5    0x14  Code  Lc  wps_enrollee.o [9]
wpabuf_put_buf          0x1002a78f     0xa  Code  Lc  wpabuf.o [9]
wpabuf_put_buf          0x1002a8a7     0xa  Code  Lc  wps_attr_build.o [9]
wpabuf_put_data         0x1004d73d    0x22  Code  Lc  eap_wsc.o [9]
wpabuf_put_data         0x1002a76d    0x22  Code  Lc  wpabuf.o [9]
wpabuf_put_data         0x1002a885    0x22  Code  Lc  wps_attr_build.o [9]
wpabuf_put_data         0x1004dde1    0x22  Code  Lc  wps_dev_attr.o [9]
wpabuf_put_data         0x1004e0d9    0x22  Code  Lc  wps_enrollee.o [9]
wpabuf_put_u8           0x1004d72d    0x10  Code  Lc  eap_wsc.o [9]
wpabuf_put_u8           0x1002a861    0x10  Code  Lc  wps_attr_build.o [9]
wpabuf_put_u8           0x1004dc71    0x10  Code  Lc  eap_common.o [9]
wpabuf_put_u8           0x1004dd8d    0x10  Code  Lc  eap_wsc_common.o [9]
wpabuf_zeropad          0x1002a81d    0x3a  Code  Gb  wpabuf.o [9]
wpas_eap_wsc_init       0x1004d195    0x12  Code  Gb  wps_protocol_handler.o [9]
wpas_swith_to_wps_auth  0x1004d1a7    0x14  Code  Gb  wps_protocol_handler.o [9]
wpas_swith_to_wps_encr  0x1004d1bb    0x20  Code  Gb  wps_protocol_handler.o [9]
wpas_wps_dev_config     0x1004d1db    0xd0  Code  Gb  wps_protocol_handler.o [9]
wpas_wps_init           0x1004d2ab    0x7e  Code  Gb  wps_protocol_handler.o [9]
wpas_wps_notify_wps_finish
                        0x1004d451    0x34  Code  Gb  wps_protocol_handler.o [9]
wpas_wps_notify_wps_finish_hdl
                        0x1004d485     0x2  Code  Gb  wps_protocol_handler.o [9]
wpas_wsc_eapol_recvd    0x1004d633    0x66  Code  Gb  wps_protocol_handler.o [9]
wpas_wsc_eapol_recvd_hdl
                        0x1004d6a9    0x24  Code  Gb  wps_protocol_handler.o [9]
wpas_wsc_enrollee_handle_eap_fail
                        0x1004d487    0x48  Code  Gb  wps_protocol_handler.o [9]
wpas_wsc_enrollee_handle_recvd
                        0x1004d5bb    0x78  Code  Gb  wps_protocol_handler.o [9]
wpas_wsc_send_eap_rspidentity
                        0x1004d38f    0x78  Code  Gb  wps_protocol_handler.o [9]
wpas_wsc_send_eapol     0x1004d4df    0xcc  Code  Gb  wps_protocol_handler.o [9]
wpas_wsc_send_packet    0x1004d329    0x66  Code  Gb  wps_protocol_handler.o [9]
wps_build_ap_settings   0x1004e337    0xdc  Code  Lc  wps_enrollee.o [9]
wps_build_assoc_state   0x1002aab7    0x14  Code  Gb  wps_attr_build.o [9]
wps_build_auth_type_flags
                        0x1002aa5d    0x14  Code  Gb  wps_attr_build.o [9]
wps_build_authenticator
                        0x1002a9a3    0x52  Code  Gb  wps_attr_build.o [9]
wps_build_config_error  0x1002a997     0xc  Code  Gb  wps_attr_build.o [9]
wps_build_config_methods
                        0x1002a951     0xc  Code  Gb  wps_attr_build.o [9]
wps_build_conn_type_flags
                        0x1002aa99    0x14  Code  Gb  wps_attr_build.o [9]
wps_build_dev_name      0x1004dea3    0x24  Code  Gb  wps_dev_attr.o [9]
wps_build_dev_password_id
                        0x1002a975     0xa  Code  Gb  wps_attr_build.o [9]
wps_build_device_attrs  0x1004dec7    0x5e  Code  Gb  wps_dev_attr.o [9]
wps_build_e_hash        0x1004e0fb    0x9e  Code  Lc  wps_enrollee.o [9]
wps_build_encr_settings
                        0x1002aafd    0x76  Code  Gb  wps_attr_build.o [9]
wps_build_encr_type_flags
                        0x1002aa71    0x12  Code  Gb  wps_attr_build.o [9]
wps_build_enrollee_nonce
                        0x1002aa1b    0x1e  Code  Gb  wps_attr_build.o [9]
wps_build_key_wrap_auth
                        0x1002aacb    0x32  Code  Gb  wps_attr_build.o [9]
wps_build_m1            0x1004e1af   0x100  Code  Gb  wps_enrollee.o [9]
wps_build_m5            0x1004e2af    0x82  Code  Lc  wps_enrollee.o [9]
wps_build_m7            0x1004e419    0x96  Code  Lc  wps_enrollee.o [9]
wps_build_mac_addr      0x1002ab73    0x16  Code  Gb  wps_attr_build.o [9]
wps_build_manufacturer  0x1004de03    0x24  Code  Gb  wps_dev_attr.o [9]
wps_build_model_name    0x1004de27    0x22  Code  Gb  wps_dev_attr.o [9]
wps_build_model_number  0x1004de55    0x24  Code  Gb  wps_dev_attr.o [9]
wps_build_msg_type      0x1002aa0f     0xc  Code  Gb  wps_attr_build.o [9]
wps_build_os_version    0x1004df25    0x30  Code  Gb  wps_dev_attr.o [9]
wps_build_primary_dev_type
                        0x1004de79    0x24  Code  Gb  wps_dev_attr.o [9]
wps_build_public_key    0x1002a8b1    0x88  Code  Gb  wps_attr_build.o [9]
wps_build_registrar_nonce
                        0x1002aa39    0x1e  Code  Gb  wps_attr_build.o [9]
wps_build_rf_bands      0x1004df59    0x24  Code  Gb  wps_dev_attr.o [9]
wps_build_uuid_e        0x1002a95d    0x18  Code  Gb  wps_attr_build.o [9]
wps_build_version       0x1002a9f5    0x16  Code  Gb  wps_attr_build.o [9]
wps_build_wfa_ext       0x1002aa0b     0x4  Code  Gb  wps_attr_build.o [9]
wps_build_wsc_ack       0x100236c9    0x42  Code  Gb  wps_common.o [9]
wps_build_wsc_nack      0x1002370b    0x4e  Code  Gb  wps_common.o [9]
wps_check_and_show_connection_info
                        0x1001b071    0x24  Code  Gb  wifi_wps_config.o [2]
wps_decrypt_encr_settings
                        0x100235a5    0x7e  Code  Gb  wps_common.o [9]
wps_deinit              0x1004dbeb    0x58  Code  Gb  wps.o [9]
wps_derive_keys         0x10023475    0xde  Code  Gb  wps_common.o [9]
wps_derive_psk          0x10023553    0x52  Code  Gb  wps_common.o [9]
wps_device_data_free    0x1004e07b    0x44  Code  Gb  wps_dev_attr.o [9]
wps_enrollee_get_msg    0x1004e4df   0x11e  Code  Gb  wps_enrollee.o [9]
wps_enrollee_process_msg
                        0x1004ea4b    0xb4  Code  Gb  wps_enrollee.o [9]
wps_generate_pin        0x10023683    0x3a  Code  Gb  wps_common.o [9]
wps_get_msg             0x1004dc4d     0x4  Code  Gb  wps.o [9]
wps_init                0x1004dacd   0x106  Code  Gb  wps.o [9]
wps_judge_staion_disconnect
                        0x1001b40f    0x46  Code  Gb  wifi_wps_config.o [2]
wps_kdf                 0x100233d1    0xa4  Code  Gb  wps_common.o [9]
wps_oui                 0x00035440     0x4  Data  Lc  rom.o [11]
wps_parse_msg           0x1004eefd    0x8c  Code  Gb  wps_attr_parse.o [9]
wps_parse_vendor_ext_wfa
                        0x1004eb13    0x5c  Code  Lc  wps_attr_parse.o [9]
wps_password_id         0x100563ac     0x1  Data  Gb  wifi_wps_config.o [2]
wps_pin_checksum        0x10023623    0x3e  Code  Gb  wps_common.o [9]
wps_pin_code            0x100563b4    0x20  Data  Gb  wifi_wps_config.o [2]
wps_pin_valid           0x10023661    0x22  Code  Gb  wps_common.o [9]
wps_process_authenticator
                        0x1004ef89    0x4e  Code  Gb  wps_attr_process.o [9]
wps_process_cred        0x1004f0db    0x54  Code  Gb  wps_attr_process.o [9]
wps_process_cred_auth_type
                        0x1004f03d    0x12  Code  Lc  wps_attr_process.o [9]
wps_process_cred_e      0x1004e6bb    0x42  Code  Lc  wps_enrollee.o [9]
wps_process_cred_encr_type
                        0x1004f04f    0x12  Code  Lc  wps_attr_process.o [9]
wps_process_cred_mac_addr
                        0x1004f0a1    0x16  Code  Lc  wps_attr_process.o [9]
wps_process_cred_network_key
                        0x1004f073    0x28  Code  Lc  wps_attr_process.o [9]
wps_process_cred_network_key_idx
                        0x1004f067     0xc  Code  Lc  wps_attr_process.o [9]
wps_process_cred_ssid   0x1004f013    0x2a  Code  Lc  wps_attr_process.o [9]
wps_process_creds       0x1004e6fd    0x40  Code  Lc  wps_enrollee.o [9]
wps_process_device_attrs
                        0x1004df7d    0xea  Code  Gb  wps_dev_attr.o [9]
wps_process_enrollee_nonce
                        0x1004e5fd    0x18  Code  Lc  wps_enrollee.o [9]
wps_process_key_wrap_auth
                        0x1004efd7    0x3c  Code  Gb  wps_attr_process.o [9]
wps_process_m2          0x1004e73d    0x90  Code  Lc  wps_enrollee.o [9]
wps_process_m4          0x1004e7cd    0x86  Code  Lc  wps_enrollee.o [9]
wps_process_m8          0x1004e863    0x7a  Code  Lc  wps_enrollee.o [9]
wps_process_msg         0x1004dc49     0x4  Code  Gb  wps.o [9]
wps_process_r_snonce1   0x1004e615    0x38  Code  Lc  wps_enrollee.o [9]
wps_process_r_snonce2   0x1004e64d    0x38  Code  Lc  wps_enrollee.o [9]
wps_process_wsc_msg     0x1004e8fd   0x14e  Code  Lc  wps_enrollee.o [9]
wps_scan_result_handler
                        0x1001b095    0x82  Code  Lc  wifi_wps_config.o [2]
wps_set_attr            0x1004eb6f   0x38e  Code  Lc  wps_attr_parse.o [9]
wps_start               0x1001b123   0x2e2  Code  Gb  wifi_wps_config.o [2]
wps_validate_assoc_state
                        0x1004f1f9    0x18  Code  Lc  wps_validate.o [9]
wps_validate_auth_type  0x1004f329    0x2c  Code  Lc  wps_validate.o [9]
wps_validate_auth_type_flags
                        0x1004f30d    0x1c  Code  Lc  wps_validate.o [9]
wps_validate_authenticator
                        0x1004f3c3     0xa  Code  Lc  wps_validate.o [9]
wps_validate_config_error
                        0x1004f211    0x18  Code  Lc  wps_validate.o [9]
wps_validate_config_methods
                        0x1004f1ad    0x20  Code  Lc  wps_validate.o [9]
wps_validate_conn_type_flags
                        0x1004f3a3    0x16  Code  Lc  wps_validate.o [9]
wps_validate_cred       0x1004f439    0x82  Code  Lc  wps_validate.o [9]
wps_validate_dev_name   0x1004f29b    0x16  Code  Lc  wps_validate.o [9]
wps_validate_dev_password_id
                        0x1004f229    0x1a  Code  Lc  wps_validate.o [9]
wps_validate_encr_settings
                        0x1004f3cd    0x10  Code  Lc  wps_validate.o [9]
wps_validate_encr_type  0x1004f371    0x2c  Code  Lc  wps_validate.o [9]
wps_validate_encr_type_flags
                        0x1004f355    0x1c  Code  Lc  wps_validate.o [9]
wps_validate_enrollee_nonce
                        0x1004f2d7     0xa  Code  Lc  wps_validate.o [9]
wps_validate_key_wrap_auth
                        0x1004f3dd     0xa  Code  Lc  wps_validate.o [9]
wps_validate_m2         0x1004f4f7   0x10e  Code  Gb  wps_validate.o [9]
wps_validate_m2d        0x1004f605    0xda  Code  Gb  wps_validate.o [9]
wps_validate_m4         0x1004f6ed    0x56  Code  Gb  wps_validate.o [9]
wps_validate_m4_encr    0x1004f743    0x28  Code  Gb  wps_validate.o [9]
wps_validate_m6         0x1004f78f    0x4a  Code  Gb  wps_validate.o [9]
wps_validate_m6_encr    0x1004f7ef    0x28  Code  Gb  wps_validate.o [9]
wps_validate_m8         0x1004f817    0x4a  Code  Gb  wps_validate.o [9]
wps_validate_m8_encr    0x1004f861    0x8a  Code  Gb  wps_validate.o [9]
wps_validate_mac_addr   0x1004f2c5    0x12  Code  Lc  wps_validate.o [9]
wps_validate_manufacturer
                        0x1004f243    0x16  Code  Lc  wps_validate.o [9]
wps_validate_model_name
                        0x1004f259    0x16  Code  Lc  wps_validate.o [9]
wps_validate_model_number
                        0x1004f26f    0x16  Code  Lc  wps_validate.o [9]
wps_validate_msg_type   0x1004f2b1    0x14  Code  Lc  wps_validate.o [9]
wps_validate_network_key
                        0x1004f40b    0x2e  Code  Lc  wps_validate.o [9]
wps_validate_network_key_index
                        0x1004f401     0xa  Code  Lc  wps_validate.o [9]
wps_validate_os_version
                        0x1004f3b9     0xa  Code  Lc  wps_validate.o [9]
wps_validate_primary_dev_type
                        0x1004f1d7     0xa  Code  Lc  wps_validate.o [9]
wps_validate_public_key
                        0x1004f2eb    0x10  Code  Lc  wps_validate.o [9]
wps_validate_registrar_nonce
                        0x1004f2e1     0xa  Code  Lc  wps_validate.o [9]
wps_validate_rf_bands   0x1004f1e1    0x18  Code  Lc  wps_validate.o [9]
wps_validate_serial_number
                        0x1004f285    0x16  Code  Lc  wps_validate.o [9]
wps_validate_ssid       0x1004f3e7    0x1a  Code  Lc  wps_validate.o [9]
wps_validate_uuid_r     0x1004f1cd     0xa  Code  Lc  wps_validate.o [9]
wps_validate_version    0x1004f14f    0x12  Code  Lc  wps_validate.o [9]
wps_validate_version2   0x1004f161    0x12  Code  Lc  wps_validate.o [9]
wps_validate_wsc_ack    0x1004f8eb    0x46  Code  Gb  wps_validate.o [9]
wps_validate_wsc_nack   0x1004f931    0x4e  Code  Gb  wps_validate.o [9]
wps_workaround_cred_key
                        0x1004f0b7    0x24  Code  Lc  wps_attr_process.o [9]
wrapper_skbbuf_list     0x1005801c     0x8  Data  Lc  freertos_skbuff.o [8]
write_cam               0x10036785    0x6a  Code  Gb  rtw_wlan_util.o [8]
write_ota_addr_to_system_data
                        0x1000ff61    0x96  Code  Gb  update.o [2]
wsc_eap                 0x1005a140    0x1c  Data  Gb  eap_wsc.o [9]
xActiveTimerList1       0x10056128    0x14  Data  Lc  timers.o [2]
xActiveTimerList2       0x1005613c    0x14  Data  Lc  timers.o [2]
xBlockAllocatedBit      0x10055a94     0x4  Data  Lc  heap_5.o [2]
xDelayedTaskList1       0x100500f0    0x14  Data  Lc  tasks.o [2]
xDelayedTaskList2       0x10050104    0x14  Data  Lc  tasks.o [2]
xFreeBytesRemaining     0x10055a8c     0x4  Data  Lc  heap_5.o [2]
xHeapRegions            0x10055a68    0x18  Data  Gb  heap_5.o [2]
xMaximumPossibleSuppressedTicks
                        0x10055d04     0x4  Data  Lc  port.o [2]
xMinimumEverFreeBytesRemaining
                        0x10055a90     0x4  Data  Lc  heap_5.o [2]
xNextTaskUnblockTime    0x100500e8     0x4  Data  Lc  tasks.o [2]
xNumOfOverflows         0x100500e0     0x4  Data  Lc  tasks.o [2]
xPendingReadyList       0x1005007c    0x14  Data  Lc  tasks.o [2]
xPortGetFreeHeapSize    0x10018257     0x6  Code  Gb  heap_5.o [2]
xPortPendSVHandler      0x1004fbd1          Code  Gb  portasm.o [2]
xPortStartScheduler     0x10017e49    0x26  Code  Gb  port.o [2]
xPortSysTickHandler     0x10017eab    0x1e  Code  Gb  port.o [2]
xQueueCreateCountingSemaphore
                        0x10017a69    0x12  Code  Gb  queue.o [2]
xQueueCreateMutex       0x10017a1f    0x40  Code  Gb  queue.o [2]
xQueueGenericCreate     0x100179e3    0x3c  Code  Gb  queue.o [2]
xQueueGenericReceive    0x10017bab    0xfa  Code  Gb  queue.o [2]
xQueueGenericReset      0x10017983    0x60  Code  Gb  queue.o [2]
xQueueGenericSend       0x10017a7b    0xc4  Code  Gb  queue.o [2]
xQueueGenericSendFromISR
                        0x10017b3f    0x6c  Code  Gb  queue.o [2]
xSchedulerRunning       0x100500d4     0x4  Data  Lc  tasks.o [2]
xStart                  0x10055a80     0x8  Data  Lc  heap_5.o [2]
xSuspendedTaskList      0x100500b4    0x14  Data  Lc  tasks.o [2]
xTaskCheckForTimeOut    0x10015e4f    0x3c  Code  Gb  tasks.o [2]
xTaskGenericCreate      0x10015879   0x118  Code  Gb  tasks.o [2]
xTaskGetSchedulerState  0x10015fb7    0x16  Code  Gb  tasks.o [2]
xTaskGetTickCount       0x10015c01     0xc  Code  Gb  tasks.o [2]
xTaskGetTickCountFromISR
                        0x10015c15    0x14  Code  Gb  tasks.o [2]
xTaskIncrementTick      0x10015c41    0xb0  Code  Gb  tasks.o [2]
xTaskPriorityDisinherit
                        0x1001604d    0x6a  Code  Gb  tasks.o [2]
xTaskRemoveFromEventList
                        0x10015de5    0x38  Code  Gb  tasks.o [2]
xTaskResumeAll          0x10015b75    0x8c  Code  Gb  tasks.o [2]
xTasksWaitingTermination
                        0x10050090    0x14  Data  Lc  tasks.o [2]
xTickCount              0x100500cc     0x4  Data  Lc  tasks.o [2]
xTimerCreate            0x1001fd23    0x3a  Code  Gb  timers.o [2]
xTimerCreateTimerTask   0x1001fcf1    0x32  Code  Gb  timers.o [2]
xTimerGenericCommand    0x1001fd5d    0x46  Code  Gb  timers.o [2]
xTimerIsTimerActive     0x1001ffbf    0x1a  Code  Gb  timers.o [2]
xTimerQueue             0x10056120     0x4  Data  Lc  timers.o [2]
xYieldPending           0x100500dc     0x4  Data  Lc  tasks.o [2]
xmit_delivery_enabled_frames
                        0x1003b877   0x102  Code  Gb  rtw_xmit.o [8]
xmitframe_addmic        0x1003aa83   0x18e  Code  Gb  rtw_xmit.o [8]
xmitframe_enqueue_for_sleeping_sta
                        0x1003b407   0x154  Code  Gb  rtw_xmit.o [8]
xmitframe_swencrypt     0x1003ac17    0x30  Code  Gb  rtw_xmit.o [8]
xnetif                  0x10055c48    0x78  Data  Gb  lwip_netconf.o [2]
z1                      0x10000374     0x4  Data  Lc  rom.o [11]
z2                      0x10000378     0x4  Data  Lc  rom.o [11]
z3                      0x1000037c     0x4  Data  Lc  rom.o [11]
z4                      0x10000380     0x4  Data  Lc  rom.o [11]
zero_bssid              0x1001d900     0x8  Data  Gb  rtw_promisc.o [8]
zeroes                  0x0003ec14    0x10  Data  Lc  rom.o [11]


[1] = D:\工作资料\斐联\sdk-ameba1-v3.4b\project\realtek_ameba1_va0_example\EWARM-RELEASE\..\..\..\component\soc\realtek\8195a\misc\bsp\image
[2] = D:\工作资料\斐联\sdk-ameba1-v3.4b\project\realtek_ameba1_va0_example\EWARM-RELEASE\Debug\Obj
[3] = command line
[4] = dl7M_tln.a
[5] = lib_mdns.a
[6] = lib_platform.a
[7] = lib_rtlstd.a
[8] = lib_wlan.a
[9] = lib_wps.a
[10] = m7M_tl.a
[11] = rom.a
[12] = rt7M_tl.a

  291 596 bytes of readonly  code memory
  276 520 bytes of readwrite code memory
   24 698 bytes of readonly  data memory
  183 238 bytes of readwrite data memory

Errors: none
Warnings: none
