###############################################################################
#
# IAR ELF Linker V7.30.1.7746/W32 for ARM                 24/Feb/2016  19:36:58
# Copyright 2007-2014 IAR Systems AB.
#
#    Output file  =  
#        D:\工作资料\斐联\sdk-ameba1-v3.4b\project\realtek_ameba1_va0_example\EWARM-RELEASE\Debug\Exe\application.axf
#    Map file     =  
#        D:\工作资料\斐联\sdk-ameba1-v3.4b\project\realtek_ameba1_va0_example\EWARM-RELEASE\Debug\List\application.map
#    Command line =  
#        D:\工作资料\斐联\sdk-ameba1-v3.4b\project\realtek_ameba1_va0_example\EWARM-RELEASE\Debug\Obj\ac_api.o
#        D:\工作资料\斐联\sdk-ameba1-v3.4b\project\realtek_ameba1_va0_example\EWARM-RELEASE\Debug\Obj\ac_hal.o
#        D:\工作资料\斐联\sdk-ameba1-v3.4b\project\realtek_ameba1_va0_example\EWARM-RELEASE\Debug\Obj\aes.o
#        D:\工作资料\斐联\sdk-ameba1-v3.4b\project\realtek_ameba1_va0_example\EWARM-RELEASE\Debug\Obj\aes_cbc.o
#        D:\工作资料\斐联\sdk-ameba1-v3.4b\project\realtek_ameba1_va0_example\EWARM-RELEASE\Debug\Obj\aes_core.o
#        D:\工作资料\斐联\sdk-ameba1-v3.4b\project\realtek_ameba1_va0_example\EWARM-RELEASE\Debug\Obj\aesni.o
#        D:\工作资料\斐联\sdk-ameba1-v3.4b\project\realtek_ameba1_va0_example\EWARM-RELEASE\Debug\Obj\analogin_api.o
#        D:\工作资料\斐联\sdk-ameba1-v3.4b\project\realtek_ameba1_va0_example\EWARM-RELEASE\Debug\Obj\api_lib.o
#        D:\工作资料\斐联\sdk-ameba1-v3.4b\project\realtek_ameba1_va0_example\EWARM-RELEASE\Debug\Obj\api_msg.o
#        D:\工作资料\斐联\sdk-ameba1-v3.4b\project\realtek_ameba1_va0_example\EWARM-RELEASE\Debug\Obj\arc4.o
#        D:\工作资料\斐联\sdk-ameba1-v3.4b\project\realtek_ameba1_va0_example\EWARM-RELEASE\Debug\Obj\asn1parse.o
#        D:\工作资料\斐联\sdk-ameba1-v3.4b\project\realtek_ameba1_va0_example\EWARM-RELEASE\Debug\Obj\asn1write.o
#        D:\工作资料\斐联\sdk-ameba1-v3.4b\project\realtek_ameba1_va0_example\EWARM-RELEASE\Debug\Obj\atcmd_google.o
#        D:\工作资料\斐联\sdk-ameba1-v3.4b\project\realtek_ameba1_va0_example\EWARM-RELEASE\Debug\Obj\atcmd_sys.o
#        D:\工作资料\斐联\sdk-ameba1-v3.4b\project\realtek_ameba1_va0_example\EWARM-RELEASE\Debug\Obj\atcmd_wifi.o
#        D:\工作资料\斐联\sdk-ameba1-v3.4b\project\realtek_ameba1_va0_example\EWARM-RELEASE\Debug\Obj\autoip.o
#        D:\工作资料\斐联\sdk-ameba1-v3.4b\project\realtek_ameba1_va0_example\EWARM-RELEASE\Debug\Obj\base64.o
#        D:\工作资料\斐联\sdk-ameba1-v3.4b\project\realtek_ameba1_va0_example\EWARM-RELEASE\Debug\Obj\bignum.o
#        D:\工作资料\斐联\sdk-ameba1-v3.4b\project\realtek_ameba1_va0_example\EWARM-RELEASE\Debug\Obj\blowfish.o
#        D:\工作资料\斐联\sdk-ameba1-v3.4b\project\realtek_ameba1_va0_example\EWARM-RELEASE\Debug\Obj\camellia.o
#        D:\工作资料\斐联\sdk-ameba1-v3.4b\project\realtek_ameba1_va0_example\EWARM-RELEASE\Debug\Obj\ccm.o
#        D:\工作资料\斐联\sdk-ameba1-v3.4b\project\realtek_ameba1_va0_example\EWARM-RELEASE\Debug\Obj\certs.o
#        D:\工作资料\斐联\sdk-ameba1-v3.4b\project\realtek_ameba1_va0_example\EWARM-RELEASE\Debug\Obj\cipher.o
#        D:\工作资料\斐联\sdk-ameba1-v3.4b\project\realtek_ameba1_va0_example\EWARM-RELEASE\Debug\Obj\cipher_wrap.o
#        D:\工作资料\斐联\sdk-ameba1-v3.4b\project\realtek_ameba1_va0_example\EWARM-RELEASE\Debug\Obj\cJSON.o
#        D:\工作资料\斐联\sdk-ameba1-v3.4b\project\realtek_ameba1_va0_example\EWARM-RELEASE\Debug\Obj\cmsis_os.o
#        D:\工作资料\斐联\sdk-ameba1-v3.4b\project\realtek_ameba1_va0_example\EWARM-RELEASE\Debug\Obj\crc.o
#        D:\工作资料\斐联\sdk-ameba1-v3.4b\project\realtek_ameba1_va0_example\EWARM-RELEASE\Debug\Obj\croutine.o
#        D:\工作资料\斐联\sdk-ameba1-v3.4b\project\realtek_ameba1_va0_example\EWARM-RELEASE\Debug\Obj\ctr_drbg.o
#        D:\工作资料\斐联\sdk-ameba1-v3.4b\project\realtek_ameba1_va0_example\EWARM-RELEASE\Debug\Obj\debug.o
#        D:\工作资料\斐联\sdk-ameba1-v3.4b\project\realtek_ameba1_va0_example\EWARM-RELEASE\Debug\Obj\def.o
#        D:\工作资料\斐联\sdk-ameba1-v3.4b\project\realtek_ameba1_va0_example\EWARM-RELEASE\Debug\Obj\des.o
#        D:\工作资料\斐联\sdk-ameba1-v3.4b\project\realtek_ameba1_va0_example\EWARM-RELEASE\Debug\Obj\dhcp.o
#        D:\工作资料\斐联\sdk-ameba1-v3.4b\project\realtek_ameba1_va0_example\EWARM-RELEASE\Debug\Obj\dhcps.o
#        D:\工作资料\斐联\sdk-ameba1-v3.4b\project\realtek_ameba1_va0_example\EWARM-RELEASE\Debug\Obj\dhm.o
#        D:\工作资料\斐联\sdk-ameba1-v3.4b\project\realtek_ameba1_va0_example\EWARM-RELEASE\Debug\Obj\dma_api.o
#        D:\工作资料\斐联\sdk-ameba1-v3.4b\project\realtek_ameba1_va0_example\EWARM-RELEASE\Debug\Obj\dns.o
#        D:\工作资料\斐联\sdk-ameba1-v3.4b\project\realtek_ameba1_va0_example\EWARM-RELEASE\Debug\Obj\ecdh.o
#        D:\工作资料\斐联\sdk-ameba1-v3.4b\project\realtek_ameba1_va0_example\EWARM-RELEASE\Debug\Obj\ecdsa.o
#        D:\工作资料\斐联\sdk-ameba1-v3.4b\project\realtek_ameba1_va0_example\EWARM-RELEASE\Debug\Obj\ecp.o
#        D:\工作资料\斐联\sdk-ameba1-v3.4b\project\realtek_ameba1_va0_example\EWARM-RELEASE\Debug\Obj\ecp_curves.o
#        D:\工作资料\斐联\sdk-ameba1-v3.4b\project\realtek_ameba1_va0_example\EWARM-RELEASE\Debug\Obj\efuse1_api.o
#        D:\工作资料\斐联\sdk-ameba1-v3.4b\project\realtek_ameba1_va0_example\EWARM-RELEASE\Debug\Obj\efuse2_api.o
#        D:\工作资料\斐联\sdk-ameba1-v3.4b\project\realtek_ameba1_va0_example\EWARM-RELEASE\Debug\Obj\efuse3_api.o
#        D:\工作资料\斐联\sdk-ameba1-v3.4b\project\realtek_ameba1_va0_example\EWARM-RELEASE\Debug\Obj\entropy.o
#        D:\工作资料\斐联\sdk-ameba1-v3.4b\project\realtek_ameba1_va0_example\EWARM-RELEASE\Debug\Obj\entropy_poll.o
#        D:\工作资料\斐联\sdk-ameba1-v3.4b\project\realtek_ameba1_va0_example\EWARM-RELEASE\Debug\Obj\err.o
#        D:\工作资料\斐联\sdk-ameba1-v3.4b\project\realtek_ameba1_va0_example\EWARM-RELEASE\Debug\Obj\error.o
#        D:\工作资料\斐联\sdk-ameba1-v3.4b\project\realtek_ameba1_va0_example\EWARM-RELEASE\Debug\Obj\etharp.o
#        D:\工作资料\斐联\sdk-ameba1-v3.4b\project\realtek_ameba1_va0_example\EWARM-RELEASE\Debug\Obj\ethernetif.o
#        D:\工作资料\斐联\sdk-ameba1-v3.4b\project\realtek_ameba1_va0_example\EWARM-RELEASE\Debug\Obj\event_groups.o
#        D:\工作资料\斐联\sdk-ameba1-v3.4b\project\realtek_ameba1_va0_example\EWARM-RELEASE\Debug\Obj\example_entry.o
#        D:\工作资料\斐联\sdk-ameba1-v3.4b\project\realtek_ameba1_va0_example\EWARM-RELEASE\Debug\Obj\example_google.o
#        D:\工作资料\斐联\sdk-ameba1-v3.4b\project\realtek_ameba1_va0_example\EWARM-RELEASE\Debug\Obj\example_mcast.o
#        D:\工作资料\斐联\sdk-ameba1-v3.4b\project\realtek_ameba1_va0_example\EWARM-RELEASE\Debug\Obj\example_mdns.o
#        D:\工作资料\斐联\sdk-ameba1-v3.4b\project\realtek_ameba1_va0_example\EWARM-RELEASE\Debug\Obj\example_socket_select.o
#        D:\工作资料\斐联\sdk-ameba1-v3.4b\project\realtek_ameba1_va0_example\EWARM-RELEASE\Debug\Obj\example_ssl_download.o
#        D:\工作资料\斐联\sdk-ameba1-v3.4b\project\realtek_ameba1_va0_example\EWARM-RELEASE\Debug\Obj\example_wlan_fast_connect.o
#        D:\工作资料\斐联\sdk-ameba1-v3.4b\project\realtek_ameba1_va0_example\EWARM-RELEASE\Debug\Obj\example_xml.o
#        D:\工作资料\斐联\sdk-ameba1-v3.4b\project\realtek_ameba1_va0_example\EWARM-RELEASE\Debug\Obj\flash_api.o
#        D:\工作资料\斐联\sdk-ameba1-v3.4b\project\realtek_ameba1_va0_example\EWARM-RELEASE\Debug\Obj\freertos_pmu.o
#        D:\工作资料\斐联\sdk-ameba1-v3.4b\project\realtek_ameba1_va0_example\EWARM-RELEASE\Debug\Obj\freertos_service.o
#        D:\工作资料\斐联\sdk-ameba1-v3.4b\project\realtek_ameba1_va0_example\EWARM-RELEASE\Debug\Obj\gcm.o
#        D:\工作资料\斐联\sdk-ameba1-v3.4b\project\realtek_ameba1_va0_example\EWARM-RELEASE\Debug\Obj\gpio_api.o
#        D:\工作资料\斐联\sdk-ameba1-v3.4b\project\realtek_ameba1_va0_example\EWARM-RELEASE\Debug\Obj\gpio_irq_api.o
#        D:\工作资料\斐联\sdk-ameba1-v3.4b\project\realtek_ameba1_va0_example\EWARM-RELEASE\Debug\Obj\hal_32k.o
#        D:\工作资料\斐联\sdk-ameba1-v3.4b\project\realtek_ameba1_va0_example\EWARM-RELEASE\Debug\Obj\hal_adc.o
#        D:\工作资料\斐联\sdk-ameba1-v3.4b\project\realtek_ameba1_va0_example\EWARM-RELEASE\Debug\Obj\hal_gdma.o
#        D:\工作资料\斐联\sdk-ameba1-v3.4b\project\realtek_ameba1_va0_example\EWARM-RELEASE\Debug\Obj\hal_gpio.o
#        D:\工作资料\斐联\sdk-ameba1-v3.4b\project\realtek_ameba1_va0_example\EWARM-RELEASE\Debug\Obj\hal_i2c.o
#        D:\工作资料\斐联\sdk-ameba1-v3.4b\project\realtek_ameba1_va0_example\EWARM-RELEASE\Debug\Obj\hal_i2s.o
#        D:\工作资料\斐联\sdk-ameba1-v3.4b\project\realtek_ameba1_va0_example\EWARM-RELEASE\Debug\Obj\hal_mii.o
#        D:\工作资料\斐联\sdk-ameba1-v3.4b\project\realtek_ameba1_va0_example\EWARM-RELEASE\Debug\Obj\hal_nfc.o
#        D:\工作资料\斐联\sdk-ameba1-v3.4b\project\realtek_ameba1_va0_example\EWARM-RELEASE\Debug\Obj\hal_pcm.o
#        D:\工作资料\斐联\sdk-ameba1-v3.4b\project\realtek_ameba1_va0_example\EWARM-RELEASE\Debug\Obj\hal_pwm.o
#        D:\工作资料\斐联\sdk-ameba1-v3.4b\project\realtek_ameba1_va0_example\EWARM-RELEASE\Debug\Obj\hal_sdr_controller.o
#        D:\工作资料\斐联\sdk-ameba1-v3.4b\project\realtek_ameba1_va0_example\EWARM-RELEASE\Debug\Obj\hal_soc_ps_monitor.o
#        D:\工作资料\斐联\sdk-ameba1-v3.4b\project\realtek_ameba1_va0_example\EWARM-RELEASE\Debug\Obj\hal_ssi.o
#        D:\工作资料\斐联\sdk-ameba1-v3.4b\project\realtek_ameba1_va0_example\EWARM-RELEASE\Debug\Obj\hal_timer.o
#        D:\工作资料\斐联\sdk-ameba1-v3.4b\project\realtek_ameba1_va0_example\EWARM-RELEASE\Debug\Obj\hal_uart.o
#        D:\工作资料\斐联\sdk-ameba1-v3.4b\project\realtek_ameba1_va0_example\EWARM-RELEASE\Debug\Obj\havege.o
#        D:\工作资料\斐联\sdk-ameba1-v3.4b\project\realtek_ameba1_va0_example\EWARM-RELEASE\Debug\Obj\heap_5.o
#        D:\工作资料\斐联\sdk-ameba1-v3.4b\project\realtek_ameba1_va0_example\EWARM-RELEASE\Debug\Obj\hmac_drbg.o
#        D:\工作资料\斐联\sdk-ameba1-v3.4b\project\realtek_ameba1_va0_example\EWARM-RELEASE\Debug\Obj\i2c_api.o
#        D:\工作资料\斐联\sdk-ameba1-v3.4b\project\realtek_ameba1_va0_example\EWARM-RELEASE\Debug\Obj\i2s_api.o
#        D:\工作资料\斐联\sdk-ameba1-v3.4b\project\realtek_ameba1_va0_example\EWARM-RELEASE\Debug\Obj\icmp.o
#        D:\工作资料\斐联\sdk-ameba1-v3.4b\project\realtek_ameba1_va0_example\EWARM-RELEASE\Debug\Obj\igmp.o
#        D:\工作资料\斐联\sdk-ameba1-v3.4b\project\realtek_ameba1_va0_example\EWARM-RELEASE\Debug\Obj\inet.o
#        D:\工作资料\斐联\sdk-ameba1-v3.4b\project\realtek_ameba1_va0_example\EWARM-RELEASE\Debug\Obj\inet_chksum.o
#        D:\工作资料\斐联\sdk-ameba1-v3.4b\project\realtek_ameba1_va0_example\EWARM-RELEASE\Debug\Obj\init.o
#        D:\工作资料\斐联\sdk-ameba1-v3.4b\project\realtek_ameba1_va0_example\EWARM-RELEASE\Debug\Obj\ip.o
#        D:\工作资料\斐联\sdk-ameba1-v3.4b\project\realtek_ameba1_va0_example\EWARM-RELEASE\Debug\Obj\ip_addr.o
#        D:\工作资料\斐联\sdk-ameba1-v3.4b\project\realtek_ameba1_va0_example\EWARM-RELEASE\Debug\Obj\ip_frag.o
#        D:\工作资料\斐联\sdk-ameba1-v3.4b\component\soc\realtek\8195a\misc\bsp\lib\common\IAR\lib_mdns.a
#        D:\工作资料\斐联\sdk-ameba1-v3.4b\component\soc\realtek\8195a\misc\bsp\lib\common\IAR\lib_platform.a
#        D:\工作资料\斐联\sdk-ameba1-v3.4b\component\soc\realtek\8195a\misc\bsp\lib\common\IAR\lib_rtlstd.a
#        D:\工作资料\斐联\sdk-ameba1-v3.4b\component\soc\realtek\8195a\misc\bsp\lib\common\IAR\lib_wlan.a
#        D:\工作资料\斐联\sdk-ameba1-v3.4b\component\soc\realtek\8195a\misc\bsp\lib\common\IAR\lib_wps.a
#        D:\工作资料\斐联\sdk-ameba1-v3.4b\project\realtek_ameba1_va0_example\EWARM-RELEASE\Debug\Obj\list.o
#        D:\工作资料\斐联\sdk-ameba1-v3.4b\project\realtek_ameba1_va0_example\EWARM-RELEASE\Debug\Obj\log_service.o
#        D:\工作资料\斐联\sdk-ameba1-v3.4b\project\realtek_ameba1_va0_example\EWARM-RELEASE\Debug\Obj\low_level_io.o
#        D:\工作资料\斐联\sdk-ameba1-v3.4b\project\realtek_ameba1_va0_example\EWARM-RELEASE\Debug\Obj\lwip_intf.o
#        D:\工作资料\斐联\sdk-ameba1-v3.4b\project\realtek_ameba1_va0_example\EWARM-RELEASE\Debug\Obj\lwip_netconf.o
#        D:\工作资料\斐联\sdk-ameba1-v3.4b\project\realtek_ameba1_va0_example\EWARM-RELEASE\Debug\Obj\lwip_timers.o
#        D:\工作资料\斐联\sdk-ameba1-v3.4b\project\realtek_ameba1_va0_example\EWARM-RELEASE\Debug\Obj\mailbox.o
#        D:\工作资料\斐联\sdk-ameba1-v3.4b\project\realtek_ameba1_va0_example\EWARM-RELEASE\Debug\Obj\main.o
#        D:\工作资料\斐联\sdk-ameba1-v3.4b\project\realtek_ameba1_va0_example\EWARM-RELEASE\Debug\Obj\md.o
#        D:\工作资料\斐联\sdk-ameba1-v3.4b\project\realtek_ameba1_va0_example\EWARM-RELEASE\Debug\Obj\md2.o
#        D:\工作资料\斐联\sdk-ameba1-v3.4b\project\realtek_ameba1_va0_example\EWARM-RELEASE\Debug\Obj\md4.o
#        D:\工作资料\斐联\sdk-ameba1-v3.4b\project\realtek_ameba1_va0_example\EWARM-RELEASE\Debug\Obj\md5.o
#        D:\工作资料\斐联\sdk-ameba1-v3.4b\project\realtek_ameba1_va0_example\EWARM-RELEASE\Debug\Obj\md_wrap.o
#        D:\工作资料\斐联\sdk-ameba1-v3.4b\project\realtek_ameba1_va0_example\EWARM-RELEASE\Debug\Obj\mDNSPlatform.o
#        D:\工作资料\斐联\sdk-ameba1-v3.4b\project\realtek_ameba1_va0_example\EWARM-RELEASE\Debug\Obj\mem.o
#        D:\工作资料\斐联\sdk-ameba1-v3.4b\project\realtek_ameba1_va0_example\EWARM-RELEASE\Debug\Obj\memory_buffer_alloc.o
#        D:\工作资料\斐联\sdk-ameba1-v3.4b\project\realtek_ameba1_va0_example\EWARM-RELEASE\Debug\Obj\memp.o
#        D:\工作资料\斐联\sdk-ameba1-v3.4b\project\realtek_ameba1_va0_example\EWARM-RELEASE\Debug\Obj\net.o
#        D:\工作资料\斐联\sdk-ameba1-v3.4b\project\realtek_ameba1_va0_example\EWARM-RELEASE\Debug\Obj\netbuf.o
#        D:\工作资料\斐联\sdk-ameba1-v3.4b\project\realtek_ameba1_va0_example\EWARM-RELEASE\Debug\Obj\netdb.o
#        D:\工作资料\斐联\sdk-ameba1-v3.4b\project\realtek_ameba1_va0_example\EWARM-RELEASE\Debug\Obj\netif.o
#        D:\工作资料\斐联\sdk-ameba1-v3.4b\project\realtek_ameba1_va0_example\EWARM-RELEASE\Debug\Obj\netifapi.o
#        D:\工作资料\斐联\sdk-ameba1-v3.4b\project\realtek_ameba1_va0_example\EWARM-RELEASE\Debug\Obj\nfc_api.o
#        D:\工作资料\斐联\sdk-ameba1-v3.4b\project\realtek_ameba1_va0_example\EWARM-RELEASE\Debug\Obj\oid.o
#        D:\工作资料\斐联\sdk-ameba1-v3.4b\project\realtek_ameba1_va0_example\EWARM-RELEASE\Debug\Obj\osdep_api.o
#        D:\工作资料\斐联\sdk-ameba1-v3.4b\project\realtek_ameba1_va0_example\EWARM-RELEASE\Debug\Obj\osdep_service.o
#        D:\工作资料\斐联\sdk-ameba1-v3.4b\project\realtek_ameba1_va0_example\EWARM-RELEASE\Debug\Obj\padlock.o
#        D:\工作资料\斐联\sdk-ameba1-v3.4b\project\realtek_ameba1_va0_example\EWARM-RELEASE\Debug\Obj\pbkdf2.o
#        D:\工作资料\斐联\sdk-ameba1-v3.4b\project\realtek_ameba1_va0_example\EWARM-RELEASE\Debug\Obj\pbuf.o
#        D:\工作资料\斐联\sdk-ameba1-v3.4b\project\realtek_ameba1_va0_example\EWARM-RELEASE\Debug\Obj\pem.o
#        D:\工作资料\斐联\sdk-ameba1-v3.4b\project\realtek_ameba1_va0_example\EWARM-RELEASE\Debug\Obj\ping_test.o
#        D:\工作资料\斐联\sdk-ameba1-v3.4b\project\realtek_ameba1_va0_example\EWARM-RELEASE\Debug\Obj\pinmap.o
#        D:\工作资料\斐联\sdk-ameba1-v3.4b\project\realtek_ameba1_va0_example\EWARM-RELEASE\Debug\Obj\pinmap_common.o
#        D:\工作资料\斐联\sdk-ameba1-v3.4b\project\realtek_ameba1_va0_example\EWARM-RELEASE\Debug\Obj\pk.o
#        D:\工作资料\斐联\sdk-ameba1-v3.4b\project\realtek_ameba1_va0_example\EWARM-RELEASE\Debug\Obj\pk_wrap.o
#        D:\工作资料\斐联\sdk-ameba1-v3.4b\project\realtek_ameba1_va0_example\EWARM-RELEASE\Debug\Obj\pkcs11.o
#        D:\工作资料\斐联\sdk-ameba1-v3.4b\project\realtek_ameba1_va0_example\EWARM-RELEASE\Debug\Obj\pkcs12.o
#        D:\工作资料\斐联\sdk-ameba1-v3.4b\project\realtek_ameba1_va0_example\EWARM-RELEASE\Debug\Obj\pkcs5.o
#        D:\工作资料\斐联\sdk-ameba1-v3.4b\project\realtek_ameba1_va0_example\EWARM-RELEASE\Debug\Obj\pkparse.o
#        D:\工作资料\斐联\sdk-ameba1-v3.4b\project\realtek_ameba1_va0_example\EWARM-RELEASE\Debug\Obj\pkwrite.o
#        D:\工作资料\斐联\sdk-ameba1-v3.4b\project\realtek_ameba1_va0_example\EWARM-RELEASE\Debug\Obj\platform.o
#        D:\工作资料\斐联\sdk-ameba1-v3.4b\project\realtek_ameba1_va0_example\EWARM-RELEASE\Debug\Obj\port.o
#        D:\工作资料\斐联\sdk-ameba1-v3.4b\project\realtek_ameba1_va0_example\EWARM-RELEASE\Debug\Obj\port_api.o
#        D:\工作资料\斐联\sdk-ameba1-v3.4b\project\realtek_ameba1_va0_example\EWARM-RELEASE\Debug\Obj\portasm.o
#        D:\工作资料\斐联\sdk-ameba1-v3.4b\project\realtek_ameba1_va0_example\EWARM-RELEASE\Debug\Obj\pwmout_api.o
#        D:\工作资料\斐联\sdk-ameba1-v3.4b\project\realtek_ameba1_va0_example\EWARM-RELEASE\Debug\Obj\queue.o
#        D:\工作资料\斐联\sdk-ameba1-v3.4b\project\realtek_ameba1_va0_example\EWARM-RELEASE\Debug\Obj\raw.o
#        D:\工作资料\斐联\sdk-ameba1-v3.4b\project\realtek_ameba1_va0_example\EWARM-RELEASE\Debug\Obj\ripemd160.o
#        D:\工作资料\斐联\sdk-ameba1-v3.4b\component\soc\realtek\8195a\misc\bsp\lib\va0\rom.a
#        D:\工作资料\斐联\sdk-ameba1-v3.4b\project\realtek_ameba1_va0_example\EWARM-RELEASE\Debug\Obj\rom_ssl_ram_map.o
#        D:\工作资料\斐联\sdk-ameba1-v3.4b\project\realtek_ameba1_va0_example\EWARM-RELEASE\Debug\Obj\rsa.o
#        D:\工作资料\斐联\sdk-ameba1-v3.4b\project\realtek_ameba1_va0_example\EWARM-RELEASE\Debug\Obj\rtc_api.o
#        D:\工作资料\斐联\sdk-ameba1-v3.4b\project\realtek_ameba1_va0_example\EWARM-RELEASE\Debug\Obj\rtl8195a_adc.o
#        D:\工作资料\斐联\sdk-ameba1-v3.4b\project\realtek_ameba1_va0_example\EWARM-RELEASE\Debug\Obj\rtl8195a_gdma.o
#        D:\工作资料\斐联\sdk-ameba1-v3.4b\project\realtek_ameba1_va0_example\EWARM-RELEASE\Debug\Obj\rtl8195a_gpio.o
#        D:\工作资料\斐联\sdk-ameba1-v3.4b\project\realtek_ameba1_va0_example\EWARM-RELEASE\Debug\Obj\rtl8195a_i2c.o
#        D:\工作资料\斐联\sdk-ameba1-v3.4b\project\realtek_ameba1_va0_example\EWARM-RELEASE\Debug\Obj\rtl8195a_i2s.o
#        D:\工作资料\斐联\sdk-ameba1-v3.4b\project\realtek_ameba1_va0_example\EWARM-RELEASE\Debug\Obj\rtl8195a_it.o
#        D:\工作资料\斐联\sdk-ameba1-v3.4b\project\realtek_ameba1_va0_example\EWARM-RELEASE\Debug\Obj\rtl8195a_nfc.o
#        D:\工作资料\斐联\sdk-ameba1-v3.4b\project\realtek_ameba1_va0_example\EWARM-RELEASE\Debug\Obj\rtl8195a_pwm.o
#        D:\工作资料\斐联\sdk-ameba1-v3.4b\project\realtek_ameba1_va0_example\EWARM-RELEASE\Debug\Obj\rtl8195a_ssi.o
#        D:\工作资料\斐联\sdk-ameba1-v3.4b\project\realtek_ameba1_va0_example\EWARM-RELEASE\Debug\Obj\rtl8195a_timer.o
#        D:\工作资料\斐联\sdk-ameba1-v3.4b\project\realtek_ameba1_va0_example\EWARM-RELEASE\Debug\Obj\rtl8195a_uart.o
#        D:\工作资料\斐联\sdk-ameba1-v3.4b\project\realtek_ameba1_va0_example\EWARM-RELEASE\Debug\Obj\rtl_consol.o
#        D:\工作资料\斐联\sdk-ameba1-v3.4b\project\realtek_ameba1_va0_example\EWARM-RELEASE\Debug\Obj\serial_api.o
#        D:\工作资料\斐联\sdk-ameba1-v3.4b\project\realtek_ameba1_va0_example\EWARM-RELEASE\Debug\Obj\sha1.o
#        D:\工作资料\斐联\sdk-ameba1-v3.4b\project\realtek_ameba1_va0_example\EWARM-RELEASE\Debug\Obj\sha256.o
#        D:\工作资料\斐联\sdk-ameba1-v3.4b\project\realtek_ameba1_va0_example\EWARM-RELEASE\Debug\Obj\sha512.o
#        D:\工作资料\斐联\sdk-ameba1-v3.4b\project\realtek_ameba1_va0_example\EWARM-RELEASE\Debug\Obj\sleep.o
#        D:\工作资料\斐联\sdk-ameba1-v3.4b\project\realtek_ameba1_va0_example\EWARM-RELEASE\Debug\Obj\sockets.o
#        D:\工作资料\斐联\sdk-ameba1-v3.4b\project\realtek_ameba1_va0_example\EWARM-RELEASE\Debug\Obj\spi_api.o
#        D:\工作资料\斐联\sdk-ameba1-v3.4b\project\realtek_ameba1_va0_example\EWARM-RELEASE\Debug\Obj\ssl_cache.o
#        D:\工作资料\斐联\sdk-ameba1-v3.4b\project\realtek_ameba1_va0_example\EWARM-RELEASE\Debug\Obj\ssl_ciphersuites.o
#        D:\工作资料\斐联\sdk-ameba1-v3.4b\project\realtek_ameba1_va0_example\EWARM-RELEASE\Debug\Obj\ssl_cli.o
#        D:\工作资料\斐联\sdk-ameba1-v3.4b\project\realtek_ameba1_va0_example\EWARM-RELEASE\Debug\Obj\ssl_client.o
#        D:\工作资料\斐联\sdk-ameba1-v3.4b\project\realtek_ameba1_va0_example\EWARM-RELEASE\Debug\Obj\ssl_ram_map.o
#        D:\工作资料\斐联\sdk-ameba1-v3.4b\project\realtek_ameba1_va0_example\EWARM-RELEASE\Debug\Obj\ssl_srv.o
#        D:\工作资料\斐联\sdk-ameba1-v3.4b\project\realtek_ameba1_va0_example\EWARM-RELEASE\Debug\Obj\ssl_tls.o
#        D:\工作资料\斐联\sdk-ameba1-v3.4b\project\realtek_ameba1_va0_example\EWARM-RELEASE\Debug\Obj\stats.o
#        D:\工作资料\斐联\sdk-ameba1-v3.4b\project\realtek_ameba1_va0_example\EWARM-RELEASE\Debug\Obj\sys.o
#        D:\工作资料\斐联\sdk-ameba1-v3.4b\project\realtek_ameba1_va0_example\EWARM-RELEASE\Debug\Obj\sys_api.o
#        D:\工作资料\斐联\sdk-ameba1-v3.4b\project\realtek_ameba1_va0_example\EWARM-RELEASE\Debug\Obj\sys_arch.o
#        D:\工作资料\斐联\sdk-ameba1-v3.4b\project\realtek_ameba1_va0_example\EWARM-RELEASE\Debug\Obj\system_8195a.o
#        D:\工作资料\斐联\sdk-ameba1-v3.4b\project\realtek_ameba1_va0_example\EWARM-RELEASE\Debug\Obj\tasks.o
#        D:\工作资料\斐联\sdk-ameba1-v3.4b\project\realtek_ameba1_va0_example\EWARM-RELEASE\Debug\Obj\tcm_heap.o
#        D:\工作资料\斐联\sdk-ameba1-v3.4b\project\realtek_ameba1_va0_example\EWARM-RELEASE\Debug\Obj\tcp.o
#        D:\工作资料\斐联\sdk-ameba1-v3.4b\project\realtek_ameba1_va0_example\EWARM-RELEASE\Debug\Obj\tcp_in.o
#        D:\工作资料\斐联\sdk-ameba1-v3.4b\project\realtek_ameba1_va0_example\EWARM-RELEASE\Debug\Obj\tcp_out.o
#        D:\工作资料\斐联\sdk-ameba1-v3.4b\project\realtek_ameba1_va0_example\EWARM-RELEASE\Debug\Obj\tcpip.o
#        D:\工作资料\斐联\sdk-ameba1-v3.4b\project\realtek_ameba1_va0_example\EWARM-RELEASE\Debug\Obj\tcptest.o
#        D:\工作资料\斐联\sdk-ameba1-v3.4b\project\realtek_ameba1_va0_example\EWARM-RELEASE\Debug\Obj\threading.o
#        D:\工作资料\斐联\sdk-ameba1-v3.4b\project\realtek_ameba1_va0_example\EWARM-RELEASE\Debug\Obj\timer_api.o
#        D:\工作资料\斐联\sdk-ameba1-v3.4b\project\realtek_ameba1_va0_example\EWARM-RELEASE\Debug\Obj\timers.o
#        D:\工作资料\斐联\sdk-ameba1-v3.4b\project\realtek_ameba1_va0_example\EWARM-RELEASE\Debug\Obj\timing.o
#        D:\工作资料\斐联\sdk-ameba1-v3.4b\project\realtek_ameba1_va0_example\EWARM-RELEASE\Debug\Obj\uart_adapter.o
#        D:\工作资料\斐联\sdk-ameba1-v3.4b\project\realtek_ameba1_va0_example\EWARM-RELEASE\Debug\Obj\uart_socket.o
#        D:\工作资料\斐联\sdk-ameba1-v3.4b\project\realtek_ameba1_va0_example\EWARM-RELEASE\Debug\Obj\udp.o
#        D:\工作资料\斐联\sdk-ameba1-v3.4b\project\realtek_ameba1_va0_example\EWARM-RELEASE\Debug\Obj\update.o
#        D:\工作资料\斐联\sdk-ameba1-v3.4b\project\realtek_ameba1_va0_example\EWARM-RELEASE\Debug\Obj\us_ticker.o
#        D:\工作资料\斐联\sdk-ameba1-v3.4b\project\realtek_ameba1_va0_example\EWARM-RELEASE\Debug\Obj\us_ticker_api.o
#        D:\工作资料\斐联\sdk-ameba1-v3.4b\project\realtek_ameba1_va0_example\EWARM-RELEASE\Debug\Obj\version.o
#        D:\工作资料\斐联\sdk-ameba1-v3.4b\project\realtek_ameba1_va0_example\EWARM-RELEASE\Debug\Obj\version_features.o
#        D:\工作资料\斐联\sdk-ameba1-v3.4b\project\realtek_ameba1_va0_example\EWARM-RELEASE\Debug\Obj\wait_api.o
#        D:\工作资料\斐联\sdk-ameba1-v3.4b\project\realtek_ameba1_va0_example\EWARM-RELEASE\Debug\Obj\wdt_api.o
#        D:\工作资料\斐联\sdk-ameba1-v3.4b\project\realtek_ameba1_va0_example\EWARM-RELEASE\Debug\Obj\webserver.o
#        D:\工作资料\斐联\sdk-ameba1-v3.4b\project\realtek_ameba1_va0_example\EWARM-RELEASE\Debug\Obj\wifi_conf.o
#        D:\工作资料\斐联\sdk-ameba1-v3.4b\project\realtek_ameba1_va0_example\EWARM-RELEASE\Debug\Obj\wifi_ind.o
#        D:\工作资料\斐联\sdk-ameba1-v3.4b\project\realtek_ameba1_va0_example\EWARM-RELEASE\Debug\Obj\wifi_interactive_mode.o
#        D:\工作资料\斐联\sdk-ameba1-v3.4b\project\realtek_ameba1_va0_example\EWARM-RELEASE\Debug\Obj\wifi_promisc.o
#        D:\工作资料\斐联\sdk-ameba1-v3.4b\project\realtek_ameba1_va0_example\EWARM-RELEASE\Debug\Obj\wifi_simple_config.o
#        D:\工作资料\斐联\sdk-ameba1-v3.4b\project\realtek_ameba1_va0_example\EWARM-RELEASE\Debug\Obj\wifi_util.o
#        D:\工作资料\斐联\sdk-ameba1-v3.4b\project\realtek_ameba1_va0_example\EWARM-RELEASE\Debug\Obj\wifi_wps_config.o
#        D:\工作资料\斐联\sdk-ameba1-v3.4b\project\realtek_ameba1_va0_example\EWARM-RELEASE\Debug\Obj\wlan_network.o
#        D:\工作资料\斐联\sdk-ameba1-v3.4b\project\realtek_ameba1_va0_example\EWARM-RELEASE\Debug\Obj\x509.o
#        D:\工作资料\斐联\sdk-ameba1-v3.4b\project\realtek_ameba1_va0_example\EWARM-RELEASE\Debug\Obj\x509_create.o
#        D:\工作资料\斐联\sdk-ameba1-v3.4b\project\realtek_ameba1_va0_example\EWARM-RELEASE\Debug\Obj\x509_crl.o
#        D:\工作资料\斐联\sdk-ameba1-v3.4b\project\realtek_ameba1_va0_example\EWARM-RELEASE\Debug\Obj\x509_crt.o
#        D:\工作资料\斐联\sdk-ameba1-v3.4b\project\realtek_ameba1_va0_example\EWARM-RELEASE\Debug\Obj\x509_csr.o
#        D:\工作资料\斐联\sdk-ameba1-v3.4b\project\realtek_ameba1_va0_example\EWARM-RELEASE\Debug\Obj\x509write_crt.o
#        D:\工作资料\斐联\sdk-ameba1-v3.4b\project\realtek_ameba1_va0_example\EWARM-RELEASE\Debug\Obj\x509write_csr.o
#        D:\工作资料\斐联\sdk-ameba1-v3.4b\project\realtek_ameba1_va0_example\EWARM-RELEASE\Debug\Obj\xml.o
#        D:\工作资料\斐联\sdk-ameba1-v3.4b\project\realtek_ameba1_va0_example\EWARM-RELEASE\Debug\Obj\xtea.o
#        D:\工作资料\斐联\sdk-ameba1-v3.4b\project\realtek_ameba1_va0_example\EWARM-RELEASE\Debug\Obj\zc_bc.o
#        D:\工作资料\斐联\sdk-ameba1-v3.4b\project\realtek_ameba1_va0_example\EWARM-RELEASE\Debug\Obj\zc_client_manager.o
#        D:\工作资料\斐联\sdk-ameba1-v3.4b\project\realtek_ameba1_va0_example\EWARM-RELEASE\Debug\Obj\zc_cloud_event.o
#        D:\工作资料\斐联\sdk-ameba1-v3.4b\project\realtek_ameba1_va0_example\EWARM-RELEASE\Debug\Obj\zc_common.o
#        D:\工作资料\斐联\sdk-ameba1-v3.4b\project\realtek_ameba1_va0_example\EWARM-RELEASE\Debug\Obj\zc_configuration.o
#        D:\工作资料\斐联\sdk-ameba1-v3.4b\project\realtek_ameba1_va0_example\EWARM-RELEASE\Debug\Obj\zc_hf_adpter.o
#        D:\工作资料\斐联\sdk-ameba1-v3.4b\project\realtek_ameba1_va0_example\EWARM-RELEASE\Debug\Obj\zc_message_queue.o
#        D:\工作资料\斐联\sdk-ameba1-v3.4b\project\realtek_ameba1_va0_example\EWARM-RELEASE\Debug\Obj\zc_moudle_manager.o
#        D:\工作资料\斐联\sdk-ameba1-v3.4b\project\realtek_ameba1_va0_example\EWARM-RELEASE\Debug\Obj\zc_protocol_controller.o
#        D:\工作资料\斐联\sdk-ameba1-v3.4b\project\realtek_ameba1_va0_example\EWARM-RELEASE\Debug\Obj\zc_sec_engine.o
#        D:\工作资料\斐联\sdk-ameba1-v3.4b\project\realtek_ameba1_va0_example\EWARM-RELEASE\Debug\Obj\zc_timer.o
#        -o
#        D:\工作资料\斐联\sdk-ameba1-v3.4b\project\realtek_ameba1_va0_example\EWARM-RELEASE\Debug\Exe\application.axf
#        --redirect _Printf=_PrintfTiny --redirect _Scanf=_ScanfSmallNoMb
#        --keep bootloader --keep gImage2EntryFun0 --keep RAM_IMG2_VALID_PATTEN
#        --image_input=D:\工作资料\斐联\sdk-ameba1-v3.4b\project\realtek_ameba1_va0_example\EWARM-RELEASE\..\..\..\component\soc\realtek\8195a\misc\bsp\image\ram_1.r.bin,bootloader,LOADER,4
#        --map
#        D:\工作资料\斐联\sdk-ameba1-v3.4b\project\realtek_ameba1_va0_example\EWARM-RELEASE\Debug\List\application.map
#        --log veneers --log_file
#        D:\工作资料\斐联\sdk-ameba1-v3.4b\project\realtek_ameba1_va0_example\EWARM-RELEASE\Debug\List\application.log
#        --config
#        D:\工作资料\斐联\sdk-ameba1-v3.4b\project\realtek_ameba1_va0_example\EWARM-RELEASE\image2.icf
#        --diag_suppress Lt009,Lp005,Lp006 --entry Reset_Handler
#        --no_exceptions --no_vfe
#
###############################################################################

*******************************************************************************
*** RUNTIME MODEL ATTRIBUTES
***

CppFlavor       = *
__Heap_Handler  = DLMalloc
__SystemLibrary = DLib


*******************************************************************************
*** PLACEMENT SUMMARY
***

"A1":  place at start of [0x00000000-0x000fffff] { ro, section .rom };
"A2":  place at start of [0x10000000-0x10005fff] {
          rw, block .vector_table, block .user_vector_table,
          block .user_data_table, block .rom.bss, block IMAGE1 };
"A3":  place at start of [0x10006000-0x1006ffff] {
          rw, block IMAGE2, block .ram.bss };
"A4":  place at end of [0x10006000-0x1006ffff] { rw, block .bf_data };
"A6":  place at start of [0x1fff0000-0x1fffffff] { rw, overlay TCM_overlay };

  Section                 Kind        Address     Size  Object
  -------                 ----        -------     ----  ------
"A1":                                          0x43828
  .rom                    ro code  0x00000000  0x43828  rom.o [11]
                                 - 0x00043828  0x43828

"A2":                                           0x4294
  .vector_table                    0x10000000    0x100  <Block>
    .ram_dedecated_vector_table
                          const    0x10000000    0x100  rom.o [11]
  .user_vector_table               0x10000100    0x100  <Block>
    .ram_user_define_irq_table
                          const    0x10000100    0x100  rom.o [11]
  .user_data_table                 0x10000200    0x100  <Block>
    .ram_user_define_data_table
                          const    0x10000200    0x100  rom.o [11]
  .rom.bss                         0x10000300    0x8c8  <Block>
    .hal.ram.bss          const    0x10000300     0x58  rom.o [11]
    .timer2_7_vector_table.data
                          const    0x10000358     0x18  rom.o [11]
    .infra.ram.bss        const    0x10000370     0x14  rom.o [11]
    .mon.ram.bss          zero     0x10000384    0x324  rtl_consol.o [2]
    .mon.ram.bss          zero     0x100006a8      0x4  rtl_consol.o [2]
    .mon.ram.bss          zero     0x100006ac     0x28  rtl_consol.o [2]
    .wlan_ram_map         const    0x100006d4      0x8  rom_wlan_ram_map.o [11]
    .wlan_ram_map         const    0x100006e0     0x80  rom.o [11]
    .libc.ram.bss         const    0x10000760    0x468  rom.o [11]
  IMAGE1                           0x10000bc8   0x36cc  <Block>
    LOADER                const    0x10000bc8   0x36cc  ram_1.r.bin [1]
                                 - 0x10004294   0x4294

"A3":                                          0x577d0
  IMAGE2                           0x10006000  0x4cca8  <Block>
    .image2.start.table1           0x10006000      0x4  <Block>
      .image2.ram.data    const    0x10006000      0x4  startup.o [6]
    .image2.start.table2           0x10006004     0x34  <Block>
      .image2.validate.rodata
                          const    0x10006004     0x14  startup.o [6]
      .custom.validate.rodata
                          const    0x10006018     0x20  update.o [2]
    .ram_image2.text               0x10006038  0x49ca0  <Block>
      Veneer              ro code  0x10006038      0x8  - Linker created -
      Veneer              ro code  0x10006040      0x8  - Linker created -
      Veneer              ro code  0x10006048      0x8  - Linker created -
      .infra.ram.start    ro code  0x10006050    0x12c  startup.o [6]
      .rodata             const    0x1000617c   0x1000  aes_core.o [2]
      .rodata             const    0x1000717c     0x60  atcmd_sys.o [2]
      .rodata             const    0x100071dc    0x1a8  atcmd_wifi.o [2]
      .rodata             const    0x10007384    0x124  freertos_service.o [2]
      .rodata             const    0x100074a8      0x8  ip_addr.o [2]
      .rodata             const    0x100074b0     0x10  log_service.o [2]
      .rodata             const    0x100074c0     0xa4  rtw_mlme_ext.o [8]
      .rodata             const    0x10007564     0x10  lxbus_hci_intf.o [8]
      .rodata             const    0x10007574   0x116c  rom_rtw_message.o [8]
      .rodata             const    0x100086e0      0x8  rtw_wlan_util.o [8]
      .rodata             const    0x100086e8     0xc4  dh_groups.o [9]
      .rodata             const    0x100087ac    0x270  phydm_PowerTracking.o [8]
      .rodata             const    0x10008a1c     0x80  HalHWImg8195A_RF.o [8]
      .rodata             const    0x10008a9c      0x0  zero_init3.o [12]
      CPP_INIT                     0x10008a9c      0x0  <Block>
        SHT$$PREINIT_ARRAY
                                   0x10008a9c      0x0  <Block>
        SHT$$INIT_ARRAY            0x10008a9c      0x0  <Block>
      Veneer              ro code  0x10008a9c      0x8  - Linker created -
      Veneer              ro code  0x10008aa4      0x8  - Linker created -
      Veneer              ro code  0x10008aac      0x8  - Linker created -
      Veneer              ro code  0x10008ab4      0x8  - Linker created -
      Veneer              ro code  0x10008abc      0x8  - Linker created -
      Veneer              ro code  0x10008ac4      0x8  - Linker created -
      .mon.ram.text       ro code  0x10008acc    0x1b4  rtl_consol.o [2]
      Veneer              ro code  0x10008c80      0x8  - Linker created -
      Veneer              ro code  0x10008c88      0x8  - Linker created -
      Veneer              ro code  0x10008c90      0x8  - Linker created -
      .hal.flash.text     ro code  0x10008c98    0xe78  hal_spi_flash_ram.o [6]
      Veneer              ro code  0x10009b10      0x8  - Linker created -
      Veneer              ro code  0x10009b18      0x8  - Linker created -
      .hal.gpio.text      ro code  0x10009b20     0x74  hal_gpio.o [2]
      .text               ro code  0x10009b94     0x48  main.o [2]
      .text               ro code  0x10009bdc    0x24a  ac_api.o [2]
      .text               ro code  0x10009e26      0x6  rtl8195a_recv.o [8]
      .text               ro code  0x10009e2c     0x76  ABImemcpy_unaligned.o [12]
      .text               ro code  0x10009ea2     0x1e  xsscin.o [4]
      .text               ro code  0x10009ec0     0x46  crc.o [2]
      .text               ro code  0x10009f06     0x1a  xsnprout.o [4]
      .text               ro code  0x10009f20    0x29c  zc_moudle_manager.o [2]
      .text               ro code  0x1000a1bc    0x184  ac_hal.o [2]
      .text               ro code  0x1000a340    0x1b0  zc_cloud_event.o [2]
      .text               ro code  0x1000a4f0     0x78  ABImemmove_unaligned.o [12]
      .text               ro code  0x1000a568    0x318  zc_configuration.o [2]
      .text               ro code  0x1000a880    0x1b2  aes_cbc.o [2]
      .text               ro code  0x1000aa32     0x22  zero_init3.o [12]
      .text               ro code  0x1000aa54    0xdd0  zc_protocol_controller.o [2]
      .text               ro code  0x1000b824    0x11c  zc_timer.o [2]
      .text               ro code  0x1000b940    0x1d0  zc_common.o [2]
      .text               ro code  0x1000bb10     0x3a  ABImemset48.o [12]
      .text               ro code  0x1000bb4a     0x22  sys.o [2]
      .text               ro code  0x1000bb6c   0x2286  aes_core.o [2]
      .text               ro code  0x1000ddf4    0x258  zc_message_queue.o [2]
      .text               ro code  0x1000e04c    0x2ca  zc_client_manager.o [2]
      .text               ro code  0x1000e318     0x62  memcmp_unaligned.o [12]
      .text               ro code  0x1000e37c     0xe0  rand.o [4]
      .text               ro code  0x1000e45c    0xfcc  zc_hf_adpter.o [2]
      .text               ro code  0x1000f428    0x478  zc_sec_engine.o [2]
      .text               ro code  0x1000f8a0    0x1ea  sys_arch.o [2]
      .text               ro code  0x1000fa8a      0x2  xtls.o [4]
      .text               ro code  0x1000fa8c    0x2e0  flash_api.o [2]
      Veneer              ro code  0x1000fd6c      0x8  - Linker created -
      Veneer              ro code  0x1000fd74      0x8  - Linker created -
      Veneer              ro code  0x1000fd7c      0x8  - Linker created -
      Veneer              ro code  0x1000fd84      0x8  - Linker created -
      Veneer              ro code  0x1000fd8c      0x8  - Linker created -
      Veneer              ro code  0x1000fd94      0x8  - Linker created -
      Veneer              ro code  0x1000fd9c      0x8  - Linker created -
      Veneer              ro code  0x1000fda4      0x8  - Linker created -
      Veneer              ro code  0x1000fdac      0x8  - Linker created -
      Veneer              ro code  0x1000fdb4      0x8  - Linker created -
      Veneer              ro code  0x1000fdbc      0x8  - Linker created -
      Veneer              ro code  0x1000fdc4      0x8  - Linker created -
      Veneer              ro code  0x1000fdcc      0x8  - Linker created -
      .text               ro code  0x1000fdd4    0x13c  ram_libc.o [7]
      Veneer              ro code  0x1000ff10      0x8  - Linker created -
      .text               ro code  0x1000ff18    0xaac  update.o [2]
      .text               ro code  0x100109c4   0x1758  atcmd_wifi.o [2]
      .text               ro code  0x1001211c    0xd78  sockets.o [2]
      .text               ro code  0x10012e94    0x118  zc_bc.o [2]
      .text               ro code  0x10012fac      0x6  ABImemclr4.o [12]
      .text               ro code  0x10012fb4   0x15dc  wifi_conf.o [2]
      .text               ro code  0x10014590     0x24  sscanf.o [4]
      Veneer              ro code  0x100145b4      0x8  - Linker created -
      Veneer              ro code  0x100145bc      0x8  - Linker created -
      Veneer              ro code  0x100145c4      0x8  - Linker created -
      .text               ro code  0x100145cc    0x3b8  sys_api.o [2]
      .text               ro code  0x10014984     0x26  def.o [2]
      .text               ro code  0x100149ac    0x498  api_lib.o [2]
      .text               ro code  0x10014e44     0x3c  vsnprint.o [4]
      .text               ro code  0x10014e80    0x1da  ip_addr.o [2]
      .text               ro code  0x1001505c     0xe0  timer_api.o [2]
      .text               ro code  0x1001513c    0x720  uart_socket.o [2]
      .text               ro code  0x1001585c    0x874  tasks.o [2]
      .text               ro code  0x100160d0    0x310  rsa.o [2]
      .text               ro code  0x100163e0   0x1586  bignum.o [2]
      .text               ro code  0x10017966    0x4a2  queue.o [2]
      .text               ro code  0x10017e08    0x208  port.o [2]
      Veneer              ro code  0x10018010      0x8  - Linker created -
      .text               ro code  0x10018018    0x104  ram_libgloss_retarget.o [7]
      .text               ro code  0x1001811c     0x18  cmsis_os.o [2]
      .text               ro code  0x10018134    0x1c0  heap_5.o [2]
      .text               ro code  0x100182f4    0x142  netif.o [2]
      .text               ro code  0x10018438    0xc90  wifi_util.o [2]
      .text               ro code  0x100190c8    0x65a  dhcps.o [2]
      .text               ro code  0x10019724    0x354  lwip_netconf.o [2]
      .text               ro code  0x10019a78    0x3e0  log_service.o [2]
      .text               ro code  0x10019e58    0x22c  ping_test.o [2]
      .text               ro code  0x1001a084    0x480  wifi_promisc.o [2]
      .text               ro code  0x1001a504    0xb50  wifi_simple_config.o [2]
      .text               ro code  0x1001b054    0x8c0  wifi_wps_config.o [2]
      .text               ro code  0x1001b914    0xc84  rtk_wlan_if.o [8]
      .text               ro code  0x1001c598    0x45e  pbuf.o [2]
      .text               ro code  0x1001c9f6     0x74  netbuf.o [2]
      .text               ro code  0x1001ca6c    0x1f8  tcpip.o [2]
      .text               ro code  0x1001cc64    0x3b8  igmp.o [2]
      Veneer              ro code  0x1001d01c      0x8  - Linker created -
      Veneer              ro code  0x1001d024      0x8  - Linker created -
      Veneer              ro code  0x1001d02c      0x8  - Linker created -
      Veneer              ro code  0x1001d034      0x8  - Linker created -
      Veneer              ro code  0x1001d03c      0x8  - Linker created -
      Veneer              ro code  0x1001d044      0x8  - Linker created -
      .text               ro code  0x1001d04c    0x8a0  rtw_promisc.o [8]
      .text               ro code  0x1001d8ec    0x56c  osdep_service.o [2]
      .text               ro code  0x1001de58     0xb4  wifi_ind.o [2]
      .text               ro code  0x1001df0c    0x514  xscanfsmall_nomb.o [4]
      .text               ro code  0x1001e420     0x90  osdep_api.o [2]
      Veneer              ro code  0x1001e4b0      0x8  - Linker created -
      Veneer              ro code  0x1001e4b8      0x8  - Linker created -
      Veneer              ro code  0x1001e4c0      0x8  - Linker created -
      Veneer              ro code  0x1001e4c8      0x8  - Linker created -
      .text               ro code  0x1001e4d0     0xf8  hal_log_uart.o [6]
      .text               ro code  0x1001e5c8    0xbac  api_msg.o [2]
      .text               ro code  0x1001f174     0xd0  memp.o [2]
      .text               ro code  0x1001f244    0x150  xprintftiny.o [4]
      Veneer              ro code  0x1001f394      0x8  - Linker created -
      Veneer              ro code  0x1001f39c      0x8  - Linker created -
      Veneer              ro code  0x1001f3a4      0x8  - Linker created -
      .text               ro code  0x1001f3ac    0x448  rtl8195a_timer.o [2]
      Veneer              ro code  0x1001f7f4      0x8  - Linker created -
      .text               ro code  0x1001f7fc    0x448  serial_api.o [2]
      .text               ro code  0x1001fc44     0x8e  list.o [2]
      .text               ro code  0x1001fcd4    0x2f4  timers.o [2]
      Veneer              ro code  0x1001ffc8      0x8  - Linker created -
      .text               ro code  0x1001ffd0     0xc4  freertos_pmu.o [2]
      .text               ro code  0x10020094      0x6  ABImemclr.o [12]
      .text               ro code  0x1002009c    0xb2c  tcp.o [2]
      .text               ro code  0x10020bc8    0x6c8  etharp.o [2]
      .text               ro code  0x10021290    0x410  udp.o [2]
      .text               ro code  0x100216a0    0xc16  dhcp.o [2]
      .text               ro code  0x100222b8    0x2c2  autoip.o [2]
      .text               ro code  0x1002257a    0x132  inet_chksum.o [2]
      Veneer              ro code  0x100226ac      0x8  - Linker created -
      Veneer              ro code  0x100226b4      0x8  - Linker created -
      Veneer              ro code  0x100226bc      0x8  - Linker created -
      Veneer              ro code  0x100226c4      0x8  - Linker created -
      Veneer              ro code  0x100226cc      0x8  - Linker created -
      .text               ro code  0x100226d4    0xc34  wifi_simple_config_parser.o [8]
      Veneer              ro code  0x10023308      0x8  - Linker created -
      .text               ro code  0x10023310     0x84  os_freertos.o [9]
      Veneer              ro code  0x10023394      0x8  - Linker created -
      Veneer              ro code  0x1002339c      0x8  - Linker created -
      Veneer              ro code  0x100233a4      0x8  - Linker created -
      Veneer              ro code  0x100233ac      0x8  - Linker created -
      .text               ro code  0x100233b4    0x3c8  wps_common.o [9]
      .text               ro code  0x1002377c    0x580  freertos_service.o [2]
      .text               ro code  0x10023cfc    0x350  freertos_skbuff.o [8]
      .text               ro code  0x1002404c    0xa80  freertos_intfs.o [8]
      .text               ro code  0x10024acc    0x268  lwip_intf.o [2]
      .text               ro code  0x10024d34    0x260  mem.o [2]
      .text               ro code  0x10024f94    0x234  lwip_timers.o [2]
      .text               ro code  0x100251c8    0x358  ip.o [2]
      .text               ro code  0x10025520     0x2e  init.o [2]
      .text               ro code  0x10025550    0x710  rtw_pwrctrl.o [8]
      .text               ro code  0x10025c60    0x3d8  hal_intf.o [8]
      Veneer              ro code  0x10026038      0x8  - Linker created -
      .text               ro code  0x10026040   0x11b8  rtw_recv.o [8]
      Veneer              ro code  0x100271f8      0x8  - Linker created -
      .text               ro code  0x10027200   0x14a4  rtw_mlme.o [8]
      .text               ro code  0x100286a4    0x14a  tcm_heap.o [2]
      .text               ro code  0x100287f0     0x16  strchr.o [12]
      .text               ro code  0x10028806     0x86  xstol.o [4]
      .text               ro code  0x1002888c    0x19c  xstoul.o [4]
      .text               ro code  0x10028a28    0x174  raw.o [2]
      .text               ro code  0x10028b9c    0xa4a  tcp_out.o [2]
      .text               ro code  0x100295e8    0x4a4  dns.o [2]
      .text               ro code  0x10029a8c     0x36  strlen.o [12]
      .text               ro code  0x10029ac4     0xfc  pinmap_common.o [2]
      Veneer              ro code  0x10029bc0      0x8  - Linker created -
      .text               ro code  0x10029bc8    0x588  hal_uart.o [2]
      .text               ro code  0x1002a150    0x19c  hal_gdma.o [2]
      .text               ro code  0x1002a2ec     0x30  us_ticker.o [2]
      Veneer              ro code  0x1002a31c      0x8  - Linker created -
      .text               ro code  0x1002a324    0x1b8  gpio_api.o [2]
      .text               ro code  0x1002a4dc     0x38  hal_pinmux.o [6]
      .text               ro code  0x1002a514     0x14  sleep.o [2]
      .text               ro code  0x1002a528     0x66  ABImemset.o [12]
      .text               ro code  0x1002a590    0x188  icmp.o [2]
      .text               ro code  0x1002a718     0x36  dh_group5.o [9]
      .text               ro code  0x1002a750     0xea  wpabuf.o [9]
      Veneer              ro code  0x1002a83c      0x8  - Linker created -
      .text               ro code  0x1002a844    0x334  wps_attr_build.o [9]
      Veneer              ro code  0x1002ab78      0x8  - Linker created -
      .text               ro code  0x1002ab80   0x25f0  freertos_ioctl.o [8]
      .text               ro code  0x1002d170    0xf50  rtw_cmd.o [8]
      .text               ro code  0x1002e0c0     0x60  netdev.o [8]
      .text               ro code  0x1002e120    0xa8c  lxbus_halinit.o [8]
      .text               ro code  0x1002ebac    0x370  rtw_intfs.o [8]
      Veneer              ro code  0x1002ef1c      0x8  - Linker created -
      Veneer              ro code  0x1002ef24      0x8  - Linker created -
      Veneer              ro code  0x1002ef2c      0x8  - Linker created -
      Veneer              ro code  0x1002ef34      0x8  - Linker created -
      Veneer              ro code  0x1002ef3c      0x8  - Linker created -
      .text               ro code  0x1002ef44   0x159c  rtw_ap.o [8]
      Veneer              ro code  0x100304e0      0x8  - Linker created -
      Veneer              ro code  0x100304e8      0x8  - Linker created -
      Veneer              ro code  0x100304f0      0x8  - Linker created -
      .text               ro code  0x100304f8   0x4704  rtw_mlme_ext.o [8]
      .text               ro code  0x10034bfc    0x1f2  rtw_ieee80211.o [8]
      .text               ro code  0x10034df0     0x38  hci_intfs.o [8]
      .text               ro code  0x10034e28    0x14c  ethernetif.o [2]
      .text               ro code  0x10034f74    0x4f4  ip_frag.o [2]
      .text               ro code  0x10035468    0xeac  tcp_in.o [2]
      .text               ro code  0x10036314    0xf64  rtw_wlan_util.o [8]
      .text               ro code  0x10037278     0x54  rtw_io.o [8]
      .text               ro code  0x100372cc   0x1af8  rtl8195a_pmu_task.o [8]
      .text               ro code  0x10038dc4    0xb0c  hal_com.o [8]
      .text               ro code  0x100398d0    0x1f4  freertos_recv.o [8]
      Veneer              ro code  0x10039ac4      0x8  - Linker created -
      Veneer              ro code  0x10039acc      0x8  - Linker created -
      Veneer              ro code  0x10039ad4      0x8  - Linker created -
      Veneer              ro code  0x10039adc      0x8  - Linker created -
      Veneer              ro code  0x10039ae4      0x8  - Linker created -
      Veneer              ro code  0x10039aec      0x8  - Linker created -
      .text               ro code  0x10039af4    0x30c  rtw_security.o [8]
      .text               ro code  0x10039e00    0x5ec  rtw_sta_mgt.o [8]
      Veneer              ro code  0x1003a3ec      0x8  - Linker created -
      Veneer              ro code  0x1003a3f4      0x8  - Linker created -
      Veneer              ro code  0x1003a3fc      0x8  - Linker created -
      .text               ro code  0x1003a404   0x1644  rtw_xmit.o [8]
      .text               ro code  0x1003ba48    0xf1c  lxbus_ops.o [8]
      .text               ro code  0x1003c964     0xfa  freertos_xmit.o [8]
      .text               ro code  0x1003ca60    0x55a  rtw_ioctl_set.o [8]
      .text               ro code  0x1003cfbc      0xc  errno.o [4]
      .text               ro code  0x1003cfc8     0x58  memchr.o [12]
      Veneer              ro code  0x1003d020      0x8  - Linker created -
      Veneer              ro code  0x1003d028      0x8  - Linker created -
      Veneer              ro code  0x1003d030      0x8  - Linker created -
      Veneer              ro code  0x1003d038      0x8  - Linker created -
      Veneer              ro code  0x1003d040      0x8  - Linker created -
      .text               ro code  0x1003d048    0xcac  rtl8195a_uart.o [2]
      Veneer              ro code  0x1003dcf4      0x8  - Linker created -
      .text               ro code  0x1003dcfc    0x80c  hal_soc_ps_monitor.o [2]
      .text               ro code  0x1003e508      0x2  pinmap.o [2]
      .text               ro code  0x1003e50c     0xfe  dh_groups.o [9]
      .text               ro code  0x1003e60c    0x158  random.o [9]
      Veneer              ro code  0x1003e764      0x8  - Linker created -
      Veneer              ro code  0x1003e76c      0x8  - Linker created -
      Veneer              ro code  0x1003e774      0x8  - Linker created -
      Veneer              ro code  0x1003e77c      0x8  - Linker created -
      Veneer              ro code  0x1003e784      0x8  - Linker created -
      Veneer              ro code  0x1003e78c      0x8  - Linker created -
      Veneer              ro code  0x1003e794      0x8  - Linker created -
      .text               ro code  0x1003e79c   0x19bc  rtw_psk.o [8]
      .text               ro code  0x10040158   0x18b4  hal_com_phycfg.o [8]
      Veneer              ro code  0x10041a0c      0x8  - Linker created -
      Veneer              ro code  0x10041a14      0x8  - Linker created -
      .text               ro code  0x10041a1c    0x67c  rtw_efuse.o [8]
      Veneer              ro code  0x10042098      0x8  - Linker created -
      .text               ro code  0x100420a0   0x24fc  rtl8195a_hal_init.o [8]
      Veneer              ro code  0x1004459c      0x8  - Linker created -
      Veneer              ro code  0x100445a4      0x8  - Linker created -
      Veneer              ro code  0x100445ac      0x8  - Linker created -
      .text               ro code  0x100445b4    0x9c4  rtl8195a_phycfg.o [8]
      .text               ro code  0x10044f78    0x526  rtl8195a_dm.o [8]
      .text               ro code  0x100454a0   0x1844  HalPhyRf_8195A.o [8]
      .text               ro code  0x10046ce4     0xdc  HalPwrSeqCmd.o [8]
      .text               ro code  0x10046dc0     0x18  wlan_ram_map.o [8]
      .text               ro code  0x10046dd8    0x3a4  PhyDM_Adaptivity.o [8]
      .text               ro code  0x1004717c    0x776  Hal8195ARateAdaptive.o [8]
      .text               ro code  0x100478f4    0x8f4  rtl8195a_xmit.o [8]
      .text               ro code  0x100481e8    0x2bc  rtl8195a_rxdesc.o [8]
      Veneer              ro code  0x100484a4      0x8  - Linker created -
      .text               ro code  0x100484ac    0x3b0  rtl8195a_gdma.o [2]
      Veneer              ro code  0x1004885c      0x8  - Linker created -
      Veneer              ro code  0x10048864      0x8  - Linker created -
      Veneer              ro code  0x1004886c      0x8  - Linker created -
      Veneer              ro code  0x10048874      0x8  - Linker created -
      Veneer              ro code  0x1004887c      0x8  - Linker created -
      .text               ro code  0x10048884     0x9a  crypto_internal-modexp.o [9]
      .text               ro code  0x10048920    0x548  rtl8195a_cmd.o [8]
      .text               ro code  0x10048e68    0x398  phydm_RaInfo.o [8]
      Veneer              ro code  0x10049200      0x8  - Linker created -
      .text               ro code  0x10049208    0x4b6  phydm_DIG.o [8]
      .text               ro code  0x100496c0    0x3e0  phydm.o [8]
      Veneer              ro code  0x10049aa0      0x8  - Linker created -
      Veneer              ro code  0x10049aa8      0x8  - Linker created -
      .text               ro code  0x10049ab0    0x3fc  phydm_HWConfig.o [8]
      .text               ro code  0x10049eac    0x170  rtl8195a_rf6052.o [8]
      .text               ro code  0x1004a01c     0x58  phydm_interface.o [8]
      .text               ro code  0x1004a074    0x4f4  HalPhyRf.o [8]
      .text               ro code  0x1004a568    0x17c  rtl8195a_pmu_cmd.o [8]
      Veneer              ro code  0x1004a6e4      0x8  - Linker created -
      Veneer              ro code  0x1004a6ec      0x8  - Linker created -
      Veneer              ro code  0x1004a6f4      0x8  - Linker created -
      .text               ro code  0x1004a6fc     0x7c  phydm_CfoTracking.o [8]
      .text               ro code  0x1004a778    0x244  phydm_PowerTracking.o [8]
      .text               ro code  0x1004a9bc     0x14  phydm_debug.o [8]
      .text               ro code  0x1004a9d0     0x1e  U64Shr.o [12]
      .text               ro code  0x1004a9f0    0x1e0  HalHWImg8195A_RF.o [8]
      .text               ro code  0x1004abd0    0x1d8  HalHWImg8195A_BB.o [8]
      .text               ro code  0x1004ada8    0x134  HalHWImg8195A_MAC.o [8]
      .text               ro code  0x1004aedc     0xda  phydm_RegConfig8195A.o [8]
      .text               ro code  0x1004afb8    0x126  analogin_api.o [2]
      .text               ro code  0x1004b0e0    0x7d4  hal_adc.o [2]
      Veneer              ro code  0x1004b8b4      0x8  - Linker created -
      Veneer              ro code  0x1004b8bc      0x8  - Linker created -
      Veneer              ro code  0x1004b8c4      0x8  - Linker created -
      .text               ro code  0x1004b8cc    0xe0c  atcmd_sys.o [2]
      .text               ro code  0x1004c6d8     0x1c  example_entry.o [2]
      .text               ro code  0x1004c6f4    0x1d4  example_wlan_fast_connect.o [2]
      .text               ro code  0x1004c8c8     0x24  printf.o [4]
      .text               ro code  0x1004c8ec     0x90  hal_32k.o [2]
      .text               ro code  0x1004c97c     0x3c  hal_timer.o [2]
      .text               ro code  0x1004c9b8    0x318  rtl8195a_adc.o [2]
      Veneer              ro code  0x1004ccd0      0x8  - Linker created -
      Veneer              ro code  0x1004ccd8      0x8  - Linker created -
      .text               ro code  0x1004cce0     0x90  rtl_consol.o [2]
      .text               ro code  0x1004cd70     0x6c  strncpy_unaligned.o [12]
      .text               ro code  0x1004cddc     0x14  system_8195a.o [2]
      .text               ro code  0x1004cdf0     0xdc  wlan_network.o [2]
      Veneer              ro code  0x1004cecc      0x8  - Linker created -
      Veneer              ro code  0x1004ced4      0x8  - Linker created -
      .text               ro code  0x1004cedc    0x1f8  startup.o [6]
      Veneer              ro code  0x1004d0d4      0x8  - Linker created -
      .text               ro code  0x1004d0dc     0x24  hal_crypto.o [6]
      .text               ro code  0x1004d100     0x78  freertos_isr.o [8]
      .text               ro code  0x1004d178    0x598  wps_protocol_handler.o [9]
      .text               ro code  0x1004d710    0x3a0  eap_wsc.o [9]
      .text               ro code  0x1004dab0    0x1a4  wps.o [9]
      .text               ro code  0x1004dc54    0x11c  eap_common.o [9]
      .text               ro code  0x1004dd70     0x3e  eap_wsc_common.o [9]
      .text               ro code  0x1004ddb0    0x2f8  wps_dev_attr.o [9]
      .text               ro code  0x1004e0a8    0xa4e  wps_enrollee.o [9]
      .text               ro code  0x1004eaf6    0x476  wps_attr_parse.o [9]
      .text               ro code  0x1004ef6c    0x1c6  wps_attr_process.o [9]
      .text               ro code  0x1004f132    0x838  wps_validate.o [9]
      .text               ro code  0x1004f96c     0x10  hal_common.o [6]
      .text               ro code  0x1004f97c     0x24  app_start.o [6]
      .text               ro code  0x1004f9a0    0x124  lxbus_hci_intf.o [8]
      .text               ro code  0x1004fac4     0x58  lxbus_intf.o [8]
      .text               ro code  0x1004fb1c     0x28  data_init.o [12]
      .text               ro code  0x1004fb44     0x2c  low_level_io.o [2]
      .text               ro code  0x1004fb70      0x4  rtl8195a_led.o [8]
      .text               ro code  0x1004fb74     0x16  xprout.o [4]
      .text               ro code  0x1004fb8a     0x28  putchar.o [4]
      CODE                ro code  0x1004fbb4     0x94  portasm.o [2]
      __DLIB_PERTHREAD    const    0x1004fc48     0x8c  rand.o [4]
      __DLIB_PERTHREAD    const    0x1004fcd4      0x4  errno.o [4]
    .ram.data                      0x1004fcd8   0x2fd0  <Block>
      .data.log_init               0x1004fcd8      0xc  <Block>
        .data.log_init    const    0x1004fcd8      0x4  atcmd_sys.o [2]
        .data.log_init    const    0x1004fcdc      0x4  atcmd_wifi.o [2]
        .data.log_init    const    0x1004fce0      0x4  log_service.o [2]
      .data               const    0x1004fce8     0x80  ac_hal.o [2]
      .data               const    0x1004fd68      0x8  atcmd_sys.o [2]
      .data               const    0x1004fd70     0xc0  atcmd_sys.o [2]
      .data               const    0x1004fe30    0x180  atcmd_wifi.o [2]
      .data               const    0x1004ffb0     0x78  dhcps.o [2]
      .data               const    0x10050028      0x4  freertos_pmu.o [2]
      .data               const    0x1005002c      0xc  freertos_pmu.o [2]
      .data               const    0x10050038      0x4  freertos_service.o [2]
      .data               const    0x1005003c     0x20  log_service.o [2]
      .data               const    0x1005005c      0x4  port.o [2]
      .data               const    0x10050060      0x4  system_8195a.o [2]
      .data               const    0x10050064     0x9c  tasks.o [2]
      .data               const    0x10050100     0x20  tcp.o [2]
      .data               const    0x10050120      0x8  udp.o [2]
      .data               const    0x10050128     0x10  wifi_conf.o [2]
      .data               const    0x10050138    0x1f4  zc_configuration.o [2]
      .data               const    0x1005032c     0x14  zc_hf_adpter.o [2]
      .data               const    0x10050340      0x8  zc_hf_adpter.o [2]
      .data               const    0x10050348      0x8  rtw_psk.o [8]
      .data               const    0x10050350     0xd4  wifi_simple_config_parser.o [8]
      .data               const    0x10050424      0x8  wifi_simple_config_parser.o [8]
      .data               const    0x1005042c     0xa8  rtw_mlme_ext.o [8]
      .data               const    0x100504d4     0x38  freertos_ioctl.o [8]
      .data               const    0x1005050c    0x1b0  rom_rtw_message.o [8]
      .data               const    0x100506bc      0x8  rtw_xmit.o [8]
      .data               const    0x100506c4     0x40  Hal8195ARateAdaptive.o [8]
      .data               const    0x10050704     0x40  Hal8195ARateAdaptive.o [8]
      .data               const    0x10050744     0x14  Hal8195ARateAdaptive.o [8]
      .data               const    0x10050758     0xa0  Hal8195APwrSeq.o [8]
      .data               const    0x100507f8     0xa0  Hal8195APwrSeq.o [8]
      .data               const    0x10050898     0x14  dh_groups.o [9]
      .data               const    0x100508ac    0x210  HalHWImg8195A_BB.o [8]
      .data               const    0x10050abc    0x678  HalHWImg8195A_BB.o [8]
      .data               const    0x10051134     0x90  HalHWImg8195A_BB.o [8]
      .data               const    0x100511c4    0x308  HalHWImg8195A_MAC.o [8]
      .data               const    0x100514cc    0x3a0  HalHWImg8195A_RF.o [8]
      .data               const    0x1005186c     0x80  HalHWImg8195A_RF.o [8]
      .data               const    0x100518ec     0x80  HalHWImg8195A_RF.o [8]
      .data               const    0x1005196c     0x80  HalHWImg8195A_RF.o [8]
      .data               const    0x100519ec   0x1260  HalHWImg8195A_RF.o [8]
      .data               const    0x10052c4c      0x2  tcp.o [2]
      .iar.init_table     const    0x10052c50     0x58  - Linker created -
  .ram.bss                         0x10052cc0   0xab28  <Block>
    .bss                  zero     0x10052cc0    0x500  hal_crypto.o [6]
    .bss                  zero     0x100531c0    0x340  rtw_mlme_ext.o [8]
    .bss                  zero     0x10053500      0x8  ac_hal.o [2]
    .bss                  zero     0x10053508    0x200  ac_hal.o [2]
    .bss                  zero     0x10053708     0x38  atcmd_wifi.o [2]
    .bss                  zero     0x10053740     0x78  atcmd_wifi.o [2]
    .bss                  zero     0x100537b8      0x4  atcmd_wifi.o [2]
    .bss                  zero     0x100537bc    0x1b8  bignum.o [2]
    .bss                  zero     0x10053974   0x16b0  bignum.o [2]
    .bss                  zero     0x10055024     0x34  dhcp.o [2]
    .bss                  zero     0x10055058      0x4  dhcp.o [2]
    .bss                  zero     0x1005505c    0x214  dns.o [2]
    .bss                  zero     0x10055270    0x460  dns.o [2]
    .bss                  zero     0x100556d0     0xc8  etharp.o [2]
    .bss                  zero     0x10055798      0x4  ethernetif.o [2]
    .bss                  zero     0x1005579c      0x4  example_wlan_fast_connect.o [2]
    .bss                  zero     0x100557a0      0xc  hal_adc.o [2]
    .bss                  zero     0x100557ac     0x2c  hal_adc.o [2]
    .bss                  zero     0x100557d8    0x290  hal_soc_ps_monitor.o [2]
    .bss                  zero     0x10055a68     0x3c  heap_5.o [2]
    .bss                  zero     0x10055aa4      0xc  igmp.o [2]
    .bss                  zero     0x10055ab0     0x10  ip.o [2]
    .bss                  zero     0x10055ac0     0x10  ip_addr.o [2]
    .bss                  zero     0x10055ad0      0x8  ip_frag.o [2]
    .bss                  zero     0x10055ad8    0x100  log_service.o [2]
    .bss                  zero     0x10055bd8     0x70  log_service.o [2]
    .bss                  zero     0x10055c48     0x78  lwip_netconf.o [2]
    .bss                  zero     0x10055cc0      0x4  lwip_timers.o [2]
    .bss                  zero     0x10055cc4      0x4  lwip_timers.o [2]
    .bss                  zero     0x10055cc8      0xc  netif.o [2]
    .bss                  zero     0x10055cd4      0x4  osdep_service.o [2]
    .bss                  zero     0x10055cd8     0x28  ping_test.o [2]
    .bss                  zero     0x10055d00      0xc  port.o [2]
    .bss                  zero     0x10055d0c      0x4  raw.o [2]
    .bss                  zero     0x10055d10    0x108  rsa.o [2]
    .bss                  zero     0x10055e18     0x40  rsa.o [2]
    .bss                  zero     0x10055e58     0x18  rtl8195a_timer.o [2]
    .bss                  zero     0x10055e70     0x18  serial_api.o [2]
    .bss                  zero     0x10055e88      0xc  serial_api.o [2]
    .bss                  zero     0x10055e94      0xc  serial_api.o [2]
    .bss                  zero     0x10055ea0     0x28  serial_api.o [2]
    .bss                  zero     0x10055ec8     0xf0  sockets.o [2]
    .bss                  zero     0x10055fb8      0x8  sockets.o [2]
    .bss                  zero     0x10055fc0     0x34  sys_arch.o [2]
    .bss                  zero     0x10055ff4     0xdc  tasks.o [2]
    .bss                  zero     0x100560d0      0xc  tcm_heap.o [2]
    .bss                  zero     0x100560dc     0x30  tcp_in.o [2]
    .bss                  zero     0x1005610c      0xc  tcpip.o [2]
    .bss                  zero     0x10056118     0x38  timers.o [2]
    .bss                  zero     0x10056150      0x4  uart_socket.o [2]
    .bss                  zero     0x10056154      0x4  update.o [2]
    .bss                  zero     0x10056158     0x24  wifi_conf.o [2]
    .bss                  zero     0x1005617c      0x8  wifi_conf.o [2]
    .bss                  zero     0x10056184     0x18  wifi_conf.o [2]
    .bss                  zero     0x1005619c    0x150  wifi_ind.o [2]
    .bss                  zero     0x100562ec      0x8  wifi_promisc.o [2]
    .bss                  zero     0x100562f4     0x78  wifi_promisc.o [2]
    .bss                  zero     0x1005636c     0x40  wifi_simple_config.o [2]
    .bss                  zero     0x100563ac     0x28  wifi_wps_config.o [2]
    .bss                  zero     0x100563d4     0x10  zc_bc.o [2]
    .bss                  zero     0x100563e4     0x28  zc_client_manager.o [2]
    .bss                  zero     0x1005640c     0x78  zc_hf_adpter.o [2]
    .bss                  zero     0x10056484    0x260  zc_hf_adpter.o [2]
    .bss                  zero     0x100566e4    0x260  zc_hf_adpter.o [2]
    .bss                  zero     0x10056944     0x28  zc_hf_adpter.o [2]
    .bss                  zero     0x1005696c    0x720  zc_hf_adpter.o [2]
    .bss                  zero     0x1005708c     0x28  zc_hf_adpter.o [2]
    .bss                  zero     0x100570b4    0x258  zc_hf_adpter.o [2]
    .bss                  zero     0x1005730c    0x83c  zc_hf_adpter.o [2]
    .bss                  zero     0x10057b48     0x50  zc_hf_adpter.o [2]
    .bss                  zero     0x10057b98     0x14  zc_hf_adpter.o [2]
    .bss                  zero     0x10057bac      0xc  zc_hf_adpter.o [2]
    .bss                  zero     0x10057bb8     0x88  zc_protocol_controller.o [2]
    .bss                  zero     0x10057c40     0x50  zc_timer.o [2]
    .bss                  zero     0x10057c90      0x8  startup.o [6]
    .bss                  zero     0x10057c98      0x4  ram_libc.o [7]
    .bss                  zero     0x10057c9c     0x40  rtk_wlan_if.o [8]
    .bss                  zero     0x10057cdc      0x4  freertos_intfs.o [8]
    .bss                  zero     0x10057ce0      0xc  freertos_intfs.o [8]
    .bss                  zero     0x10057cec     0x14  freertos_intfs.o [8]
    .bss                  zero     0x10057d00    0x11c  rtw_psk.o [8]
    .bss                  zero     0x10057e1c     0x44  rtw_psk.o [8]
    .bss                  zero     0x10057e60      0x4  freertos_skbuff.o [8]
    .bss                  zero     0x10057e64    0x1b8  freertos_skbuff.o [8]
    .bss                  zero     0x1005801c     0x18  freertos_skbuff.o [8]
    .bss                  zero     0x10058034      0x4  freertos_isr.o [8]
    .bss                  zero     0x10058038      0x8  rtw_promisc.o [8]
    .bss                  zero     0x10058040      0x4  rtw_mlme.o [8]
    .bss                  zero     0x10058044      0x4  wifi_simple_config_parser.o [8]
    .bss                  zero     0x10058048     0x10  wps_protocol_handler.o [9]
    .bss                  zero     0x10058058      0x4  ram_libgloss_retarget.o [7]
    .bss                  zero     0x1005805c      0x4  rtl8195a_pmu_task.o [8]
    .bss                  zero     0x10058060   0x20e0  lxbus_ops.o [8]
    .bss                  zero     0x1005a140     0x1c  eap_wsc.o [9]
    .bss                  zero     0x1005a15c     0x80  random.o [9]
    .bss                  zero     0x1005a1dc     0x20  random.o [9]
    .bss                  zero     0x1005a1fc      0x2  hal_gdma.o [2]
    .bss                  zero     0x1005a1fe      0x2  ip.o [2]
    .bss                  zero     0x1005a200      0x1  dns.o [2]
    .bss                  zero     0x1005a201      0x1  etharp.o [2]
    .bss                  zero     0x1005a202      0x1  pbuf.o [2]
    .bss                  zero     0x1005a203      0x1  tcp.o [2]
    .bss                  zero     0x1005a204      0x1  wifi_promisc.o [2]
    .bss                  zero     0x1005a205      0x1  zc_hf_adpter.o [2]
    .bss                  zero     0x1005a206      0x1  rtl8195a_pmu_task.o [8]
    .bss                  zero     0x1005a207      0x1  rtw_mlme_ext.o [8]
    .bss                  zero     0x1005a208      0x1  lxbus_ops.o [8]
    .hal.flash.data       zero     0x1005a20c     0x90  hal_spi_flash_ram.o [6]
    .hal.gpio.data        zero     0x1005a29c    0x12c  hal_gpio.o [2]
    .bdsram.data          zero     0x1005a3c8   0x3400  freertos_skbuff.o [8]
    .bdsram.data          zero     0x1005d7c8      0x8  freertos_skbuff.o [8]
                                 - 0x1005d7d0  0x577d0

"A4":                                           0xf000
  .bf_data                         0x10061000   0xf000  <Block>
    .bfsram.data          zero     0x10061000   0xf000  heap_5.o [2]
                                 - 0x10070000   0xf000

"A6":                                           0xf4e8
  TCM_overlay                      0x1fff0000   0xf4e8  <Overlay>
    part 1:
      .bss                zero     0x1fff0000   0x1424  mem.o [2]
      .bss                zero     0x1fff1424   0x40c0  memp.o [2]
      .tcm.heap           zero     0x1fff54e4   0xa000  tcm_heap.o [2]
      .heap                        0x1ffff4e4      0x4  <Block>
        .heap.stdlib      zero     0x1ffff4e4      0x1  ram_libgloss_retarget.o [7]
    part 2:
      IMAGE1_DBG                   0x1fff0000   0x24b4  <Block>
        .ram.start.table           0x1fff0000     0x14  <Block>
          .start.ram.data.a
                          const    0x1fff0000      0x4  startup.o [6]
          .start.ram.data.b
                          const    0x1fff0004      0x4  startup.o [6]
          .start.ram.data.c
                          const    0x1fff0008      0x4  startup.o [6]
          .start.ram.data.d
                          const    0x1fff000c      0x4  startup.o [6]
          .start.ram.data.e
                          const    0x1fff0010      0x4  startup.o [6]
        .ram_image1.data           0x1fff0014   0x14d0  <Block>
          .image1.validate.rodata
                          const    0x1fff0014      0x8  startup.o [6]
          .cutb.ram.data  const    0x1fff001c     0x10  hal_sdr_controller.o [2]
          .cutb.ram.data  const    0x1fff002c     0x1c  hal_sdr_controller.o [2]
          .cutb.ram.data  const    0x1fff0048     0x34  hal_sdr_controller.o [2]
          .cutb.ram.data  const    0x1fff007c     0x14  hal_sdr_controller.o [2]
          .cutb.ram.data  const    0x1fff0090      0x4  hal_sdr_controller.o [2]
          .cutb.ram.data  zero     0x1fff0094   0x1000  hal_sdr_controller.o [2]
          .hal.ram.data   const    0x1fff1098    0x430  rom.o [11]
          .hal.ram.data   const    0x1fff14c8      0xc  hal_sdr_controller.o [2]
          .hal.ram.data   zero     0x1fff14d4     0x10  startup.o [6]
        .ram_image1.bss            0x1fff14e4      0x0  <Block>
        .ram_image1.text           0x1fff14e4    0xfd0  <Block>
          Veneer          ro code  0x1fff14e4      0x8  - Linker created -
          Veneer          ro code  0x1fff14ec      0x8  - Linker created -
          Veneer          ro code  0x1fff14f4      0x8  - Linker created -
          Veneer          ro code  0x1fff14fc      0x8  - Linker created -
          Veneer          ro code  0x1fff1504      0x8  - Linker created -
          Veneer          ro code  0x1fff150c      0x8  - Linker created -
          Veneer          ro code  0x1fff1514      0x8  - Linker created -
          Veneer          ro code  0x1fff151c      0x8  - Linker created -
          Veneer          ro code  0x1fff1524      0x8  - Linker created -
          Veneer          ro code  0x1fff152c      0x8  - Linker created -
          Veneer          ro code  0x1fff1534      0x8  - Linker created -
          Veneer          ro code  0x1fff153c      0x8  - Linker created -
          Veneer          ro code  0x1fff1544      0x8  - Linker created -
          Veneer          ro code  0x1fff154c      0x8  - Linker created -
          Veneer          ro code  0x1fff1554      0x8  - Linker created -
          Veneer          ro code  0x1fff155c      0x8  - Linker created -
          Veneer          ro code  0x1fff1564      0x8  - Linker created -
          Veneer          ro code  0x1fff156c      0x8  - Linker created -
          Veneer          ro code  0x1fff1574      0x8  - Linker created -
          Veneer          ro code  0x1fff157c      0x8  - Linker created -
          Veneer          ro code  0x1fff1584      0x8  - Linker created -
          Veneer          ro code  0x1fff158c      0x8  - Linker created -
          Veneer          ro code  0x1fff1594      0x8  - Linker created -
          .hal.ram.text   ro code  0x1fff159c    0x700  startup.o [6]
          Veneer          ro code  0x1fff1c9c      0x8  - Linker created -
          .hal.sdrc.text  ro code  0x1fff1ca4    0x810  hal_sdr_controller.o [2]
                                 - 0x1ffff4e8   0xf4e8


*******************************************************************************
*** INIT TABLE
***

          Address     Size
          -------     ----
Zero (__iar_zero_init3)
    8 destination ranges, total size 0x29342:
          0x10000384   0x350
          0x10052cc0  0x7549
          0x1005a20c    0x90
          0x1005a29c   0x12c
          0x1005a3c8  0x3408
          0x10061000  0xf000
          0x1fff0000  0xf4e4
          0x1ffff4e4     0x1



*******************************************************************************
*** MODULE SUMMARY
***

    Module                       ro code  rw code  ro data  rw data
    ------                       -------  -------  -------  -------
D:\工作资料\斐联\sdk-ameba1-v3.4b\project\realtek_ameba1_va0_example\EWARM-RELEASE\..\..\..\component\soc\realtek\8195a\misc\bsp\image: [1]
    ram_1.r.bin                                     14 028
    ---------------------------------------------------------------
    Total:                                          14 028

D:\工作资料\斐联\sdk-ameba1-v3.4b\project\realtek_ameba1_va0_example\EWARM-RELEASE\Debug\Obj: [2]
    ac_api.o                         586
    ac_hal.o                         388                        648
    aes_cbc.o                        434
    aes_core.o                     8 838             4 096
    analogin_api.o                   294
    api_lib.o                      1 176
    api_msg.o                      2 988
    atcmd_sys.o                    3 596                96      204
    atcmd_wifi.o                   5 976               424      568
    autoip.o                         706
    bignum.o                       5 510                      6 248
    cmsis_os.o                        24
    crc.o                             70
    def.o                             38
    dhcp.o                         3 094                         56
    dhcps.o                        1 626                        120
    dns.o                          1 188                      1 653
    etharp.o                       1 736                        201
    ethernetif.o                     332                          4
    example_entry.o                   28
    example_wlan_fast_connect.o      468                          4
    flash_api.o                      736
    freertos_pmu.o                   196                         16
    freertos_service.o             1 408               292        4
    gpio_api.o                       440
    hal_32k.o                        144
    hal_adc.o                      2 004                         56
    hal_gdma.o                       412                          2
    hal_gpio.o                       116                        300
    hal_soc_ps_monitor.o           2 060                        656
    hal_timer.o                       60
    hal_uart.o                     1 416
    heap_5.o                         448                     61 500
    icmp.o                           392
    igmp.o                           952                         12
    inet_chksum.o                    306
    init.o                            46
    ip.o                             856                         18
    ip_addr.o                        474                 8       16
    ip_frag.o                      1 268                          8
    list.o                           142
    log_service.o                    992                16      404
    low_level_io.o                    44
    lwip_intf.o                      616
    lwip_netconf.o                   852                        120
    lwip_timers.o                    564                          8
    main.o                            72
    mem.o                            608
    memp.o                           208
    netbuf.o                         116
    netif.o                          322                         12
    osdep_api.o                      144
    osdep_service.o                1 388                          4
    pbuf.o                         1 118                          1
    ping_test.o                      556                         40
    pinmap.o                           2
    pinmap_common.o                  252
    port.o                           520                         16
    portasm.o                        148
    queue.o                        1 186
    raw.o                            372                          4
    rsa.o                            784                        328
    rtl8195a_adc.o                   792
    rtl8195a_gdma.o                  944
    rtl8195a_timer.o               1 096                         24
    rtl8195a_uart.o                3 244
    rtl_consol.o                     580                        848
    serial_api.o                   1 096                         88
    sleep.o                           20
    sockets.o                      3 448                        248
    sys.o                             34
    sys_api.o                        952
    sys_arch.o                       490                         52
    system_8195a.o                    20                          4
    tasks.o                        2 164                        376
    tcm_heap.o                       330                         12
    tcp.o                          2 860                         35
    tcp_in.o                       3 756                         48
    tcp_out.o                      2 634
    tcpip.o                          504                         12
    timer_api.o                      224
    timers.o                         756                         56
    uart_socket.o                  1 824                          4
    udp.o                          1 040                          8
    update.o                       2 732                32        4
    us_ticker.o                       48
    wifi_conf.o                    5 596                         84
    wifi_ind.o                       180                        336
    wifi_promisc.o                 1 152                        129
    wifi_simple_config.o           2 896                         64
    wifi_util.o                    3 216
    wifi_wps_config.o              2 240                         40
    wlan_network.o                   220
    zc_bc.o                          280                         16
    zc_client_manager.o              714                         40
    zc_cloud_event.o                 432
    zc_common.o                      464
    zc_configuration.o               792                        500
    zc_hf_adpter.o                 4 044                      6 089
    zc_message_queue.o               600
    zc_moudle_manager.o              668
    zc_protocol_controller.o       3 536                        136
    zc_sec_engine.o                1 144
    zc_timer.o                       284                         80
    ---------------------------------------------------------------
    Total:                       123 882             4 964   82 564

command line: [3]
    ---------------------------------------------------------------
    Total:

dl7M_tln.a: [4]
    errno.o                           12                          4
    printf.o                          36
    putchar.o                         40
    rand.o                           224                        140
    sscanf.o                          36
    vsnprint.o                        60
    xprintftiny.o                    336
    xprout.o                          22
    xscanfsmall_nomb.o             1 300
    xsnprout.o                        26
    xsscin.o                          30
    xstol.o                          134
[...]
wifi_mode               0x1005617c     0x4  Data  Lc  wifi_conf.o [2]
wifi_no_network_hdl     0x100132ef     0xe  Code  Lc  wifi_conf.o [2]
wifi_off                0x10013b37    0x6a  Code  Gb  wifi_conf.o [2]
wifi_on                 0x10013aa9    0x8e  Code  Gb  wifi_conf.o [2]
wifi_reg_event_handler  0x1001de93    0x3a  Code  Gb  wifi_ind.o [2]
wifi_remove_packet_filter
                        0x10014279     0x4  Code  Gb  wifi_conf.o [2]
wifi_rx_beacon_hdl      0x100132ed     0x2  Code  Gb  wifi_conf.o [2]
wifi_scan               0x10013e4d    0x56  Code  Gb  wifi_conf.o [2]
wifi_scan_done_hdl      0x10013de3    0x64  Code  Lc  wifi_conf.o [2]
wifi_scan_each_report_hdl
                        0x10013cb9   0x12a  Code  Lc  wifi_conf.o [2]
wifi_scan_networks      0x10013ec5    0x92  Code  Gb  wifi_conf.o [2]
wifi_set_autoreconnect  0x10014205    0x1c  Code  Gb  wifi_conf.o [2]
wifi_set_channel        0x10013a9f     0xa  Code  Gb  wifi_conf.o [2]
wifi_set_lps_dtim       0x10013bc1     0xa  Code  Gb  wifi_conf.o [2]
wifi_set_power_mode     0x10013ba1     0x4  Code  Gb  wifi_conf.o [2]
wifi_set_promisc        0x100140e1     0x4  Code  Gb  wifi_conf.o [2]
wifi_set_pscan_chan     0x10013f65    0x12  Code  Gb  wifi_conf.o [2]
wifi_set_tdma_param     0x10013bad    0x14  Code  Gb  wifi_conf.o [2]
wifi_set_wps_phase      0x100140dd     0x4  Code  Gb  wifi_conf.o [2]
wifi_show_setting       0x10014031    0x9e  Code  Gb  wifi_conf.o [2]
wifi_start_ap           0x10013be9    0xcc  Code  Gb  wifi_conf.o [2]
wifi_unreg_event_handler
                        0x1001decd    0x30  Code  Gb  wifi_ind.o [2]
wifirate2_ratetbl_inx   0x10036e5d    0x60  Code  Gb  rtw_wlan_util.o [8]
wireless_send_event     0x1002ab8b     0xa  Code  Gb  freertos_ioctl.o [8]
wlan_init_done_callback
                        0x1004c751    0xd0  Code  Gb  example_wlan_fast_connect.o [2]
wlan_network            0x1004ce21    0x3a  Code  Gb  wlan_network.o [2]
wlan_wrtie_reconnect_data_to_flash
                        0x1004c6f5    0x5c  Code  Gb  example_wlan_fast_connect.o [2]
wlancmds                0x1002dec8   0x1f8  Data  Gb  rtw_cmd.o [8]
wlanevents              0x10034b34    0xc0  Data  Lc  rtw_mlme_ext.o [8]
wlanhdr_to_ethhdr       0x10026e21   0x138  Code  Gb  rtw_recv.o [8]
wpa_global_PSK          0x10057dcc    0x50  Data  Gb  rtw_psk.o [8]
wpa_set_encryption      0x1002ad4f   0x176  Code  Lc  freertos_ioctl.o [8]
wpabuf_alloc            0x1002a77d    0x18  Code  Gb  wpabuf.o [9]
wpabuf_alloc_copy       0x1002a795    0x1c  Code  Gb  wpabuf.o [9]
wpabuf_dup              0x1002a7b1    0x1a  Code  Gb  wpabuf.o [9]
wpabuf_free             0x1002a7cb    0x24  Code  Gb  wpabuf.o [9]
wpabuf_put              0x1002a7f5     0xc  Code  Gb  wpabuf.o [9]
wpabuf_put_be16         0x1002a855    0x14  Code  Lc  wps_attr_build.o [9]
wpabuf_put_be16         0x1004ddb1    0x14  Code  Lc  wps_dev_attr.o [9]
wpabuf_put_be16         0x1004e0a9    0x14  Code  Lc  wps_enrollee.o [9]
wpabuf_put_buf          0x1002a773     0xa  Code  Lc  wpabuf.o [9]
wpabuf_put_buf          0x1002a88b     0xa  Code  Lc  wps_attr_build.o [9]
wpabuf_put_data         0x1004d721    0x22  Code  Lc  eap_wsc.o [9]
wpabuf_put_data         0x1002a751    0x22  Code  Lc  wpabuf.o [9]
wpabuf_put_data         0x1002a869    0x22  Code  Lc  wps_attr_build.o [9]
wpabuf_put_data         0x1004ddc5    0x22  Code  Lc  wps_dev_attr.o [9]
wpabuf_put_data         0x1004e0bd    0x22  Code  Lc  wps_enrollee.o [9]
wpabuf_put_u8           0x1004d711    0x10  Code  Lc  eap_wsc.o [9]
wpabuf_put_u8           0x1002a845    0x10  Code  Lc  wps_attr_build.o [9]
wpabuf_put_u8           0x1004dc55    0x10  Code  Lc  eap_common.o [9]
wpabuf_put_u8           0x1004dd71    0x10  Code  Lc  eap_wsc_common.o [9]
wpabuf_zeropad          0x1002a801    0x3a  Code  Gb  wpabuf.o [9]
wpas_eap_wsc_init       0x1004d179    0x12  Code  Gb  wps_protocol_handler.o [9]
wpas_swith_to_wps_auth  0x1004d18b    0x14  Code  Gb  wps_protocol_handler.o [9]
wpas_swith_to_wps_encr  0x1004d19f    0x20  Code  Gb  wps_protocol_handler.o [9]
wpas_wps_dev_config     0x1004d1bf    0xd0  Code  Gb  wps_protocol_handler.o [9]
wpas_wps_init           0x1004d28f    0x7e  Code  Gb  wps_protocol_handler.o [9]
wpas_wps_notify_wps_finish
                        0x1004d435    0x34  Code  Gb  wps_protocol_handler.o [9]
wpas_wps_notify_wps_finish_hdl
                        0x1004d469     0x2  Code  Gb  wps_protocol_handler.o [9]
wpas_wsc_eapol_recvd    0x1004d617    0x66  Code  Gb  wps_protocol_handler.o [9]
wpas_wsc_eapol_recvd_hdl
                        0x1004d68d    0x24  Code  Gb  wps_protocol_handler.o [9]
wpas_wsc_enrollee_handle_eap_fail
                        0x1004d46b    0x48  Code  Gb  wps_protocol_handler.o [9]
wpas_wsc_enrollee_handle_recvd
                        0x1004d59f    0x78  Code  Gb  wps_protocol_handler.o [9]
wpas_wsc_send_eap_rspidentity
                        0x1004d373    0x78  Code  Gb  wps_protocol_handler.o [9]
wpas_wsc_send_eapol     0x1004d4c3    0xcc  Code  Gb  wps_protocol_handler.o [9]
wpas_wsc_send_packet    0x1004d30d    0x66  Code  Gb  wps_protocol_handler.o [9]
wps_build_ap_settings   0x1004e31b    0xdc  Code  Lc  wps_enrollee.o [9]
wps_build_assoc_state   0x1002aa9b    0x14  Code  Gb  wps_attr_build.o [9]
wps_build_auth_type_flags
                        0x1002aa41    0x14  Code  Gb  wps_attr_build.o [9]
wps_build_authenticator
                        0x1002a987    0x52  Code  Gb  wps_attr_build.o [9]
wps_build_config_error  0x1002a97b     0xc  Code  Gb  wps_attr_build.o [9]
wps_build_config_methods
                        0x1002a935     0xc  Code  Gb  wps_attr_build.o [9]
wps_build_conn_type_flags
                        0x1002aa7d    0x14  Code  Gb  wps_attr_build.o [9]
wps_build_dev_name      0x1004de87    0x24  Code  Gb  wps_dev_attr.o [9]
wps_build_dev_password_id
                        0x1002a959     0xa  Code  Gb  wps_attr_build.o [9]
wps_build_device_attrs  0x1004deab    0x5e  Code  Gb  wps_dev_attr.o [9]
wps_build_e_hash        0x1004e0df    0x9e  Code  Lc  wps_enrollee.o [9]
wps_build_encr_settings
                        0x1002aae1    0x76  Code  Gb  wps_attr_build.o [9]
wps_build_encr_type_flags
                        0x1002aa55    0x12  Code  Gb  wps_attr_build.o [9]
wps_build_enrollee_nonce
                        0x1002a9ff    0x1e  Code  Gb  wps_attr_build.o [9]
wps_build_key_wrap_auth
                        0x1002aaaf    0x32  Code  Gb  wps_attr_build.o [9]
wps_build_m1            0x1004e193   0x100  Code  Gb  wps_enrollee.o [9]
wps_build_m5            0x1004e293    0x82  Code  Lc  wps_enrollee.o [9]
wps_build_m7            0x1004e3fd    0x96  Code  Lc  wps_enrollee.o [9]
wps_build_mac_addr      0x1002ab57    0x16  Code  Gb  wps_attr_build.o [9]
wps_build_manufacturer  0x1004dde7    0x24  Code  Gb  wps_dev_attr.o [9]
wps_build_model_name    0x1004de0b    0x22  Code  Gb  wps_dev_attr.o [9]
wps_build_model_number  0x1004de39    0x24  Code  Gb  wps_dev_attr.o [9]
wps_build_msg_type      0x1002a9f3     0xc  Code  Gb  wps_attr_build.o [9]
wps_build_os_version    0x1004df09    0x30  Code  Gb  wps_dev_attr.o [9]
wps_build_primary_dev_type
                        0x1004de5d    0x24  Code  Gb  wps_dev_attr.o [9]
wps_build_public_key    0x1002a895    0x88  Code  Gb  wps_attr_build.o [9]
wps_build_registrar_nonce
                        0x1002aa1d    0x1e  Code  Gb  wps_attr_build.o [9]
wps_build_rf_bands      0x1004df3d    0x24  Code  Gb  wps_dev_attr.o [9]
wps_build_uuid_e        0x1002a941    0x18  Code  Gb  wps_attr_build.o [9]
wps_build_version       0x1002a9d9    0x16  Code  Gb  wps_attr_build.o [9]
wps_build_wfa_ext       0x1002a9ef     0x4  Code  Gb  wps_attr_build.o [9]
wps_build_wsc_ack       0x100236ad    0x42  Code  Gb  wps_common.o [9]
wps_build_wsc_nack      0x100236ef    0x4e  Code  Gb  wps_common.o [9]
wps_check_and_show_connection_info
                        0x1001b055    0x24  Code  Gb  wifi_wps_config.o [2]
wps_decrypt_encr_settings
                        0x10023589    0x7e  Code  Gb  wps_common.o [9]
wps_deinit              0x1004dbcf    0x58  Code  Gb  wps.o [9]
wps_derive_keys         0x10023459    0xde  Code  Gb  wps_common.o [9]
wps_derive_psk          0x10023537    0x52  Code  Gb  wps_common.o [9]
wps_device_data_free    0x1004e05f    0x44  Code  Gb  wps_dev_attr.o [9]
wps_enrollee_get_msg    0x1004e4c3   0x11e  Code  Gb  wps_enrollee.o [9]
wps_enrollee_process_msg
                        0x1004ea2f    0xb4  Code  Gb  wps_enrollee.o [9]
wps_generate_pin        0x10023667    0x3a  Code  Gb  wps_common.o [9]
wps_get_msg             0x1004dc31     0x4  Code  Gb  wps.o [9]
wps_init                0x1004dab1   0x106  Code  Gb  wps.o [9]
wps_judge_staion_disconnect
                        0x1001b3f3    0x46  Code  Gb  wifi_wps_config.o [2]
wps_kdf                 0x100233b5    0xa4  Code  Gb  wps_common.o [9]
wps_oui                 0x00035440     0x4  Data  Lc  rom.o [11]
wps_parse_msg           0x1004eee1    0x8c  Code  Gb  wps_attr_parse.o [9]
wps_parse_vendor_ext_wfa
                        0x1004eaf7    0x5c  Code  Lc  wps_attr_parse.o [9]
wps_password_id         0x100563ac     0x1  Data  Gb  wifi_wps_config.o [2]
wps_pin_checksum        0x10023607    0x3e  Code  Gb  wps_common.o [9]
wps_pin_code            0x100563b4    0x20  Data  Gb  wifi_wps_config.o [2]
wps_pin_valid           0x10023645    0x22  Code  Gb  wps_common.o [9]
wps_process_authenticator
                        0x1004ef6d    0x4e  Code  Gb  wps_attr_process.o [9]
wps_process_cred        0x1004f0bf    0x54  Code  Gb  wps_attr_process.o [9]
wps_process_cred_auth_type
                        0x1004f021    0x12  Code  Lc  wps_attr_process.o [9]
wps_process_cred_e      0x1004e69f    0x42  Code  Lc  wps_enrollee.o [9]
wps_process_cred_encr_type
                        0x1004f033    0x12  Code  Lc  wps_attr_process.o [9]
wps_process_cred_mac_addr
                        0x1004f085    0x16  Code  Lc  wps_attr_process.o [9]
wps_process_cred_network_key
                        0x1004f057    0x28  Code  Lc  wps_attr_process.o [9]
wps_process_cred_network_key_idx
                        0x1004f04b     0xc  Code  Lc  wps_attr_process.o [9]
wps_process_cred_ssid   0x1004eff7    0x2a  Code  Lc  wps_attr_process.o [9]
wps_process_creds       0x1004e6e1    0x40  Code  Lc  wps_enrollee.o [9]
wps_process_device_attrs
                        0x1004df61    0xea  Code  Gb  wps_dev_attr.o [9]
wps_process_enrollee_nonce
                        0x1004e5e1    0x18  Code  Lc  wps_enrollee.o [9]
wps_process_key_wrap_auth
                        0x1004efbb    0x3c  Code  Gb  wps_attr_process.o [9]
wps_process_m2          0x1004e721    0x90  Code  Lc  wps_enrollee.o [9]
wps_process_m4          0x1004e7b1    0x86  Code  Lc  wps_enrollee.o [9]
wps_process_m8          0x1004e847    0x7a  Code  Lc  wps_enrollee.o [9]
wps_process_msg         0x1004dc2d     0x4  Code  Gb  wps.o [9]
wps_process_r_snonce1   0x1004e5f9    0x38  Code  Lc  wps_enrollee.o [9]
wps_process_r_snonce2   0x1004e631    0x38  Code  Lc  wps_enrollee.o [9]
wps_process_wsc_msg     0x1004e8e1   0x14e  Code  Lc  wps_enrollee.o [9]
wps_scan_result_handler
                        0x1001b079    0x82  Code  Lc  wifi_wps_config.o [2]
wps_set_attr            0x1004eb53   0x38e  Code  Lc  wps_attr_parse.o [9]
wps_start               0x1001b107   0x2e2  Code  Gb  wifi_wps_config.o [2]
wps_validate_assoc_state
                        0x1004f1dd    0x18  Code  Lc  wps_validate.o [9]
wps_validate_auth_type  0x1004f30d    0x2c  Code  Lc  wps_validate.o [9]
wps_validate_auth_type_flags
                        0x1004f2f1    0x1c  Code  Lc  wps_validate.o [9]
wps_validate_authenticator
                        0x1004f3a7     0xa  Code  Lc  wps_validate.o [9]
wps_validate_config_error
                        0x1004f1f5    0x18  Code  Lc  wps_validate.o [9]
wps_validate_config_methods
                        0x1004f191    0x20  Code  Lc  wps_validate.o [9]
wps_validate_conn_type_flags
                        0x1004f387    0x16  Code  Lc  wps_validate.o [9]
wps_validate_cred       0x1004f41d    0x82  Code  Lc  wps_validate.o [9]
wps_validate_dev_name   0x1004f27f    0x16  Code  Lc  wps_validate.o [9]
wps_validate_dev_password_id
                        0x1004f20d    0x1a  Code  Lc  wps_validate.o [9]
wps_validate_encr_settings
                        0x1004f3b1    0x10  Code  Lc  wps_validate.o [9]
wps_validate_encr_type  0x1004f355    0x2c  Code  Lc  wps_validate.o [9]
wps_validate_encr_type_flags
                        0x1004f339    0x1c  Code  Lc  wps_validate.o [9]
wps_validate_enrollee_nonce
                        0x1004f2bb     0xa  Code  Lc  wps_validate.o [9]
wps_validate_key_wrap_auth
                        0x1004f3c1     0xa  Code  Lc  wps_validate.o [9]
wps_validate_m2         0x1004f4db   0x10e  Code  Gb  wps_validate.o [9]
wps_validate_m2d        0x1004f5e9    0xda  Code  Gb  wps_validate.o [9]
wps_validate_m4         0x1004f6d1    0x56  Code  Gb  wps_validate.o [9]
wps_validate_m4_encr    0x1004f727    0x28  Code  Gb  wps_validate.o [9]
wps_validate_m6         0x1004f773    0x4a  Code  Gb  wps_validate.o [9]
wps_validate_m6_encr    0x1004f7d3    0x28  Code  Gb  wps_validate.o [9]
wps_validate_m8         0x1004f7fb    0x4a  Code  Gb  wps_validate.o [9]
wps_validate_m8_encr    0x1004f845    0x8a  Code  Gb  wps_validate.o [9]
wps_validate_mac_addr   0x1004f2a9    0x12  Code  Lc  wps_validate.o [9]
wps_validate_manufacturer
                        0x1004f227    0x16  Code  Lc  wps_validate.o [9]
wps_validate_model_name
                        0x1004f23d    0x16  Code  Lc  wps_validate.o [9]
wps_validate_model_number
                        0x1004f253    0x16  Code  Lc  wps_validate.o [9]
wps_validate_msg_type   0x1004f295    0x14  Code  Lc  wps_validate.o [9]
wps_validate_network_key
                        0x1004f3ef    0x2e  Code  Lc  wps_validate.o [9]
wps_validate_network_key_index
                        0x1004f3e5     0xa  Code  Lc  wps_validate.o [9]
wps_validate_os_version
                        0x1004f39d     0xa  Code  Lc  wps_validate.o [9]
wps_validate_primary_dev_type
                        0x1004f1bb     0xa  Code  Lc  wps_validate.o [9]
wps_validate_public_key
                        0x1004f2cf    0x10  Code  Lc  wps_validate.o [9]
wps_validate_registrar_nonce
                        0x1004f2c5     0xa  Code  Lc  wps_validate.o [9]
wps_validate_rf_bands   0x1004f1c5    0x18  Code  Lc  wps_validate.o [9]
wps_validate_serial_number
                        0x1004f269    0x16  Code  Lc  wps_validate.o [9]
wps_validate_ssid       0x1004f3cb    0x1a  Code  Lc  wps_validate.o [9]
wps_validate_uuid_r     0x1004f1b1     0xa  Code  Lc  wps_validate.o [9]
wps_validate_version    0x1004f133    0x12  Code  Lc  wps_validate.o [9]
wps_validate_version2   0x1004f145    0x12  Code  Lc  wps_validate.o [9]
wps_validate_wsc_ack    0x1004f8cf    0x46  Code  Gb  wps_validate.o [9]
wps_validate_wsc_nack   0x1004f915    0x4e  Code  Gb  wps_validate.o [9]
wps_workaround_cred_key
                        0x1004f09b    0x24  Code  Lc  wps_attr_process.o [9]
wrapper_skbbuf_list     0x1005801c     0x8  Data  Lc  freertos_skbuff.o [8]
write_cam               0x10036769    0x6a  Code  Gb  rtw_wlan_util.o [8]
write_ota_addr_to_system_data
                        0x1000ff45    0x96  Code  Gb  update.o [2]
wsc_eap                 0x1005a140    0x1c  Data  Gb  eap_wsc.o [9]
xActiveTimerList1       0x10056128    0x14  Data  Lc  timers.o [2]
xActiveTimerList2       0x1005613c    0x14  Data  Lc  timers.o [2]
xBlockAllocatedBit      0x10055a94     0x4  Data  Lc  heap_5.o [2]
xDelayedTaskList1       0x100500d8    0x14  Data  Lc  tasks.o [2]
xDelayedTaskList2       0x100500ec    0x14  Data  Lc  tasks.o [2]
xFreeBytesRemaining     0x10055a8c     0x4  Data  Lc  heap_5.o [2]
xHeapRegions            0x10055a68    0x18  Data  Gb  heap_5.o [2]
xMaximumPossibleSuppressedTicks
                        0x10055d04     0x4  Data  Lc  port.o [2]
xMinimumEverFreeBytesRemaining
                        0x10055a90     0x4  Data  Lc  heap_5.o [2]
xNextTaskUnblockTime    0x100500d0     0x4  Data  Lc  tasks.o [2]
xNumOfOverflows         0x100500c8     0x4  Data  Lc  tasks.o [2]
xPendingReadyList       0x10050064    0x14  Data  Lc  tasks.o [2]
xPortGetFreeHeapSize    0x1001823b     0x6  Code  Gb  heap_5.o [2]
xPortPendSVHandler      0x1004fbb5          Code  Gb  portasm.o [2]
xPortStartScheduler     0x10017e2d    0x26  Code  Gb  port.o [2]
xPortSysTickHandler     0x10017e8f    0x1e  Code  Gb  port.o [2]
xQueueCreateCountingSemaphore
                        0x10017a4d    0x12  Code  Gb  queue.o [2]
xQueueCreateMutex       0x10017a03    0x40  Code  Gb  queue.o [2]
xQueueGenericCreate     0x100179c7    0x3c  Code  Gb  queue.o [2]
xQueueGenericReceive    0x10017b8f    0xfa  Code  Gb  queue.o [2]
xQueueGenericReset      0x10017967    0x60  Code  Gb  queue.o [2]
xQueueGenericSend       0x10017a5f    0xc4  Code  Gb  queue.o [2]
xQueueGenericSendFromISR
                        0x10017b23    0x6c  Code  Gb  queue.o [2]
xSchedulerRunning       0x100500bc     0x4  Data  Lc  tasks.o [2]
xStart                  0x10055a80     0x8  Data  Lc  heap_5.o [2]
xSuspendedTaskList      0x1005009c    0x14  Data  Lc  tasks.o [2]
xTaskCheckForTimeOut    0x10015e33    0x3c  Code  Gb  tasks.o [2]
xTaskGenericCreate      0x1001585d   0x118  Code  Gb  tasks.o [2]
xTaskGetSchedulerState  0x10015f9b    0x16  Code  Gb  tasks.o [2]
xTaskGetTickCount       0x10015be5     0xc  Code  Gb  tasks.o [2]
xTaskGetTickCountFromISR
                        0x10015bf9    0x14  Code  Gb  tasks.o [2]
xTaskIncrementTick      0x10015c25    0xb0  Code  Gb  tasks.o [2]
xTaskPriorityDisinherit
                        0x10016031    0x6a  Code  Gb  tasks.o [2]
xTaskRemoveFromEventList
                        0x10015dc9    0x38  Code  Gb  tasks.o [2]
xTaskResumeAll          0x10015b59    0x8c  Code  Gb  tasks.o [2]
xTasksWaitingTermination
                        0x10050078    0x14  Data  Lc  tasks.o [2]
xTickCount              0x100500b4     0x4  Data  Lc  tasks.o [2]
xTimerCreate            0x1001fd07    0x3a  Code  Gb  timers.o [2]
xTimerCreateTimerTask   0x1001fcd5    0x32  Code  Gb  timers.o [2]
xTimerGenericCommand    0x1001fd41    0x46  Code  Gb  timers.o [2]
xTimerIsTimerActive     0x1001ffa3    0x1a  Code  Gb  timers.o [2]
xTimerQueue             0x10056120     0x4  Data  Lc  timers.o [2]
xYieldPending           0x100500c4     0x4  Data  Lc  tasks.o [2]
xmit_delivery_enabled_frames
                        0x1003b85b   0x102  Code  Gb  rtw_xmit.o [8]
xmitframe_addmic        0x1003aa67   0x18e  Code  Gb  rtw_xmit.o [8]
xmitframe_enqueue_for_sleeping_sta
                        0x1003b3eb   0x154  Code  Gb  rtw_xmit.o [8]
xmitframe_swencrypt     0x1003abfb    0x30  Code  Gb  rtw_xmit.o [8]
xnetif                  0x10055c48    0x78  Data  Gb  lwip_netconf.o [2]
z1                      0x10000374     0x4  Data  Lc  rom.o [11]
z2                      0x10000378     0x4  Data  Lc  rom.o [11]
z3                      0x1000037c     0x4  Data  Lc  rom.o [11]
z4                      0x10000380     0x4  Data  Lc  rom.o [11]
zero_bssid              0x1001d8e4     0x8  Data  Gb  rtw_promisc.o [8]
zeroes                  0x0003ec14    0x10  Data  Lc  rom.o [11]


[1] = D:\工作资料\斐联\sdk-ameba1-v3.4b\project\realtek_ameba1_va0_example\EWARM-RELEASE\..\..\..\component\soc\realtek\8195a\misc\bsp\image
[2] = D:\工作资料\斐联\sdk-ameba1-v3.4b\project\realtek_ameba1_va0_example\EWARM-RELEASE\Debug\Obj
[3] = command line
[4] = dl7M_tln.a
[5] = lib_mdns.a
[6] = lib_platform.a
[7] = lib_rtlstd.a
[8] = lib_wlan.a
[9] = lib_wps.a
[10] = m7M_tl.a
[11] = rom.a
[12] = rt7M_tl.a

  291 568 bytes of readonly  code memory
  276 520 bytes of readwrite code memory
   24 698 bytes of readonly  data memory
  183 242 bytes of readwrite data memory

Errors: none
Warnings: none
