###############################################################################
#
# IAR ELF Linker V7.30.1.7746/W32 for ARM                 20/Feb/2016  10:03:13
# Copyright 2007-2014 IAR Systems AB.
#
#    Output file  =  
#        D:\工作资料\斐联\sdk-ameba1-v3.4b\project\realtek_ameba1_va0_example\EWARM-RELEASE\Debug\Exe\application.axf
#    Map file     =  
#        D:\工作资料\斐联\sdk-ameba1-v3.4b\project\realtek_ameba1_va0_example\EWARM-RELEASE\Debug\List\application.map
#    Command line =  
#        D:\工作资料\斐联\sdk-ameba1-v3.4b\project\realtek_ameba1_va0_example\EWARM-RELEASE\Debug\Obj\ac_api.o
#        D:\工作资料\斐联\sdk-ameba1-v3.4b\project\realtek_ameba1_va0_example\EWARM-RELEASE\Debug\Obj\ac_hal.o
#        D:\工作资料\斐联\sdk-ameba1-v3.4b\project\realtek_ameba1_va0_example\EWARM-RELEASE\Debug\Obj\aes.o
#        D:\工作资料\斐联\sdk-ameba1-v3.4b\project\realtek_ameba1_va0_example\EWARM-RELEASE\Debug\Obj\aes_cbc.o
#        D:\工作资料\斐联\sdk-ameba1-v3.4b\project\realtek_ameba1_va0_example\EWARM-RELEASE\Debug\Obj\aes_core.o
#        D:\工作资料\斐联\sdk-ameba1-v3.4b\project\realtek_ameba1_va0_example\EWARM-RELEASE\Debug\Obj\aesni.o
#        D:\工作资料\斐联\sdk-ameba1-v3.4b\project\realtek_ameba1_va0_example\EWARM-RELEASE\Debug\Obj\analogin_api.o
#        D:\工作资料\斐联\sdk-ameba1-v3.4b\project\realtek_ameba1_va0_example\EWARM-RELEASE\Debug\Obj\api_lib.o
#        D:\工作资料\斐联\sdk-ameba1-v3.4b\project\realtek_ameba1_va0_example\EWARM-RELEASE\Debug\Obj\api_msg.o
#        D:\工作资料\斐联\sdk-ameba1-v3.4b\project\realtek_ameba1_va0_example\EWARM-RELEASE\Debug\Obj\arc4.o
#        D:\工作资料\斐联\sdk-ameba1-v3.4b\project\realtek_ameba1_va0_example\EWARM-RELEASE\Debug\Obj\asn1parse.o
#        D:\工作资料\斐联\sdk-ameba1-v3.4b\project\realtek_ameba1_va0_example\EWARM-RELEASE\Debug\Obj\asn1write.o
#        D:\工作资料\斐联\sdk-ameba1-v3.4b\project\realtek_ameba1_va0_example\EWARM-RELEASE\Debug\Obj\atcmd_google.o
#        D:\工作资料\斐联\sdk-ameba1-v3.4b\project\realtek_ameba1_va0_example\EWARM-RELEASE\Debug\Obj\atcmd_sys.o
#        D:\工作资料\斐联\sdk-ameba1-v3.4b\project\realtek_ameba1_va0_example\EWARM-RELEASE\Debug\Obj\atcmd_wifi.o
#        D:\工作资料\斐联\sdk-ameba1-v3.4b\project\realtek_ameba1_va0_example\EWARM-RELEASE\Debug\Obj\autoip.o
#        D:\工作资料\斐联\sdk-ameba1-v3.4b\project\realtek_ameba1_va0_example\EWARM-RELEASE\Debug\Obj\base64.o
#        D:\工作资料\斐联\sdk-ameba1-v3.4b\project\realtek_ameba1_va0_example\EWARM-RELEASE\Debug\Obj\bignum.o
#        D:\工作资料\斐联\sdk-ameba1-v3.4b\project\realtek_ameba1_va0_example\EWARM-RELEASE\Debug\Obj\blowfish.o
#        D:\工作资料\斐联\sdk-ameba1-v3.4b\project\realtek_ameba1_va0_example\EWARM-RELEASE\Debug\Obj\camellia.o
#        D:\工作资料\斐联\sdk-ameba1-v3.4b\project\realtek_ameba1_va0_example\EWARM-RELEASE\Debug\Obj\ccm.o
#        D:\工作资料\斐联\sdk-ameba1-v3.4b\project\realtek_ameba1_va0_example\EWARM-RELEASE\Debug\Obj\certs.o
#        D:\工作资料\斐联\sdk-ameba1-v3.4b\project\realtek_ameba1_va0_example\EWARM-RELEASE\Debug\Obj\cipher.o
#        D:\工作资料\斐联\sdk-ameba1-v3.4b\project\realtek_ameba1_va0_example\EWARM-RELEASE\Debug\Obj\cipher_wrap.o
#        D:\工作资料\斐联\sdk-ameba1-v3.4b\project\realtek_ameba1_va0_example\EWARM-RELEASE\Debug\Obj\cJSON.o
#        D:\工作资料\斐联\sdk-ameba1-v3.4b\project\realtek_ameba1_va0_example\EWARM-RELEASE\Debug\Obj\cmsis_os.o
#        D:\工作资料\斐联\sdk-ameba1-v3.4b\project\realtek_ameba1_va0_example\EWARM-RELEASE\Debug\Obj\crc.o
#        D:\工作资料\斐联\sdk-ameba1-v3.4b\project\realtek_ameba1_va0_example\EWARM-RELEASE\Debug\Obj\croutine.o
#        D:\工作资料\斐联\sdk-ameba1-v3.4b\project\realtek_ameba1_va0_example\EWARM-RELEASE\Debug\Obj\ctr_drbg.o
#        D:\工作资料\斐联\sdk-ameba1-v3.4b\project\realtek_ameba1_va0_example\EWARM-RELEASE\Debug\Obj\debug.o
#        D:\工作资料\斐联\sdk-ameba1-v3.4b\project\realtek_ameba1_va0_example\EWARM-RELEASE\Debug\Obj\def.o
#        D:\工作资料\斐联\sdk-ameba1-v3.4b\project\realtek_ameba1_va0_example\EWARM-RELEASE\Debug\Obj\des.o
#        D:\工作资料\斐联\sdk-ameba1-v3.4b\project\realtek_ameba1_va0_example\EWARM-RELEASE\Debug\Obj\dhcp.o
#        D:\工作资料\斐联\sdk-ameba1-v3.4b\project\realtek_ameba1_va0_example\EWARM-RELEASE\Debug\Obj\dhcps.o
#        D:\工作资料\斐联\sdk-ameba1-v3.4b\project\realtek_ameba1_va0_example\EWARM-RELEASE\Debug\Obj\dhm.o
#        D:\工作资料\斐联\sdk-ameba1-v3.4b\project\realtek_ameba1_va0_example\EWARM-RELEASE\Debug\Obj\dma_api.o
#        D:\工作资料\斐联\sdk-ameba1-v3.4b\project\realtek_ameba1_va0_example\EWARM-RELEASE\Debug\Obj\dns.o
#        D:\工作资料\斐联\sdk-ameba1-v3.4b\project\realtek_ameba1_va0_example\EWARM-RELEASE\Debug\Obj\ecdh.o
#        D:\工作资料\斐联\sdk-ameba1-v3.4b\project\realtek_ameba1_va0_example\EWARM-RELEASE\Debug\Obj\ecdsa.o
#        D:\工作资料\斐联\sdk-ameba1-v3.4b\project\realtek_ameba1_va0_example\EWARM-RELEASE\Debug\Obj\ecp.o
#        D:\工作资料\斐联\sdk-ameba1-v3.4b\project\realtek_ameba1_va0_example\EWARM-RELEASE\Debug\Obj\ecp_curves.o
#        D:\工作资料\斐联\sdk-ameba1-v3.4b\project\realtek_ameba1_va0_example\EWARM-RELEASE\Debug\Obj\efuse1_api.o
#        D:\工作资料\斐联\sdk-ameba1-v3.4b\project\realtek_ameba1_va0_example\EWARM-RELEASE\Debug\Obj\efuse2_api.o
#        D:\工作资料\斐联\sdk-ameba1-v3.4b\project\realtek_ameba1_va0_example\EWARM-RELEASE\Debug\Obj\efuse3_api.o
#        D:\工作资料\斐联\sdk-ameba1-v3.4b\project\realtek_ameba1_va0_example\EWARM-RELEASE\Debug\Obj\entropy.o
#        D:\工作资料\斐联\sdk-ameba1-v3.4b\project\realtek_ameba1_va0_example\EWARM-RELEASE\Debug\Obj\entropy_poll.o
#        D:\工作资料\斐联\sdk-ameba1-v3.4b\project\realtek_ameba1_va0_example\EWARM-RELEASE\Debug\Obj\err.o
#        D:\工作资料\斐联\sdk-ameba1-v3.4b\project\realtek_ameba1_va0_example\EWARM-RELEASE\Debug\Obj\error.o
#        D:\工作资料\斐联\sdk-ameba1-v3.4b\project\realtek_ameba1_va0_example\EWARM-RELEASE\Debug\Obj\etharp.o
#        D:\工作资料\斐联\sdk-ameba1-v3.4b\project\realtek_ameba1_va0_example\EWARM-RELEASE\Debug\Obj\ethernetif.o
#        D:\工作资料\斐联\sdk-ameba1-v3.4b\project\realtek_ameba1_va0_example\EWARM-RELEASE\Debug\Obj\event_groups.o
#        D:\工作资料\斐联\sdk-ameba1-v3.4b\project\realtek_ameba1_va0_example\EWARM-RELEASE\Debug\Obj\example_entry.o
#        D:\工作资料\斐联\sdk-ameba1-v3.4b\project\realtek_ameba1_va0_example\EWARM-RELEASE\Debug\Obj\example_google.o
#        D:\工作资料\斐联\sdk-ameba1-v3.4b\project\realtek_ameba1_va0_example\EWARM-RELEASE\Debug\Obj\example_mcast.o
#        D:\工作资料\斐联\sdk-ameba1-v3.4b\project\realtek_ameba1_va0_example\EWARM-RELEASE\Debug\Obj\example_mdns.o
#        D:\工作资料\斐联\sdk-ameba1-v3.4b\project\realtek_ameba1_va0_example\EWARM-RELEASE\Debug\Obj\example_socket_select.o
#        D:\工作资料\斐联\sdk-ameba1-v3.4b\project\realtek_ameba1_va0_example\EWARM-RELEASE\Debug\Obj\example_ssl_download.o
#        D:\工作资料\斐联\sdk-ameba1-v3.4b\project\realtek_ameba1_va0_example\EWARM-RELEASE\Debug\Obj\example_wlan_fast_connect.o
#        D:\工作资料\斐联\sdk-ameba1-v3.4b\project\realtek_ameba1_va0_example\EWARM-RELEASE\Debug\Obj\example_xml.o
#        D:\工作资料\斐联\sdk-ameba1-v3.4b\project\realtek_ameba1_va0_example\EWARM-RELEASE\Debug\Obj\flash_api.o
#        D:\工作资料\斐联\sdk-ameba1-v3.4b\project\realtek_ameba1_va0_example\EWARM-RELEASE\Debug\Obj\freertos_pmu.o
#        D:\工作资料\斐联\sdk-ameba1-v3.4b\project\realtek_ameba1_va0_example\EWARM-RELEASE\Debug\Obj\freertos_service.o
#        D:\工作资料\斐联\sdk-ameba1-v3.4b\project\realtek_ameba1_va0_example\EWARM-RELEASE\Debug\Obj\gcm.o
#        D:\工作资料\斐联\sdk-ameba1-v3.4b\project\realtek_ameba1_va0_example\EWARM-RELEASE\Debug\Obj\gpio_api.o
#        D:\工作资料\斐联\sdk-ameba1-v3.4b\project\realtek_ameba1_va0_example\EWARM-RELEASE\Debug\Obj\gpio_irq_api.o
#        D:\工作资料\斐联\sdk-ameba1-v3.4b\project\realtek_ameba1_va0_example\EWARM-RELEASE\Debug\Obj\hal_32k.o
#        D:\工作资料\斐联\sdk-ameba1-v3.4b\project\realtek_ameba1_va0_example\EWARM-RELEASE\Debug\Obj\hal_adc.o
#        D:\工作资料\斐联\sdk-ameba1-v3.4b\project\realtek_ameba1_va0_example\EWARM-RELEASE\Debug\Obj\hal_gdma.o
#        D:\工作资料\斐联\sdk-ameba1-v3.4b\project\realtek_ameba1_va0_example\EWARM-RELEASE\Debug\Obj\hal_gpio.o
#        D:\工作资料\斐联\sdk-ameba1-v3.4b\project\realtek_ameba1_va0_example\EWARM-RELEASE\Debug\Obj\hal_i2c.o
#        D:\工作资料\斐联\sdk-ameba1-v3.4b\project\realtek_ameba1_va0_example\EWARM-RELEASE\Debug\Obj\hal_i2s.o
#        D:\工作资料\斐联\sdk-ameba1-v3.4b\project\realtek_ameba1_va0_example\EWARM-RELEASE\Debug\Obj\hal_mii.o
#        D:\工作资料\斐联\sdk-ameba1-v3.4b\project\realtek_ameba1_va0_example\EWARM-RELEASE\Debug\Obj\hal_nfc.o
#        D:\工作资料\斐联\sdk-ameba1-v3.4b\project\realtek_ameba1_va0_example\EWARM-RELEASE\Debug\Obj\hal_pcm.o
#        D:\工作资料\斐联\sdk-ameba1-v3.4b\project\realtek_ameba1_va0_example\EWARM-RELEASE\Debug\Obj\hal_pwm.o
#        D:\工作资料\斐联\sdk-ameba1-v3.4b\project\realtek_ameba1_va0_example\EWARM-RELEASE\Debug\Obj\hal_sdr_controller.o
#        D:\工作资料\斐联\sdk-ameba1-v3.4b\project\realtek_ameba1_va0_example\EWARM-RELEASE\Debug\Obj\hal_soc_ps_monitor.o
#        D:\工作资料\斐联\sdk-ameba1-v3.4b\project\realtek_ameba1_va0_example\EWARM-RELEASE\Debug\Obj\hal_ssi.o
#        D:\工作资料\斐联\sdk-ameba1-v3.4b\project\realtek_ameba1_va0_example\EWARM-RELEASE\Debug\Obj\hal_timer.o
#        D:\工作资料\斐联\sdk-ameba1-v3.4b\project\realtek_ameba1_va0_example\EWARM-RELEASE\Debug\Obj\hal_uart.o
#        D:\工作资料\斐联\sdk-ameba1-v3.4b\project\realtek_ameba1_va0_example\EWARM-RELEASE\Debug\Obj\havege.o
#        D:\工作资料\斐联\sdk-ameba1-v3.4b\project\realtek_ameba1_va0_example\EWARM-RELEASE\Debug\Obj\heap_5.o
#        D:\工作资料\斐联\sdk-ameba1-v3.4b\project\realtek_ameba1_va0_example\EWARM-RELEASE\Debug\Obj\hmac_drbg.o
#        D:\工作资料\斐联\sdk-ameba1-v3.4b\project\realtek_ameba1_va0_example\EWARM-RELEASE\Debug\Obj\i2c_api.o
#        D:\工作资料\斐联\sdk-ameba1-v3.4b\project\realtek_ameba1_va0_example\EWARM-RELEASE\Debug\Obj\i2s_api.o
#        D:\工作资料\斐联\sdk-ameba1-v3.4b\project\realtek_ameba1_va0_example\EWARM-RELEASE\Debug\Obj\icmp.o
#        D:\工作资料\斐联\sdk-ameba1-v3.4b\project\realtek_ameba1_va0_example\EWARM-RELEASE\Debug\Obj\igmp.o
#        D:\工作资料\斐联\sdk-ameba1-v3.4b\project\realtek_ameba1_va0_example\EWARM-RELEASE\Debug\Obj\inet.o
#        D:\工作资料\斐联\sdk-ameba1-v3.4b\project\realtek_ameba1_va0_example\EWARM-RELEASE\Debug\Obj\inet_chksum.o
#        D:\工作资料\斐联\sdk-ameba1-v3.4b\project\realtek_ameba1_va0_example\EWARM-RELEASE\Debug\Obj\init.o
#        D:\工作资料\斐联\sdk-ameba1-v3.4b\project\realtek_ameba1_va0_example\EWARM-RELEASE\Debug\Obj\ip.o
#        D:\工作资料\斐联\sdk-ameba1-v3.4b\project\realtek_ameba1_va0_example\EWARM-RELEASE\Debug\Obj\ip_addr.o
#        D:\工作资料\斐联\sdk-ameba1-v3.4b\project\realtek_ameba1_va0_example\EWARM-RELEASE\Debug\Obj\ip_frag.o
#        D:\工作资料\斐联\sdk-ameba1-v3.4b\component\soc\realtek\8195a\misc\bsp\lib\common\IAR\lib_mdns.a
#        D:\工作资料\斐联\sdk-ameba1-v3.4b\component\soc\realtek\8195a\misc\bsp\lib\common\IAR\lib_platform.a
#        D:\工作资料\斐联\sdk-ameba1-v3.4b\component\soc\realtek\8195a\misc\bsp\lib\common\IAR\lib_rtlstd.a
#        D:\工作资料\斐联\sdk-ameba1-v3.4b\component\soc\realtek\8195a\misc\bsp\lib\common\IAR\lib_wlan.a
#        D:\工作资料\斐联\sdk-ameba1-v3.4b\component\soc\realtek\8195a\misc\bsp\lib\common\IAR\lib_wps.a
#        D:\工作资料\斐联\sdk-ameba1-v3.4b\project\realtek_ameba1_va0_example\EWARM-RELEASE\Debug\Obj\list.o
#        D:\工作资料\斐联\sdk-ameba1-v3.4b\project\realtek_ameba1_va0_example\EWARM-RELEASE\Debug\Obj\log_service.o
#        D:\工作资料\斐联\sdk-ameba1-v3.4b\project\realtek_ameba1_va0_example\EWARM-RELEASE\Debug\Obj\low_level_io.o
#        D:\工作资料\斐联\sdk-ameba1-v3.4b\project\realtek_ameba1_va0_example\EWARM-RELEASE\Debug\Obj\lwip_intf.o
#        D:\工作资料\斐联\sdk-ameba1-v3.4b\project\realtek_ameba1_va0_example\EWARM-RELEASE\Debug\Obj\lwip_netconf.o
#        D:\工作资料\斐联\sdk-ameba1-v3.4b\project\realtek_ameba1_va0_example\EWARM-RELEASE\Debug\Obj\lwip_timers.o
#        D:\工作资料\斐联\sdk-ameba1-v3.4b\project\realtek_ameba1_va0_example\EWARM-RELEASE\Debug\Obj\mailbox.o
#        D:\工作资料\斐联\sdk-ameba1-v3.4b\project\realtek_ameba1_va0_example\EWARM-RELEASE\Debug\Obj\main.o
#        D:\工作资料\斐联\sdk-ameba1-v3.4b\project\realtek_ameba1_va0_example\EWARM-RELEASE\Debug\Obj\md.o
#        D:\工作资料\斐联\sdk-ameba1-v3.4b\project\realtek_ameba1_va0_example\EWARM-RELEASE\Debug\Obj\md2.o
#        D:\工作资料\斐联\sdk-ameba1-v3.4b\project\realtek_ameba1_va0_example\EWARM-RELEASE\Debug\Obj\md4.o
#        D:\工作资料\斐联\sdk-ameba1-v3.4b\project\realtek_ameba1_va0_example\EWARM-RELEASE\Debug\Obj\md5.o
#        D:\工作资料\斐联\sdk-ameba1-v3.4b\project\realtek_ameba1_va0_example\EWARM-RELEASE\Debug\Obj\md_wrap.o
#        D:\工作资料\斐联\sdk-ameba1-v3.4b\project\realtek_ameba1_va0_example\EWARM-RELEASE\Debug\Obj\mDNSPlatform.o
#        D:\工作资料\斐联\sdk-ameba1-v3.4b\project\realtek_ameba1_va0_example\EWARM-RELEASE\Debug\Obj\mem.o
#        D:\工作资料\斐联\sdk-ameba1-v3.4b\project\realtek_ameba1_va0_example\EWARM-RELEASE\Debug\Obj\memory_buffer_alloc.o
#        D:\工作资料\斐联\sdk-ameba1-v3.4b\project\realtek_ameba1_va0_example\EWARM-RELEASE\Debug\Obj\memp.o
#        D:\工作资料\斐联\sdk-ameba1-v3.4b\project\realtek_ameba1_va0_example\EWARM-RELEASE\Debug\Obj\net.o
#        D:\工作资料\斐联\sdk-ameba1-v3.4b\project\realtek_ameba1_va0_example\EWARM-RELEASE\Debug\Obj\netbuf.o
#        D:\工作资料\斐联\sdk-ameba1-v3.4b\project\realtek_ameba1_va0_example\EWARM-RELEASE\Debug\Obj\netdb.o
#        D:\工作资料\斐联\sdk-ameba1-v3.4b\project\realtek_ameba1_va0_example\EWARM-RELEASE\Debug\Obj\netif.o
#        D:\工作资料\斐联\sdk-ameba1-v3.4b\project\realtek_ameba1_va0_example\EWARM-RELEASE\Debug\Obj\netifapi.o
#        D:\工作资料\斐联\sdk-ameba1-v3.4b\project\realtek_ameba1_va0_example\EWARM-RELEASE\Debug\Obj\nfc_api.o
#        D:\工作资料\斐联\sdk-ameba1-v3.4b\project\realtek_ameba1_va0_example\EWARM-RELEASE\Debug\Obj\oid.o
#        D:\工作资料\斐联\sdk-ameba1-v3.4b\project\realtek_ameba1_va0_example\EWARM-RELEASE\Debug\Obj\osdep_api.o
#        D:\工作资料\斐联\sdk-ameba1-v3.4b\project\realtek_ameba1_va0_example\EWARM-RELEASE\Debug\Obj\osdep_service.o
#        D:\工作资料\斐联\sdk-ameba1-v3.4b\project\realtek_ameba1_va0_example\EWARM-RELEASE\Debug\Obj\padlock.o
#        D:\工作资料\斐联\sdk-ameba1-v3.4b\project\realtek_ameba1_va0_example\EWARM-RELEASE\Debug\Obj\pbkdf2.o
#        D:\工作资料\斐联\sdk-ameba1-v3.4b\project\realtek_ameba1_va0_example\EWARM-RELEASE\Debug\Obj\pbuf.o
#        D:\工作资料\斐联\sdk-ameba1-v3.4b\project\realtek_ameba1_va0_example\EWARM-RELEASE\Debug\Obj\pem.o
#        D:\工作资料\斐联\sdk-ameba1-v3.4b\project\realtek_ameba1_va0_example\EWARM-RELEASE\Debug\Obj\ping_test.o
#        D:\工作资料\斐联\sdk-ameba1-v3.4b\project\realtek_ameba1_va0_example\EWARM-RELEASE\Debug\Obj\pinmap.o
#        D:\工作资料\斐联\sdk-ameba1-v3.4b\project\realtek_ameba1_va0_example\EWARM-RELEASE\Debug\Obj\pinmap_common.o
#        D:\工作资料\斐联\sdk-ameba1-v3.4b\project\realtek_ameba1_va0_example\EWARM-RELEASE\Debug\Obj\pk.o
#        D:\工作资料\斐联\sdk-ameba1-v3.4b\project\realtek_ameba1_va0_example\EWARM-RELEASE\Debug\Obj\pk_wrap.o
#        D:\工作资料\斐联\sdk-ameba1-v3.4b\project\realtek_ameba1_va0_example\EWARM-RELEASE\Debug\Obj\pkcs11.o
#        D:\工作资料\斐联\sdk-ameba1-v3.4b\project\realtek_ameba1_va0_example\EWARM-RELEASE\Debug\Obj\pkcs12.o
#        D:\工作资料\斐联\sdk-ameba1-v3.4b\project\realtek_ameba1_va0_example\EWARM-RELEASE\Debug\Obj\pkcs5.o
#        D:\工作资料\斐联\sdk-ameba1-v3.4b\project\realtek_ameba1_va0_example\EWARM-RELEASE\Debug\Obj\pkparse.o
#        D:\工作资料\斐联\sdk-ameba1-v3.4b\project\realtek_ameba1_va0_example\EWARM-RELEASE\Debug\Obj\pkwrite.o
#        D:\工作资料\斐联\sdk-ameba1-v3.4b\project\realtek_ameba1_va0_example\EWARM-RELEASE\Debug\Obj\platform.o
#        D:\工作资料\斐联\sdk-ameba1-v3.4b\project\realtek_ameba1_va0_example\EWARM-RELEASE\Debug\Obj\port.o
#        D:\工作资料\斐联\sdk-ameba1-v3.4b\project\realtek_ameba1_va0_example\EWARM-RELEASE\Debug\Obj\port_api.o
#        D:\工作资料\斐联\sdk-ameba1-v3.4b\project\realtek_ameba1_va0_example\EWARM-RELEASE\Debug\Obj\portasm.o
#        D:\工作资料\斐联\sdk-ameba1-v3.4b\project\realtek_ameba1_va0_example\EWARM-RELEASE\Debug\Obj\pwmout_api.o
#        D:\工作资料\斐联\sdk-ameba1-v3.4b\project\realtek_ameba1_va0_example\EWARM-RELEASE\Debug\Obj\queue.o
#        D:\工作资料\斐联\sdk-ameba1-v3.4b\project\realtek_ameba1_va0_example\EWARM-RELEASE\Debug\Obj\raw.o
#        D:\工作资料\斐联\sdk-ameba1-v3.4b\project\realtek_ameba1_va0_example\EWARM-RELEASE\Debug\Obj\ripemd160.o
#        D:\工作资料\斐联\sdk-ameba1-v3.4b\component\soc\realtek\8195a\misc\bsp\lib\va0\rom.a
#        D:\工作资料\斐联\sdk-ameba1-v3.4b\project\realtek_ameba1_va0_example\EWARM-RELEASE\Debug\Obj\rom_ssl_ram_map.o
#        D:\工作资料\斐联\sdk-ameba1-v3.4b\project\realtek_ameba1_va0_example\EWARM-RELEASE\Debug\Obj\rsa.o
#        D:\工作资料\斐联\sdk-ameba1-v3.4b\project\realtek_ameba1_va0_example\EWARM-RELEASE\Debug\Obj\rtc_api.o
#        D:\工作资料\斐联\sdk-ameba1-v3.4b\project\realtek_ameba1_va0_example\EWARM-RELEASE\Debug\Obj\rtl8195a_adc.o
#        D:\工作资料\斐联\sdk-ameba1-v3.4b\project\realtek_ameba1_va0_example\EWARM-RELEASE\Debug\Obj\rtl8195a_gdma.o
#        D:\工作资料\斐联\sdk-ameba1-v3.4b\project\realtek_ameba1_va0_example\EWARM-RELEASE\Debug\Obj\rtl8195a_gpio.o
#        D:\工作资料\斐联\sdk-ameba1-v3.4b\project\realtek_ameba1_va0_example\EWARM-RELEASE\Debug\Obj\rtl8195a_i2c.o
#        D:\工作资料\斐联\sdk-ameba1-v3.4b\project\realtek_ameba1_va0_example\EWARM-RELEASE\Debug\Obj\rtl8195a_i2s.o
#        D:\工作资料\斐联\sdk-ameba1-v3.4b\project\realtek_ameba1_va0_example\EWARM-RELEASE\Debug\Obj\rtl8195a_it.o
#        D:\工作资料\斐联\sdk-ameba1-v3.4b\project\realtek_ameba1_va0_example\EWARM-RELEASE\Debug\Obj\rtl8195a_nfc.o
#        D:\工作资料\斐联\sdk-ameba1-v3.4b\project\realtek_ameba1_va0_example\EWARM-RELEASE\Debug\Obj\rtl8195a_pwm.o
#        D:\工作资料\斐联\sdk-ameba1-v3.4b\project\realtek_ameba1_va0_example\EWARM-RELEASE\Debug\Obj\rtl8195a_ssi.o
#        D:\工作资料\斐联\sdk-ameba1-v3.4b\project\realtek_ameba1_va0_example\EWARM-RELEASE\Debug\Obj\rtl8195a_timer.o
#        D:\工作资料\斐联\sdk-ameba1-v3.4b\project\realtek_ameba1_va0_example\EWARM-RELEASE\Debug\Obj\rtl8195a_uart.o
#        D:\工作资料\斐联\sdk-ameba1-v3.4b\project\realtek_ameba1_va0_example\EWARM-RELEASE\Debug\Obj\rtl_consol.o
#        D:\工作资料\斐联\sdk-ameba1-v3.4b\project\realtek_ameba1_va0_example\EWARM-RELEASE\Debug\Obj\serial_api.o
#        D:\工作资料\斐联\sdk-ameba1-v3.4b\project\realtek_ameba1_va0_example\EWARM-RELEASE\Debug\Obj\sha1.o
#        D:\工作资料\斐联\sdk-ameba1-v3.4b\project\realtek_ameba1_va0_example\EWARM-RELEASE\Debug\Obj\sha256.o
#        D:\工作资料\斐联\sdk-ameba1-v3.4b\project\realtek_ameba1_va0_example\EWARM-RELEASE\Debug\Obj\sha512.o
#        D:\工作资料\斐联\sdk-ameba1-v3.4b\project\realtek_ameba1_va0_example\EWARM-RELEASE\Debug\Obj\sleep.o
#        D:\工作资料\斐联\sdk-ameba1-v3.4b\project\realtek_ameba1_va0_example\EWARM-RELEASE\Debug\Obj\sockets.o
#        D:\工作资料\斐联\sdk-ameba1-v3.4b\project\realtek_ameba1_va0_example\EWARM-RELEASE\Debug\Obj\spi_api.o
#        D:\工作资料\斐联\sdk-ameba1-v3.4b\project\realtek_ameba1_va0_example\EWARM-RELEASE\Debug\Obj\ssl_cache.o
#        D:\工作资料\斐联\sdk-ameba1-v3.4b\project\realtek_ameba1_va0_example\EWARM-RELEASE\Debug\Obj\ssl_ciphersuites.o
#        D:\工作资料\斐联\sdk-ameba1-v3.4b\project\realtek_ameba1_va0_example\EWARM-RELEASE\Debug\Obj\ssl_cli.o
#        D:\工作资料\斐联\sdk-ameba1-v3.4b\project\realtek_ameba1_va0_example\EWARM-RELEASE\Debug\Obj\ssl_client.o
#        D:\工作资料\斐联\sdk-ameba1-v3.4b\project\realtek_ameba1_va0_example\EWARM-RELEASE\Debug\Obj\ssl_ram_map.o
#        D:\工作资料\斐联\sdk-ameba1-v3.4b\project\realtek_ameba1_va0_example\EWARM-RELEASE\Debug\Obj\ssl_srv.o
#        D:\工作资料\斐联\sdk-ameba1-v3.4b\project\realtek_ameba1_va0_example\EWARM-RELEASE\Debug\Obj\ssl_tls.o
#        D:\工作资料\斐联\sdk-ameba1-v3.4b\project\realtek_ameba1_va0_example\EWARM-RELEASE\Debug\Obj\stats.o
#        D:\工作资料\斐联\sdk-ameba1-v3.4b\project\realtek_ameba1_va0_example\EWARM-RELEASE\Debug\Obj\sys.o
#        D:\工作资料\斐联\sdk-ameba1-v3.4b\project\realtek_ameba1_va0_example\EWARM-RELEASE\Debug\Obj\sys_api.o
#        D:\工作资料\斐联\sdk-ameba1-v3.4b\project\realtek_ameba1_va0_example\EWARM-RELEASE\Debug\Obj\sys_arch.o
#        D:\工作资料\斐联\sdk-ameba1-v3.4b\project\realtek_ameba1_va0_example\EWARM-RELEASE\Debug\Obj\system_8195a.o
#        D:\工作资料\斐联\sdk-ameba1-v3.4b\project\realtek_ameba1_va0_example\EWARM-RELEASE\Debug\Obj\tasks.o
#        D:\工作资料\斐联\sdk-ameba1-v3.4b\project\realtek_ameba1_va0_example\EWARM-RELEASE\Debug\Obj\tcm_heap.o
#        D:\工作资料\斐联\sdk-ameba1-v3.4b\project\realtek_ameba1_va0_example\EWARM-RELEASE\Debug\Obj\tcp.o
#        D:\工作资料\斐联\sdk-ameba1-v3.4b\project\realtek_ameba1_va0_example\EWARM-RELEASE\Debug\Obj\tcp_in.o
#        D:\工作资料\斐联\sdk-ameba1-v3.4b\project\realtek_ameba1_va0_example\EWARM-RELEASE\Debug\Obj\tcp_out.o
#        D:\工作资料\斐联\sdk-ameba1-v3.4b\project\realtek_ameba1_va0_example\EWARM-RELEASE\Debug\Obj\tcpip.o
#        D:\工作资料\斐联\sdk-ameba1-v3.4b\project\realtek_ameba1_va0_example\EWARM-RELEASE\Debug\Obj\tcptest.o
#        D:\工作资料\斐联\sdk-ameba1-v3.4b\project\realtek_ameba1_va0_example\EWARM-RELEASE\Debug\Obj\threading.o
#        D:\工作资料\斐联\sdk-ameba1-v3.4b\project\realtek_ameba1_va0_example\EWARM-RELEASE\Debug\Obj\timer_api.o
#        D:\工作资料\斐联\sdk-ameba1-v3.4b\project\realtek_ameba1_va0_example\EWARM-RELEASE\Debug\Obj\timers.o
#        D:\工作资料\斐联\sdk-ameba1-v3.4b\project\realtek_ameba1_va0_example\EWARM-RELEASE\Debug\Obj\timing.o
#        D:\工作资料\斐联\sdk-ameba1-v3.4b\project\realtek_ameba1_va0_example\EWARM-RELEASE\Debug\Obj\uart_adapter.o
#        D:\工作资料\斐联\sdk-ameba1-v3.4b\project\realtek_ameba1_va0_example\EWARM-RELEASE\Debug\Obj\uart_socket.o
#        D:\工作资料\斐联\sdk-ameba1-v3.4b\project\realtek_ameba1_va0_example\EWARM-RELEASE\Debug\Obj\udp.o
#        D:\工作资料\斐联\sdk-ameba1-v3.4b\project\realtek_ameba1_va0_example\EWARM-RELEASE\Debug\Obj\update.o
#        D:\工作资料\斐联\sdk-ameba1-v3.4b\project\realtek_ameba1_va0_example\EWARM-RELEASE\Debug\Obj\us_ticker.o
#        D:\工作资料\斐联\sdk-ameba1-v3.4b\project\realtek_ameba1_va0_example\EWARM-RELEASE\Debug\Obj\us_ticker_api.o
#        D:\工作资料\斐联\sdk-ameba1-v3.4b\project\realtek_ameba1_va0_example\EWARM-RELEASE\Debug\Obj\version.o
#        D:\工作资料\斐联\sdk-ameba1-v3.4b\project\realtek_ameba1_va0_example\EWARM-RELEASE\Debug\Obj\version_features.o
#        D:\工作资料\斐联\sdk-ameba1-v3.4b\project\realtek_ameba1_va0_example\EWARM-RELEASE\Debug\Obj\wait_api.o
#        D:\工作资料\斐联\sdk-ameba1-v3.4b\project\realtek_ameba1_va0_example\EWARM-RELEASE\Debug\Obj\wdt_api.o
#        D:\工作资料\斐联\sdk-ameba1-v3.4b\project\realtek_ameba1_va0_example\EWARM-RELEASE\Debug\Obj\webserver.o
#        D:\工作资料\斐联\sdk-ameba1-v3.4b\project\realtek_ameba1_va0_example\EWARM-RELEASE\Debug\Obj\wifi_conf.o
#        D:\工作资料\斐联\sdk-ameba1-v3.4b\project\realtek_ameba1_va0_example\EWARM-RELEASE\Debug\Obj\wifi_ind.o
#        D:\工作资料\斐联\sdk-ameba1-v3.4b\project\realtek_ameba1_va0_example\EWARM-RELEASE\Debug\Obj\wifi_interactive_mode.o
#        D:\工作资料\斐联\sdk-ameba1-v3.4b\project\realtek_ameba1_va0_example\EWARM-RELEASE\Debug\Obj\wifi_promisc.o
#        D:\工作资料\斐联\sdk-ameba1-v3.4b\project\realtek_ameba1_va0_example\EWARM-RELEASE\Debug\Obj\wifi_simple_config.o
#        D:\工作资料\斐联\sdk-ameba1-v3.4b\project\realtek_ameba1_va0_example\EWARM-RELEASE\Debug\Obj\wifi_util.o
#        D:\工作资料\斐联\sdk-ameba1-v3.4b\project\realtek_ameba1_va0_example\EWARM-RELEASE\Debug\Obj\wifi_wps_config.o
#        D:\工作资料\斐联\sdk-ameba1-v3.4b\project\realtek_ameba1_va0_example\EWARM-RELEASE\Debug\Obj\wlan_network.o
#        D:\工作资料\斐联\sdk-ameba1-v3.4b\project\realtek_ameba1_va0_example\EWARM-RELEASE\Debug\Obj\x509.o
#        D:\工作资料\斐联\sdk-ameba1-v3.4b\project\realtek_ameba1_va0_example\EWARM-RELEASE\Debug\Obj\x509_create.o
#        D:\工作资料\斐联\sdk-ameba1-v3.4b\project\realtek_ameba1_va0_example\EWARM-RELEASE\Debug\Obj\x509_crl.o
#        D:\工作资料\斐联\sdk-ameba1-v3.4b\project\realtek_ameba1_va0_example\EWARM-RELEASE\Debug\Obj\x509_crt.o
#        D:\工作资料\斐联\sdk-ameba1-v3.4b\project\realtek_ameba1_va0_example\EWARM-RELEASE\Debug\Obj\x509_csr.o
#        D:\工作资料\斐联\sdk-ameba1-v3.4b\project\realtek_ameba1_va0_example\EWARM-RELEASE\Debug\Obj\x509write_crt.o
#        D:\工作资料\斐联\sdk-ameba1-v3.4b\project\realtek_ameba1_va0_example\EWARM-RELEASE\Debug\Obj\x509write_csr.o
#        D:\工作资料\斐联\sdk-ameba1-v3.4b\project\realtek_ameba1_va0_example\EWARM-RELEASE\Debug\Obj\xml.o
#        D:\工作资料\斐联\sdk-ameba1-v3.4b\project\realtek_ameba1_va0_example\EWARM-RELEASE\Debug\Obj\xtea.o
#        D:\工作资料\斐联\sdk-ameba1-v3.4b\project\realtek_ameba1_va0_example\EWARM-RELEASE\Debug\Obj\zc_bc.o
#        D:\工作资料\斐联\sdk-ameba1-v3.4b\project\realtek_ameba1_va0_example\EWARM-RELEASE\Debug\Obj\zc_client_manager.o
#        D:\工作资料\斐联\sdk-ameba1-v3.4b\project\realtek_ameba1_va0_example\EWARM-RELEASE\Debug\Obj\zc_cloud_event.o
#        D:\工作资料\斐联\sdk-ameba1-v3.4b\project\realtek_ameba1_va0_example\EWARM-RELEASE\Debug\Obj\zc_common.o
#        D:\工作资料\斐联\sdk-ameba1-v3.4b\project\realtek_ameba1_va0_example\EWARM-RELEASE\Debug\Obj\zc_configuration.o
#        D:\工作资料\斐联\sdk-ameba1-v3.4b\project\realtek_ameba1_va0_example\EWARM-RELEASE\Debug\Obj\zc_hf_adpter.o
#        D:\工作资料\斐联\sdk-ameba1-v3.4b\project\realtek_ameba1_va0_example\EWARM-RELEASE\Debug\Obj\zc_message_queue.o
#        D:\工作资料\斐联\sdk-ameba1-v3.4b\project\realtek_ameba1_va0_example\EWARM-RELEASE\Debug\Obj\zc_moudle_manager.o
#        D:\工作资料\斐联\sdk-ameba1-v3.4b\project\realtek_ameba1_va0_example\EWARM-RELEASE\Debug\Obj\zc_protocol_controller.o
#        D:\工作资料\斐联\sdk-ameba1-v3.4b\project\realtek_ameba1_va0_example\EWARM-RELEASE\Debug\Obj\zc_sec_engine.o
#        D:\工作资料\斐联\sdk-ameba1-v3.4b\project\realtek_ameba1_va0_example\EWARM-RELEASE\Debug\Obj\zc_timer.o
#        -o
#        D:\工作资料\斐联\sdk-ameba1-v3.4b\project\realtek_ameba1_va0_example\EWARM-RELEASE\Debug\Exe\application.axf
#        --redirect _Printf=_PrintfTiny --redirect _Scanf=_ScanfSmallNoMb
#        --keep bootloader --keep gImage2EntryFun0 --keep RAM_IMG2_VALID_PATTEN
#        --image_input=D:\工作资料\斐联\sdk-ameba1-v3.4b\project\realtek_ameba1_va0_example\EWARM-RELEASE\..\..\..\component\soc\realtek\8195a\misc\bsp\image\ram_1.r.bin,bootloader,LOADER,4
#        --map
#        D:\工作资料\斐联\sdk-ameba1-v3.4b\project\realtek_ameba1_va0_example\EWARM-RELEASE\Debug\List\application.map
#        --log veneers --log_file
#        D:\工作资料\斐联\sdk-ameba1-v3.4b\project\realtek_ameba1_va0_example\EWARM-RELEASE\Debug\List\application.log
#        --config
#        D:\工作资料\斐联\sdk-ameba1-v3.4b\project\realtek_ameba1_va0_example\EWARM-RELEASE\image2.icf
#        --diag_suppress Lt009,Lp005,Lp006 --entry Reset_Handler
#        --no_exceptions --no_vfe
#
###############################################################################

*******************************************************************************
*** RUNTIME MODEL ATTRIBUTES
***

CppFlavor       = *
__Heap_Handler  = DLMalloc
__SystemLibrary = DLib


*******************************************************************************
*** PLACEMENT SUMMARY
***

"A1":  place at start of [0x00000000-0x000fffff] { ro, section .rom };
"A2":  place at start of [0x10000000-0x10005fff] {
          rw, block .vector_table, block .user_vector_table,
          block .user_data_table, block .rom.bss, block IMAGE1 };
"A3":  place at start of [0x10006000-0x1006ffff] {
          rw, block IMAGE2, block .ram.bss };
"A4":  place at end of [0x10006000-0x1006ffff] { rw, block .bf_data };
"A6":  place at start of [0x1fff0000-0x1fffffff] { rw, overlay TCM_overlay };

  Section                 Kind        Address     Size  Object
  -------                 ----        -------     ----  ------
"A1":                                          0x43828
  .rom                    ro code  0x00000000  0x43828  rom.o [11]
                                 - 0x00043828  0x43828

"A2":                                           0x4294
  .vector_table                    0x10000000    0x100  <Block>
    .ram_dedecated_vector_table
                          const    0x10000000    0x100  rom.o [11]
  .user_vector_table               0x10000100    0x100  <Block>
    .ram_user_define_irq_table
                          const    0x10000100    0x100  rom.o [11]
  .user_data_table                 0x10000200    0x100  <Block>
    .ram_user_define_data_table
                          const    0x10000200    0x100  rom.o [11]
  .rom.bss                         0x10000300    0x8c8  <Block>
    .hal.ram.bss          const    0x10000300     0x58  rom.o [11]
    .timer2_7_vector_table.data
                          const    0x10000358     0x18  rom.o [11]
    .infra.ram.bss        const    0x10000370     0x14  rom.o [11]
    .mon.ram.bss          zero     0x10000384    0x324  rtl_consol.o [2]
    .mon.ram.bss          zero     0x100006a8      0x4  rtl_consol.o [2]
    .mon.ram.bss          zero     0x100006ac     0x28  rtl_consol.o [2]
    .wlan_ram_map         const    0x100006d4      0x8  rom_wlan_ram_map.o [11]
    .wlan_ram_map         const    0x100006e0     0x80  rom.o [11]
    .libc.ram.bss         const    0x10000760    0x468  rom.o [11]
  IMAGE1                           0x10000bc8   0x36cc  <Block>
    LOADER                const    0x10000bc8   0x36cc  ram_1.r.bin [1]
                                 - 0x10004294   0x4294

"A3":                                          0x552c0
  IMAGE2                           0x10006000  0x4a888  <Block>
    .image2.start.table1           0x10006000      0x4  <Block>
      .image2.ram.data    const    0x10006000      0x4  startup.o [6]
    .image2.start.table2           0x10006004     0x34  <Block>
      .image2.validate.rodata
                          const    0x10006004     0x14  startup.o [6]
      .custom.validate.rodata
                          const    0x10006018     0x20  update.o [2]
    .ram_image2.text               0x10006038  0x47884  <Block>
      Veneer              ro code  0x10006038      0x8  - Linker created -
      Veneer              ro code  0x10006040      0x8  - Linker created -
      Veneer              ro code  0x10006048      0x8  - Linker created -
      .infra.ram.start    ro code  0x10006050    0x12c  startup.o [6]
      .rodata             const    0x1000617c   0x1000  aes_core.o [2]
      .rodata             const    0x1000717c     0x60  atcmd_sys.o [2]
      .rodata             const    0x100071dc    0x1a8  atcmd_wifi.o [2]
      .rodata             const    0x10007384    0x124  freertos_service.o [2]
      .rodata             const    0x100074a8      0x8  ip_addr.o [2]
      .rodata             const    0x100074b0     0x10  log_service.o [2]
      .rodata             const    0x100074c0     0xa4  rtw_mlme_ext.o [8]
      .rodata             const    0x10007564     0x10  lxbus_hci_intf.o [8]
      .rodata             const    0x10007574   0x116c  rom_rtw_message.o [8]
      .rodata             const    0x100086e0      0x8  rtw_wlan_util.o [8]
      .rodata             const    0x100086e8     0xc4  dh_groups.o [9]
      .rodata             const    0x100087ac    0x270  phydm_PowerTracking.o [8]
      .rodata             const    0x10008a1c     0x80  HalHWImg8195A_RF.o [8]
      .rodata             const    0x10008a9c      0x0  zero_init3.o [12]
      CPP_INIT                     0x10008a9c      0x0  <Block>
        SHT$$PREINIT_ARRAY
                                   0x10008a9c      0x0  <Block>
        SHT$$INIT_ARRAY            0x10008a9c      0x0  <Block>
      Veneer              ro code  0x10008a9c      0x8  - Linker created -
      Veneer              ro code  0x10008aa4      0x8  - Linker created -
      Veneer              ro code  0x10008aac      0x8  - Linker created -
      Veneer              ro code  0x10008ab4      0x8  - Linker created -
      Veneer              ro code  0x10008abc      0x8  - Linker created -
      Veneer              ro code  0x10008ac4      0x8  - Linker created -
      .mon.ram.text       ro code  0x10008acc    0x1b4  rtl_consol.o [2]
      Veneer              ro code  0x10008c80      0x8  - Linker created -
      Veneer              ro code  0x10008c88      0x8  - Linker created -
      Veneer              ro code  0x10008c90      0x8  - Linker created -
      .hal.flash.text     ro code  0x10008c98    0xe78  hal_spi_flash_ram.o [6]
      Veneer              ro code  0x10009b10      0x8  - Linker created -
      Veneer              ro code  0x10009b18      0x8  - Linker created -
      .hal.gpio.text      ro code  0x10009b20     0x74  hal_gpio.o [2]
      .text               ro code  0x10009b94     0x48  main.o [2]
      .text               ro code  0x10009bdc    0x1b0  ac_api.o [2]
      .text               ro code  0x10009d8c     0x76  ABImemcpy_unaligned.o [12]
      .text               ro code  0x10009e02      0x6  rtl8195a_recv.o [8]
      .text               ro code  0x10009e08     0x46  crc.o [2]
      .text               ro code  0x10009e4e     0x1e  xsscin.o [4]
      .text               ro code  0x10009e6c    0x29c  zc_moudle_manager.o [2]
      .text               ro code  0x1000a108     0xe0  ac_hal.o [2]
      .text               ro code  0x1000a1e8    0x1b0  zc_cloud_event.o [2]
      .text               ro code  0x1000a398     0x78  ABImemmove_unaligned.o [12]
      .text               ro code  0x1000a410    0x228  zc_configuration.o [2]
      .text               ro code  0x1000a638    0x1b2  aes_cbc.o [2]
      .text               ro code  0x1000a7ea     0x1a  xsnprout.o [4]
      .text               ro code  0x1000a804    0xdd8  zc_protocol_controller.o [2]
      .text               ro code  0x1000b5dc    0x11c  zc_timer.o [2]
      .text               ro code  0x1000b6f8    0x1d0  zc_common.o [2]
      .text               ro code  0x1000b8c8     0x3a  ABImemset48.o [12]
      .text               ro code  0x1000b902     0x22  zero_init3.o [12]
      .text               ro code  0x1000b924   0x2286  aes_core.o [2]
      .text               ro code  0x1000dbac    0x258  zc_message_queue.o [2]
      .text               ro code  0x1000de04    0x2ca  zc_client_manager.o [2]
      .text               ro code  0x1000e0d0     0x62  memcmp_unaligned.o [12]
      .text               ro code  0x1000e134     0xe0  rand.o [4]
      .text               ro code  0x1000e214    0xff0  zc_hf_adpter.o [2]
      .text               ro code  0x1000f204    0x478  zc_sec_engine.o [2]
      .text               ro code  0x1000f67c      0x2  xtls.o [4]
      .text               ro code  0x1000f680    0x2e0  flash_api.o [2]
      Veneer              ro code  0x1000f960      0x8  - Linker created -
      Veneer              ro code  0x1000f968      0x8  - Linker created -
      Veneer              ro code  0x1000f970      0x8  - Linker created -
      Veneer              ro code  0x1000f978      0x8  - Linker created -
      Veneer              ro code  0x1000f980      0x8  - Linker created -
      Veneer              ro code  0x1000f988      0x8  - Linker created -
      Veneer              ro code  0x1000f990      0x8  - Linker created -
      Veneer              ro code  0x1000f998      0x8  - Linker created -
      Veneer              ro code  0x1000f9a0      0x8  - Linker created -
      Veneer              ro code  0x1000f9a8      0x8  - Linker created -
      Veneer              ro code  0x1000f9b0      0x8  - Linker created -
      Veneer              ro code  0x1000f9b8      0x8  - Linker created -
      .text               ro code  0x1000f9c0    0x138  ram_libc.o [7]
      Veneer              ro code  0x1000faf8      0x8  - Linker created -
      .text               ro code  0x1000fb00    0xaa0  update.o [2]
      .text               ro code  0x100105a0    0xb50  wifi_simple_config.o [2]
      .text               ro code  0x100110f0    0xc4c  sockets.o [2]
      .text               ro code  0x10011d3c    0x118  zc_bc.o [2]
      .text               ro code  0x10011e54      0x6  ABImemclr4.o [12]
      .text               ro code  0x10011e5c   0x15d4  wifi_conf.o [2]
      .text               ro code  0x10013430     0x24  sscanf.o [4]
      Veneer              ro code  0x10013454      0x8  - Linker created -
      Veneer              ro code  0x1001345c      0x8  - Linker created -
      Veneer              ro code  0x10013464      0x8  - Linker created -
      .text               ro code  0x1001346c    0x3b8  sys_api.o [2]
      .text               ro code  0x10013824     0x26  def.o [2]
      .text               ro code  0x1001384c    0x488  api_lib.o [2]
      .text               ro code  0x10013cd4     0x3c  vsnprint.o [4]
      .text               ro code  0x10013d10    0x1da  ip_addr.o [2]
      .text               ro code  0x10013eec    0x1e6  sys_arch.o [2]
      .text               ro code  0x100140d4     0xe0  timer_api.o [2]
      .text               ro code  0x100141b4    0x860  tasks.o [2]
      .text               ro code  0x10014a14    0x310  rsa.o [2]
      .text               ro code  0x10014d24   0x1586  bignum.o [2]
      Veneer              ro code  0x100162ac      0x8  - Linker created -
      .text               ro code  0x100162b4    0x104  ram_libgloss_retarget.o [7]
      .text               ro code  0x100163b8     0x18  cmsis_os.o [2]
      .text               ro code  0x100163d0    0x1c0  heap_5.o [2]
      .text               ro code  0x10016590    0x56c  osdep_service.o [2]
      .text               ro code  0x10016afc    0x344  lwip_netconf.o [2]
      .text               ro code  0x10016e40    0x208  port.o [2]
      Veneer              ro code  0x10017048      0x8  - Linker created -
      Veneer              ro code  0x10017050      0x8  - Linker created -
      Veneer              ro code  0x10017058      0x8  - Linker created -
      Veneer              ro code  0x10017060      0x8  - Linker created -
      Veneer              ro code  0x10017068      0x8  - Linker created -
      .text               ro code  0x10017070    0xc34  wifi_simple_config_parser.o [8]
      Veneer              ro code  0x10017ca4      0x8  - Linker created -
      Veneer              ro code  0x10017cac      0x8  - Linker created -
      Veneer              ro code  0x10017cb4      0x8  - Linker created -
      Veneer              ro code  0x10017cbc      0x8  - Linker created -
      Veneer              ro code  0x10017cc4      0x8  - Linker created -
      Veneer              ro code  0x10017ccc      0x8  - Linker created -
      .text               ro code  0x10017cd4    0x8a0  rtw_promisc.o [8]
      .text               ro code  0x10018574    0x45e  pbuf.o [2]
      .text               ro code  0x100189d2     0x74  netbuf.o [2]
      .text               ro code  0x10018a48    0x1f8  tcpip.o [2]
      .text               ro code  0x10018c40    0x3b8  igmp.o [2]
      .text               ro code  0x10018ff8     0x22  sys.o [2]
      .text               ro code  0x1001901c    0xc84  rtk_wlan_if.o [8]
      .text               ro code  0x10019ca0    0xc90  wifi_util.o [2]
      .text               ro code  0x1001a930     0xb4  wifi_ind.o [2]
      .text               ro code  0x1001a9e4    0x65a  dhcps.o [2]
      .text               ro code  0x1001b040    0x480  wifi_promisc.o [2]
      .text               ro code  0x1001b4c0    0x514  xscanfsmall_nomb.o [4]
      .text               ro code  0x1001b9d4     0x68  osdep_api.o [2]
      Veneer              ro code  0x1001ba3c      0x8  - Linker created -
      Veneer              ro code  0x1001ba44      0x8  - Linker created -
      Veneer              ro code  0x1001ba4c      0x8  - Linker created -
      Veneer              ro code  0x1001ba54      0x8  - Linker created -
      .text               ro code  0x1001ba5c     0xf8  hal_log_uart.o [6]
      .text               ro code  0x1001bb54    0xb7c  api_msg.o [2]
      .text               ro code  0x1001c6d0     0xd0  memp.o [2]
      .text               ro code  0x1001c7a0    0x150  xprintftiny.o [4]
      .text               ro code  0x1001c8f0    0x4a2  queue.o [2]
      Veneer              ro code  0x1001cd94      0x8  - Linker created -
      Veneer              ro code  0x1001cd9c      0x8  - Linker created -
      Veneer              ro code  0x1001cda4      0x8  - Linker created -
      .text               ro code  0x1001cdac    0x448  rtl8195a_timer.o [2]
      .text               ro code  0x1001d1f4     0x8e  list.o [2]
      .text               ro code  0x1001d284    0x2f4  timers.o [2]
      Veneer              ro code  0x1001d578      0x8  - Linker created -
      .text               ro code  0x1001d580     0xc4  freertos_pmu.o [2]
      .text               ro code  0x1001d644      0x6  ABImemclr.o [12]
      .text               ro code  0x1001d64c    0x14a  tcm_heap.o [2]
      .text               ro code  0x1001d798    0x142  netif.o [2]
      .text               ro code  0x1001d8dc    0xc16  dhcp.o [2]
      .text               ro code  0x1001e4f4    0x2c2  autoip.o [2]
      .text               ro code  0x1001e7b8     0x66  ABImemset.o [12]
      .text               ro code  0x1001e820    0x710  rtw_pwrctrl.o [8]
      .text               ro code  0x1001ef30    0x3d8  hal_intf.o [8]
      Veneer              ro code  0x1001f308      0x8  - Linker created -
      .text               ro code  0x1001f310   0x11b8  rtw_recv.o [8]
      .text               ro code  0x100204c8    0x350  freertos_skbuff.o [8]
      Veneer              ro code  0x10020818      0x8  - Linker created -
      .text               ro code  0x10020820   0x14a4  rtw_mlme.o [8]
      .text               ro code  0x10021cc4    0xb2c  tcp.o [2]
      .text               ro code  0x100227f0    0x260  mem.o [2]
      .text               ro code  0x10022a50    0x234  lwip_timers.o [2]
      .text               ro code  0x10022c84    0x6c8  etharp.o [2]
      .text               ro code  0x1002334c    0x358  ip.o [2]
      .text               ro code  0x100236a4     0x2e  init.o [2]
      .text               ro code  0x100236d2    0x132  inet_chksum.o [2]
      .text               ro code  0x10023804    0x580  freertos_service.o [2]
      .text               ro code  0x10023d84    0xa80  freertos_intfs.o [8]
      .text               ro code  0x10024804    0x268  lwip_intf.o [2]
      .text               ro code  0x10024a6c    0x410  udp.o [2]
      .text               ro code  0x10024e7c     0x16  strchr.o [12]
      .text               ro code  0x10024e92     0x86  xstol.o [4]
      .text               ro code  0x10024f18    0x19c  xstoul.o [4]
      .text               ro code  0x100250b4    0x174  raw.o [2]
      .text               ro code  0x10025228    0xa4a  tcp_out.o [2]
      .text               ro code  0x10025c74    0x4a4  dns.o [2]
      .text               ro code  0x10026118     0x36  strlen.o [12]
      .text               ro code  0x10026150     0x30  us_ticker.o [2]
      Veneer              ro code  0x10026180      0x8  - Linker created -
      .text               ro code  0x10026188    0x1b8  gpio_api.o [2]
      .text               ro code  0x10026340     0x38  hal_pinmux.o [6]
      .text               ro code  0x10026378     0x14  sleep.o [2]
      .text               ro code  0x1002638c    0x370  rtw_intfs.o [8]
      Veneer              ro code  0x100266fc      0x8  - Linker created -
      .text               ro code  0x10026704    0xf64  rtw_wlan_util.o [8]
      .text               ro code  0x10027668     0x54  rtw_io.o [8]
      .text               ro code  0x100276bc    0xf50  rtw_cmd.o [8]
      .text               ro code  0x1002860c   0x1af8  rtl8195a_pmu_task.o [8]
      .text               ro code  0x1002a104    0xb0c  hal_com.o [8]
      Veneer              ro code  0x1002ac10      0x8  - Linker created -
      Veneer              ro code  0x1002ac18      0x8  - Linker created -
      Veneer              ro code  0x1002ac20      0x8  - Linker created -
      Veneer              ro code  0x1002ac28      0x8  - Linker created -
      .text               ro code  0x1002ac30   0x159c  rtw_ap.o [8]
      .text               ro code  0x1002c1cc    0x1f4  freertos_recv.o [8]
      Veneer              ro code  0x1002c3c0      0x8  - Linker created -
      Veneer              ro code  0x1002c3c8      0x8  - Linker created -
      Veneer              ro code  0x1002c3d0      0x8  - Linker created -
      Veneer              ro code  0x1002c3d8      0x8  - Linker created -
      Veneer              ro code  0x1002c3e0      0x8  - Linker created -
      Veneer              ro code  0x1002c3e8      0x8  - Linker created -
      .text               ro code  0x1002c3f0    0x30c  rtw_security.o [8]
      .text               ro code  0x1002c6fc    0x5ec  rtw_sta_mgt.o [8]
      Veneer              ro code  0x1002cce8      0x8  - Linker created -
      Veneer              ro code  0x1002ccf0      0x8  - Linker created -
      Veneer              ro code  0x1002ccf8      0x8  - Linker created -
      .text               ro code  0x1002cd00   0x1644  rtw_xmit.o [8]
      Veneer              ro code  0x1002e344      0x8  - Linker created -
      Veneer              ro code  0x1002e34c      0x8  - Linker created -
      Veneer              ro code  0x1002e354      0x8  - Linker created -
      .text               ro code  0x1002e35c   0x4704  rtw_mlme_ext.o [8]
      .text               ro code  0x10032a60    0xf1c  lxbus_ops.o [8]
      Veneer              ro code  0x1003397c      0x8  - Linker created -
      .text               ro code  0x10033984   0x25f0  freertos_ioctl.o [8]
      .text               ro code  0x10035f74     0xfa  freertos_xmit.o [8]
      .text               ro code  0x10036070    0x55a  rtw_ioctl_set.o [8]
      .text               ro code  0x100365cc    0x4f4  ip_frag.o [2]
      .text               ro code  0x10036ac0    0xeac  tcp_in.o [2]
      .text               ro code  0x1003796c    0x188  icmp.o [2]
      .text               ro code  0x10037af4     0x60  netdev.o [8]
      .text               ro code  0x10037b54    0xa8c  lxbus_halinit.o [8]
      .text               ro code  0x100385e0    0x1f2  rtw_ieee80211.o [8]
      .text               ro code  0x100387d4     0x38  hci_intfs.o [8]
      .text               ro code  0x1003880c    0x14c  ethernetif.o [2]
      .text               ro code  0x10038958      0xc  errno.o [4]
      .text               ro code  0x10038964     0x58  memchr.o [12]
      .text               ro code  0x100389bc      0x2  pinmap.o [2]
      Veneer              ro code  0x100389c0      0x8  - Linker created -
      .text               ro code  0x100389c8    0x80c  hal_soc_ps_monitor.o [2]
      Veneer              ro code  0x100391d4      0x8  - Linker created -
      Veneer              ro code  0x100391dc      0x8  - Linker created -
      Veneer              ro code  0x100391e4      0x8  - Linker created -
      Veneer              ro code  0x100391ec      0x8  - Linker created -
      Veneer              ro code  0x100391f4      0x8  - Linker created -
      Veneer              ro code  0x100391fc      0x8  - Linker created -
      Veneer              ro code  0x10039204      0x8  - Linker created -
      .text               ro code  0x1003920c   0x19bc  rtw_psk.o [8]
      .text               ro code  0x1003abc8    0x526  rtl8195a_dm.o [8]
      .text               ro code  0x1003b0f0    0x776  Hal8195ARateAdaptive.o [8]
      .text               ro code  0x1003b868   0x18b4  hal_com_phycfg.o [8]
      .text               ro code  0x1003d11c    0x8f4  rtl8195a_xmit.o [8]
      .text               ro code  0x1003da10    0x2bc  rtl8195a_rxdesc.o [8]
      Veneer              ro code  0x1003dccc      0x8  - Linker created -
      Veneer              ro code  0x1003dcd4      0x8  - Linker created -
      .text               ro code  0x1003dcdc    0x67c  rtw_efuse.o [8]
      Veneer              ro code  0x1003e358      0x8  - Linker created -
      .text               ro code  0x1003e360   0x24fc  rtl8195a_hal_init.o [8]
      Veneer              ro code  0x1004085c      0x8  - Linker created -
      Veneer              ro code  0x10040864      0x8  - Linker created -
      Veneer              ro code  0x1004086c      0x8  - Linker created -
      .text               ro code  0x10040874    0x9c4  rtl8195a_phycfg.o [8]
      .text               ro code  0x10041238   0x1844  HalPhyRf_8195A.o [8]
      .text               ro code  0x10042a7c     0xdc  HalPwrSeqCmd.o [8]
      .text               ro code  0x10042b58     0x18  wlan_ram_map.o [8]
      .text               ro code  0x10042b70    0x3a4  PhyDM_Adaptivity.o [8]
      .text               ro code  0x10042f14    0x3e0  phydm.o [8]
      .text               ro code  0x100432f4     0x58  phydm_interface.o [8]
      Veneer              ro code  0x1004334c      0x8  - Linker created -
      Veneer              ro code  0x10043354      0x8  - Linker created -
      .text               ro code  0x1004335c    0x3fc  phydm_HWConfig.o [8]
      .text               ro code  0x10043758    0x548  rtl8195a_cmd.o [8]
      .text               ro code  0x10043ca0    0x398  phydm_RaInfo.o [8]
      Veneer              ro code  0x10044038      0x8  - Linker created -
      .text               ro code  0x10044040    0x4b6  phydm_DIG.o [8]
      .text               ro code  0x100444f8    0x170  rtl8195a_rf6052.o [8]
      .text               ro code  0x10044668    0x4f4  HalPhyRf.o [8]
      Veneer              ro code  0x10044b5c      0x8  - Linker created -
      Veneer              ro code  0x10044b64      0x8  - Linker created -
      Veneer              ro code  0x10044b6c      0x8  - Linker created -
      .text               ro code  0x10044b74     0x7c  phydm_CfoTracking.o [8]
      .text               ro code  0x10044bf0    0x244  phydm_PowerTracking.o [8]
      .text               ro code  0x10044e34     0x14  phydm_debug.o [8]
      .text               ro code  0x10044e48     0x1e  U64Shr.o [12]
      .text               ro code  0x10044e68    0x1e0  HalHWImg8195A_RF.o [8]
      .text               ro code  0x10045048    0x1d8  HalHWImg8195A_BB.o [8]
      .text               ro code  0x10045220    0x134  HalHWImg8195A_MAC.o [8]
      .text               ro code  0x10045354    0x17c  rtl8195a_pmu_cmd.o [8]
      .text               ro code  0x100454d0     0xda  phydm_RegConfig8195A.o [8]
      .text               ro code  0x100455ac    0x126  analogin_api.o [2]
      .text               ro code  0x100456d4    0x7d4  hal_adc.o [2]
      Veneer              ro code  0x10045ea8      0x8  - Linker created -
      Veneer              ro code  0x10045eb0      0x8  - Linker created -
      Veneer              ro code  0x10045eb8      0x8  - Linker created -
      .text               ro code  0x10045ec0    0xe0c  atcmd_sys.o [2]
      .text               ro code  0x10046ccc    0x3e0  log_service.o [2]
      .text               ro code  0x100470ac   0x1758  atcmd_wifi.o [2]
      .text               ro code  0x10048804    0x22c  ping_test.o [2]
      .text               ro code  0x10048a30    0x8c0  wifi_wps_config.o [2]
      Veneer              ro code  0x100492f0      0x8  - Linker created -
      .text               ro code  0x100492f8     0x84  os_freertos.o [9]
      Veneer              ro code  0x1004937c      0x8  - Linker created -
      Veneer              ro code  0x10049384      0x8  - Linker created -
      Veneer              ro code  0x1004938c      0x8  - Linker created -
      Veneer              ro code  0x10049394      0x8  - Linker created -
      .text               ro code  0x1004939c    0x3c8  wps_common.o [9]
      .text               ro code  0x10049764     0x36  dh_group5.o [9]
      .text               ro code  0x1004979c     0xea  wpabuf.o [9]
      Veneer              ro code  0x10049888      0x8  - Linker created -
      .text               ro code  0x10049890    0x334  wps_attr_build.o [9]
      .text               ro code  0x10049bc4     0xfe  dh_groups.o [9]
      .text               ro code  0x10049cc4    0x158  random.o [9]
      Veneer              ro code  0x10049e1c      0x8  - Linker created -
      Veneer              ro code  0x10049e24      0x8  - Linker created -
      Veneer              ro code  0x10049e2c      0x8  - Linker created -
      Veneer              ro code  0x10049e34      0x8  - Linker created -
      Veneer              ro code  0x10049e3c      0x8  - Linker created -
      .text               ro code  0x10049e44     0x9a  crypto_internal-modexp.o [9]
      .text               ro code  0x10049ee0     0x1c  example_entry.o [2]
      .text               ro code  0x10049efc    0x1d4  example_wlan_fast_connect.o [2]
      .text               ro code  0x1004a0d0     0x24  printf.o [4]
      .text               ro code  0x1004a0f4     0x90  hal_32k.o [2]
      .text               ro code  0x1004a184     0x68  hal_gdma.o [2]
      .text               ro code  0x1004a1ec     0x3c  hal_timer.o [2]
      .text               ro code  0x1004a228    0x318  rtl8195a_adc.o [2]
      Veneer              ro code  0x1004a540      0x8  - Linker created -
      .text               ro code  0x1004a548    0x36c  rtl8195a_gdma.o [2]
      Veneer              ro code  0x1004a8b4      0x8  - Linker created -
      Veneer              ro code  0x1004a8bc      0x8  - Linker created -
      .text               ro code  0x1004a8c4     0x90  rtl_consol.o [2]
      .text               ro code  0x1004a954     0x6c  strncpy_unaligned.o [12]
      .text               ro code  0x1004a9c0     0x14  system_8195a.o [2]
      .text               ro code  0x1004a9d4     0xdc  wlan_network.o [2]
      Veneer              ro code  0x1004aab0      0x8  - Linker created -
      Veneer              ro code  0x1004aab8      0x8  - Linker created -
      .text               ro code  0x1004aac0    0x1f8  startup.o [6]
      Veneer              ro code  0x1004acb8      0x8  - Linker created -
      .text               ro code  0x1004acc0     0x24  hal_crypto.o [6]
      .text               ro code  0x1004ace4     0x78  freertos_isr.o [8]
      .text               ro code  0x1004ad5c    0x598  wps_protocol_handler.o [9]
      .text               ro code  0x1004b2f4    0x3a0  eap_wsc.o [9]
      .text               ro code  0x1004b694    0x1a4  wps.o [9]
      .text               ro code  0x1004b838    0x11c  eap_common.o [9]
      .text               ro code  0x1004b954     0x3e  eap_wsc_common.o [9]
      .text               ro code  0x1004b994    0x2f8  wps_dev_attr.o [9]
      .text               ro code  0x1004bc8c    0xa4e  wps_enrollee.o [9]
      .text               ro code  0x1004c6da    0x476  wps_attr_parse.o [9]
      .text               ro code  0x1004cb50    0x1c6  wps_attr_process.o [9]
      .text               ro code  0x1004cd16    0x838  wps_validate.o [9]
      .text               ro code  0x1004d550     0x10  hal_common.o [6]
      .text               ro code  0x1004d560     0x24  app_start.o [6]
      .text               ro code  0x1004d584    0x124  lxbus_hci_intf.o [8]
      .text               ro code  0x1004d6a8     0x58  lxbus_intf.o [8]
      .text               ro code  0x1004d700     0x28  data_init.o [12]
      .text               ro code  0x1004d728     0x2c  low_level_io.o [2]
      .text               ro code  0x1004d754      0x4  rtl8195a_led.o [8]
      .text               ro code  0x1004d758     0x16  xprout.o [4]
      .text               ro code  0x1004d76e     0x28  putchar.o [4]
      CODE                ro code  0x1004d798     0x94  portasm.o [2]
      __DLIB_PERTHREAD    const    0x1004d82c     0x8c  rand.o [4]
      __DLIB_PERTHREAD    const    0x1004d8b8      0x4  errno.o [4]
    .ram.data                      0x1004d8bc   0x2fcc  <Block>
      .data.log_init               0x1004d8bc      0xc  <Block>
        .data.log_init    const    0x1004d8bc      0x4  atcmd_sys.o [2]
        .data.log_init    const    0x1004d8c0      0x4  atcmd_wifi.o [2]
        .data.log_init    const    0x1004d8c4      0x4  log_service.o [2]
      .data               const    0x1004d8c8     0x80  ac_hal.o [2]
      .data               const    0x1004d948      0x8  atcmd_sys.o [2]
      .data               const    0x1004d950     0xc0  atcmd_sys.o [2]
      .data               const    0x1004da10    0x180  atcmd_wifi.o [2]
      .data               const    0x1004db90     0x78  dhcps.o [2]
      .data               const    0x1004dc08      0x4  freertos_pmu.o [2]
      .data               const    0x1004dc0c      0xc  freertos_pmu.o [2]
      .data               const    0x1004dc18      0x4  freertos_service.o [2]
      .data               const    0x1004dc1c     0x20  log_service.o [2]
      .data               const    0x1004dc3c      0x4  port.o [2]
      .data               const    0x1004dc40      0x4  system_8195a.o [2]
      .data               const    0x1004dc44     0x9c  tasks.o [2]
      .data               const    0x1004dce0     0x20  tcp.o [2]
      .data               const    0x1004dd00      0x8  udp.o [2]
      .data               const    0x1004dd08     0x10  wifi_conf.o [2]
      .data               const    0x1004dd18    0x1f4  zc_configuration.o [2]
      .data               const    0x1004df0c     0x14  zc_hf_adpter.o [2]
      .data               const    0x1004df20      0x8  zc_hf_adpter.o [2]
      .data               const    0x1004df28      0x8  rtw_psk.o [8]
      .data               const    0x1004df30     0xd4  wifi_simple_config_parser.o [8]
      .data               const    0x1004e004      0x8  wifi_simple_config_parser.o [8]
      .data               const    0x1004e00c     0xa8  rtw_mlme_ext.o [8]
      .data               const    0x1004e0b4     0x38  freertos_ioctl.o [8]
      .data               const    0x1004e0ec    0x1b0  rom_rtw_message.o [8]
      .data               const    0x1004e29c      0x8  rtw_xmit.o [8]
      .data               const    0x1004e2a4     0x40  Hal8195ARateAdaptive.o [8]
      .data               const    0x1004e2e4     0x40  Hal8195ARateAdaptive.o [8]
      .data               const    0x1004e324     0x14  Hal8195ARateAdaptive.o [8]
      .data               const    0x1004e338     0xa0  Hal8195APwrSeq.o [8]
      .data               const    0x1004e3d8     0xa0  Hal8195APwrSeq.o [8]
      .data               const    0x1004e478     0x14  dh_groups.o [9]
      .data               const    0x1004e48c    0x210  HalHWImg8195A_BB.o [8]
      .data               const    0x1004e69c    0x678  HalHWImg8195A_BB.o [8]
      .data               const    0x1004ed14     0x90  HalHWImg8195A_BB.o [8]
      .data               const    0x1004eda4    0x308  HalHWImg8195A_MAC.o [8]
      .data               const    0x1004f0ac    0x3a0  HalHWImg8195A_RF.o [8]
      .data               const    0x1004f44c     0x80  HalHWImg8195A_RF.o [8]
      .data               const    0x1004f4cc     0x80  HalHWImg8195A_RF.o [8]
      .data               const    0x1004f54c     0x80  HalHWImg8195A_RF.o [8]
      .data               const    0x1004f5cc   0x1260  HalHWImg8195A_RF.o [8]
      .data               const    0x1005082c      0x2  tcp.o [2]
      .iar.init_table     const    0x10050830     0x58  - Linker created -
  .ram.bss                         0x100508a0   0xaa38  <Block>
    .bss                  zero     0x100508a0    0x500  hal_crypto.o [6]
    .bss                  zero     0x10050da0    0x340  rtw_mlme_ext.o [8]
    .bss                  zero     0x100510e0      0x8  ac_hal.o [2]
    .bss                  zero     0x100510e8    0x200  ac_hal.o [2]
    .bss                  zero     0x100512e8     0x38  atcmd_wifi.o [2]
    .bss                  zero     0x10051320     0x78  atcmd_wifi.o [2]
    .bss                  zero     0x10051398      0x4  atcmd_wifi.o [2]
    .bss                  zero     0x1005139c    0x1b8  bignum.o [2]
    .bss                  zero     0x10051554   0x16b0  bignum.o [2]
    .bss                  zero     0x10052c04     0x34  dhcp.o [2]
    .bss                  zero     0x10052c38      0x4  dhcp.o [2]
    .bss                  zero     0x10052c3c    0x214  dns.o [2]
    .bss                  zero     0x10052e50    0x460  dns.o [2]
    .bss                  zero     0x100532b0     0xc8  etharp.o [2]
    .bss                  zero     0x10053378      0x4  ethernetif.o [2]
    .bss                  zero     0x1005337c      0x4  example_wlan_fast_connect.o [2]
    .bss                  zero     0x10053380      0xc  hal_adc.o [2]
    .bss                  zero     0x1005338c     0x2c  hal_adc.o [2]
    .bss                  zero     0x100533b8    0x290  hal_soc_ps_monitor.o [2]
    .bss                  zero     0x10053648     0x3c  heap_5.o [2]
    .bss                  zero     0x10053684      0xc  igmp.o [2]
    .bss                  zero     0x10053690     0x10  ip.o [2]
    .bss                  zero     0x100536a0     0x10  ip_addr.o [2]
    .bss                  zero     0x100536b0      0x8  ip_frag.o [2]
    .bss                  zero     0x100536b8    0x100  log_service.o [2]
    .bss                  zero     0x100537b8     0x70  log_service.o [2]
    .bss                  zero     0x10053828     0x78  lwip_netconf.o [2]
    .bss                  zero     0x100538a0      0x4  lwip_timers.o [2]
    .bss                  zero     0x100538a4      0x4  lwip_timers.o [2]
    .bss                  zero     0x100538a8      0xc  netif.o [2]
    .bss                  zero     0x100538b4      0x4  osdep_service.o [2]
    .bss                  zero     0x100538b8     0x28  ping_test.o [2]
    .bss                  zero     0x100538e0      0xc  port.o [2]
    .bss                  zero     0x100538ec      0x4  raw.o [2]
    .bss                  zero     0x100538f0    0x108  rsa.o [2]
    .bss                  zero     0x100539f8     0x40  rsa.o [2]
    .bss                  zero     0x10053a38     0x18  rtl8195a_timer.o [2]
    .bss                  zero     0x10053a50     0x60  sockets.o [2]
    .bss                  zero     0x10053ab0      0x8  sockets.o [2]
    .bss                  zero     0x10053ab8     0x34  sys_arch.o [2]
    .bss                  zero     0x10053aec     0xdc  tasks.o [2]
    .bss                  zero     0x10053bc8      0xc  tcm_heap.o [2]
    .bss                  zero     0x10053bd4     0x30  tcp_in.o [2]
    .bss                  zero     0x10053c04      0xc  tcpip.o [2]
    .bss                  zero     0x10053c10     0x38  timers.o [2]
    .bss                  zero     0x10053c48      0x4  update.o [2]
    .bss                  zero     0x10053c4c     0x24  wifi_conf.o [2]
    .bss                  zero     0x10053c70      0x8  wifi_conf.o [2]
    .bss                  zero     0x10053c78     0x18  wifi_conf.o [2]
    .bss                  zero     0x10053c90    0x150  wifi_ind.o [2]
    .bss                  zero     0x10053de0      0x8  wifi_promisc.o [2]
    .bss                  zero     0x10053de8     0x78  wifi_promisc.o [2]
    .bss                  zero     0x10053e60     0x40  wifi_simple_config.o [2]
    .bss                  zero     0x10053ea0     0x28  wifi_wps_config.o [2]
    .bss                  zero     0x10053ec8     0x10  zc_bc.o [2]
    .bss                  zero     0x10053ed8     0x28  zc_client_manager.o [2]
    .bss                  zero     0x10053f00     0x78  zc_hf_adpter.o [2]
    .bss                  zero     0x10053f78    0x260  zc_hf_adpter.o [2]
    .bss                  zero     0x100541d8    0x260  zc_hf_adpter.o [2]
    .bss                  zero     0x10054438     0x28  zc_hf_adpter.o [2]
    .bss                  zero     0x10054460    0x720  zc_hf_adpter.o [2]
    .bss                  zero     0x10054b80     0x28  zc_hf_adpter.o [2]
    .bss                  zero     0x10054ba8    0x258  zc_hf_adpter.o [2]
    .bss                  zero     0x10054e00    0x83c  zc_hf_adpter.o [2]
    .bss                  zero     0x1005563c     0x50  zc_hf_adpter.o [2]
    .bss                  zero     0x1005568c     0x14  zc_hf_adpter.o [2]
    .bss                  zero     0x100556a0      0xc  zc_hf_adpter.o [2]
    .bss                  zero     0x100556ac     0x88  zc_protocol_controller.o [2]
    .bss                  zero     0x10055734     0x50  zc_timer.o [2]
    .bss                  zero     0x10055784      0x8  startup.o [6]
    .bss                  zero     0x1005578c      0x4  ram_libc.o [7]
    .bss                  zero     0x10055790     0x40  rtk_wlan_if.o [8]
    .bss                  zero     0x100557d0      0x4  freertos_intfs.o [8]
    .bss                  zero     0x100557d4      0xc  freertos_intfs.o [8]
    .bss                  zero     0x100557e0     0x14  freertos_intfs.o [8]
    .bss                  zero     0x100557f4    0x11c  rtw_psk.o [8]
    .bss                  zero     0x10055910     0x44  rtw_psk.o [8]
    .bss                  zero     0x10055954      0x4  freertos_skbuff.o [8]
    .bss                  zero     0x10055958    0x1b8  freertos_skbuff.o [8]
    .bss                  zero     0x10055b10     0x18  freertos_skbuff.o [8]
    .bss                  zero     0x10055b28      0x4  freertos_isr.o [8]
    .bss                  zero     0x10055b2c      0x8  rtw_promisc.o [8]
    .bss                  zero     0x10055b34      0x4  rtw_mlme.o [8]
    .bss                  zero     0x10055b38      0x4  wifi_simple_config_parser.o [8]
    .bss                  zero     0x10055b3c     0x10  wps_protocol_handler.o [9]
    .bss                  zero     0x10055b4c      0x4  ram_libgloss_retarget.o [7]
    .bss                  zero     0x10055b50      0x4  rtl8195a_pmu_task.o [8]
    .bss                  zero     0x10055b54   0x20e0  lxbus_ops.o [8]
    .bss                  zero     0x10057c34     0x1c  eap_wsc.o [9]
    .bss                  zero     0x10057c50     0x80  random.o [9]
    .bss                  zero     0x10057cd0     0x20  random.o [9]
    .bss                  zero     0x10057cf0      0x2  ip.o [2]
    .bss                  zero     0x10057cf2      0x1  dns.o [2]
    .bss                  zero     0x10057cf3      0x1  etharp.o [2]
    .bss                  zero     0x10057cf4      0x1  pbuf.o [2]
    .bss                  zero     0x10057cf5      0x1  tcp.o [2]
    .bss                  zero     0x10057cf6      0x1  wifi_promisc.o [2]
    .bss                  zero     0x10057cf7      0x1  zc_hf_adpter.o [2]
    .bss                  zero     0x10057cf8      0x1  rtl8195a_pmu_task.o [8]
    .bss                  zero     0x10057cf9      0x1  rtw_mlme_ext.o [8]
    .bss                  zero     0x10057cfa      0x1  lxbus_ops.o [8]
    .hal.flash.data       zero     0x10057cfc     0x90  hal_spi_flash_ram.o [6]
    .hal.gpio.data        zero     0x10057d8c    0x12c  hal_gpio.o [2]
    .bdsram.data          zero     0x10057eb8   0x3400  freertos_skbuff.o [8]
    .bdsram.data          zero     0x1005b2b8      0x8  freertos_skbuff.o [8]
                                 - 0x1005b2c0  0x552c0

"A4":                                           0xf000
  .bf_data                         0x10061000   0xf000  <Block>
    .bfsram.data          zero     0x10061000   0xf000  heap_5.o [2]
                                 - 0x10070000   0xf000

"A6":                                           0xf338
  TCM_overlay                      0x1fff0000   0xf338  <Overlay>
    part 1:
      .bss                zero     0x1fff0000   0x1424  mem.o [2]
      .bss                zero     0x1fff1424   0x3f10  memp.o [2]
      .tcm.heap           zero     0x1fff5334   0xa000  tcm_heap.o [2]
      .heap                        0x1ffff334      0x4  <Block>
        .heap.stdlib      zero     0x1ffff334      0x1  ram_libgloss_retarget.o [7]
    part 2:
      IMAGE1_DBG                   0x1fff0000   0x24b4  <Block>
        .ram.start.table           0x1fff0000     0x14  <Block>
          .start.ram.data.a
                          const    0x1fff0000      0x4  startup.o [6]
          .start.ram.data.b
                          const    0x1fff0004      0x4  startup.o [6]
          .start.ram.data.c
                          const    0x1fff0008      0x4  startup.o [6]
          .start.ram.data.d
                          const    0x1fff000c      0x4  startup.o [6]
          .start.ram.data.e
                          const    0x1fff0010      0x4  startup.o [6]
        .ram_image1.data           0x1fff0014   0x14d0  <Block>
          .image1.validate.rodata
                          const    0x1fff0014      0x8  startup.o [6]
          .cutb.ram.data  const    0x1fff001c     0x10  hal_sdr_controller.o [2]
          .cutb.ram.data  const    0x1fff002c     0x1c  hal_sdr_controller.o [2]
          .cutb.ram.data  const    0x1fff0048     0x34  hal_sdr_controller.o [2]
          .cutb.ram.data  const    0x1fff007c     0x14  hal_sdr_controller.o [2]
          .cutb.ram.data  const    0x1fff0090      0x4  hal_sdr_controller.o [2]
          .cutb.ram.data  zero     0x1fff0094   0x1000  hal_sdr_controller.o [2]
          .hal.ram.data   const    0x1fff1098    0x430  rom.o [11]
          .hal.ram.data   const    0x1fff14c8      0xc  hal_sdr_controller.o [2]
          .hal.ram.data   zero     0x1fff14d4     0x10  startup.o [6]
        .ram_image1.bss            0x1fff14e4      0x0  <Block>
        .ram_image1.text           0x1fff14e4    0xfd0  <Block>
          Veneer          ro code  0x1fff14e4      0x8  - Linker created -
          Veneer          ro code  0x1fff14ec      0x8  - Linker created -
          Veneer          ro code  0x1fff14f4      0x8  - Linker created -
          Veneer          ro code  0x1fff14fc      0x8  - Linker created -
          Veneer          ro code  0x1fff1504      0x8  - Linker created -
          Veneer          ro code  0x1fff150c      0x8  - Linker created -
          Veneer          ro code  0x1fff1514      0x8  - Linker created -
          Veneer          ro code  0x1fff151c      0x8  - Linker created -
          Veneer          ro code  0x1fff1524      0x8  - Linker created -
          Veneer          ro code  0x1fff152c      0x8  - Linker created -
          Veneer          ro code  0x1fff1534      0x8  - Linker created -
          Veneer          ro code  0x1fff153c      0x8  - Linker created -
          Veneer          ro code  0x1fff1544      0x8  - Linker created -
          Veneer          ro code  0x1fff154c      0x8  - Linker created -
          Veneer          ro code  0x1fff1554      0x8  - Linker created -
          Veneer          ro code  0x1fff155c      0x8  - Linker created -
          Veneer          ro code  0x1fff1564      0x8  - Linker created -
          Veneer          ro code  0x1fff156c      0x8  - Linker created -
          Veneer          ro code  0x1fff1574      0x8  - Linker created -
          Veneer          ro code  0x1fff157c      0x8  - Linker created -
          Veneer          ro code  0x1fff1584      0x8  - Linker created -
          Veneer          ro code  0x1fff158c      0x8  - Linker created -
          Veneer          ro code  0x1fff1594      0x8  - Linker created -
          .hal.ram.text   ro code  0x1fff159c    0x700  startup.o [6]
          Veneer          ro code  0x1fff1c9c      0x8  - Linker created -
          .hal.sdrc.text  ro code  0x1fff1ca4    0x810  hal_sdr_controller.o [2]
                                 - 0x1ffff338   0xf338


*******************************************************************************
*** INIT TABLE
***

          Address     Size
          -------     ----
Zero (__iar_zero_init3)
    8 destination ranges, total size 0x290a4:
          0x10000384   0x350
          0x100508a0  0x745b
          0x10057cfc    0x90
          0x10057d8c   0x12c
          0x10057eb8  0x3408
          0x10061000  0xf000
          0x1fff0000  0xf334
          0x1ffff334     0x1



*******************************************************************************
*** MODULE SUMMARY
***

    Module                       ro code  rw code  ro data  rw data
    ------                       -------  -------  -------  -------
D:\工作资料\斐联\sdk-ameba1-v3.4b\project\realtek_ameba1_va0_example\EWARM-RELEASE\..\..\..\component\soc\realtek\8195a\misc\bsp\image: [1]
    ram_1.r.bin                                     14 028
    ---------------------------------------------------------------
    Total:                                          14 028

D:\工作资料\斐联\sdk-ameba1-v3.4b\project\realtek_ameba1_va0_example\EWARM-RELEASE\Debug\Obj: [2]
    ac_api.o                         432
    ac_hal.o                         224                        648
    aes_cbc.o                        434
    aes_core.o                     8 838             4 096
    analogin_api.o                   294
    api_lib.o                      1 160
    api_msg.o                      2 940
    atcmd_sys.o                    3 596                96      204
    atcmd_wifi.o                   5 976               424      568
    autoip.o                         706
    bignum.o                       5 510                      6 248
    cmsis_os.o                        24
    crc.o                             70
    def.o                             38
    dhcp.o                         3 094                         56
    dhcps.o                        1 626                        120
    dns.o                          1 188                      1 653
    etharp.o                       1 736                        201
    ethernetif.o                     332                          4
    example_entry.o                   28
    example_wlan_fast_connect.o      468                          4
    flash_api.o                      736
    freertos_pmu.o                   196                         16
    freertos_service.o             1 408               292        4
    gpio_api.o                       440
    hal_32k.o                        144
    hal_adc.o                      2 004                         56
    hal_gdma.o                       104
    hal_gpio.o                       116                        300
    hal_soc_ps_monitor.o           2 060                        656
    hal_timer.o                       60
    heap_5.o                         448                     61 500
    icmp.o                           392
    igmp.o                           952                         12
    inet_chksum.o                    306
    init.o                            46
    ip.o                             856                         18
    ip_addr.o                        474                 8       16
    ip_frag.o                      1 268                          8
    list.o                           142
    log_service.o                    992                16      404
    low_level_io.o                    44
    lwip_intf.o                      616
    lwip_netconf.o                   836                        120
    lwip_timers.o                    564                          8
    main.o                            72
    mem.o                            608
    memp.o                           208
    netbuf.o                         116
    netif.o                          322                         12
    osdep_api.o                      104
    osdep_service.o                1 388                          4
    pbuf.o                         1 118                          1
    ping_test.o                      556                         40
    pinmap.o                           2
    port.o                           520                         16
    portasm.o                        148
    queue.o                        1 186
    raw.o                            372                          4
    rsa.o                            784                        328
    rtl8195a_adc.o                   792
    rtl8195a_gdma.o                  876
    rtl8195a_timer.o               1 096                         24
    rtl_consol.o                     580                        848
    sleep.o                           20
    sockets.o                      3 148                        104
    sys.o                             34
    sys_api.o                        952
    sys_arch.o                       486                         52
    system_8195a.o                    20                          4
    tasks.o                        2 144                        376
    tcm_heap.o                       330                         12
    tcp.o                          2 860                         35
    tcp_in.o                       3 756                         48
    tcp_out.o                      2 634
    tcpip.o                          504                         12
    timer_api.o                      224
    timers.o                         756                         56
    udp.o                          1 040                          8
    update.o                       2 720                32        4
    us_ticker.o                       48
    wifi_conf.o                    5 588                         84
    wifi_ind.o                       180                        336
    wifi_promisc.o                 1 152                        129
    wifi_simple_config.o           2 896                         64
    wifi_util.o                    3 216
    wifi_wps_config.o              2 240                         40
    wlan_network.o                   220
    zc_bc.o                          280                         16
    zc_client_manager.o              714                         40
    zc_cloud_event.o                 432
    zc_common.o                      464
    zc_configuration.o               552                        500
    zc_hf_adpter.o                 4 080                      6 089
    zc_message_queue.o               600
    zc_moudle_manager.o              668
    zc_protocol_controller.o       3 544                        136
    zc_sec_engine.o                1 144
    zc_timer.o                       284                         80
    ---------------------------------------------------------------
    Total:                       114 696             4 964   82 326

command line: [3]
    ---------------------------------------------------------------
    Total:

dl7M_tln.a: [4]
    errno.o                           12                          4
    printf.o                          36
    putchar.o                         40
    rand.o                           224                        140
    sscanf.o                          36
    vsnprint.o                        60
    xprintftiny.o                    336
    xprout.o                          22
    xscanfsmall_nomb.o             1 300
    xsnprout.o                        26
    xsscin.o                          30
    xstol.o                          134
    xstoul.o                         412
    xtls.o                             2
    ---------------------------------------------------------------
    Total:                         2 670                        144

lib_mdns.a: [5]
    ---------------------------------------------------------------
    Total:

lib_platform.a: [6]
    app_start.o                       36
    hal_common.o                      16
    hal_crypto.o                      36                      1 280
    hal_log_uart.o                   248
    hal_pinmux.o                      56
    hal_spi_flash_ram.o            3 704                        144
    startup.o                        804                20       12
    ---------------------------------------------------------------
    Total:                         4 900                20    1 436

lib_rtlstd.a: [7]
    ram_libc.o                       312                          4
    ram_libgloss_retarget.o          260                          4
    ---------------------------------------------------------------
    Total:                           572                          8

lib_wlan.a: [8]
    Hal8195APwrSeq.o                                            320
    Hal8195ARateAdaptive.o         1 910                        148
    HalHWImg8195A_BB.o               472                      2 328
    HalHWImg8195A_MAC.o              308                        776
    HalHWImg8195A_RF.o               480               128    6 016
    HalPhyRf.o                     1 268
    HalPhyRf_8195A.o               6 212
    HalPwrSeqCmd.o                   220
    PhyDM_Adaptivity.o               932
    freertos_intfs.o               2 688                         36
[...]
                        0x10012a8d     0x4  Code  Gb  wifi_conf.o [2]
wifi_mac_hash           0x1002c6fd    0x2a  Code  Lc  rtw_sta_mgt.o [8]
wifi_mode               0x10053c70     0x4  Data  Lc  wifi_conf.o [2]
wifi_no_network_hdl     0x10012197     0xe  Code  Lc  wifi_conf.o [2]
wifi_off                0x100129df    0x6a  Code  Gb  wifi_conf.o [2]
wifi_on                 0x10012951    0x8e  Code  Gb  wifi_conf.o [2]
wifi_reg_event_handler  0x1001a96b    0x3a  Code  Gb  wifi_ind.o [2]
wifi_remove_packet_filter
                        0x10013119     0x4  Code  Gb  wifi_conf.o [2]
wifi_rx_beacon_hdl      0x10012195     0x2  Code  Gb  wifi_conf.o [2]
wifi_scan               0x10012cf5    0x56  Code  Gb  wifi_conf.o [2]
wifi_scan_done_hdl      0x10012c8b    0x64  Code  Lc  wifi_conf.o [2]
wifi_scan_each_report_hdl
                        0x10012b61   0x12a  Code  Lc  wifi_conf.o [2]
wifi_scan_networks      0x10012d6d    0x92  Code  Gb  wifi_conf.o [2]
wifi_set_autoreconnect  0x100130a5    0x1c  Code  Gb  wifi_conf.o [2]
wifi_set_channel        0x10012947     0xa  Code  Gb  wifi_conf.o [2]
wifi_set_lps_dtim       0x10012a69     0xa  Code  Gb  wifi_conf.o [2]
wifi_set_power_mode     0x10012a49     0x4  Code  Gb  wifi_conf.o [2]
wifi_set_promisc        0x10012f89     0x4  Code  Gb  wifi_conf.o [2]
wifi_set_pscan_chan     0x10012e0d    0x12  Code  Gb  wifi_conf.o [2]
wifi_set_tdma_param     0x10012a55    0x14  Code  Gb  wifi_conf.o [2]
wifi_set_wps_phase      0x10012f85     0x4  Code  Gb  wifi_conf.o [2]
wifi_show_setting       0x10012ed9    0x9e  Code  Gb  wifi_conf.o [2]
wifi_start_ap           0x10012a91    0xcc  Code  Gb  wifi_conf.o [2]
wifi_unreg_event_handler
                        0x1001a9a5    0x30  Code  Gb  wifi_ind.o [2]
wifirate2_ratetbl_inx   0x1002724d    0x60  Code  Gb  rtw_wlan_util.o [8]
wireless_send_event     0x1003398f     0xa  Code  Gb  freertos_ioctl.o [8]
wlan_init_done_callback
                        0x10049f59    0xd0  Code  Gb  example_wlan_fast_connect.o [2]
wlan_network            0x1004aa05    0x3a  Code  Gb  wlan_network.o [2]
wlan_wrtie_reconnect_data_to_flash
                        0x10049efd    0x5c  Code  Gb  example_wlan_fast_connect.o [2]
wlancmds                0x10028414   0x1f8  Data  Gb  rtw_cmd.o [8]
wlanevents              0x10032998    0xc0  Data  Lc  rtw_mlme_ext.o [8]
wlanhdr_to_ethhdr       0x100200f1   0x138  Code  Gb  rtw_recv.o [8]
wpa_global_PSK          0x100558c0    0x50  Data  Gb  rtw_psk.o [8]
wpa_set_encryption      0x10033b53   0x176  Code  Lc  freertos_ioctl.o [8]
wpabuf_alloc            0x100497c9    0x18  Code  Gb  wpabuf.o [9]
wpabuf_alloc_copy       0x100497e1    0x1c  Code  Gb  wpabuf.o [9]
wpabuf_dup              0x100497fd    0x1a  Code  Gb  wpabuf.o [9]
wpabuf_free             0x10049817    0x24  Code  Gb  wpabuf.o [9]
wpabuf_put              0x10049841     0xc  Code  Gb  wpabuf.o [9]
wpabuf_put_be16         0x100498a1    0x14  Code  Lc  wps_attr_build.o [9]
wpabuf_put_be16         0x1004b995    0x14  Code  Lc  wps_dev_attr.o [9]
wpabuf_put_be16         0x1004bc8d    0x14  Code  Lc  wps_enrollee.o [9]
wpabuf_put_buf          0x100497bf     0xa  Code  Lc  wpabuf.o [9]
wpabuf_put_buf          0x100498d7     0xa  Code  Lc  wps_attr_build.o [9]
wpabuf_put_data         0x1004b305    0x22  Code  Lc  eap_wsc.o [9]
wpabuf_put_data         0x1004979d    0x22  Code  Lc  wpabuf.o [9]
wpabuf_put_data         0x100498b5    0x22  Code  Lc  wps_attr_build.o [9]
wpabuf_put_data         0x1004b9a9    0x22  Code  Lc  wps_dev_attr.o [9]
wpabuf_put_data         0x1004bca1    0x22  Code  Lc  wps_enrollee.o [9]
wpabuf_put_u8           0x1004b2f5    0x10  Code  Lc  eap_wsc.o [9]
wpabuf_put_u8           0x10049891    0x10  Code  Lc  wps_attr_build.o [9]
wpabuf_put_u8           0x1004b839    0x10  Code  Lc  eap_common.o [9]
wpabuf_put_u8           0x1004b955    0x10  Code  Lc  eap_wsc_common.o [9]
wpabuf_zeropad          0x1004984d    0x3a  Code  Gb  wpabuf.o [9]
wpas_eap_wsc_init       0x1004ad5d    0x12  Code  Gb  wps_protocol_handler.o [9]
wpas_swith_to_wps_auth  0x1004ad6f    0x14  Code  Gb  wps_protocol_handler.o [9]
wpas_swith_to_wps_encr  0x1004ad83    0x20  Code  Gb  wps_protocol_handler.o [9]
wpas_wps_dev_config     0x1004ada3    0xd0  Code  Gb  wps_protocol_handler.o [9]
wpas_wps_init           0x1004ae73    0x7e  Code  Gb  wps_protocol_handler.o [9]
wpas_wps_notify_wps_finish
                        0x1004b019    0x34  Code  Gb  wps_protocol_handler.o [9]
wpas_wps_notify_wps_finish_hdl
                        0x1004b04d     0x2  Code  Gb  wps_protocol_handler.o [9]
wpas_wsc_eapol_recvd    0x1004b1fb    0x66  Code  Gb  wps_protocol_handler.o [9]
wpas_wsc_eapol_recvd_hdl
                        0x1004b271    0x24  Code  Gb  wps_protocol_handler.o [9]
wpas_wsc_enrollee_handle_eap_fail
                        0x1004b04f    0x48  Code  Gb  wps_protocol_handler.o [9]
wpas_wsc_enrollee_handle_recvd
                        0x1004b183    0x78  Code  Gb  wps_protocol_handler.o [9]
wpas_wsc_send_eap_rspidentity
                        0x1004af57    0x78  Code  Gb  wps_protocol_handler.o [9]
wpas_wsc_send_eapol     0x1004b0a7    0xcc  Code  Gb  wps_protocol_handler.o [9]
wpas_wsc_send_packet    0x1004aef1    0x66  Code  Gb  wps_protocol_handler.o [9]
wps_build_ap_settings   0x1004beff    0xdc  Code  Lc  wps_enrollee.o [9]
wps_build_assoc_state   0x10049ae7    0x14  Code  Gb  wps_attr_build.o [9]
wps_build_auth_type_flags
                        0x10049a8d    0x14  Code  Gb  wps_attr_build.o [9]
wps_build_authenticator
                        0x100499d3    0x52  Code  Gb  wps_attr_build.o [9]
wps_build_config_error  0x100499c7     0xc  Code  Gb  wps_attr_build.o [9]
wps_build_config_methods
                        0x10049981     0xc  Code  Gb  wps_attr_build.o [9]
wps_build_conn_type_flags
                        0x10049ac9    0x14  Code  Gb  wps_attr_build.o [9]
wps_build_dev_name      0x1004ba6b    0x24  Code  Gb  wps_dev_attr.o [9]
wps_build_dev_password_id
                        0x100499a5     0xa  Code  Gb  wps_attr_build.o [9]
wps_build_device_attrs  0x1004ba8f    0x5e  Code  Gb  wps_dev_attr.o [9]
wps_build_e_hash        0x1004bcc3    0x9e  Code  Lc  wps_enrollee.o [9]
wps_build_encr_settings
                        0x10049b2d    0x76  Code  Gb  wps_attr_build.o [9]
wps_build_encr_type_flags
                        0x10049aa1    0x12  Code  Gb  wps_attr_build.o [9]
wps_build_enrollee_nonce
                        0x10049a4b    0x1e  Code  Gb  wps_attr_build.o [9]
wps_build_key_wrap_auth
                        0x10049afb    0x32  Code  Gb  wps_attr_build.o [9]
wps_build_m1            0x1004bd77   0x100  Code  Gb  wps_enrollee.o [9]
wps_build_m5            0x1004be77    0x82  Code  Lc  wps_enrollee.o [9]
wps_build_m7            0x1004bfe1    0x96  Code  Lc  wps_enrollee.o [9]
wps_build_mac_addr      0x10049ba3    0x16  Code  Gb  wps_attr_build.o [9]
wps_build_manufacturer  0x1004b9cb    0x24  Code  Gb  wps_dev_attr.o [9]
wps_build_model_name    0x1004b9ef    0x22  Code  Gb  wps_dev_attr.o [9]
wps_build_model_number  0x1004ba1d    0x24  Code  Gb  wps_dev_attr.o [9]
wps_build_msg_type      0x10049a3f     0xc  Code  Gb  wps_attr_build.o [9]
wps_build_os_version    0x1004baed    0x30  Code  Gb  wps_dev_attr.o [9]
wps_build_primary_dev_type
                        0x1004ba41    0x24  Code  Gb  wps_dev_attr.o [9]
wps_build_public_key    0x100498e1    0x88  Code  Gb  wps_attr_build.o [9]
wps_build_registrar_nonce
                        0x10049a69    0x1e  Code  Gb  wps_attr_build.o [9]
wps_build_rf_bands      0x1004bb21    0x24  Code  Gb  wps_dev_attr.o [9]
wps_build_uuid_e        0x1004998d    0x18  Code  Gb  wps_attr_build.o [9]
wps_build_version       0x10049a25    0x16  Code  Gb  wps_attr_build.o [9]
wps_build_wfa_ext       0x10049a3b     0x4  Code  Gb  wps_attr_build.o [9]
wps_build_wsc_ack       0x10049695    0x42  Code  Gb  wps_common.o [9]
wps_build_wsc_nack      0x100496d7    0x4e  Code  Gb  wps_common.o [9]
wps_check_and_show_connection_info
                        0x10048a31    0x24  Code  Gb  wifi_wps_config.o [2]
wps_decrypt_encr_settings
                        0x10049571    0x7e  Code  Gb  wps_common.o [9]
wps_deinit              0x1004b7b3    0x58  Code  Gb  wps.o [9]
wps_derive_keys         0x10049441    0xde  Code  Gb  wps_common.o [9]
wps_derive_psk          0x1004951f    0x52  Code  Gb  wps_common.o [9]
wps_device_data_free    0x1004bc43    0x44  Code  Gb  wps_dev_attr.o [9]
wps_enrollee_get_msg    0x1004c0a7   0x11e  Code  Gb  wps_enrollee.o [9]
wps_enrollee_process_msg
                        0x1004c613    0xb4  Code  Gb  wps_enrollee.o [9]
wps_generate_pin        0x1004964f    0x3a  Code  Gb  wps_common.o [9]
wps_get_msg             0x1004b815     0x4  Code  Gb  wps.o [9]
wps_init                0x1004b695   0x106  Code  Gb  wps.o [9]
wps_judge_staion_disconnect
                        0x10048dcf    0x46  Code  Gb  wifi_wps_config.o [2]
wps_kdf                 0x1004939d    0xa4  Code  Gb  wps_common.o [9]
wps_oui                 0x00035440     0x4  Data  Lc  rom.o [11]
wps_parse_msg           0x1004cac5    0x8c  Code  Gb  wps_attr_parse.o [9]
wps_parse_vendor_ext_wfa
                        0x1004c6db    0x5c  Code  Lc  wps_attr_parse.o [9]
wps_password_id         0x10053ea0     0x1  Data  Gb  wifi_wps_config.o [2]
wps_pin_checksum        0x100495ef    0x3e  Code  Gb  wps_common.o [9]
wps_pin_code            0x10053ea8    0x20  Data  Gb  wifi_wps_config.o [2]
wps_pin_valid           0x1004962d    0x22  Code  Gb  wps_common.o [9]
wps_process_authenticator
                        0x1004cb51    0x4e  Code  Gb  wps_attr_process.o [9]
wps_process_cred        0x1004cca3    0x54  Code  Gb  wps_attr_process.o [9]
wps_process_cred_auth_type
                        0x1004cc05    0x12  Code  Lc  wps_attr_process.o [9]
wps_process_cred_e      0x1004c283    0x42  Code  Lc  wps_enrollee.o [9]
wps_process_cred_encr_type
                        0x1004cc17    0x12  Code  Lc  wps_attr_process.o [9]
wps_process_cred_mac_addr
                        0x1004cc69    0x16  Code  Lc  wps_attr_process.o [9]
wps_process_cred_network_key
                        0x1004cc3b    0x28  Code  Lc  wps_attr_process.o [9]
wps_process_cred_network_key_idx
                        0x1004cc2f     0xc  Code  Lc  wps_attr_process.o [9]
wps_process_cred_ssid   0x1004cbdb    0x2a  Code  Lc  wps_attr_process.o [9]
wps_process_creds       0x1004c2c5    0x40  Code  Lc  wps_enrollee.o [9]
wps_process_device_attrs
                        0x1004bb45    0xea  Code  Gb  wps_dev_attr.o [9]
wps_process_enrollee_nonce
                        0x1004c1c5    0x18  Code  Lc  wps_enrollee.o [9]
wps_process_key_wrap_auth
                        0x1004cb9f    0x3c  Code  Gb  wps_attr_process.o [9]
wps_process_m2          0x1004c305    0x90  Code  Lc  wps_enrollee.o [9]
wps_process_m4          0x1004c395    0x86  Code  Lc  wps_enrollee.o [9]
wps_process_m8          0x1004c42b    0x7a  Code  Lc  wps_enrollee.o [9]
wps_process_msg         0x1004b811     0x4  Code  Gb  wps.o [9]
wps_process_r_snonce1   0x1004c1dd    0x38  Code  Lc  wps_enrollee.o [9]
wps_process_r_snonce2   0x1004c215    0x38  Code  Lc  wps_enrollee.o [9]
wps_process_wsc_msg     0x1004c4c5   0x14e  Code  Lc  wps_enrollee.o [9]
wps_scan_result_handler
                        0x10048a55    0x82  Code  Lc  wifi_wps_config.o [2]
wps_set_attr            0x1004c737   0x38e  Code  Lc  wps_attr_parse.o [9]
wps_start               0x10048ae3   0x2e2  Code  Gb  wifi_wps_config.o [2]
wps_validate_assoc_state
                        0x1004cdc1    0x18  Code  Lc  wps_validate.o [9]
wps_validate_auth_type  0x1004cef1    0x2c  Code  Lc  wps_validate.o [9]
wps_validate_auth_type_flags
                        0x1004ced5    0x1c  Code  Lc  wps_validate.o [9]
wps_validate_authenticator
                        0x1004cf8b     0xa  Code  Lc  wps_validate.o [9]
wps_validate_config_error
                        0x1004cdd9    0x18  Code  Lc  wps_validate.o [9]
wps_validate_config_methods
                        0x1004cd75    0x20  Code  Lc  wps_validate.o [9]
wps_validate_conn_type_flags
                        0x1004cf6b    0x16  Code  Lc  wps_validate.o [9]
wps_validate_cred       0x1004d001    0x82  Code  Lc  wps_validate.o [9]
wps_validate_dev_name   0x1004ce63    0x16  Code  Lc  wps_validate.o [9]
wps_validate_dev_password_id
                        0x1004cdf1    0x1a  Code  Lc  wps_validate.o [9]
wps_validate_encr_settings
                        0x1004cf95    0x10  Code  Lc  wps_validate.o [9]
wps_validate_encr_type  0x1004cf39    0x2c  Code  Lc  wps_validate.o [9]
wps_validate_encr_type_flags
                        0x1004cf1d    0x1c  Code  Lc  wps_validate.o [9]
wps_validate_enrollee_nonce
                        0x1004ce9f     0xa  Code  Lc  wps_validate.o [9]
wps_validate_key_wrap_auth
                        0x1004cfa5     0xa  Code  Lc  wps_validate.o [9]
wps_validate_m2         0x1004d0bf   0x10e  Code  Gb  wps_validate.o [9]
wps_validate_m2d        0x1004d1cd    0xda  Code  Gb  wps_validate.o [9]
wps_validate_m4         0x1004d2b5    0x56  Code  Gb  wps_validate.o [9]
wps_validate_m4_encr    0x1004d30b    0x28  Code  Gb  wps_validate.o [9]
wps_validate_m6         0x1004d357    0x4a  Code  Gb  wps_validate.o [9]
wps_validate_m6_encr    0x1004d3b7    0x28  Code  Gb  wps_validate.o [9]
wps_validate_m8         0x1004d3df    0x4a  Code  Gb  wps_validate.o [9]
wps_validate_m8_encr    0x1004d429    0x8a  Code  Gb  wps_validate.o [9]
wps_validate_mac_addr   0x1004ce8d    0x12  Code  Lc  wps_validate.o [9]
wps_validate_manufacturer
                        0x1004ce0b    0x16  Code  Lc  wps_validate.o [9]
wps_validate_model_name
                        0x1004ce21    0x16  Code  Lc  wps_validate.o [9]
wps_validate_model_number
                        0x1004ce37    0x16  Code  Lc  wps_validate.o [9]
wps_validate_msg_type   0x1004ce79    0x14  Code  Lc  wps_validate.o [9]
wps_validate_network_key
                        0x1004cfd3    0x2e  Code  Lc  wps_validate.o [9]
wps_validate_network_key_index
                        0x1004cfc9     0xa  Code  Lc  wps_validate.o [9]
wps_validate_os_version
                        0x1004cf81     0xa  Code  Lc  wps_validate.o [9]
wps_validate_primary_dev_type
                        0x1004cd9f     0xa  Code  Lc  wps_validate.o [9]
wps_validate_public_key
                        0x1004ceb3    0x10  Code  Lc  wps_validate.o [9]
wps_validate_registrar_nonce
                        0x1004cea9     0xa  Code  Lc  wps_validate.o [9]
wps_validate_rf_bands   0x1004cda9    0x18  Code  Lc  wps_validate.o [9]
wps_validate_serial_number
                        0x1004ce4d    0x16  Code  Lc  wps_validate.o [9]
wps_validate_ssid       0x1004cfaf    0x1a  Code  Lc  wps_validate.o [9]
wps_validate_uuid_r     0x1004cd95     0xa  Code  Lc  wps_validate.o [9]
wps_validate_version    0x1004cd17    0x12  Code  Lc  wps_validate.o [9]
wps_validate_version2   0x1004cd29    0x12  Code  Lc  wps_validate.o [9]
wps_validate_wsc_ack    0x1004d4b3    0x46  Code  Gb  wps_validate.o [9]
wps_validate_wsc_nack   0x1004d4f9    0x4e  Code  Gb  wps_validate.o [9]
wps_workaround_cred_key
                        0x1004cc7f    0x24  Code  Lc  wps_attr_process.o [9]
wrapper_skbbuf_list     0x10055b10     0x8  Data  Lc  freertos_skbuff.o [8]
write_cam               0x10026b59    0x6a  Code  Gb  rtw_wlan_util.o [8]
write_ota_addr_to_system_data
                        0x1000fb2d    0x96  Code  Gb  update.o [2]
wsc_eap                 0x10057c34    0x1c  Data  Gb  eap_wsc.o [9]
xActiveTimerList1       0x10053c20    0x14  Data  Lc  timers.o [2]
xActiveTimerList2       0x10053c34    0x14  Data  Lc  timers.o [2]
xBlockAllocatedBit      0x10053674     0x4  Data  Lc  heap_5.o [2]
xDelayedTaskList1       0x1004dcb8    0x14  Data  Lc  tasks.o [2]
xDelayedTaskList2       0x1004dccc    0x14  Data  Lc  tasks.o [2]
xFreeBytesRemaining     0x1005366c     0x4  Data  Lc  heap_5.o [2]
xHeapRegions            0x10053648    0x18  Data  Gb  heap_5.o [2]
xMaximumPossibleSuppressedTicks
                        0x100538e4     0x4  Data  Lc  port.o [2]
xMinimumEverFreeBytesRemaining
                        0x10053670     0x4  Data  Lc  heap_5.o [2]
xNextTaskUnblockTime    0x1004dcb0     0x4  Data  Lc  tasks.o [2]
xNumOfOverflows         0x1004dca8     0x4  Data  Lc  tasks.o [2]
xPendingReadyList       0x1004dc44    0x14  Data  Lc  tasks.o [2]
xPortGetFreeHeapSize    0x100164d7     0x6  Code  Gb  heap_5.o [2]
xPortPendSVHandler      0x1004d799          Code  Gb  portasm.o [2]
xPortStartScheduler     0x10016e65    0x26  Code  Gb  port.o [2]
xPortSysTickHandler     0x10016ec7    0x1e  Code  Gb  port.o [2]
xQueueCreateCountingSemaphore
                        0x1001c9d7    0x12  Code  Gb  queue.o [2]
xQueueCreateMutex       0x1001c98d    0x40  Code  Gb  queue.o [2]
xQueueGenericCreate     0x1001c951    0x3c  Code  Gb  queue.o [2]
xQueueGenericReceive    0x1001cb19    0xfa  Code  Gb  queue.o [2]
xQueueGenericReset      0x1001c8f1    0x60  Code  Gb  queue.o [2]
xQueueGenericSend       0x1001c9e9    0xc4  Code  Gb  queue.o [2]
xQueueGenericSendFromISR
                        0x1001caad    0x6c  Code  Gb  queue.o [2]
xSchedulerRunning       0x1004dc9c     0x4  Data  Lc  tasks.o [2]
xStart                  0x10053660     0x8  Data  Lc  heap_5.o [2]
xSuspendedTaskList      0x1004dc7c    0x14  Data  Lc  tasks.o [2]
xTaskCheckForTimeOut    0x10014777    0x3c  Code  Gb  tasks.o [2]
xTaskGenericCreate      0x100141b5   0x118  Code  Gb  tasks.o [2]
xTaskGetSchedulerState  0x100148df    0x16  Code  Gb  tasks.o [2]
xTaskGetTickCount       0x1001453d     0xc  Code  Gb  tasks.o [2]
xTaskIncrementTick      0x10014569    0xb0  Code  Gb  tasks.o [2]
xTaskPriorityDisinherit
                        0x10014975    0x6a  Code  Gb  tasks.o [2]
xTaskRemoveFromEventList
                        0x1001470d    0x38  Code  Gb  tasks.o [2]
xTaskResumeAll          0x100144b1    0x8c  Code  Gb  tasks.o [2]
xTasksWaitingTermination
                        0x1004dc58    0x14  Data  Lc  tasks.o [2]
xTickCount              0x1004dc94     0x4  Data  Lc  tasks.o [2]
xTimerCreate            0x1001d2b7    0x3a  Code  Gb  timers.o [2]
xTimerCreateTimerTask   0x1001d285    0x32  Code  Gb  timers.o [2]
xTimerGenericCommand    0x1001d2f1    0x46  Code  Gb  timers.o [2]
xTimerIsTimerActive     0x1001d553    0x1a  Code  Gb  timers.o [2]
xTimerQueue             0x10053c18     0x4  Data  Lc  timers.o [2]
xYieldPending           0x1004dca4     0x4  Data  Lc  tasks.o [2]
xmit_delivery_enabled_frames
                        0x1002e157   0x102  Code  Gb  rtw_xmit.o [8]
xmitframe_addmic        0x1002d363   0x18e  Code  Gb  rtw_xmit.o [8]
xmitframe_enqueue_for_sleeping_sta
                        0x1002dce7   0x154  Code  Gb  rtw_xmit.o [8]
xmitframe_swencrypt     0x1002d4f7    0x30  Code  Gb  rtw_xmit.o [8]
xnetif                  0x10053828    0x78  Data  Gb  lwip_netconf.o [2]
z1                      0x10000374     0x4  Data  Lc  rom.o [11]
z2                      0x10000378     0x4  Data  Lc  rom.o [11]
z3                      0x1000037c     0x4  Data  Lc  rom.o [11]
z4                      0x10000380     0x4  Data  Lc  rom.o [11]
zero_bssid              0x1001856c     0x8  Data  Gb  rtw_promisc.o [8]
zeroes                  0x0003ec14    0x10  Data  Lc  rom.o [11]


[1] = D:\工作资料\斐联\sdk-ameba1-v3.4b\project\realtek_ameba1_va0_example\EWARM-RELEASE\..\..\..\component\soc\realtek\8195a\misc\bsp\image
[2] = D:\工作资料\斐联\sdk-ameba1-v3.4b\project\realtek_ameba1_va0_example\EWARM-RELEASE\Debug\Obj
[3] = command line
[4] = dl7M_tln.a
[5] = lib_mdns.a
[6] = lib_platform.a
[7] = lib_rtlstd.a
[8] = lib_wlan.a
[9] = lib_wps.a
[10] = m7M_tl.a
[11] = rom.a
[12] = rt7M_tl.a

  282 324 bytes of readonly  code memory
  276 520 bytes of readwrite code memory
   24 698 bytes of readonly  data memory
  182 566 bytes of readwrite data memory

Errors: none
Warnings: none
