###############################################################################
#
# IAR ELF Linker V7.30.1.7746/W32 for ARM                 17/Feb/2016  13:41:55
# Copyright 2007-2014 IAR Systems AB.
#
#    Output file  =  
#        D:\工作资料\斐联\sdk-ameba1-v3.4b\project\realtek_ameba1_va0_example\EWARM-RELEASE\Debug\Exe\application.axf
#    Map file     =  
#        D:\工作资料\斐联\sdk-ameba1-v3.4b\project\realtek_ameba1_va0_example\EWARM-RELEASE\Debug\List\application.map
#    Command line =  
#        D:\工作资料\斐联\sdk-ameba1-v3.4b\project\realtek_ameba1_va0_example\EWARM-RELEASE\Debug\Obj\ac_api.o
#        D:\工作资料\斐联\sdk-ameba1-v3.4b\project\realtek_ameba1_va0_example\EWARM-RELEASE\Debug\Obj\ac_hal.o
#        D:\工作资料\斐联\sdk-ameba1-v3.4b\project\realtek_ameba1_va0_example\EWARM-RELEASE\Debug\Obj\aes.o
#        D:\工作资料\斐联\sdk-ameba1-v3.4b\project\realtek_ameba1_va0_example\EWARM-RELEASE\Debug\Obj\aes_cbc.o
#        D:\工作资料\斐联\sdk-ameba1-v3.4b\project\realtek_ameba1_va0_example\EWARM-RELEASE\Debug\Obj\aes_core.o
#        D:\工作资料\斐联\sdk-ameba1-v3.4b\project\realtek_ameba1_va0_example\EWARM-RELEASE\Debug\Obj\aesni.o
#        D:\工作资料\斐联\sdk-ameba1-v3.4b\project\realtek_ameba1_va0_example\EWARM-RELEASE\Debug\Obj\analogin_api.o
#        D:\工作资料\斐联\sdk-ameba1-v3.4b\project\realtek_ameba1_va0_example\EWARM-RELEASE\Debug\Obj\api_lib.o
#        D:\工作资料\斐联\sdk-ameba1-v3.4b\project\realtek_ameba1_va0_example\EWARM-RELEASE\Debug\Obj\api_msg.o
#        D:\工作资料\斐联\sdk-ameba1-v3.4b\project\realtek_ameba1_va0_example\EWARM-RELEASE\Debug\Obj\arc4.o
#        D:\工作资料\斐联\sdk-ameba1-v3.4b\project\realtek_ameba1_va0_example\EWARM-RELEASE\Debug\Obj\asn1parse.o
#        D:\工作资料\斐联\sdk-ameba1-v3.4b\project\realtek_ameba1_va0_example\EWARM-RELEASE\Debug\Obj\asn1write.o
#        D:\工作资料\斐联\sdk-ameba1-v3.4b\project\realtek_ameba1_va0_example\EWARM-RELEASE\Debug\Obj\atcmd_google.o
#        D:\工作资料\斐联\sdk-ameba1-v3.4b\project\realtek_ameba1_va0_example\EWARM-RELEASE\Debug\Obj\atcmd_sys.o
#        D:\工作资料\斐联\sdk-ameba1-v3.4b\project\realtek_ameba1_va0_example\EWARM-RELEASE\Debug\Obj\atcmd_wifi.o
#        D:\工作资料\斐联\sdk-ameba1-v3.4b\project\realtek_ameba1_va0_example\EWARM-RELEASE\Debug\Obj\autoip.o
#        D:\工作资料\斐联\sdk-ameba1-v3.4b\project\realtek_ameba1_va0_example\EWARM-RELEASE\Debug\Obj\base64.o
#        D:\工作资料\斐联\sdk-ameba1-v3.4b\project\realtek_ameba1_va0_example\EWARM-RELEASE\Debug\Obj\bignum.o
#        D:\工作资料\斐联\sdk-ameba1-v3.4b\project\realtek_ameba1_va0_example\EWARM-RELEASE\Debug\Obj\blowfish.o
#        D:\工作资料\斐联\sdk-ameba1-v3.4b\project\realtek_ameba1_va0_example\EWARM-RELEASE\Debug\Obj\camellia.o
#        D:\工作资料\斐联\sdk-ameba1-v3.4b\project\realtek_ameba1_va0_example\EWARM-RELEASE\Debug\Obj\ccm.o
#        D:\工作资料\斐联\sdk-ameba1-v3.4b\project\realtek_ameba1_va0_example\EWARM-RELEASE\Debug\Obj\certs.o
#        D:\工作资料\斐联\sdk-ameba1-v3.4b\project\realtek_ameba1_va0_example\EWARM-RELEASE\Debug\Obj\cipher.o
#        D:\工作资料\斐联\sdk-ameba1-v3.4b\project\realtek_ameba1_va0_example\EWARM-RELEASE\Debug\Obj\cipher_wrap.o
#        D:\工作资料\斐联\sdk-ameba1-v3.4b\project\realtek_ameba1_va0_example\EWARM-RELEASE\Debug\Obj\cJSON.o
#        D:\工作资料\斐联\sdk-ameba1-v3.4b\project\realtek_ameba1_va0_example\EWARM-RELEASE\Debug\Obj\cmsis_os.o
#        D:\工作资料\斐联\sdk-ameba1-v3.4b\project\realtek_ameba1_va0_example\EWARM-RELEASE\Debug\Obj\crc.o
#        D:\工作资料\斐联\sdk-ameba1-v3.4b\project\realtek_ameba1_va0_example\EWARM-RELEASE\Debug\Obj\croutine.o
#        D:\工作资料\斐联\sdk-ameba1-v3.4b\project\realtek_ameba1_va0_example\EWARM-RELEASE\Debug\Obj\ctr_drbg.o
#        D:\工作资料\斐联\sdk-ameba1-v3.4b\project\realtek_ameba1_va0_example\EWARM-RELEASE\Debug\Obj\debug.o
#        D:\工作资料\斐联\sdk-ameba1-v3.4b\project\realtek_ameba1_va0_example\EWARM-RELEASE\Debug\Obj\def.o
#        D:\工作资料\斐联\sdk-ameba1-v3.4b\project\realtek_ameba1_va0_example\EWARM-RELEASE\Debug\Obj\des.o
#        D:\工作资料\斐联\sdk-ameba1-v3.4b\project\realtek_ameba1_va0_example\EWARM-RELEASE\Debug\Obj\dhcp.o
#        D:\工作资料\斐联\sdk-ameba1-v3.4b\project\realtek_ameba1_va0_example\EWARM-RELEASE\Debug\Obj\dhcps.o
#        D:\工作资料\斐联\sdk-ameba1-v3.4b\project\realtek_ameba1_va0_example\EWARM-RELEASE\Debug\Obj\dhm.o
#        D:\工作资料\斐联\sdk-ameba1-v3.4b\project\realtek_ameba1_va0_example\EWARM-RELEASE\Debug\Obj\dma_api.o
#        D:\工作资料\斐联\sdk-ameba1-v3.4b\project\realtek_ameba1_va0_example\EWARM-RELEASE\Debug\Obj\dns.o
#        D:\工作资料\斐联\sdk-ameba1-v3.4b\project\realtek_ameba1_va0_example\EWARM-RELEASE\Debug\Obj\ecdh.o
#        D:\工作资料\斐联\sdk-ameba1-v3.4b\project\realtek_ameba1_va0_example\EWARM-RELEASE\Debug\Obj\ecdsa.o
#        D:\工作资料\斐联\sdk-ameba1-v3.4b\project\realtek_ameba1_va0_example\EWARM-RELEASE\Debug\Obj\ecp.o
#        D:\工作资料\斐联\sdk-ameba1-v3.4b\project\realtek_ameba1_va0_example\EWARM-RELEASE\Debug\Obj\ecp_curves.o
#        D:\工作资料\斐联\sdk-ameba1-v3.4b\project\realtek_ameba1_va0_example\EWARM-RELEASE\Debug\Obj\efuse1_api.o
#        D:\工作资料\斐联\sdk-ameba1-v3.4b\project\realtek_ameba1_va0_example\EWARM-RELEASE\Debug\Obj\efuse2_api.o
#        D:\工作资料\斐联\sdk-ameba1-v3.4b\project\realtek_ameba1_va0_example\EWARM-RELEASE\Debug\Obj\efuse3_api.o
#        D:\工作资料\斐联\sdk-ameba1-v3.4b\project\realtek_ameba1_va0_example\EWARM-RELEASE\Debug\Obj\entropy.o
#        D:\工作资料\斐联\sdk-ameba1-v3.4b\project\realtek_ameba1_va0_example\EWARM-RELEASE\Debug\Obj\entropy_poll.o
#        D:\工作资料\斐联\sdk-ameba1-v3.4b\project\realtek_ameba1_va0_example\EWARM-RELEASE\Debug\Obj\err.o
#        D:\工作资料\斐联\sdk-ameba1-v3.4b\project\realtek_ameba1_va0_example\EWARM-RELEASE\Debug\Obj\error.o
#        D:\工作资料\斐联\sdk-ameba1-v3.4b\project\realtek_ameba1_va0_example\EWARM-RELEASE\Debug\Obj\etharp.o
#        D:\工作资料\斐联\sdk-ameba1-v3.4b\project\realtek_ameba1_va0_example\EWARM-RELEASE\Debug\Obj\ethernetif.o
#        D:\工作资料\斐联\sdk-ameba1-v3.4b\project\realtek_ameba1_va0_example\EWARM-RELEASE\Debug\Obj\event_groups.o
#        D:\工作资料\斐联\sdk-ameba1-v3.4b\project\realtek_ameba1_va0_example\EWARM-RELEASE\Debug\Obj\example_entry.o
#        D:\工作资料\斐联\sdk-ameba1-v3.4b\project\realtek_ameba1_va0_example\EWARM-RELEASE\Debug\Obj\example_google.o
#        D:\工作资料\斐联\sdk-ameba1-v3.4b\project\realtek_ameba1_va0_example\EWARM-RELEASE\Debug\Obj\example_mcast.o
#        D:\工作资料\斐联\sdk-ameba1-v3.4b\project\realtek_ameba1_va0_example\EWARM-RELEASE\Debug\Obj\example_mdns.o
#        D:\工作资料\斐联\sdk-ameba1-v3.4b\project\realtek_ameba1_va0_example\EWARM-RELEASE\Debug\Obj\example_socket_select.o
#        D:\工作资料\斐联\sdk-ameba1-v3.4b\project\realtek_ameba1_va0_example\EWARM-RELEASE\Debug\Obj\example_ssl_download.o
#        D:\工作资料\斐联\sdk-ameba1-v3.4b\project\realtek_ameba1_va0_example\EWARM-RELEASE\Debug\Obj\example_wlan_fast_connect.o
#        D:\工作资料\斐联\sdk-ameba1-v3.4b\project\realtek_ameba1_va0_example\EWARM-RELEASE\Debug\Obj\example_xml.o
#        D:\工作资料\斐联\sdk-ameba1-v3.4b\project\realtek_ameba1_va0_example\EWARM-RELEASE\Debug\Obj\flash_api.o
#        D:\工作资料\斐联\sdk-ameba1-v3.4b\project\realtek_ameba1_va0_example\EWARM-RELEASE\Debug\Obj\freertos_pmu.o
#        D:\工作资料\斐联\sdk-ameba1-v3.4b\project\realtek_ameba1_va0_example\EWARM-RELEASE\Debug\Obj\freertos_service.o
#        D:\工作资料\斐联\sdk-ameba1-v3.4b\project\realtek_ameba1_va0_example\EWARM-RELEASE\Debug\Obj\gcm.o
#        D:\工作资料\斐联\sdk-ameba1-v3.4b\project\realtek_ameba1_va0_example\EWARM-RELEASE\Debug\Obj\gpio_api.o
#        D:\工作资料\斐联\sdk-ameba1-v3.4b\project\realtek_ameba1_va0_example\EWARM-RELEASE\Debug\Obj\gpio_irq_api.o
#        D:\工作资料\斐联\sdk-ameba1-v3.4b\project\realtek_ameba1_va0_example\EWARM-RELEASE\Debug\Obj\hal_32k.o
#        D:\工作资料\斐联\sdk-ameba1-v3.4b\project\realtek_ameba1_va0_example\EWARM-RELEASE\Debug\Obj\hal_adc.o
#        D:\工作资料\斐联\sdk-ameba1-v3.4b\project\realtek_ameba1_va0_example\EWARM-RELEASE\Debug\Obj\hal_gdma.o
#        D:\工作资料\斐联\sdk-ameba1-v3.4b\project\realtek_ameba1_va0_example\EWARM-RELEASE\Debug\Obj\hal_gpio.o
#        D:\工作资料\斐联\sdk-ameba1-v3.4b\project\realtek_ameba1_va0_example\EWARM-RELEASE\Debug\Obj\hal_i2c.o
#        D:\工作资料\斐联\sdk-ameba1-v3.4b\project\realtek_ameba1_va0_example\EWARM-RELEASE\Debug\Obj\hal_i2s.o
#        D:\工作资料\斐联\sdk-ameba1-v3.4b\project\realtek_ameba1_va0_example\EWARM-RELEASE\Debug\Obj\hal_mii.o
#        D:\工作资料\斐联\sdk-ameba1-v3.4b\project\realtek_ameba1_va0_example\EWARM-RELEASE\Debug\Obj\hal_nfc.o
#        D:\工作资料\斐联\sdk-ameba1-v3.4b\project\realtek_ameba1_va0_example\EWARM-RELEASE\Debug\Obj\hal_pcm.o
#        D:\工作资料\斐联\sdk-ameba1-v3.4b\project\realtek_ameba1_va0_example\EWARM-RELEASE\Debug\Obj\hal_pwm.o
#        D:\工作资料\斐联\sdk-ameba1-v3.4b\project\realtek_ameba1_va0_example\EWARM-RELEASE\Debug\Obj\hal_sdr_controller.o
#        D:\工作资料\斐联\sdk-ameba1-v3.4b\project\realtek_ameba1_va0_example\EWARM-RELEASE\Debug\Obj\hal_soc_ps_monitor.o
#        D:\工作资料\斐联\sdk-ameba1-v3.4b\project\realtek_ameba1_va0_example\EWARM-RELEASE\Debug\Obj\hal_ssi.o
#        D:\工作资料\斐联\sdk-ameba1-v3.4b\project\realtek_ameba1_va0_example\EWARM-RELEASE\Debug\Obj\hal_timer.o
#        D:\工作资料\斐联\sdk-ameba1-v3.4b\project\realtek_ameba1_va0_example\EWARM-RELEASE\Debug\Obj\hal_uart.o
#        D:\工作资料\斐联\sdk-ameba1-v3.4b\project\realtek_ameba1_va0_example\EWARM-RELEASE\Debug\Obj\havege.o
#        D:\工作资料\斐联\sdk-ameba1-v3.4b\project\realtek_ameba1_va0_example\EWARM-RELEASE\Debug\Obj\heap_5.o
#        D:\工作资料\斐联\sdk-ameba1-v3.4b\project\realtek_ameba1_va0_example\EWARM-RELEASE\Debug\Obj\hmac_drbg.o
#        D:\工作资料\斐联\sdk-ameba1-v3.4b\project\realtek_ameba1_va0_example\EWARM-RELEASE\Debug\Obj\i2c_api.o
#        D:\工作资料\斐联\sdk-ameba1-v3.4b\project\realtek_ameba1_va0_example\EWARM-RELEASE\Debug\Obj\i2s_api.o
#        D:\工作资料\斐联\sdk-ameba1-v3.4b\project\realtek_ameba1_va0_example\EWARM-RELEASE\Debug\Obj\icmp.o
#        D:\工作资料\斐联\sdk-ameba1-v3.4b\project\realtek_ameba1_va0_example\EWARM-RELEASE\Debug\Obj\igmp.o
#        D:\工作资料\斐联\sdk-ameba1-v3.4b\project\realtek_ameba1_va0_example\EWARM-RELEASE\Debug\Obj\inet.o
#        D:\工作资料\斐联\sdk-ameba1-v3.4b\project\realtek_ameba1_va0_example\EWARM-RELEASE\Debug\Obj\inet_chksum.o
#        D:\工作资料\斐联\sdk-ameba1-v3.4b\project\realtek_ameba1_va0_example\EWARM-RELEASE\Debug\Obj\init.o
#        D:\工作资料\斐联\sdk-ameba1-v3.4b\project\realtek_ameba1_va0_example\EWARM-RELEASE\Debug\Obj\ip.o
#        D:\工作资料\斐联\sdk-ameba1-v3.4b\project\realtek_ameba1_va0_example\EWARM-RELEASE\Debug\Obj\ip_addr.o
#        D:\工作资料\斐联\sdk-ameba1-v3.4b\project\realtek_ameba1_va0_example\EWARM-RELEASE\Debug\Obj\ip_frag.o
#        D:\工作资料\斐联\sdk-ameba1-v3.4b\component\soc\realtek\8195a\misc\bsp\lib\common\IAR\lib_mdns.a
#        D:\工作资料\斐联\sdk-ameba1-v3.4b\component\soc\realtek\8195a\misc\bsp\lib\common\IAR\lib_platform.a
#        D:\工作资料\斐联\sdk-ameba1-v3.4b\component\soc\realtek\8195a\misc\bsp\lib\common\IAR\lib_rtlstd.a
#        D:\工作资料\斐联\sdk-ameba1-v3.4b\component\soc\realtek\8195a\misc\bsp\lib\common\IAR\lib_wlan.a
#        D:\工作资料\斐联\sdk-ameba1-v3.4b\component\soc\realtek\8195a\misc\bsp\lib\common\IAR\lib_wps.a
#        D:\工作资料\斐联\sdk-ameba1-v3.4b\project\realtek_ameba1_va0_example\EWARM-RELEASE\Debug\Obj\list.o
#        D:\工作资料\斐联\sdk-ameba1-v3.4b\project\realtek_ameba1_va0_example\EWARM-RELEASE\Debug\Obj\log_service.o
#        D:\工作资料\斐联\sdk-ameba1-v3.4b\project\realtek_ameba1_va0_example\EWARM-RELEASE\Debug\Obj\low_level_io.o
#        D:\工作资料\斐联\sdk-ameba1-v3.4b\project\realtek_ameba1_va0_example\EWARM-RELEASE\Debug\Obj\lwip_intf.o
#        D:\工作资料\斐联\sdk-ameba1-v3.4b\project\realtek_ameba1_va0_example\EWARM-RELEASE\Debug\Obj\lwip_netconf.o
#        D:\工作资料\斐联\sdk-ameba1-v3.4b\project\realtek_ameba1_va0_example\EWARM-RELEASE\Debug\Obj\lwip_timers.o
#        D:\工作资料\斐联\sdk-ameba1-v3.4b\project\realtek_ameba1_va0_example\EWARM-RELEASE\Debug\Obj\mailbox.o
#        D:\工作资料\斐联\sdk-ameba1-v3.4b\project\realtek_ameba1_va0_example\EWARM-RELEASE\Debug\Obj\main.o
#        D:\工作资料\斐联\sdk-ameba1-v3.4b\project\realtek_ameba1_va0_example\EWARM-RELEASE\Debug\Obj\md.o
#        D:\工作资料\斐联\sdk-ameba1-v3.4b\project\realtek_ameba1_va0_example\EWARM-RELEASE\Debug\Obj\md2.o
#        D:\工作资料\斐联\sdk-ameba1-v3.4b\project\realtek_ameba1_va0_example\EWARM-RELEASE\Debug\Obj\md4.o
#        D:\工作资料\斐联\sdk-ameba1-v3.4b\project\realtek_ameba1_va0_example\EWARM-RELEASE\Debug\Obj\md5.o
#        D:\工作资料\斐联\sdk-ameba1-v3.4b\project\realtek_ameba1_va0_example\EWARM-RELEASE\Debug\Obj\md_wrap.o
#        D:\工作资料\斐联\sdk-ameba1-v3.4b\project\realtek_ameba1_va0_example\EWARM-RELEASE\Debug\Obj\mDNSPlatform.o
#        D:\工作资料\斐联\sdk-ameba1-v3.4b\project\realtek_ameba1_va0_example\EWARM-RELEASE\Debug\Obj\mem.o
#        D:\工作资料\斐联\sdk-ameba1-v3.4b\project\realtek_ameba1_va0_example\EWARM-RELEASE\Debug\Obj\memory_buffer_alloc.o
#        D:\工作资料\斐联\sdk-ameba1-v3.4b\project\realtek_ameba1_va0_example\EWARM-RELEASE\Debug\Obj\memp.o
#        D:\工作资料\斐联\sdk-ameba1-v3.4b\project\realtek_ameba1_va0_example\EWARM-RELEASE\Debug\Obj\net.o
#        D:\工作资料\斐联\sdk-ameba1-v3.4b\project\realtek_ameba1_va0_example\EWARM-RELEASE\Debug\Obj\netbuf.o
#        D:\工作资料\斐联\sdk-ameba1-v3.4b\project\realtek_ameba1_va0_example\EWARM-RELEASE\Debug\Obj\netdb.o
#        D:\工作资料\斐联\sdk-ameba1-v3.4b\project\realtek_ameba1_va0_example\EWARM-RELEASE\Debug\Obj\netif.o
#        D:\工作资料\斐联\sdk-ameba1-v3.4b\project\realtek_ameba1_va0_example\EWARM-RELEASE\Debug\Obj\netifapi.o
#        D:\工作资料\斐联\sdk-ameba1-v3.4b\project\realtek_ameba1_va0_example\EWARM-RELEASE\Debug\Obj\nfc_api.o
#        D:\工作资料\斐联\sdk-ameba1-v3.4b\project\realtek_ameba1_va0_example\EWARM-RELEASE\Debug\Obj\oid.o
#        D:\工作资料\斐联\sdk-ameba1-v3.4b\project\realtek_ameba1_va0_example\EWARM-RELEASE\Debug\Obj\osdep_api.o
#        D:\工作资料\斐联\sdk-ameba1-v3.4b\project\realtek_ameba1_va0_example\EWARM-RELEASE\Debug\Obj\osdep_service.o
#        D:\工作资料\斐联\sdk-ameba1-v3.4b\project\realtek_ameba1_va0_example\EWARM-RELEASE\Debug\Obj\padlock.o
#        D:\工作资料\斐联\sdk-ameba1-v3.4b\project\realtek_ameba1_va0_example\EWARM-RELEASE\Debug\Obj\pbkdf2.o
#        D:\工作资料\斐联\sdk-ameba1-v3.4b\project\realtek_ameba1_va0_example\EWARM-RELEASE\Debug\Obj\pbuf.o
#        D:\工作资料\斐联\sdk-ameba1-v3.4b\project\realtek_ameba1_va0_example\EWARM-RELEASE\Debug\Obj\pem.o
#        D:\工作资料\斐联\sdk-ameba1-v3.4b\project\realtek_ameba1_va0_example\EWARM-RELEASE\Debug\Obj\ping_test.o
#        D:\工作资料\斐联\sdk-ameba1-v3.4b\project\realtek_ameba1_va0_example\EWARM-RELEASE\Debug\Obj\pinmap.o
#        D:\工作资料\斐联\sdk-ameba1-v3.4b\project\realtek_ameba1_va0_example\EWARM-RELEASE\Debug\Obj\pinmap_common.o
#        D:\工作资料\斐联\sdk-ameba1-v3.4b\project\realtek_ameba1_va0_example\EWARM-RELEASE\Debug\Obj\pk.o
#        D:\工作资料\斐联\sdk-ameba1-v3.4b\project\realtek_ameba1_va0_example\EWARM-RELEASE\Debug\Obj\pk_wrap.o
#        D:\工作资料\斐联\sdk-ameba1-v3.4b\project\realtek_ameba1_va0_example\EWARM-RELEASE\Debug\Obj\pkcs11.o
#        D:\工作资料\斐联\sdk-ameba1-v3.4b\project\realtek_ameba1_va0_example\EWARM-RELEASE\Debug\Obj\pkcs12.o
#        D:\工作资料\斐联\sdk-ameba1-v3.4b\project\realtek_ameba1_va0_example\EWARM-RELEASE\Debug\Obj\pkcs5.o
#        D:\工作资料\斐联\sdk-ameba1-v3.4b\project\realtek_ameba1_va0_example\EWARM-RELEASE\Debug\Obj\pkparse.o
#        D:\工作资料\斐联\sdk-ameba1-v3.4b\project\realtek_ameba1_va0_example\EWARM-RELEASE\Debug\Obj\pkwrite.o
#        D:\工作资料\斐联\sdk-ameba1-v3.4b\project\realtek_ameba1_va0_example\EWARM-RELEASE\Debug\Obj\platform.o
#        D:\工作资料\斐联\sdk-ameba1-v3.4b\project\realtek_ameba1_va0_example\EWARM-RELEASE\Debug\Obj\port.o
#        D:\工作资料\斐联\sdk-ameba1-v3.4b\project\realtek_ameba1_va0_example\EWARM-RELEASE\Debug\Obj\port_api.o
#        D:\工作资料\斐联\sdk-ameba1-v3.4b\project\realtek_ameba1_va0_example\EWARM-RELEASE\Debug\Obj\portasm.o
#        D:\工作资料\斐联\sdk-ameba1-v3.4b\project\realtek_ameba1_va0_example\EWARM-RELEASE\Debug\Obj\pwmout_api.o
#        D:\工作资料\斐联\sdk-ameba1-v3.4b\project\realtek_ameba1_va0_example\EWARM-RELEASE\Debug\Obj\queue.o
#        D:\工作资料\斐联\sdk-ameba1-v3.4b\project\realtek_ameba1_va0_example\EWARM-RELEASE\Debug\Obj\raw.o
#        D:\工作资料\斐联\sdk-ameba1-v3.4b\project\realtek_ameba1_va0_example\EWARM-RELEASE\Debug\Obj\ripemd160.o
#        D:\工作资料\斐联\sdk-ameba1-v3.4b\component\soc\realtek\8195a\misc\bsp\lib\va0\rom.a
#        D:\工作资料\斐联\sdk-ameba1-v3.4b\project\realtek_ameba1_va0_example\EWARM-RELEASE\Debug\Obj\rom_ssl_ram_map.o
#        D:\工作资料\斐联\sdk-ameba1-v3.4b\project\realtek_ameba1_va0_example\EWARM-RELEASE\Debug\Obj\rsa.o
#        D:\工作资料\斐联\sdk-ameba1-v3.4b\project\realtek_ameba1_va0_example\EWARM-RELEASE\Debug\Obj\rtc_api.o
#        D:\工作资料\斐联\sdk-ameba1-v3.4b\project\realtek_ameba1_va0_example\EWARM-RELEASE\Debug\Obj\rtl8195a_adc.o
#        D:\工作资料\斐联\sdk-ameba1-v3.4b\project\realtek_ameba1_va0_example\EWARM-RELEASE\Debug\Obj\rtl8195a_gdma.o
#        D:\工作资料\斐联\sdk-ameba1-v3.4b\project\realtek_ameba1_va0_example\EWARM-RELEASE\Debug\Obj\rtl8195a_gpio.o
#        D:\工作资料\斐联\sdk-ameba1-v3.4b\project\realtek_ameba1_va0_example\EWARM-RELEASE\Debug\Obj\rtl8195a_i2c.o
#        D:\工作资料\斐联\sdk-ameba1-v3.4b\project\realtek_ameba1_va0_example\EWARM-RELEASE\Debug\Obj\rtl8195a_i2s.o
#        D:\工作资料\斐联\sdk-ameba1-v3.4b\project\realtek_ameba1_va0_example\EWARM-RELEASE\Debug\Obj\rtl8195a_it.o
#        D:\工作资料\斐联\sdk-ameba1-v3.4b\project\realtek_ameba1_va0_example\EWARM-RELEASE\Debug\Obj\rtl8195a_nfc.o
#        D:\工作资料\斐联\sdk-ameba1-v3.4b\project\realtek_ameba1_va0_example\EWARM-RELEASE\Debug\Obj\rtl8195a_pwm.o
#        D:\工作资料\斐联\sdk-ameba1-v3.4b\project\realtek_ameba1_va0_example\EWARM-RELEASE\Debug\Obj\rtl8195a_ssi.o
#        D:\工作资料\斐联\sdk-ameba1-v3.4b\project\realtek_ameba1_va0_example\EWARM-RELEASE\Debug\Obj\rtl8195a_timer.o
#        D:\工作资料\斐联\sdk-ameba1-v3.4b\project\realtek_ameba1_va0_example\EWARM-RELEASE\Debug\Obj\rtl8195a_uart.o
#        D:\工作资料\斐联\sdk-ameba1-v3.4b\project\realtek_ameba1_va0_example\EWARM-RELEASE\Debug\Obj\rtl_consol.o
#        D:\工作资料\斐联\sdk-ameba1-v3.4b\project\realtek_ameba1_va0_example\EWARM-RELEASE\Debug\Obj\serial_api.o
#        D:\工作资料\斐联\sdk-ameba1-v3.4b\project\realtek_ameba1_va0_example\EWARM-RELEASE\Debug\Obj\sha1.o
#        D:\工作资料\斐联\sdk-ameba1-v3.4b\project\realtek_ameba1_va0_example\EWARM-RELEASE\Debug\Obj\sha256.o
#        D:\工作资料\斐联\sdk-ameba1-v3.4b\project\realtek_ameba1_va0_example\EWARM-RELEASE\Debug\Obj\sha512.o
#        D:\工作资料\斐联\sdk-ameba1-v3.4b\project\realtek_ameba1_va0_example\EWARM-RELEASE\Debug\Obj\sleep.o
#        D:\工作资料\斐联\sdk-ameba1-v3.4b\project\realtek_ameba1_va0_example\EWARM-RELEASE\Debug\Obj\sockets.o
#        D:\工作资料\斐联\sdk-ameba1-v3.4b\project\realtek_ameba1_va0_example\EWARM-RELEASE\Debug\Obj\spi_api.o
#        D:\工作资料\斐联\sdk-ameba1-v3.4b\project\realtek_ameba1_va0_example\EWARM-RELEASE\Debug\Obj\ssl_cache.o
#        D:\工作资料\斐联\sdk-ameba1-v3.4b\project\realtek_ameba1_va0_example\EWARM-RELEASE\Debug\Obj\ssl_ciphersuites.o
#        D:\工作资料\斐联\sdk-ameba1-v3.4b\project\realtek_ameba1_va0_example\EWARM-RELEASE\Debug\Obj\ssl_cli.o
#        D:\工作资料\斐联\sdk-ameba1-v3.4b\project\realtek_ameba1_va0_example\EWARM-RELEASE\Debug\Obj\ssl_client.o
#        D:\工作资料\斐联\sdk-ameba1-v3.4b\project\realtek_ameba1_va0_example\EWARM-RELEASE\Debug\Obj\ssl_ram_map.o
#        D:\工作资料\斐联\sdk-ameba1-v3.4b\project\realtek_ameba1_va0_example\EWARM-RELEASE\Debug\Obj\ssl_srv.o
#        D:\工作资料\斐联\sdk-ameba1-v3.4b\project\realtek_ameba1_va0_example\EWARM-RELEASE\Debug\Obj\ssl_tls.o
#        D:\工作资料\斐联\sdk-ameba1-v3.4b\project\realtek_ameba1_va0_example\EWARM-RELEASE\Debug\Obj\stats.o
#        D:\工作资料\斐联\sdk-ameba1-v3.4b\project\realtek_ameba1_va0_example\EWARM-RELEASE\Debug\Obj\sys.o
#        D:\工作资料\斐联\sdk-ameba1-v3.4b\project\realtek_ameba1_va0_example\EWARM-RELEASE\Debug\Obj\sys_api.o
#        D:\工作资料\斐联\sdk-ameba1-v3.4b\project\realtek_ameba1_va0_example\EWARM-RELEASE\Debug\Obj\sys_arch.o
#        D:\工作资料\斐联\sdk-ameba1-v3.4b\project\realtek_ameba1_va0_example\EWARM-RELEASE\Debug\Obj\system_8195a.o
#        D:\工作资料\斐联\sdk-ameba1-v3.4b\project\realtek_ameba1_va0_example\EWARM-RELEASE\Debug\Obj\tasks.o
#        D:\工作资料\斐联\sdk-ameba1-v3.4b\project\realtek_ameba1_va0_example\EWARM-RELEASE\Debug\Obj\tcm_heap.o
#        D:\工作资料\斐联\sdk-ameba1-v3.4b\project\realtek_ameba1_va0_example\EWARM-RELEASE\Debug\Obj\tcp.o
#        D:\工作资料\斐联\sdk-ameba1-v3.4b\project\realtek_ameba1_va0_example\EWARM-RELEASE\Debug\Obj\tcp_in.o
#        D:\工作资料\斐联\sdk-ameba1-v3.4b\project\realtek_ameba1_va0_example\EWARM-RELEASE\Debug\Obj\tcp_out.o
#        D:\工作资料\斐联\sdk-ameba1-v3.4b\project\realtek_ameba1_va0_example\EWARM-RELEASE\Debug\Obj\tcpip.o
#        D:\工作资料\斐联\sdk-ameba1-v3.4b\project\realtek_ameba1_va0_example\EWARM-RELEASE\Debug\Obj\tcptest.o
#        D:\工作资料\斐联\sdk-ameba1-v3.4b\project\realtek_ameba1_va0_example\EWARM-RELEASE\Debug\Obj\threading.o
#        D:\工作资料\斐联\sdk-ameba1-v3.4b\project\realtek_ameba1_va0_example\EWARM-RELEASE\Debug\Obj\timer_api.o
#        D:\工作资料\斐联\sdk-ameba1-v3.4b\project\realtek_ameba1_va0_example\EWARM-RELEASE\Debug\Obj\timers.o
#        D:\工作资料\斐联\sdk-ameba1-v3.4b\project\realtek_ameba1_va0_example\EWARM-RELEASE\Debug\Obj\timing.o
#        D:\工作资料\斐联\sdk-ameba1-v3.4b\project\realtek_ameba1_va0_example\EWARM-RELEASE\Debug\Obj\uart_adapter.o
#        D:\工作资料\斐联\sdk-ameba1-v3.4b\project\realtek_ameba1_va0_example\EWARM-RELEASE\Debug\Obj\uart_socket.o
#        D:\工作资料\斐联\sdk-ameba1-v3.4b\project\realtek_ameba1_va0_example\EWARM-RELEASE\Debug\Obj\udp.o
#        D:\工作资料\斐联\sdk-ameba1-v3.4b\project\realtek_ameba1_va0_example\EWARM-RELEASE\Debug\Obj\update.o
#        D:\工作资料\斐联\sdk-ameba1-v3.4b\project\realtek_ameba1_va0_example\EWARM-RELEASE\Debug\Obj\us_ticker.o
#        D:\工作资料\斐联\sdk-ameba1-v3.4b\project\realtek_ameba1_va0_example\EWARM-RELEASE\Debug\Obj\us_ticker_api.o
#        D:\工作资料\斐联\sdk-ameba1-v3.4b\project\realtek_ameba1_va0_example\EWARM-RELEASE\Debug\Obj\version.o
#        D:\工作资料\斐联\sdk-ameba1-v3.4b\project\realtek_ameba1_va0_example\EWARM-RELEASE\Debug\Obj\version_features.o
#        D:\工作资料\斐联\sdk-ameba1-v3.4b\project\realtek_ameba1_va0_example\EWARM-RELEASE\Debug\Obj\wait_api.o
#        D:\工作资料\斐联\sdk-ameba1-v3.4b\project\realtek_ameba1_va0_example\EWARM-RELEASE\Debug\Obj\wdt_api.o
#        D:\工作资料\斐联\sdk-ameba1-v3.4b\project\realtek_ameba1_va0_example\EWARM-RELEASE\Debug\Obj\webserver.o
#        D:\工作资料\斐联\sdk-ameba1-v3.4b\project\realtek_ameba1_va0_example\EWARM-RELEASE\Debug\Obj\wifi_conf.o
#        D:\工作资料\斐联\sdk-ameba1-v3.4b\project\realtek_ameba1_va0_example\EWARM-RELEASE\Debug\Obj\wifi_ind.o
#        D:\工作资料\斐联\sdk-ameba1-v3.4b\project\realtek_ameba1_va0_example\EWARM-RELEASE\Debug\Obj\wifi_interactive_mode.o
#        D:\工作资料\斐联\sdk-ameba1-v3.4b\project\realtek_ameba1_va0_example\EWARM-RELEASE\Debug\Obj\wifi_promisc.o
#        D:\工作资料\斐联\sdk-ameba1-v3.4b\project\realtek_ameba1_va0_example\EWARM-RELEASE\Debug\Obj\wifi_simple_config.o
#        D:\工作资料\斐联\sdk-ameba1-v3.4b\project\realtek_ameba1_va0_example\EWARM-RELEASE\Debug\Obj\wifi_util.o
#        D:\工作资料\斐联\sdk-ameba1-v3.4b\project\realtek_ameba1_va0_example\EWARM-RELEASE\Debug\Obj\wifi_wps_config.o
#        D:\工作资料\斐联\sdk-ameba1-v3.4b\project\realtek_ameba1_va0_example\EWARM-RELEASE\Debug\Obj\wlan_network.o
#        D:\工作资料\斐联\sdk-ameba1-v3.4b\project\realtek_ameba1_va0_example\EWARM-RELEASE\Debug\Obj\x509.o
#        D:\工作资料\斐联\sdk-ameba1-v3.4b\project\realtek_ameba1_va0_example\EWARM-RELEASE\Debug\Obj\x509_create.o
#        D:\工作资料\斐联\sdk-ameba1-v3.4b\project\realtek_ameba1_va0_example\EWARM-RELEASE\Debug\Obj\x509_crl.o
#        D:\工作资料\斐联\sdk-ameba1-v3.4b\project\realtek_ameba1_va0_example\EWARM-RELEASE\Debug\Obj\x509_crt.o
#        D:\工作资料\斐联\sdk-ameba1-v3.4b\project\realtek_ameba1_va0_example\EWARM-RELEASE\Debug\Obj\x509_csr.o
#        D:\工作资料\斐联\sdk-ameba1-v3.4b\project\realtek_ameba1_va0_example\EWARM-RELEASE\Debug\Obj\x509write_crt.o
#        D:\工作资料\斐联\sdk-ameba1-v3.4b\project\realtek_ameba1_va0_example\EWARM-RELEASE\Debug\Obj\x509write_csr.o
#        D:\工作资料\斐联\sdk-ameba1-v3.4b\project\realtek_ameba1_va0_example\EWARM-RELEASE\Debug\Obj\xml.o
#        D:\工作资料\斐联\sdk-ameba1-v3.4b\project\realtek_ameba1_va0_example\EWARM-RELEASE\Debug\Obj\xtea.o
#        D:\工作资料\斐联\sdk-ameba1-v3.4b\project\realtek_ameba1_va0_example\EWARM-RELEASE\Debug\Obj\zc_bc.o
#        D:\工作资料\斐联\sdk-ameba1-v3.4b\project\realtek_ameba1_va0_example\EWARM-RELEASE\Debug\Obj\zc_client_manager.o
#        D:\工作资料\斐联\sdk-ameba1-v3.4b\project\realtek_ameba1_va0_example\EWARM-RELEASE\Debug\Obj\zc_cloud_event.o
#        D:\工作资料\斐联\sdk-ameba1-v3.4b\project\realtek_ameba1_va0_example\EWARM-RELEASE\Debug\Obj\zc_common.o
#        D:\工作资料\斐联\sdk-ameba1-v3.4b\project\realtek_ameba1_va0_example\EWARM-RELEASE\Debug\Obj\zc_configuration.o
#        D:\工作资料\斐联\sdk-ameba1-v3.4b\project\realtek_ameba1_va0_example\EWARM-RELEASE\Debug\Obj\zc_hf_adpter.o
#        D:\工作资料\斐联\sdk-ameba1-v3.4b\project\realtek_ameba1_va0_example\EWARM-RELEASE\Debug\Obj\zc_message_queue.o
#        D:\工作资料\斐联\sdk-ameba1-v3.4b\project\realtek_ameba1_va0_example\EWARM-RELEASE\Debug\Obj\zc_moudle_manager.o
#        D:\工作资料\斐联\sdk-ameba1-v3.4b\project\realtek_ameba1_va0_example\EWARM-RELEASE\Debug\Obj\zc_protocol_controller.o
#        D:\工作资料\斐联\sdk-ameba1-v3.4b\project\realtek_ameba1_va0_example\EWARM-RELEASE\Debug\Obj\zc_sec_engine.o
#        D:\工作资料\斐联\sdk-ameba1-v3.4b\project\realtek_ameba1_va0_example\EWARM-RELEASE\Debug\Obj\zc_timer.o
#        -o
#        D:\工作资料\斐联\sdk-ameba1-v3.4b\project\realtek_ameba1_va0_example\EWARM-RELEASE\Debug\Exe\application.axf
#        --redirect _Printf=_PrintfTiny --redirect _Scanf=_ScanfSmallNoMb
#        --keep bootloader --keep gImage2EntryFun0 --keep RAM_IMG2_VALID_PATTEN
#        --image_input=D:\工作资料\斐联\sdk-ameba1-v3.4b\project\realtek_ameba1_va0_example\EWARM-RELEASE\..\..\..\component\soc\realtek\8195a\misc\bsp\image\ram_1.r.bin,bootloader,LOADER,4
#        --map
#        D:\工作资料\斐联\sdk-ameba1-v3.4b\project\realtek_ameba1_va0_example\EWARM-RELEASE\Debug\List\application.map
#        --log veneers --log_file
#        D:\工作资料\斐联\sdk-ameba1-v3.4b\project\realtek_ameba1_va0_example\EWARM-RELEASE\Debug\List\application.log
#        --config
#        D:\工作资料\斐联\sdk-ameba1-v3.4b\project\realtek_ameba1_va0_example\EWARM-RELEASE\image2.icf
#        --diag_suppress Lt009,Lp005,Lp006 --entry Reset_Handler
#        --no_exceptions --no_vfe
#
###############################################################################

*******************************************************************************
*** RUNTIME MODEL ATTRIBUTES
***

CppFlavor       = *
__Heap_Handler  = DLMalloc
__SystemLibrary = DLib


*******************************************************************************
*** PLACEMENT SUMMARY
***

"A1":  place at start of [0x00000000-0x000fffff] { ro, section .rom };
"A2":  place at start of [0x10000000-0x10005fff] {
          rw, block .vector_table, block .user_vector_table,
          block .user_data_table, block .rom.bss, block IMAGE1 };
"A3":  place at start of [0x10006000-0x1006ffff] {
          rw, block IMAGE2, block .ram.bss };
"A4":  place at end of [0x10006000-0x1006ffff] { rw, block .bf_data };
"A6":  place at start of [0x1fff0000-0x1fffffff] { rw, overlay TCM_overlay };

  Section                 Kind        Address     Size  Object
  -------                 ----        -------     ----  ------
"A1":                                          0x43828
  .rom                    ro code  0x00000000  0x43828  rom.o [11]
                                 - 0x00043828  0x43828

"A2":                                           0x4294
  .vector_table                    0x10000000    0x100  <Block>
    .ram_dedecated_vector_table
                          const    0x10000000    0x100  rom.o [11]
  .user_vector_table               0x10000100    0x100  <Block>
    .ram_user_define_irq_table
                          const    0x10000100    0x100  rom.o [11]
  .user_data_table                 0x10000200    0x100  <Block>
    .ram_user_define_data_table
                          const    0x10000200    0x100  rom.o [11]
  .rom.bss                         0x10000300    0x8c8  <Block>
    .hal.ram.bss          const    0x10000300     0x58  rom.o [11]
    .timer2_7_vector_table.data
                          const    0x10000358     0x18  rom.o [11]
    .infra.ram.bss        const    0x10000370     0x14  rom.o [11]
    .mon.ram.bss          zero     0x10000384    0x324  rtl_consol.o [2]
    .mon.ram.bss          zero     0x100006a8      0x4  rtl_consol.o [2]
    .mon.ram.bss          zero     0x100006ac     0x28  rtl_consol.o [2]
    .wlan_ram_map         const    0x100006d4      0x8  rom_wlan_ram_map.o [11]
    .wlan_ram_map         const    0x100006e0     0x80  rom.o [11]
    .libc.ram.bss         const    0x10000760    0x468  rom.o [11]
  IMAGE1                           0x10000bc8   0x36cc  <Block>
    LOADER                const    0x10000bc8   0x36cc  ram_1.r.bin [1]
                                 - 0x10004294   0x4294

"A3":                                          0x53264
  IMAGE2                           0x10006000  0x4a1b4  <Block>
    .image2.start.table1           0x10006000      0x4  <Block>
      .image2.ram.data    const    0x10006000      0x4  startup.o [6]
    .image2.start.table2           0x10006004     0x34  <Block>
      .image2.validate.rodata
                          const    0x10006004     0x14  startup.o [6]
      .custom.validate.rodata
                          const    0x10006018     0x20  update.o [2]
    .ram_image2.text               0x10006038  0x471b0  <Block>
      Veneer              ro code  0x10006038      0x8  - Linker created -
      Veneer              ro code  0x10006040      0x8  - Linker created -
      Veneer              ro code  0x10006048      0x8  - Linker created -
      .infra.ram.start    ro code  0x10006050    0x12c  startup.o [6]
      .rodata             const    0x1000617c   0x1000  aes_core.o [2]
      .rodata             const    0x1000717c     0x60  atcmd_sys.o [2]
      .rodata             const    0x100071dc    0x1a8  atcmd_wifi.o [2]
      .rodata             const    0x10007384    0x124  freertos_service.o [2]
      .rodata             const    0x100074a8      0x8  ip_addr.o [2]
      .rodata             const    0x100074b0     0x10  log_service.o [2]
      .rodata             const    0x100074c0     0xa4  rtw_mlme_ext.o [8]
      .rodata             const    0x10007564     0x10  lxbus_hci_intf.o [8]
      .rodata             const    0x10007574   0x116c  rom_rtw_message.o [8]
      .rodata             const    0x100086e0      0x8  rtw_wlan_util.o [8]
      .rodata             const    0x100086e8     0xc4  dh_groups.o [9]
      .rodata             const    0x100087ac    0x270  phydm_PowerTracking.o [8]
      .rodata             const    0x10008a1c     0x80  HalHWImg8195A_RF.o [8]
      .rodata             const    0x10008a9c      0x0  zero_init3.o [12]
      CPP_INIT                     0x10008a9c      0x0  <Block>
        SHT$$PREINIT_ARRAY
                                   0x10008a9c      0x0  <Block>
        SHT$$INIT_ARRAY            0x10008a9c      0x0  <Block>
      Veneer              ro code  0x10008a9c      0x8  - Linker created -
      Veneer              ro code  0x10008aa4      0x8  - Linker created -
      Veneer              ro code  0x10008aac      0x8  - Linker created -
      Veneer              ro code  0x10008ab4      0x8  - Linker created -
      Veneer              ro code  0x10008abc      0x8  - Linker created -
      Veneer              ro code  0x10008ac4      0x8  - Linker created -
      .mon.ram.text       ro code  0x10008acc    0x1b4  rtl_consol.o [2]
      Veneer              ro code  0x10008c80      0x8  - Linker created -
      Veneer              ro code  0x10008c88      0x8  - Linker created -
      Veneer              ro code  0x10008c90      0x8  - Linker created -
      .hal.flash.text     ro code  0x10008c98    0xe78  hal_spi_flash_ram.o [6]
      Veneer              ro code  0x10009b10      0x8  - Linker created -
      Veneer              ro code  0x10009b18      0x8  - Linker created -
      .hal.gpio.text      ro code  0x10009b20     0x74  hal_gpio.o [2]
      .text               ro code  0x10009b94     0x48  main.o [2]
      .text               ro code  0x10009bdc    0x1b0  ac_api.o [2]
      .text               ro code  0x10009d8c     0x76  ABImemcpy_unaligned.o [12]
      .text               ro code  0x10009e02      0x6  rtl8195a_recv.o [8]
      .text               ro code  0x10009e08     0x46  crc.o [2]
      .text               ro code  0x10009e4e     0x1e  xsscin.o [4]
      .text               ro code  0x10009e6c    0x29c  zc_moudle_manager.o [2]
      .text               ro code  0x1000a108     0xe0  ac_hal.o [2]
      .text               ro code  0x1000a1e8    0x1b0  zc_cloud_event.o [2]
      .text               ro code  0x1000a398     0x78  ABImemmove_unaligned.o [12]
      .text               ro code  0x1000a410    0x260  zc_configuration.o [2]
      .text               ro code  0x1000a670    0x1b2  aes_cbc.o [2]
      .text               ro code  0x1000a822     0x1a  xsnprout.o [4]
      .text               ro code  0x1000a83c    0xd60  zc_protocol_controller.o [2]
      .text               ro code  0x1000b59c    0x11c  zc_timer.o [2]
      .text               ro code  0x1000b6b8    0x1b8  zc_common.o [2]
      .text               ro code  0x1000b870     0x3a  ABImemset48.o [12]
      .text               ro code  0x1000b8aa     0x22  zero_init3.o [12]
      .text               ro code  0x1000b8cc   0x2286  aes_core.o [2]
      .text               ro code  0x1000db54    0x258  zc_message_queue.o [2]
      .text               ro code  0x1000ddac    0x2ca  zc_client_manager.o [2]
      .text               ro code  0x1000e078     0x62  memcmp_unaligned.o [12]
      .text               ro code  0x1000e0dc     0xe0  rand.o [4]
      .text               ro code  0x1000e1bc    0x478  zc_sec_engine.o [2]
      .text               ro code  0x1000e634      0x2  xtls.o [4]
      .text               ro code  0x1000e638    0x50c  rsa.o [2]
      .text               ro code  0x1000eb44   0x19de  bignum.o [2]
      Veneer              ro code  0x10010524      0x8  - Linker created -
      Veneer              ro code  0x1001052c      0x8  - Linker created -
      Veneer              ro code  0x10010534      0x8  - Linker created -
      Veneer              ro code  0x1001053c      0x8  - Linker created -
      Veneer              ro code  0x10010544      0x8  - Linker created -
      Veneer              ro code  0x1001054c      0x8  - Linker created -
      Veneer              ro code  0x10010554      0x8  - Linker created -
      Veneer              ro code  0x1001055c      0x8  - Linker created -
      Veneer              ro code  0x10010564      0x8  - Linker created -
      Veneer              ro code  0x1001056c      0x8  - Linker created -
      Veneer              ro code  0x10010574      0x8  - Linker created -
      Veneer              ro code  0x1001057c      0x8  - Linker created -
      .text               ro code  0x10010584    0x138  ram_libc.o [7]
      .text               ro code  0x100106bc     0x66  ABImemset.o [12]
      .text               ro code  0x10010724      0x6  ABImemclr.o [12]
      Veneer              ro code  0x1001072c      0x8  - Linker created -
      .text               ro code  0x10010734    0x104  ram_libgloss_retarget.o [7]
      .text               ro code  0x10010838    0x126  analogin_api.o [2]
      Veneer              ro code  0x10010960      0x8  - Linker created -
      Veneer              ro code  0x10010968      0x8  - Linker created -
      Veneer              ro code  0x10010970      0x8  - Linker created -
      Veneer              ro code  0x10010978      0x8  - Linker created -
      Veneer              ro code  0x10010980      0x8  - Linker created -
      Veneer              ro code  0x10010988      0x8  - Linker created -
      .text               ro code  0x10010990    0x7d4  hal_adc.o [2]
      Veneer              ro code  0x10011164      0x8  - Linker created -
      Veneer              ro code  0x1001116c      0x8  - Linker created -
      Veneer              ro code  0x10011174      0x8  - Linker created -
      .text               ro code  0x1001117c    0x80c  hal_soc_ps_monitor.o [2]
      Veneer              ro code  0x10011988      0x8  - Linker created -
      Veneer              ro code  0x10011990      0x8  - Linker created -
      .text               ro code  0x10011998    0x1b8  gpio_api.o [2]
      .text               ro code  0x10011b50      0x2  pinmap.o [2]
      .text               ro code  0x10011b54     0x38  hal_pinmux.o [6]
      .text               ro code  0x10011b8c    0x488  api_lib.o [2]
      .text               ro code  0x10012014    0xb7c  api_msg.o [2]
      .text               ro code  0x10012b90    0x1e6  sys_arch.o [2]
      .text               ro code  0x10012d78     0xd0  memp.o [2]
      .text               ro code  0x10012e48    0x1f8  tcpip.o [2]
      .text               ro code  0x10013040    0x45e  pbuf.o [2]
      .text               ro code  0x1001349e     0x74  netbuf.o [2]
      .text               ro code  0x10013514    0xb2c  tcp.o [2]
      .text               ro code  0x10014040    0x410  udp.o [2]
      .text               ro code  0x10014450    0x174  raw.o [2]
      .text               ro code  0x100145c4    0xa4a  tcp_out.o [2]
      .text               ro code  0x10015010    0x4a4  dns.o [2]
      .text               ro code  0x100154b4    0x4a2  queue.o [2]
      .text               ro code  0x10015958    0x860  tasks.o [2]
      .text               ro code  0x100161b8    0x208  port.o [2]
      .text               ro code  0x100163c0    0x234  lwip_timers.o [2]
      .text               ro code  0x100165f4    0x6c8  etharp.o [2]
      .text               ro code  0x10016cbc    0x358  ip.o [2]
      .text               ro code  0x10017014     0x2e  init.o [2]
      .text               ro code  0x10017044    0x260  mem.o [2]
      .text               ro code  0x100172a4    0x1da  ip_addr.o [2]
      .text               ro code  0x1001747e     0x26  def.o [2]
      .text               ro code  0x100174a4    0x132  inet_chksum.o [2]
      .text               ro code  0x100175d8    0x188  icmp.o [2]
      .text               ro code  0x10017760     0x8e  list.o [2]
      .text               ro code  0x100177f0    0x1c0  heap_5.o [2]
      .text               ro code  0x100179b0    0x2f4  timers.o [2]
      .text               ro code  0x10017ca4     0xc4  freertos_pmu.o [2]
      .text               ro code  0x10017d68    0x4f4  ip_frag.o [2]
      .text               ro code  0x1001825c    0xc16  dhcp.o [2]
      .text               ro code  0x10018e74    0x2c2  autoip.o [2]
      .text               ro code  0x10019138    0x3b8  igmp.o [2]
      .text               ro code  0x100194f0    0xeac  tcp_in.o [2]
      .text               ro code  0x1001a39c    0x142  netif.o [2]
      .text               ro code  0x1001a4e0    0xc4c  sockets.o [2]
      .text               ro code  0x1001b12c     0x30  us_ticker.o [2]
      .text               ro code  0x1001b15c    0x388  sys_api.o [2]
      .text               ro code  0x1001b4e4     0x14  sleep.o [2]
      .text               ro code  0x1001b4f8    0x2e0  flash_api.o [2]
      .text               ro code  0x1001b7d8     0x68  osdep_api.o [2]
      .text               ro code  0x1001b840     0xf8  hal_log_uart.o [6]
      Veneer              ro code  0x1001b938      0x8  - Linker created -
      Veneer              ro code  0x1001b940      0x8  - Linker created -
      Veneer              ro code  0x1001b948      0x8  - Linker created -
      Veneer              ro code  0x1001b950      0x8  - Linker created -
      .text               ro code  0x1001b958    0xe0c  atcmd_sys.o [2]
      .text               ro code  0x1001c764    0x3e0  log_service.o [2]
      .text               ro code  0x1001cb44      0x6  ABImemclr4.o [12]
      .text               ro code  0x1001cb4c    0xc90  wifi_util.o [2]
      .text               ro code  0x1001d7dc   0x1758  atcmd_wifi.o [2]
      .text               ro code  0x1001ef34    0xc84  rtk_wlan_if.o [8]
      .text               ro code  0x1001fbb8    0x56c  osdep_service.o [2]
      .text               ro code  0x10020124     0xb4  wifi_ind.o [2]
      .text               ro code  0x100201d8     0x24  sscanf.o [4]
      .text               ro code  0x100201fc   0x1420  wifi_conf.o [2]
      .text               ro code  0x1002161c    0x65a  dhcps.o [2]
      .text               ro code  0x10021c78    0x344  lwip_netconf.o [2]
      .text               ro code  0x10021fbc    0x22c  ping_test.o [2]
      .text               ro code  0x100221e8    0x480  wifi_promisc.o [2]
      .text               ro code  0x10022668    0xb50  wifi_simple_config.o [2]
      .text               ro code  0x100231b8    0x8c0  wifi_wps_config.o [2]
      .text               ro code  0x10023a78    0x7d8  update.o [2]
      .text               ro code  0x10024250    0x580  freertos_service.o [2]
      .text               ro code  0x100247d0    0x350  freertos_skbuff.o [8]
      .text               ro code  0x10024b20    0xa80  freertos_intfs.o [8]
      .text               ro code  0x100255a0    0x268  lwip_intf.o [2]
      .text               ro code  0x10025808    0x14a  tcm_heap.o [2]
      .text               ro code  0x10025954    0x514  xscanfsmall_nomb.o [4]
      Veneer              ro code  0x10025e68      0x8  - Linker created -
      Veneer              ro code  0x10025e70      0x8  - Linker created -
      Veneer              ro code  0x10025e78      0x8  - Linker created -
      Veneer              ro code  0x10025e80      0x8  - Linker created -
      Veneer              ro code  0x10025e88      0x8  - Linker created -
      Veneer              ro code  0x10025e90      0x8  - Linker created -
      .text               ro code  0x10025e98    0x8a0  rtw_promisc.o [8]
      .text               ro code  0x10026738    0x7f0  zc_hf_adpter.o [2]
      Veneer              ro code  0x10026f28      0x8  - Linker created -
      Veneer              ro code  0x10026f30      0x8  - Linker created -
      Veneer              ro code  0x10026f38      0x8  - Linker created -
      Veneer              ro code  0x10026f40      0x8  - Linker created -
      Veneer              ro code  0x10026f48      0x8  - Linker created -
      .text               ro code  0x10026f50    0xc34  wifi_simple_config_parser.o [8]
      Veneer              ro code  0x10027b84      0x8  - Linker created -
      .text               ro code  0x10027b8c     0x84  os_freertos.o [9]
      Veneer              ro code  0x10027c10      0x8  - Linker created -
      Veneer              ro code  0x10027c18      0x8  - Linker created -
      Veneer              ro code  0x10027c20      0x8  - Linker created -
      Veneer              ro code  0x10027c28      0x8  - Linker created -
      .text               ro code  0x10027c30    0x3c8  wps_common.o [9]
      .text               ro code  0x10027ff8     0x18  cmsis_os.o [2]
      Veneer              ro code  0x10028010      0x8  - Linker created -
      .text               ro code  0x10028018   0x25f0  freertos_ioctl.o [8]
      .text               ro code  0x1002a608    0xf50  rtw_cmd.o [8]
      .text               ro code  0x1002b558     0x60  netdev.o [8]
      .text               ro code  0x1002b5b8    0x3d8  hal_intf.o [8]
      .text               ro code  0x1002b990    0xa8c  lxbus_halinit.o [8]
      .text               ro code  0x1002c41c    0x370  rtw_intfs.o [8]
      Veneer              ro code  0x1002c78c      0x8  - Linker created -
      Veneer              ro code  0x1002c794      0x8  - Linker created -
      Veneer              ro code  0x1002c79c      0x8  - Linker created -
      Veneer              ro code  0x1002c7a4      0x8  - Linker created -
      Veneer              ro code  0x1002c7ac      0x8  - Linker created -
      Veneer              ro code  0x1002c7b4      0x8  - Linker created -
      .text               ro code  0x1002c7bc   0x159c  rtw_ap.o [8]
      Veneer              ro code  0x1002dd58      0x8  - Linker created -
      Veneer              ro code  0x1002dd60      0x8  - Linker created -
      Veneer              ro code  0x1002dd68      0x8  - Linker created -
      .text               ro code  0x1002dd70   0x4704  rtw_mlme_ext.o [8]
      .text               ro code  0x10032474   0x14a4  rtw_mlme.o [8]
      .text               ro code  0x10033918    0x1f2  rtw_ieee80211.o [8]
      .text               ro code  0x10033b0c     0x38  hci_intfs.o [8]
      .text               ro code  0x10033b44    0x710  rtw_pwrctrl.o [8]
      .text               ro code  0x10034254    0x14c  ethernetif.o [2]
      .text               ro code  0x100343a0     0x16  strchr.o [12]
      .text               ro code  0x100343b6     0x86  xstol.o [4]
      .text               ro code  0x1003443c    0x19c  xstoul.o [4]
      Veneer              ro code  0x100345d8      0x8  - Linker created -
      .text               ro code  0x100345e0   0x11b8  rtw_recv.o [8]
      .text               ro code  0x10035798    0x118  zc_bc.o [2]
      .text               ro code  0x100358b0     0x3c  vsnprint.o [4]
      .text               ro code  0x100358ec     0xe0  timer_api.o [2]
      .text               ro code  0x100359cc     0x36  dh_group5.o [9]
      .text               ro code  0x10035a04     0xea  wpabuf.o [9]
      Veneer              ro code  0x10035af0      0x8  - Linker created -
      .text               ro code  0x10035af8    0x334  wps_attr_build.o [9]
      .text               ro code  0x10035e2c    0x55a  rtw_ioctl_set.o [8]
      Veneer              ro code  0x10036388      0x8  - Linker created -
      Veneer              ro code  0x10036390      0x8  - Linker created -
      Veneer              ro code  0x10036398      0x8  - Linker created -
      Veneer              ro code  0x100363a0      0x8  - Linker created -
      Veneer              ro code  0x100363a8      0x8  - Linker created -
      Veneer              ro code  0x100363b0      0x8  - Linker created -
      Veneer              ro code  0x100363b8      0x8  - Linker created -
      .text               ro code  0x100363c0   0x19bc  rtw_psk.o [8]
      .text               ro code  0x10037d7c     0x54  rtw_io.o [8]
      .text               ro code  0x10037dd0    0x5ec  rtw_sta_mgt.o [8]
      .text               ro code  0x100383bc    0xf64  rtw_wlan_util.o [8]
      .text               ro code  0x10039320    0xb0c  hal_com.o [8]
      .text               ro code  0x10039e2c   0x18b4  hal_com_phycfg.o [8]
      Veneer              ro code  0x1003b6e0      0x8  - Linker created -
      Veneer              ro code  0x1003b6e8      0x8  - Linker created -
      .text               ro code  0x1003b6f0    0x67c  rtw_efuse.o [8]
      .text               ro code  0x1003bd6c    0xf1c  lxbus_ops.o [8]
      .text               ro code  0x1003cc88   0x1af8  rtl8195a_pmu_task.o [8]
      Veneer              ro code  0x1003e780      0x8  - Linker created -
      .text               ro code  0x1003e788   0x24fc  rtl8195a_hal_init.o [8]
      Veneer              ro code  0x10040c84      0x8  - Linker created -
      Veneer              ro code  0x10040c8c      0x8  - Linker created -
      Veneer              ro code  0x10040c94      0x8  - Linker created -
      .text               ro code  0x10040c9c    0x9c4  rtl8195a_phycfg.o [8]
      .text               ro code  0x10041660    0x526  rtl8195a_dm.o [8]
      .text               ro code  0x10041b88   0x1844  HalPhyRf_8195A.o [8]
      .text               ro code  0x100433cc     0xdc  HalPwrSeqCmd.o [8]
      .text               ro code  0x100434a8     0x18  wlan_ram_map.o [8]
      .text               ro code  0x100434c0    0x3a4  PhyDM_Adaptivity.o [8]
      Veneer              ro code  0x10043864      0x8  - Linker created -
      Veneer              ro code  0x1004386c      0x8  - Linker created -
      Veneer              ro code  0x10043874      0x8  - Linker created -
      .text               ro code  0x1004387c   0x1644  rtw_xmit.o [8]
      Veneer              ro code  0x10044ec0      0x8  - Linker created -
      Veneer              ro code  0x10044ec8      0x8  - Linker created -
      Veneer              ro code  0x10044ed0      0x8  - Linker created -
      Veneer              ro code  0x10044ed8      0x8  - Linker created -
      Veneer              ro code  0x10044ee0      0x8  - Linker created -
      Veneer              ro code  0x10044ee8      0x8  - Linker created -
      .text               ro code  0x10044ef0    0x30c  rtw_security.o [8]
      .text               ro code  0x100451fc     0xfa  freertos_xmit.o [8]
      .text               ro code  0x100452f8      0xc  errno.o [4]
      .text               ro code  0x10045304     0x58  memchr.o [12]
      .text               ro code  0x1004535c    0x1f4  freertos_recv.o [8]
      .text               ro code  0x10045550    0x150  xprintftiny.o [4]
      Veneer              ro code  0x100456a0      0x8  - Linker created -
      Veneer              ro code  0x100456a8      0x8  - Linker created -
      .text               ro code  0x100456b0    0x448  rtl8195a_timer.o [2]
      .text               ro code  0x10045af8     0xfe  dh_groups.o [9]
      .text               ro code  0x10045bf8    0x158  random.o [9]
      .text               ro code  0x10045d50    0x8f4  rtl8195a_xmit.o [8]
      .text               ro code  0x10046644    0x2bc  rtl8195a_rxdesc.o [8]
      .text               ro code  0x10046900    0x776  Hal8195ARateAdaptive.o [8]
      .text               ro code  0x10047078    0x548  rtl8195a_cmd.o [8]
      .text               ro code  0x100475c0    0x398  phydm_RaInfo.o [8]
      Veneer              ro code  0x10047958      0x8  - Linker created -
      .text               ro code  0x10047960    0x4b6  phydm_DIG.o [8]
      .text               ro code  0x10047e18    0x3e0  phydm.o [8]
      Veneer              ro code  0x100481f8      0x8  - Linker created -
      Veneer              ro code  0x10048200      0x8  - Linker created -
      .text               ro code  0x10048208    0x3fc  phydm_HWConfig.o [8]
      .text               ro code  0x10048604    0x170  rtl8195a_rf6052.o [8]
      .text               ro code  0x10048774     0x58  phydm_interface.o [8]
      .text               ro code  0x100487cc    0x4f4  HalPhyRf.o [8]
      .text               ro code  0x10048cc0     0x36  strlen.o [12]
      Veneer              ro code  0x10048cf8      0x8  - Linker created -
      Veneer              ro code  0x10048d00      0x8  - Linker created -
      Veneer              ro code  0x10048d08      0x8  - Linker created -
      Veneer              ro code  0x10048d10      0x8  - Linker created -
      Veneer              ro code  0x10048d18      0x8  - Linker created -
      .text               ro code  0x10048d20     0x9a  crypto_internal-modexp.o [9]
      .text               ro code  0x10048dbc    0x17c  rtl8195a_pmu_cmd.o [8]
      Veneer              ro code  0x10048f38      0x8  - Linker created -
      Veneer              ro code  0x10048f40      0x8  - Linker created -
      Veneer              ro code  0x10048f48      0x8  - Linker created -
      .text               ro code  0x10048f50     0x7c  phydm_CfoTracking.o [8]
      .text               ro code  0x10048fcc    0x244  phydm_PowerTracking.o [8]
      .text               ro code  0x10049210     0x14  phydm_debug.o [8]
      .text               ro code  0x10049224     0x1e  U64Shr.o [12]
      .text               ro code  0x10049244    0x1e0  HalHWImg8195A_RF.o [8]
      .text               ro code  0x10049424    0x1d8  HalHWImg8195A_BB.o [8]
      .text               ro code  0x100495fc    0x134  HalHWImg8195A_MAC.o [8]
      .text               ro code  0x10049730     0xda  phydm_RegConfig8195A.o [8]
      .text               ro code  0x1004980c     0x1c  example_entry.o [2]
      .text               ro code  0x10049828    0x1d4  example_wlan_fast_connect.o [2]
      .text               ro code  0x100499fc     0x24  printf.o [4]
      .text               ro code  0x10049a20     0x90  hal_32k.o [2]
      .text               ro code  0x10049ab0     0x68  hal_gdma.o [2]
      .text               ro code  0x10049b18     0x3c  hal_timer.o [2]
      .text               ro code  0x10049b54    0x318  rtl8195a_adc.o [2]
      Veneer              ro code  0x10049e6c      0x8  - Linker created -
      .text               ro code  0x10049e74    0x36c  rtl8195a_gdma.o [2]
      Veneer              ro code  0x1004a1e0      0x8  - Linker created -
      Veneer              ro code  0x1004a1e8      0x8  - Linker created -
      .text               ro code  0x1004a1f0     0x90  rtl_consol.o [2]
      .text               ro code  0x1004a280     0x6c  strncpy_unaligned.o [12]
      .text               ro code  0x1004a2ec     0x14  system_8195a.o [2]
      .text               ro code  0x1004a300     0xdc  wlan_network.o [2]
      Veneer              ro code  0x1004a3dc      0x8  - Linker created -
      Veneer              ro code  0x1004a3e4      0x8  - Linker created -
      .text               ro code  0x1004a3ec    0x1f8  startup.o [6]
      Veneer              ro code  0x1004a5e4      0x8  - Linker created -
      .text               ro code  0x1004a5ec     0x24  hal_crypto.o [6]
      .text               ro code  0x1004a610     0x78  freertos_isr.o [8]
      .text               ro code  0x1004a688    0x598  wps_protocol_handler.o [9]
      .text               ro code  0x1004ac20    0x3a0  eap_wsc.o [9]
      .text               ro code  0x1004afc0    0x1a4  wps.o [9]
      .text               ro code  0x1004b164    0x11c  eap_common.o [9]
      .text               ro code  0x1004b280     0x3e  eap_wsc_common.o [9]
      .text               ro code  0x1004b2c0    0x2f8  wps_dev_attr.o [9]
      .text               ro code  0x1004b5b8    0xa4e  wps_enrollee.o [9]
      .text               ro code  0x1004c006    0x476  wps_attr_parse.o [9]
      .text               ro code  0x1004c47c    0x1c6  wps_attr_process.o [9]
      .text               ro code  0x1004c642    0x838  wps_validate.o [9]
      .text               ro code  0x1004ce7c     0x10  hal_common.o [6]
      .text               ro code  0x1004ce8c     0x24  app_start.o [6]
      .text               ro code  0x1004ceb0    0x124  lxbus_hci_intf.o [8]
      .text               ro code  0x1004cfd4     0x58  lxbus_intf.o [8]
      .text               ro code  0x1004d02c     0x28  data_init.o [12]
      .text               ro code  0x1004d054     0x2c  low_level_io.o [2]
      .text               ro code  0x1004d080      0x4  rtl8195a_led.o [8]
      .text               ro code  0x1004d084     0x16  xprout.o [4]
      .text               ro code  0x1004d09a     0x28  putchar.o [4]
      CODE                ro code  0x1004d0c4     0x94  portasm.o [2]
      __DLIB_PERTHREAD    const    0x1004d158     0x8c  rand.o [4]
      __DLIB_PERTHREAD    const    0x1004d1e4      0x4  errno.o [4]
    .ram.data                      0x1004d1e8   0x2fcc  <Block>
      .data.log_init               0x1004d1e8      0xc  <Block>
        .data.log_init    const    0x1004d1e8      0x4  atcmd_sys.o [2]
        .data.log_init    const    0x1004d1ec      0x4  atcmd_wifi.o [2]
        .data.log_init    const    0x1004d1f0      0x4  log_service.o [2]
      .data               const    0x1004d1f8     0x80  ac_hal.o [2]
      .data               const    0x1004d278      0x8  atcmd_sys.o [2]
      .data               const    0x1004d280     0xc0  atcmd_sys.o [2]
      .data               const    0x1004d340    0x180  atcmd_wifi.o [2]
      .data               const    0x1004d4c0     0x78  dhcps.o [2]
      .data               const    0x1004d538      0x4  freertos_pmu.o [2]
      .data               const    0x1004d53c      0xc  freertos_pmu.o [2]
      .data               const    0x1004d548      0x4  freertos_service.o [2]
      .data               const    0x1004d54c     0x20  log_service.o [2]
      .data               const    0x1004d56c      0x4  port.o [2]
      .data               const    0x1004d570      0x4  system_8195a.o [2]
      .data               const    0x1004d574     0x9c  tasks.o [2]
      .data               const    0x1004d610     0x20  tcp.o [2]
      .data               const    0x1004d630      0x8  udp.o [2]
      .data               const    0x1004d638      0xc  wifi_conf.o [2]
      .data               const    0x1004d644    0x1f4  zc_configuration.o [2]
      .data               const    0x1004d838     0x14  zc_hf_adpter.o [2]
      .data               const    0x1004d84c      0x8  rtw_psk.o [8]
      .data               const    0x1004d854     0xd4  wifi_simple_config_parser.o [8]
      .data               const    0x1004d928      0x8  wifi_simple_config_parser.o [8]
      .data               const    0x1004d930     0xa8  rtw_mlme_ext.o [8]
      .data               const    0x1004d9d8     0x38  freertos_ioctl.o [8]
      .data               const    0x1004da10    0x1b0  rom_rtw_message.o [8]
      .data               const    0x1004dbc0      0x8  rtw_xmit.o [8]
      .data               const    0x1004dbc8     0x40  Hal8195ARateAdaptive.o [8]
      .data               const    0x1004dc08     0x40  Hal8195ARateAdaptive.o [8]
      .data               const    0x1004dc48     0x14  Hal8195ARateAdaptive.o [8]
      .data               const    0x1004dc5c     0xa0  Hal8195APwrSeq.o [8]
      .data               const    0x1004dcfc     0xa0  Hal8195APwrSeq.o [8]
      .data               const    0x1004dd9c     0x14  dh_groups.o [9]
      .data               const    0x1004ddb0    0x210  HalHWImg8195A_BB.o [8]
      .data               const    0x1004dfc0    0x678  HalHWImg8195A_BB.o [8]
      .data               const    0x1004e638     0x90  HalHWImg8195A_BB.o [8]
      .data               const    0x1004e6c8    0x308  HalHWImg8195A_MAC.o [8]
      .data               const    0x1004e9d0    0x3a0  HalHWImg8195A_RF.o [8]
      .data               const    0x1004ed70     0x80  HalHWImg8195A_RF.o [8]
      .data               const    0x1004edf0     0x80  HalHWImg8195A_RF.o [8]
      .data               const    0x1004ee70     0x80  HalHWImg8195A_RF.o [8]
      .data               const    0x1004eef0   0x1260  HalHWImg8195A_RF.o [8]
      .data               const    0x10050150      0x2  tcp.o [2]
      .iar.init_table     const    0x10050154     0x60  - Linker created -
  .ram.bss                         0x100501c0   0x90b0  <Block>
    .bss                  zero     0x100501c0    0x500  hal_crypto.o [6]
    .bss                  zero     0x100506c0    0x340  rtw_mlme_ext.o [8]
    .bss                  zero     0x10050a00      0x8  ac_hal.o [2]
    .bss                  zero     0x10050a08    0x200  ac_hal.o [2]
    .bss                  zero     0x10050c08     0x38  atcmd_wifi.o [2]
    .bss                  zero     0x10050c40     0x78  atcmd_wifi.o [2]
    .bss                  zero     0x10050cb8      0x4  atcmd_wifi.o [2]
    .bss                  zero     0x10050cbc     0x34  dhcp.o [2]
    .bss                  zero     0x10050cf0      0x4  dhcp.o [2]
    .bss                  zero     0x10050cf4    0x214  dns.o [2]
    .bss                  zero     0x10050f08    0x460  dns.o [2]
    .bss                  zero     0x10051368     0xc8  etharp.o [2]
    .bss                  zero     0x10051430      0x4  ethernetif.o [2]
    .bss                  zero     0x10051434      0x4  example_wlan_fast_connect.o [2]
    .bss                  zero     0x10051438      0xc  hal_adc.o [2]
    .bss                  zero     0x10051444     0x2c  hal_adc.o [2]
    .bss                  zero     0x10051470    0x290  hal_soc_ps_monitor.o [2]
    .bss                  zero     0x10051700     0x3c  heap_5.o [2]
    .bss                  zero     0x1005173c      0xc  igmp.o [2]
    .bss                  zero     0x10051748     0x10  ip.o [2]
    .bss                  zero     0x10051758     0x10  ip_addr.o [2]
    .bss                  zero     0x10051768      0x8  ip_frag.o [2]
    .bss                  zero     0x10051770    0x100  log_service.o [2]
    .bss                  zero     0x10051870     0x70  log_service.o [2]
    .bss                  zero     0x100518e0     0x78  lwip_netconf.o [2]
    .bss                  zero     0x10051958      0x4  lwip_timers.o [2]
    .bss                  zero     0x1005195c      0x4  lwip_timers.o [2]
    .bss                  zero     0x10051960      0xc  netif.o [2]
    .bss                  zero     0x1005196c      0x4  osdep_service.o [2]
    .bss                  zero     0x10051970     0x28  ping_test.o [2]
    .bss                  zero     0x10051998      0xc  port.o [2]
    .bss                  zero     0x100519a4      0x4  raw.o [2]
    .bss                  zero     0x100519a8     0x18  rtl8195a_timer.o [2]
    .bss                  zero     0x100519c0     0x60  sockets.o [2]
    .bss                  zero     0x10051a20      0x8  sockets.o [2]
    .bss                  zero     0x10051a28     0x34  sys_arch.o [2]
    .bss                  zero     0x10051a5c     0xdc  tasks.o [2]
    .bss                  zero     0x10051b38      0xc  tcm_heap.o [2]
    .bss                  zero     0x10051b44     0x30  tcp_in.o [2]
    .bss                  zero     0x10051b74      0xc  tcpip.o [2]
    .bss                  zero     0x10051b80     0x38  timers.o [2]
    .bss                  zero     0x10051bb8      0x4  update.o [2]
    .bss                  zero     0x10051bbc     0x24  wifi_conf.o [2]
    .bss                  zero     0x10051be0      0x8  wifi_conf.o [2]
    .bss                  zero     0x10051be8     0x18  wifi_conf.o [2]
    .bss                  zero     0x10051c00    0x150  wifi_ind.o [2]
    .bss                  zero     0x10051d50      0x8  wifi_promisc.o [2]
    .bss                  zero     0x10051d58     0x78  wifi_promisc.o [2]
    .bss                  zero     0x10051dd0     0x40  wifi_simple_config.o [2]
    .bss                  zero     0x10051e10     0x28  wifi_wps_config.o [2]
    .bss                  zero     0x10051e38     0x10  zc_bc.o [2]
    .bss                  zero     0x10051e48     0x28  zc_client_manager.o [2]
    .bss                  zero     0x10051e70     0x78  zc_hf_adpter.o [2]
    .bss                  zero     0x10051ee8    0x260  zc_hf_adpter.o [2]
    .bss                  zero     0x10052148    0x260  zc_hf_adpter.o [2]
    .bss                  zero     0x100523a8     0x28  zc_hf_adpter.o [2]
    .bss                  zero     0x100523d0    0x720  zc_hf_adpter.o [2]
    .bss                  zero     0x10052af0     0x28  zc_hf_adpter.o [2]
    .bss                  zero     0x10052b18    0x258  zc_hf_adpter.o [2]
    .bss                  zero     0x10052d70    0x83c  zc_hf_adpter.o [2]
    .bss                  zero     0x100535ac     0x50  zc_hf_adpter.o [2]
    .bss                  zero     0x100535fc     0x14  zc_hf_adpter.o [2]
    .bss                  zero     0x10053610     0x88  zc_protocol_controller.o [2]
    .bss                  zero     0x10053698     0x50  zc_timer.o [2]
    .bss                  zero     0x100536e8      0x8  startup.o [6]
    .bss                  zero     0x100536f0      0x4  ram_libc.o [7]
    .bss                  zero     0x100536f4     0x40  rtk_wlan_if.o [8]
    .bss                  zero     0x10053734      0x4  freertos_intfs.o [8]
    .bss                  zero     0x10053738      0xc  freertos_intfs.o [8]
    .bss                  zero     0x10053744     0x14  freertos_intfs.o [8]
    .bss                  zero     0x10053758    0x11c  rtw_psk.o [8]
    .bss                  zero     0x10053874     0x44  rtw_psk.o [8]
    .bss                  zero     0x100538b8      0x4  freertos_skbuff.o [8]
    .bss                  zero     0x100538bc    0x1b8  freertos_skbuff.o [8]
    .bss                  zero     0x10053a74     0x18  freertos_skbuff.o [8]
    .bss                  zero     0x10053a8c      0x4  freertos_isr.o [8]
    .bss                  zero     0x10053a90      0x8  rtw_promisc.o [8]
    .bss                  zero     0x10053a98      0x4  rtw_mlme.o [8]
    .bss                  zero     0x10053a9c      0x4  wifi_simple_config_parser.o [8]
    .bss                  zero     0x10053aa0     0x10  wps_protocol_handler.o [9]
    .bss                  zero     0x10053ab0      0x4  ram_libgloss_retarget.o [7]
    .bss                  zero     0x10053ab4      0x4  rtl8195a_pmu_task.o [8]
    .bss                  zero     0x10053ab8   0x20e0  lxbus_ops.o [8]
    .bss                  zero     0x10055b98     0x1c  eap_wsc.o [9]
    .bss                  zero     0x10055bb4     0x80  random.o [9]
    .bss                  zero     0x10055c34     0x20  random.o [9]
    .bss                  zero     0x10055c54      0x2  ip.o [2]
    .bss                  zero     0x10055c56      0x1  dns.o [2]
    .bss                  zero     0x10055c57      0x1  etharp.o [2]
    .bss                  zero     0x10055c58      0x1  pbuf.o [2]
    .bss                  zero     0x10055c59      0x1  tcp.o [2]
    .bss                  zero     0x10055c5a      0x1  wifi_promisc.o [2]
    .bss                  zero     0x10055c5b      0x1  zc_hf_adpter.o [2]
    .bss                  zero     0x10055c5c      0x1  rtl8195a_pmu_task.o [8]
    .bss                  zero     0x10055c5d      0x1  rtw_mlme_ext.o [8]
    .bss                  zero     0x10055c5e      0x1  lxbus_ops.o [8]
    .ssl_ram_map          zero     0x10055c60     0x40  rom_ssl_ram_map.o [2]
    .hal.flash.data       zero     0x10055ca0     0x90  hal_spi_flash_ram.o [6]
    .hal.gpio.data        zero     0x10055d30    0x12c  hal_gpio.o [2]
    .bdsram.data          zero     0x10055e5c   0x3400  freertos_skbuff.o [8]
    .bdsram.data          zero     0x1005925c      0x8  freertos_skbuff.o [8]
                                 - 0x10059264  0x53264

"A4":                                           0xf000
  .bf_data                         0x10061000   0xf000  <Block>
    .bfsram.data          zero     0x10061000   0xf000  heap_5.o [2]
                                 - 0x10070000   0xf000

"A6":                                           0xf338
  TCM_overlay                      0x1fff0000   0xf338  <Overlay>
    part 1:
      .bss                zero     0x1fff0000   0x1424  mem.o [2]
      .bss                zero     0x1fff1424   0x3f10  memp.o [2]
      .tcm.heap           zero     0x1fff5334   0xa000  tcm_heap.o [2]
      .heap                        0x1ffff334      0x4  <Block>
        .heap.stdlib      zero     0x1ffff334      0x1  ram_libgloss_retarget.o [7]
    part 2:
      IMAGE1_DBG                   0x1fff0000   0x24b4  <Block>
        .ram.start.table           0x1fff0000     0x14  <Block>
          .start.ram.data.a
                          const    0x1fff0000      0x4  startup.o [6]
          .start.ram.data.b
                          const    0x1fff0004      0x4  startup.o [6]
          .start.ram.data.c
                          const    0x1fff0008      0x4  startup.o [6]
          .start.ram.data.d
                          const    0x1fff000c      0x4  startup.o [6]
          .start.ram.data.e
                          const    0x1fff0010      0x4  startup.o [6]
        .ram_image1.data           0x1fff0014   0x14d0  <Block>
          .image1.validate.rodata
                          const    0x1fff0014      0x8  startup.o [6]
          .cutb.ram.data  const    0x1fff001c     0x10  hal_sdr_controller.o [2]
          .cutb.ram.data  const    0x1fff002c     0x1c  hal_sdr_controller.o [2]
          .cutb.ram.data  const    0x1fff0048     0x34  hal_sdr_controller.o [2]
          .cutb.ram.data  const    0x1fff007c     0x14  hal_sdr_controller.o [2]
          .cutb.ram.data  const    0x1fff0090      0x4  hal_sdr_controller.o [2]
          .cutb.ram.data  zero     0x1fff0094   0x1000  hal_sdr_controller.o [2]
          .hal.ram.data   const    0x1fff1098    0x430  rom.o [11]
          .hal.ram.data   const    0x1fff14c8      0xc  hal_sdr_controller.o [2]
          .hal.ram.data   zero     0x1fff14d4     0x10  startup.o [6]
        .ram_image1.bss            0x1fff14e4      0x0  <Block>
        .ram_image1.text           0x1fff14e4    0xfd0  <Block>
          Veneer          ro code  0x1fff14e4      0x8  - Linker created -
          Veneer          ro code  0x1fff14ec      0x8  - Linker created -
          Veneer          ro code  0x1fff14f4      0x8  - Linker created -
          Veneer          ro code  0x1fff14fc      0x8  - Linker created -
          Veneer          ro code  0x1fff1504      0x8  - Linker created -
          Veneer          ro code  0x1fff150c      0x8  - Linker created -
          Veneer          ro code  0x1fff1514      0x8  - Linker created -
          Veneer          ro code  0x1fff151c      0x8  - Linker created -
          Veneer          ro code  0x1fff1524      0x8  - Linker created -
          Veneer          ro code  0x1fff152c      0x8  - Linker created -
          Veneer          ro code  0x1fff1534      0x8  - Linker created -
          Veneer          ro code  0x1fff153c      0x8  - Linker created -
          Veneer          ro code  0x1fff1544      0x8  - Linker created -
          Veneer          ro code  0x1fff154c      0x8  - Linker created -
          Veneer          ro code  0x1fff1554      0x8  - Linker created -
          Veneer          ro code  0x1fff155c      0x8  - Linker created -
          Veneer          ro code  0x1fff1564      0x8  - Linker created -
          Veneer          ro code  0x1fff156c      0x8  - Linker created -
          Veneer          ro code  0x1fff1574      0x8  - Linker created -
          Veneer          ro code  0x1fff157c      0x8  - Linker created -
          Veneer          ro code  0x1fff1584      0x8  - Linker created -
          Veneer          ro code  0x1fff158c      0x8  - Linker created -
          Veneer          ro code  0x1fff1594      0x8  - Linker created -
          .hal.ram.text   ro code  0x1fff159c    0x700  startup.o [6]
          Veneer          ro code  0x1fff1c9c      0x8  - Linker created -
          .hal.sdrc.text  ro code  0x1fff1ca4    0x810  hal_sdr_controller.o [2]
                                 - 0x1ffff338   0xf338


*******************************************************************************
*** INIT TABLE
***

          Address     Size
          -------     ----
Zero (__iar_zero_init3)
    9 destination ranges, total size 0x27728:
          0x10000384   0x350
          0x100501c0  0x5a9f
          0x10055c60    0x40
          0x10055ca0    0x90
          0x10055d30   0x12c
          0x10055e5c  0x3408
          0x10061000  0xf000
          0x1fff0000  0xf334
          0x1ffff334     0x1



*******************************************************************************
*** MODULE SUMMARY
***

    Module                       ro code  rw code  ro data  rw data
    ------                       -------  -------  -------  -------
D:\工作资料\斐联\sdk-ameba1-v3.4b\project\realtek_ameba1_va0_example\EWARM-RELEASE\..\..\..\component\soc\realtek\8195a\misc\bsp\image: [1]
    ram_1.r.bin                                     14 028
    ---------------------------------------------------------------
    Total:                                          14 028

D:\工作资料\斐联\sdk-ameba1-v3.4b\project\realtek_ameba1_va0_example\EWARM-RELEASE\Debug\Obj: [2]
    ac_api.o                         432
    ac_hal.o                         224                        648
    aes_cbc.o                        434
    aes_core.o                     8 838             4 096
    analogin_api.o                   294
    api_lib.o                      1 160
    api_msg.o                      2 940
    atcmd_sys.o                    3 596                96      204
    atcmd_wifi.o                   5 976               424      568
    autoip.o                         706
    bignum.o                       6 622
    cmsis_os.o                        24
    crc.o                             70
    def.o                             38
    dhcp.o                         3 094                         56
    dhcps.o                        1 626                        120
    dns.o                          1 188                      1 653
    etharp.o                       1 736                        201
    ethernetif.o                     332                          4
    example_entry.o                   28
    example_wlan_fast_connect.o      468                          4
    flash_api.o                      736
    freertos_pmu.o                   196                         16
    freertos_service.o             1 408               292        4
    gpio_api.o                       440
    hal_32k.o                        144
    hal_adc.o                      2 004                         56
    hal_gdma.o                       104
    hal_gpio.o                       116                        300
    hal_soc_ps_monitor.o           2 060                        656
    hal_timer.o                       60
    heap_5.o                         448                     61 500
    icmp.o                           392
    igmp.o                           952                         12
    inet_chksum.o                    306
    init.o                            46
    ip.o                             856                         18
    ip_addr.o                        474                 8       16
    ip_frag.o                      1 268                          8
    list.o                           142
    log_service.o                    992                16      404
    low_level_io.o                    44
    lwip_intf.o                      616
    lwip_netconf.o                   836                        120
    lwip_timers.o                    564                          8
    main.o                            72
    mem.o                            608
    memp.o                           208
    netbuf.o                         116
    netif.o                          322                         12
    osdep_api.o                      104
    osdep_service.o                1 388                          4
    pbuf.o                         1 118                          1
    ping_test.o                      556                         40
    pinmap.o                           2
    port.o                           520                         16
    portasm.o                        148
    queue.o                        1 186
    raw.o                            372                          4
    rom_ssl_ram_map.o                                            64
    rsa.o                          1 292
    rtl8195a_adc.o                   792
    rtl8195a_gdma.o                  876
    rtl8195a_timer.o               1 096                         24
    rtl_consol.o                     580                        848
    sleep.o                           20
    sockets.o                      3 148                        104
    sys_api.o                        904
    sys_arch.o                       486                         52
    system_8195a.o                    20                          4
    tasks.o                        2 144                        376
    tcm_heap.o                       330                         12
    tcp.o                          2 860                         35
    tcp_in.o                       3 756                         48
    tcp_out.o                      2 634
    tcpip.o                          504                         12
    timer_api.o                      224
    timers.o                         756                         56
    udp.o                          1 040                          8
    update.o                       2 008                32        4
    us_ticker.o                       48
    wifi_conf.o                    5 152                         80
    wifi_ind.o                       180                        336
    wifi_promisc.o                 1 152                        129
    wifi_simple_config.o           2 896                         64
    wifi_util.o                    3 216
    wifi_wps_config.o              2 240                         40
    wlan_network.o                   220
    zc_bc.o                          280                         16
    zc_client_manager.o              714                         40
    zc_cloud_event.o                 432
    zc_common.o                      440
    zc_configuration.o               608                        500
    zc_hf_adpter.o                 2 032                      6 069
    zc_message_queue.o               600
    zc_moudle_manager.o              668
    zc_protocol_controller.o       3 424                        136
    zc_sec_engine.o                1 144
    zc_timer.o                       284                         80
    ---------------------------------------------------------------
    Total:                       112 950             4 964   75 790

command line: [3]
    ---------------------------------------------------------------
    Total:

dl7M_tln.a: [4]
    errno.o                           12                          4
    printf.o                          36
    putchar.o                         40
    rand.o                           224                        140
    sscanf.o                          36
    vsnprint.o                        60
    xprintftiny.o                    336
    xprout.o                          22
    xscanfsmall_nomb.o             1 300
    xsnprout.o                        26
    xsscin.o                          30
    xstol.o                          134
    xstoul.o                         412
    xtls.o                             2
    ---------------------------------------------------------------
    Total:                         2 670                        144

lib_mdns.a: [5]
    ---------------------------------------------------------------
    Total:

lib_platform.a: [6]
    app_start.o                       36
    hal_common.o                      16
    hal_crypto.o                      36                      1 280
    hal_log_uart.o                   248
    hal_pinmux.o                      56
    hal_spi_flash_ram.o            3 704                        144
    startup.o                        804                20       12
    ---------------------------------------------------------------
    Total:                         4 900                20    1 436

lib_rtlstd.a: [7]
    ram_libc.o                       312                          4
    ram_libgloss_retarget.o          260                          4
    ---------------------------------------------------------------
    Total:                           572                          8

lib_wlan.a: [8]
    Hal8195APwrSeq.o                                            320
    Hal8195ARateAdaptive.o         1 910                        148
    HalHWImg8195A_BB.o               472                      2 328
    HalHWImg8195A_MAC.o              308                        776
    HalHWImg8195A_RF.o               480               128    6 016
    HalPhyRf.o                     1 268
    HalPhyRf_8195A.o               6 212
    HalPwrSeqCmd.o                   220
    PhyDM_Adaptivity.o               932
    freertos_intfs.o               2 688                         36
    freertos_ioctl.o               9 712                         56
    freertos_isr.o                   120                          4
    freertos_recv.o                  500
    freertos_skbuff.o                848                     13 788
    freertos_xmit.o                  250
    hal_com.o                      2 828
    hal_com_phycfg.o               6 324
    hal_intf.o                       984
[...]
                        0x1002132d     0x4  Code  Gb  wifi_conf.o [2]
wifi_is_connected_to_ap
                        0x10020cdd     0x4  Code  Gb  wifi_conf.o [2]
wifi_mac_hash           0x10037dd1    0x2a  Code  Lc  rtw_sta_mgt.o [8]
wifi_mode               0x10051be0     0x4  Data  Lc  wifi_conf.o [2]
wifi_no_network_hdl     0x1002047b     0xe  Code  Lc  wifi_conf.o [2]
wifi_off                0x10020c37    0x6a  Code  Gb  wifi_conf.o [2]
wifi_on                 0x10020ba9    0x8e  Code  Gb  wifi_conf.o [2]
wifi_reg_event_handler  0x1002015f    0x3a  Code  Gb  wifi_ind.o [2]
wifi_remove_packet_filter
                        0x1002133d     0x4  Code  Gb  wifi_conf.o [2]
wifi_rx_beacon_hdl      0x10020479     0x2  Code  Gb  wifi_conf.o [2]
wifi_scan               0x10020f3f    0x56  Code  Gb  wifi_conf.o [2]
wifi_scan_done_hdl      0x10020edb    0x64  Code  Lc  wifi_conf.o [2]
wifi_scan_each_report_hdl
                        0x10020db1   0x12a  Code  Lc  wifi_conf.o [2]
wifi_scan_networks      0x10020fb5    0x92  Code  Gb  wifi_conf.o [2]
wifi_set_autoreconnect  0x100212e1     0xc  Code  Gb  wifi_conf.o [2]
wifi_set_channel        0x10020b9f     0xa  Code  Gb  wifi_conf.o [2]
wifi_set_lps_dtim       0x10020cc1     0xa  Code  Gb  wifi_conf.o [2]
wifi_set_power_mode     0x10020ca1     0x4  Code  Gb  wifi_conf.o [2]
wifi_set_promisc        0x100211d1     0x4  Code  Gb  wifi_conf.o [2]
wifi_set_pscan_chan     0x10021055    0x12  Code  Gb  wifi_conf.o [2]
wifi_set_tdma_param     0x10020cad    0x14  Code  Gb  wifi_conf.o [2]
wifi_set_wps_phase      0x100211cd     0x4  Code  Gb  wifi_conf.o [2]
wifi_show_setting       0x10021121    0x9e  Code  Gb  wifi_conf.o [2]
wifi_start_ap           0x10020ce1    0xcc  Code  Gb  wifi_conf.o [2]
wifi_unreg_event_handler
                        0x10020199    0x30  Code  Gb  wifi_ind.o [2]
wifirate2_ratetbl_inx   0x10038f05    0x60  Code  Gb  rtw_wlan_util.o [8]
wireless_send_event     0x10028023     0xa  Code  Gb  freertos_ioctl.o [8]
wlan_init_done_callback
                        0x10049885    0xd0  Code  Gb  example_wlan_fast_connect.o [2]
wlan_network            0x1004a331    0x3a  Code  Gb  wlan_network.o [2]
wlan_wrtie_reconnect_data_to_flash
                        0x10049829    0x5c  Code  Gb  example_wlan_fast_connect.o [2]
wlancmds                0x1002b360   0x1f8  Data  Gb  rtw_cmd.o [8]
wlanevents              0x100323ac    0xc0  Data  Lc  rtw_mlme_ext.o [8]
wlanhdr_to_ethhdr       0x100353c1   0x138  Code  Gb  rtw_recv.o [8]
wpa_global_PSK          0x10053824    0x50  Data  Gb  rtw_psk.o [8]
wpa_set_encryption      0x100281e7   0x176  Code  Lc  freertos_ioctl.o [8]
wpabuf_alloc            0x10035a31    0x18  Code  Gb  wpabuf.o [9]
wpabuf_alloc_copy       0x10035a49    0x1c  Code  Gb  wpabuf.o [9]
wpabuf_dup              0x10035a65    0x1a  Code  Gb  wpabuf.o [9]
wpabuf_free             0x10035a7f    0x24  Code  Gb  wpabuf.o [9]
wpabuf_put              0x10035aa9     0xc  Code  Gb  wpabuf.o [9]
wpabuf_put_be16         0x10035b09    0x14  Code  Lc  wps_attr_build.o [9]
wpabuf_put_be16         0x1004b2c1    0x14  Code  Lc  wps_dev_attr.o [9]
wpabuf_put_be16         0x1004b5b9    0x14  Code  Lc  wps_enrollee.o [9]
wpabuf_put_buf          0x10035a27     0xa  Code  Lc  wpabuf.o [9]
wpabuf_put_buf          0x10035b3f     0xa  Code  Lc  wps_attr_build.o [9]
wpabuf_put_data         0x1004ac31    0x22  Code  Lc  eap_wsc.o [9]
wpabuf_put_data         0x10035a05    0x22  Code  Lc  wpabuf.o [9]
wpabuf_put_data         0x10035b1d    0x22  Code  Lc  wps_attr_build.o [9]
wpabuf_put_data         0x1004b2d5    0x22  Code  Lc  wps_dev_attr.o [9]
wpabuf_put_data         0x1004b5cd    0x22  Code  Lc  wps_enrollee.o [9]
wpabuf_put_u8           0x1004ac21    0x10  Code  Lc  eap_wsc.o [9]
wpabuf_put_u8           0x10035af9    0x10  Code  Lc  wps_attr_build.o [9]
wpabuf_put_u8           0x1004b165    0x10  Code  Lc  eap_common.o [9]
wpabuf_put_u8           0x1004b281    0x10  Code  Lc  eap_wsc_common.o [9]
wpabuf_zeropad          0x10035ab5    0x3a  Code  Gb  wpabuf.o [9]
wpas_eap_wsc_init       0x1004a689    0x12  Code  Gb  wps_protocol_handler.o [9]
wpas_swith_to_wps_auth  0x1004a69b    0x14  Code  Gb  wps_protocol_handler.o [9]
wpas_swith_to_wps_encr  0x1004a6af    0x20  Code  Gb  wps_protocol_handler.o [9]
wpas_wps_dev_config     0x1004a6cf    0xd0  Code  Gb  wps_protocol_handler.o [9]
wpas_wps_init           0x1004a79f    0x7e  Code  Gb  wps_protocol_handler.o [9]
wpas_wps_notify_wps_finish
                        0x1004a945    0x34  Code  Gb  wps_protocol_handler.o [9]
wpas_wps_notify_wps_finish_hdl
                        0x1004a979     0x2  Code  Gb  wps_protocol_handler.o [9]
wpas_wsc_eapol_recvd    0x1004ab27    0x66  Code  Gb  wps_protocol_handler.o [9]
wpas_wsc_eapol_recvd_hdl
                        0x1004ab9d    0x24  Code  Gb  wps_protocol_handler.o [9]
wpas_wsc_enrollee_handle_eap_fail
                        0x1004a97b    0x48  Code  Gb  wps_protocol_handler.o [9]
wpas_wsc_enrollee_handle_recvd
                        0x1004aaaf    0x78  Code  Gb  wps_protocol_handler.o [9]
wpas_wsc_send_eap_rspidentity
                        0x1004a883    0x78  Code  Gb  wps_protocol_handler.o [9]
wpas_wsc_send_eapol     0x1004a9d3    0xcc  Code  Gb  wps_protocol_handler.o [9]
wpas_wsc_send_packet    0x1004a81d    0x66  Code  Gb  wps_protocol_handler.o [9]
wps_build_ap_settings   0x1004b82b    0xdc  Code  Lc  wps_enrollee.o [9]
wps_build_assoc_state   0x10035d4f    0x14  Code  Gb  wps_attr_build.o [9]
wps_build_auth_type_flags
                        0x10035cf5    0x14  Code  Gb  wps_attr_build.o [9]
wps_build_authenticator
                        0x10035c3b    0x52  Code  Gb  wps_attr_build.o [9]
wps_build_config_error  0x10035c2f     0xc  Code  Gb  wps_attr_build.o [9]
wps_build_config_methods
                        0x10035be9     0xc  Code  Gb  wps_attr_build.o [9]
wps_build_conn_type_flags
                        0x10035d31    0x14  Code  Gb  wps_attr_build.o [9]
wps_build_dev_name      0x1004b397    0x24  Code  Gb  wps_dev_attr.o [9]
wps_build_dev_password_id
                        0x10035c0d     0xa  Code  Gb  wps_attr_build.o [9]
wps_build_device_attrs  0x1004b3bb    0x5e  Code  Gb  wps_dev_attr.o [9]
wps_build_e_hash        0x1004b5ef    0x9e  Code  Lc  wps_enrollee.o [9]
wps_build_encr_settings
                        0x10035d95    0x76  Code  Gb  wps_attr_build.o [9]
wps_build_encr_type_flags
                        0x10035d09    0x12  Code  Gb  wps_attr_build.o [9]
wps_build_enrollee_nonce
                        0x10035cb3    0x1e  Code  Gb  wps_attr_build.o [9]
wps_build_key_wrap_auth
                        0x10035d63    0x32  Code  Gb  wps_attr_build.o [9]
wps_build_m1            0x1004b6a3   0x100  Code  Gb  wps_enrollee.o [9]
wps_build_m5            0x1004b7a3    0x82  Code  Lc  wps_enrollee.o [9]
wps_build_m7            0x1004b90d    0x96  Code  Lc  wps_enrollee.o [9]
wps_build_mac_addr      0x10035e0b    0x16  Code  Gb  wps_attr_build.o [9]
wps_build_manufacturer  0x1004b2f7    0x24  Code  Gb  wps_dev_attr.o [9]
wps_build_model_name    0x1004b31b    0x22  Code  Gb  wps_dev_attr.o [9]
wps_build_model_number  0x1004b349    0x24  Code  Gb  wps_dev_attr.o [9]
wps_build_msg_type      0x10035ca7     0xc  Code  Gb  wps_attr_build.o [9]
wps_build_os_version    0x1004b419    0x30  Code  Gb  wps_dev_attr.o [9]
wps_build_primary_dev_type
                        0x1004b36d    0x24  Code  Gb  wps_dev_attr.o [9]
wps_build_public_key    0x10035b49    0x88  Code  Gb  wps_attr_build.o [9]
wps_build_registrar_nonce
                        0x10035cd1    0x1e  Code  Gb  wps_attr_build.o [9]
wps_build_rf_bands      0x1004b44d    0x24  Code  Gb  wps_dev_attr.o [9]
wps_build_uuid_e        0x10035bf5    0x18  Code  Gb  wps_attr_build.o [9]
wps_build_version       0x10035c8d    0x16  Code  Gb  wps_attr_build.o [9]
wps_build_wfa_ext       0x10035ca3     0x4  Code  Gb  wps_attr_build.o [9]
wps_build_wsc_ack       0x10027f29    0x42  Code  Gb  wps_common.o [9]
wps_build_wsc_nack      0x10027f6b    0x4e  Code  Gb  wps_common.o [9]
wps_check_and_show_connection_info
                        0x100231b9    0x24  Code  Gb  wifi_wps_config.o [2]
wps_decrypt_encr_settings
                        0x10027e05    0x7e  Code  Gb  wps_common.o [9]
wps_deinit              0x1004b0df    0x58  Code  Gb  wps.o [9]
wps_derive_keys         0x10027cd5    0xde  Code  Gb  wps_common.o [9]
wps_derive_psk          0x10027db3    0x52  Code  Gb  wps_common.o [9]
wps_device_data_free    0x1004b56f    0x44  Code  Gb  wps_dev_attr.o [9]
wps_enrollee_get_msg    0x1004b9d3   0x11e  Code  Gb  wps_enrollee.o [9]
wps_enrollee_process_msg
                        0x1004bf3f    0xb4  Code  Gb  wps_enrollee.o [9]
wps_generate_pin        0x10027ee3    0x3a  Code  Gb  wps_common.o [9]
wps_get_msg             0x1004b141     0x4  Code  Gb  wps.o [9]
wps_init                0x1004afc1   0x106  Code  Gb  wps.o [9]
wps_judge_staion_disconnect
                        0x10023557    0x46  Code  Gb  wifi_wps_config.o [2]
wps_kdf                 0x10027c31    0xa4  Code  Gb  wps_common.o [9]
wps_oui                 0x00035440     0x4  Data  Lc  rom.o [11]
wps_parse_msg           0x1004c3f1    0x8c  Code  Gb  wps_attr_parse.o [9]
wps_parse_vendor_ext_wfa
                        0x1004c007    0x5c  Code  Lc  wps_attr_parse.o [9]
wps_password_id         0x10051e10     0x1  Data  Gb  wifi_wps_config.o [2]
wps_pin_checksum        0x10027e83    0x3e  Code  Gb  wps_common.o [9]
wps_pin_code            0x10051e18    0x20  Data  Gb  wifi_wps_config.o [2]
wps_pin_valid           0x10027ec1    0x22  Code  Gb  wps_common.o [9]
wps_process_authenticator
                        0x1004c47d    0x4e  Code  Gb  wps_attr_process.o [9]
wps_process_cred        0x1004c5cf    0x54  Code  Gb  wps_attr_process.o [9]
wps_process_cred_auth_type
                        0x1004c531    0x12  Code  Lc  wps_attr_process.o [9]
wps_process_cred_e      0x1004bbaf    0x42  Code  Lc  wps_enrollee.o [9]
wps_process_cred_encr_type
                        0x1004c543    0x12  Code  Lc  wps_attr_process.o [9]
wps_process_cred_mac_addr
                        0x1004c595    0x16  Code  Lc  wps_attr_process.o [9]
wps_process_cred_network_key
                        0x1004c567    0x28  Code  Lc  wps_attr_process.o [9]
wps_process_cred_network_key_idx
                        0x1004c55b     0xc  Code  Lc  wps_attr_process.o [9]
wps_process_cred_ssid   0x1004c507    0x2a  Code  Lc  wps_attr_process.o [9]
wps_process_creds       0x1004bbf1    0x40  Code  Lc  wps_enrollee.o [9]
wps_process_device_attrs
                        0x1004b471    0xea  Code  Gb  wps_dev_attr.o [9]
wps_process_enrollee_nonce
                        0x1004baf1    0x18  Code  Lc  wps_enrollee.o [9]
wps_process_key_wrap_auth
                        0x1004c4cb    0x3c  Code  Gb  wps_attr_process.o [9]
wps_process_m2          0x1004bc31    0x90  Code  Lc  wps_enrollee.o [9]
wps_process_m4          0x1004bcc1    0x86  Code  Lc  wps_enrollee.o [9]
wps_process_m8          0x1004bd57    0x7a  Code  Lc  wps_enrollee.o [9]
wps_process_msg         0x1004b13d     0x4  Code  Gb  wps.o [9]
wps_process_r_snonce1   0x1004bb09    0x38  Code  Lc  wps_enrollee.o [9]
wps_process_r_snonce2   0x1004bb41    0x38  Code  Lc  wps_enrollee.o [9]
wps_process_wsc_msg     0x1004bdf1   0x14e  Code  Lc  wps_enrollee.o [9]
wps_scan_result_handler
                        0x100231dd    0x82  Code  Lc  wifi_wps_config.o [2]
wps_set_attr            0x1004c063   0x38e  Code  Lc  wps_attr_parse.o [9]
wps_start               0x1002326b   0x2e2  Code  Gb  wifi_wps_config.o [2]
wps_validate_assoc_state
                        0x1004c6ed    0x18  Code  Lc  wps_validate.o [9]
wps_validate_auth_type  0x1004c81d    0x2c  Code  Lc  wps_validate.o [9]
wps_validate_auth_type_flags
                        0x1004c801    0x1c  Code  Lc  wps_validate.o [9]
wps_validate_authenticator
                        0x1004c8b7     0xa  Code  Lc  wps_validate.o [9]
wps_validate_config_error
                        0x1004c705    0x18  Code  Lc  wps_validate.o [9]
wps_validate_config_methods
                        0x1004c6a1    0x20  Code  Lc  wps_validate.o [9]
wps_validate_conn_type_flags
                        0x1004c897    0x16  Code  Lc  wps_validate.o [9]
wps_validate_cred       0x1004c92d    0x82  Code  Lc  wps_validate.o [9]
wps_validate_dev_name   0x1004c78f    0x16  Code  Lc  wps_validate.o [9]
wps_validate_dev_password_id
                        0x1004c71d    0x1a  Code  Lc  wps_validate.o [9]
wps_validate_encr_settings
                        0x1004c8c1    0x10  Code  Lc  wps_validate.o [9]
wps_validate_encr_type  0x1004c865    0x2c  Code  Lc  wps_validate.o [9]
wps_validate_encr_type_flags
                        0x1004c849    0x1c  Code  Lc  wps_validate.o [9]
wps_validate_enrollee_nonce
                        0x1004c7cb     0xa  Code  Lc  wps_validate.o [9]
wps_validate_key_wrap_auth
                        0x1004c8d1     0xa  Code  Lc  wps_validate.o [9]
wps_validate_m2         0x1004c9eb   0x10e  Code  Gb  wps_validate.o [9]
wps_validate_m2d        0x1004caf9    0xda  Code  Gb  wps_validate.o [9]
wps_validate_m4         0x1004cbe1    0x56  Code  Gb  wps_validate.o [9]
wps_validate_m4_encr    0x1004cc37    0x28  Code  Gb  wps_validate.o [9]
wps_validate_m6         0x1004cc83    0x4a  Code  Gb  wps_validate.o [9]
wps_validate_m6_encr    0x1004cce3    0x28  Code  Gb  wps_validate.o [9]
wps_validate_m8         0x1004cd0b    0x4a  Code  Gb  wps_validate.o [9]
wps_validate_m8_encr    0x1004cd55    0x8a  Code  Gb  wps_validate.o [9]
wps_validate_mac_addr   0x1004c7b9    0x12  Code  Lc  wps_validate.o [9]
wps_validate_manufacturer
                        0x1004c737    0x16  Code  Lc  wps_validate.o [9]
wps_validate_model_name
                        0x1004c74d    0x16  Code  Lc  wps_validate.o [9]
wps_validate_model_number
                        0x1004c763    0x16  Code  Lc  wps_validate.o [9]
wps_validate_msg_type   0x1004c7a5    0x14  Code  Lc  wps_validate.o [9]
wps_validate_network_key
                        0x1004c8ff    0x2e  Code  Lc  wps_validate.o [9]
wps_validate_network_key_index
                        0x1004c8f5     0xa  Code  Lc  wps_validate.o [9]
wps_validate_os_version
                        0x1004c8ad     0xa  Code  Lc  wps_validate.o [9]
wps_validate_primary_dev_type
                        0x1004c6cb     0xa  Code  Lc  wps_validate.o [9]
wps_validate_public_key
                        0x1004c7df    0x10  Code  Lc  wps_validate.o [9]
wps_validate_registrar_nonce
                        0x1004c7d5     0xa  Code  Lc  wps_validate.o [9]
wps_validate_rf_bands   0x1004c6d5    0x18  Code  Lc  wps_validate.o [9]
wps_validate_serial_number
                        0x1004c779    0x16  Code  Lc  wps_validate.o [9]
wps_validate_ssid       0x1004c8db    0x1a  Code  Lc  wps_validate.o [9]
wps_validate_uuid_r     0x1004c6c1     0xa  Code  Lc  wps_validate.o [9]
wps_validate_version    0x1004c643    0x12  Code  Lc  wps_validate.o [9]
wps_validate_version2   0x1004c655    0x12  Code  Lc  wps_validate.o [9]
wps_validate_wsc_ack    0x1004cddf    0x46  Code  Gb  wps_validate.o [9]
wps_validate_wsc_nack   0x1004ce25    0x4e  Code  Gb  wps_validate.o [9]
wps_workaround_cred_key
                        0x1004c5ab    0x24  Code  Lc  wps_attr_process.o [9]
wrapper_skbbuf_list     0x10053a74     0x8  Data  Lc  freertos_skbuff.o [8]
write_cam               0x10038811    0x6a  Code  Gb  rtw_wlan_util.o [8]
wsc_eap                 0x10055b98    0x1c  Data  Gb  eap_wsc.o [9]
xActiveTimerList1       0x10051b90    0x14  Data  Lc  timers.o [2]
xActiveTimerList2       0x10051ba4    0x14  Data  Lc  timers.o [2]
xBlockAllocatedBit      0x1005172c     0x4  Data  Lc  heap_5.o [2]
xDelayedTaskList1       0x1004d5e8    0x14  Data  Lc  tasks.o [2]
xDelayedTaskList2       0x1004d5fc    0x14  Data  Lc  tasks.o [2]
xFreeBytesRemaining     0x10051724     0x4  Data  Lc  heap_5.o [2]
xHeapRegions            0x10051700    0x18  Data  Gb  heap_5.o [2]
xMaximumPossibleSuppressedTicks
                        0x1005199c     0x4  Data  Lc  port.o [2]
xMinimumEverFreeBytesRemaining
                        0x10051728     0x4  Data  Lc  heap_5.o [2]
xNextTaskUnblockTime    0x1004d5e0     0x4  Data  Lc  tasks.o [2]
xNumOfOverflows         0x1004d5d8     0x4  Data  Lc  tasks.o [2]
xPendingReadyList       0x1004d574    0x14  Data  Lc  tasks.o [2]
xPortGetFreeHeapSize    0x100178f7     0x6  Code  Gb  heap_5.o [2]
xPortPendSVHandler      0x1004d0c5          Code  Gb  portasm.o [2]
xPortStartScheduler     0x100161dd    0x26  Code  Gb  port.o [2]
xPortSysTickHandler     0x1001623f    0x1e  Code  Gb  port.o [2]
xQueueCreateCountingSemaphore
                        0x1001559b    0x12  Code  Gb  queue.o [2]
xQueueCreateMutex       0x10015551    0x40  Code  Gb  queue.o [2]
xQueueGenericCreate     0x10015515    0x3c  Code  Gb  queue.o [2]
xQueueGenericReceive    0x100156dd    0xfa  Code  Gb  queue.o [2]
xQueueGenericReset      0x100154b5    0x60  Code  Gb  queue.o [2]
xQueueGenericSend       0x100155ad    0xc4  Code  Gb  queue.o [2]
xQueueGenericSendFromISR
                        0x10015671    0x6c  Code  Gb  queue.o [2]
xSchedulerRunning       0x1004d5cc     0x4  Data  Lc  tasks.o [2]
xStart                  0x10051718     0x8  Data  Lc  heap_5.o [2]
xSuspendedTaskList      0x1004d5ac    0x14  Data  Lc  tasks.o [2]
xTaskCheckForTimeOut    0x10015f1b    0x3c  Code  Gb  tasks.o [2]
xTaskGenericCreate      0x10015959   0x118  Code  Gb  tasks.o [2]
xTaskGetSchedulerState  0x10016083    0x16  Code  Gb  tasks.o [2]
xTaskGetTickCount       0x10015ce1     0xc  Code  Gb  tasks.o [2]
xTaskIncrementTick      0x10015d0d    0xb0  Code  Gb  tasks.o [2]
xTaskPriorityDisinherit
                        0x10016119    0x6a  Code  Gb  tasks.o [2]
xTaskRemoveFromEventList
                        0x10015eb1    0x38  Code  Gb  tasks.o [2]
xTaskResumeAll          0x10015c55    0x8c  Code  Gb  tasks.o [2]
xTasksWaitingTermination
                        0x1004d588    0x14  Data  Lc  tasks.o [2]
xTickCount              0x1004d5c4     0x4  Data  Lc  tasks.o [2]
xTimerCreate            0x100179e3    0x3a  Code  Gb  timers.o [2]
xTimerCreateTimerTask   0x100179b1    0x32  Code  Gb  timers.o [2]
xTimerGenericCommand    0x10017a1d    0x46  Code  Gb  timers.o [2]
xTimerIsTimerActive     0x10017c7f    0x1a  Code  Gb  timers.o [2]
xTimerQueue             0x10051b88     0x4  Data  Lc  timers.o [2]
xYieldPending           0x1004d5d4     0x4  Data  Lc  tasks.o [2]
xmit_delivery_enabled_frames
                        0x10044cd3   0x102  Code  Gb  rtw_xmit.o [8]
xmitframe_addmic        0x10043edf   0x18e  Code  Gb  rtw_xmit.o [8]
xmitframe_enqueue_for_sleeping_sta
                        0x10044863   0x154  Code  Gb  rtw_xmit.o [8]
xmitframe_swencrypt     0x10044073    0x30  Code  Gb  rtw_xmit.o [8]
xnetif                  0x100518e0    0x78  Data  Gb  lwip_netconf.o [2]
z1                      0x10000374     0x4  Data  Lc  rom.o [11]
z2                      0x10000378     0x4  Data  Lc  rom.o [11]
z3                      0x1000037c     0x4  Data  Lc  rom.o [11]
z4                      0x10000380     0x4  Data  Lc  rom.o [11]
zero_bssid              0x10026730     0x8  Data  Gb  rtw_promisc.o [8]
zeroes                  0x0003ec14    0x10  Data  Lc  rom.o [11]


[1] = D:\工作资料\斐联\sdk-ameba1-v3.4b\project\realtek_ameba1_va0_example\EWARM-RELEASE\..\..\..\component\soc\realtek\8195a\misc\bsp\image
[2] = D:\工作资料\斐联\sdk-ameba1-v3.4b\project\realtek_ameba1_va0_example\EWARM-RELEASE\Debug\Obj
[3] = command line
[4] = dl7M_tln.a
[5] = lib_mdns.a
[6] = lib_platform.a
[7] = lib_rtlstd.a
[8] = lib_wlan.a
[9] = lib_wps.a
[10] = m7M_tl.a
[11] = rom.a
[12] = rt7M_tl.a

  280 576 bytes of readonly  code memory
  276 520 bytes of readwrite code memory
   24 706 bytes of readonly  data memory
  176 034 bytes of readwrite data memory

Errors: none
Warnings: none
