###############################################################################
#
# IAR ELF Linker V7.30.1.7746/W32 for ARM                 23/Feb/2016  14:44:51
# Copyright 2007-2014 IAR Systems AB.
#
#    Output file  =  
#        D:\工作资料\斐联\sdk-ameba1-v3.4b\project\realtek_ameba1_va0_example\EWARM-RELEASE\Debug\Exe\application.axf
#    Map file     =  
#        D:\工作资料\斐联\sdk-ameba1-v3.4b\project\realtek_ameba1_va0_example\EWARM-RELEASE\Debug\List\application.map
#    Command line =  
#        D:\工作资料\斐联\sdk-ameba1-v3.4b\project\realtek_ameba1_va0_example\EWARM-RELEASE\Debug\Obj\ac_api.o
#        D:\工作资料\斐联\sdk-ameba1-v3.4b\project\realtek_ameba1_va0_example\EWARM-RELEASE\Debug\Obj\ac_hal.o
#        D:\工作资料\斐联\sdk-ameba1-v3.4b\project\realtek_ameba1_va0_example\EWARM-RELEASE\Debug\Obj\aes.o
#        D:\工作资料\斐联\sdk-ameba1-v3.4b\project\realtek_ameba1_va0_example\EWARM-RELEASE\Debug\Obj\aes_cbc.o
#        D:\工作资料\斐联\sdk-ameba1-v3.4b\project\realtek_ameba1_va0_example\EWARM-RELEASE\Debug\Obj\aes_core.o
#        D:\工作资料\斐联\sdk-ameba1-v3.4b\project\realtek_ameba1_va0_example\EWARM-RELEASE\Debug\Obj\aesni.o
#        D:\工作资料\斐联\sdk-ameba1-v3.4b\project\realtek_ameba1_va0_example\EWARM-RELEASE\Debug\Obj\analogin_api.o
#        D:\工作资料\斐联\sdk-ameba1-v3.4b\project\realtek_ameba1_va0_example\EWARM-RELEASE\Debug\Obj\api_lib.o
#        D:\工作资料\斐联\sdk-ameba1-v3.4b\project\realtek_ameba1_va0_example\EWARM-RELEASE\Debug\Obj\api_msg.o
#        D:\工作资料\斐联\sdk-ameba1-v3.4b\project\realtek_ameba1_va0_example\EWARM-RELEASE\Debug\Obj\arc4.o
#        D:\工作资料\斐联\sdk-ameba1-v3.4b\project\realtek_ameba1_va0_example\EWARM-RELEASE\Debug\Obj\asn1parse.o
#        D:\工作资料\斐联\sdk-ameba1-v3.4b\project\realtek_ameba1_va0_example\EWARM-RELEASE\Debug\Obj\asn1write.o
#        D:\工作资料\斐联\sdk-ameba1-v3.4b\project\realtek_ameba1_va0_example\EWARM-RELEASE\Debug\Obj\atcmd_google.o
#        D:\工作资料\斐联\sdk-ameba1-v3.4b\project\realtek_ameba1_va0_example\EWARM-RELEASE\Debug\Obj\atcmd_sys.o
#        D:\工作资料\斐联\sdk-ameba1-v3.4b\project\realtek_ameba1_va0_example\EWARM-RELEASE\Debug\Obj\atcmd_wifi.o
#        D:\工作资料\斐联\sdk-ameba1-v3.4b\project\realtek_ameba1_va0_example\EWARM-RELEASE\Debug\Obj\autoip.o
#        D:\工作资料\斐联\sdk-ameba1-v3.4b\project\realtek_ameba1_va0_example\EWARM-RELEASE\Debug\Obj\base64.o
#        D:\工作资料\斐联\sdk-ameba1-v3.4b\project\realtek_ameba1_va0_example\EWARM-RELEASE\Debug\Obj\bignum.o
#        D:\工作资料\斐联\sdk-ameba1-v3.4b\project\realtek_ameba1_va0_example\EWARM-RELEASE\Debug\Obj\blowfish.o
#        D:\工作资料\斐联\sdk-ameba1-v3.4b\project\realtek_ameba1_va0_example\EWARM-RELEASE\Debug\Obj\camellia.o
#        D:\工作资料\斐联\sdk-ameba1-v3.4b\project\realtek_ameba1_va0_example\EWARM-RELEASE\Debug\Obj\ccm.o
#        D:\工作资料\斐联\sdk-ameba1-v3.4b\project\realtek_ameba1_va0_example\EWARM-RELEASE\Debug\Obj\certs.o
#        D:\工作资料\斐联\sdk-ameba1-v3.4b\project\realtek_ameba1_va0_example\EWARM-RELEASE\Debug\Obj\cipher.o
#        D:\工作资料\斐联\sdk-ameba1-v3.4b\project\realtek_ameba1_va0_example\EWARM-RELEASE\Debug\Obj\cipher_wrap.o
#        D:\工作资料\斐联\sdk-ameba1-v3.4b\project\realtek_ameba1_va0_example\EWARM-RELEASE\Debug\Obj\cJSON.o
#        D:\工作资料\斐联\sdk-ameba1-v3.4b\project\realtek_ameba1_va0_example\EWARM-RELEASE\Debug\Obj\cmsis_os.o
#        D:\工作资料\斐联\sdk-ameba1-v3.4b\project\realtek_ameba1_va0_example\EWARM-RELEASE\Debug\Obj\crc.o
#        D:\工作资料\斐联\sdk-ameba1-v3.4b\project\realtek_ameba1_va0_example\EWARM-RELEASE\Debug\Obj\croutine.o
#        D:\工作资料\斐联\sdk-ameba1-v3.4b\project\realtek_ameba1_va0_example\EWARM-RELEASE\Debug\Obj\ctr_drbg.o
#        D:\工作资料\斐联\sdk-ameba1-v3.4b\project\realtek_ameba1_va0_example\EWARM-RELEASE\Debug\Obj\debug.o
#        D:\工作资料\斐联\sdk-ameba1-v3.4b\project\realtek_ameba1_va0_example\EWARM-RELEASE\Debug\Obj\def.o
#        D:\工作资料\斐联\sdk-ameba1-v3.4b\project\realtek_ameba1_va0_example\EWARM-RELEASE\Debug\Obj\des.o
#        D:\工作资料\斐联\sdk-ameba1-v3.4b\project\realtek_ameba1_va0_example\EWARM-RELEASE\Debug\Obj\dhcp.o
#        D:\工作资料\斐联\sdk-ameba1-v3.4b\project\realtek_ameba1_va0_example\EWARM-RELEASE\Debug\Obj\dhcps.o
#        D:\工作资料\斐联\sdk-ameba1-v3.4b\project\realtek_ameba1_va0_example\EWARM-RELEASE\Debug\Obj\dhm.o
#        D:\工作资料\斐联\sdk-ameba1-v3.4b\project\realtek_ameba1_va0_example\EWARM-RELEASE\Debug\Obj\dma_api.o
#        D:\工作资料\斐联\sdk-ameba1-v3.4b\project\realtek_ameba1_va0_example\EWARM-RELEASE\Debug\Obj\dns.o
#        D:\工作资料\斐联\sdk-ameba1-v3.4b\project\realtek_ameba1_va0_example\EWARM-RELEASE\Debug\Obj\ecdh.o
#        D:\工作资料\斐联\sdk-ameba1-v3.4b\project\realtek_ameba1_va0_example\EWARM-RELEASE\Debug\Obj\ecdsa.o
#        D:\工作资料\斐联\sdk-ameba1-v3.4b\project\realtek_ameba1_va0_example\EWARM-RELEASE\Debug\Obj\ecp.o
#        D:\工作资料\斐联\sdk-ameba1-v3.4b\project\realtek_ameba1_va0_example\EWARM-RELEASE\Debug\Obj\ecp_curves.o
#        D:\工作资料\斐联\sdk-ameba1-v3.4b\project\realtek_ameba1_va0_example\EWARM-RELEASE\Debug\Obj\efuse1_api.o
#        D:\工作资料\斐联\sdk-ameba1-v3.4b\project\realtek_ameba1_va0_example\EWARM-RELEASE\Debug\Obj\efuse2_api.o
#        D:\工作资料\斐联\sdk-ameba1-v3.4b\project\realtek_ameba1_va0_example\EWARM-RELEASE\Debug\Obj\efuse3_api.o
#        D:\工作资料\斐联\sdk-ameba1-v3.4b\project\realtek_ameba1_va0_example\EWARM-RELEASE\Debug\Obj\entropy.o
#        D:\工作资料\斐联\sdk-ameba1-v3.4b\project\realtek_ameba1_va0_example\EWARM-RELEASE\Debug\Obj\entropy_poll.o
#        D:\工作资料\斐联\sdk-ameba1-v3.4b\project\realtek_ameba1_va0_example\EWARM-RELEASE\Debug\Obj\err.o
#        D:\工作资料\斐联\sdk-ameba1-v3.4b\project\realtek_ameba1_va0_example\EWARM-RELEASE\Debug\Obj\error.o
#        D:\工作资料\斐联\sdk-ameba1-v3.4b\project\realtek_ameba1_va0_example\EWARM-RELEASE\Debug\Obj\etharp.o
#        D:\工作资料\斐联\sdk-ameba1-v3.4b\project\realtek_ameba1_va0_example\EWARM-RELEASE\Debug\Obj\ethernetif.o
#        D:\工作资料\斐联\sdk-ameba1-v3.4b\project\realtek_ameba1_va0_example\EWARM-RELEASE\Debug\Obj\event_groups.o
#        D:\工作资料\斐联\sdk-ameba1-v3.4b\project\realtek_ameba1_va0_example\EWARM-RELEASE\Debug\Obj\example_entry.o
#        D:\工作资料\斐联\sdk-ameba1-v3.4b\project\realtek_ameba1_va0_example\EWARM-RELEASE\Debug\Obj\example_google.o
#        D:\工作资料\斐联\sdk-ameba1-v3.4b\project\realtek_ameba1_va0_example\EWARM-RELEASE\Debug\Obj\example_mcast.o
#        D:\工作资料\斐联\sdk-ameba1-v3.4b\project\realtek_ameba1_va0_example\EWARM-RELEASE\Debug\Obj\example_mdns.o
#        D:\工作资料\斐联\sdk-ameba1-v3.4b\project\realtek_ameba1_va0_example\EWARM-RELEASE\Debug\Obj\example_socket_select.o
#        D:\工作资料\斐联\sdk-ameba1-v3.4b\project\realtek_ameba1_va0_example\EWARM-RELEASE\Debug\Obj\example_ssl_download.o
#        D:\工作资料\斐联\sdk-ameba1-v3.4b\project\realtek_ameba1_va0_example\EWARM-RELEASE\Debug\Obj\example_wlan_fast_connect.o
#        D:\工作资料\斐联\sdk-ameba1-v3.4b\project\realtek_ameba1_va0_example\EWARM-RELEASE\Debug\Obj\example_xml.o
#        D:\工作资料\斐联\sdk-ameba1-v3.4b\project\realtek_ameba1_va0_example\EWARM-RELEASE\Debug\Obj\flash_api.o
#        D:\工作资料\斐联\sdk-ameba1-v3.4b\project\realtek_ameba1_va0_example\EWARM-RELEASE\Debug\Obj\freertos_pmu.o
#        D:\工作资料\斐联\sdk-ameba1-v3.4b\project\realtek_ameba1_va0_example\EWARM-RELEASE\Debug\Obj\freertos_service.o
#        D:\工作资料\斐联\sdk-ameba1-v3.4b\project\realtek_ameba1_va0_example\EWARM-RELEASE\Debug\Obj\gcm.o
#        D:\工作资料\斐联\sdk-ameba1-v3.4b\project\realtek_ameba1_va0_example\EWARM-RELEASE\Debug\Obj\gpio_api.o
#        D:\工作资料\斐联\sdk-ameba1-v3.4b\project\realtek_ameba1_va0_example\EWARM-RELEASE\Debug\Obj\gpio_irq_api.o
#        D:\工作资料\斐联\sdk-ameba1-v3.4b\project\realtek_ameba1_va0_example\EWARM-RELEASE\Debug\Obj\hal_32k.o
#        D:\工作资料\斐联\sdk-ameba1-v3.4b\project\realtek_ameba1_va0_example\EWARM-RELEASE\Debug\Obj\hal_adc.o
#        D:\工作资料\斐联\sdk-ameba1-v3.4b\project\realtek_ameba1_va0_example\EWARM-RELEASE\Debug\Obj\hal_gdma.o
#        D:\工作资料\斐联\sdk-ameba1-v3.4b\project\realtek_ameba1_va0_example\EWARM-RELEASE\Debug\Obj\hal_gpio.o
#        D:\工作资料\斐联\sdk-ameba1-v3.4b\project\realtek_ameba1_va0_example\EWARM-RELEASE\Debug\Obj\hal_i2c.o
#        D:\工作资料\斐联\sdk-ameba1-v3.4b\project\realtek_ameba1_va0_example\EWARM-RELEASE\Debug\Obj\hal_i2s.o
#        D:\工作资料\斐联\sdk-ameba1-v3.4b\project\realtek_ameba1_va0_example\EWARM-RELEASE\Debug\Obj\hal_mii.o
#        D:\工作资料\斐联\sdk-ameba1-v3.4b\project\realtek_ameba1_va0_example\EWARM-RELEASE\Debug\Obj\hal_nfc.o
#        D:\工作资料\斐联\sdk-ameba1-v3.4b\project\realtek_ameba1_va0_example\EWARM-RELEASE\Debug\Obj\hal_pcm.o
#        D:\工作资料\斐联\sdk-ameba1-v3.4b\project\realtek_ameba1_va0_example\EWARM-RELEASE\Debug\Obj\hal_pwm.o
#        D:\工作资料\斐联\sdk-ameba1-v3.4b\project\realtek_ameba1_va0_example\EWARM-RELEASE\Debug\Obj\hal_sdr_controller.o
#        D:\工作资料\斐联\sdk-ameba1-v3.4b\project\realtek_ameba1_va0_example\EWARM-RELEASE\Debug\Obj\hal_soc_ps_monitor.o
#        D:\工作资料\斐联\sdk-ameba1-v3.4b\project\realtek_ameba1_va0_example\EWARM-RELEASE\Debug\Obj\hal_ssi.o
#        D:\工作资料\斐联\sdk-ameba1-v3.4b\project\realtek_ameba1_va0_example\EWARM-RELEASE\Debug\Obj\hal_timer.o
#        D:\工作资料\斐联\sdk-ameba1-v3.4b\project\realtek_ameba1_va0_example\EWARM-RELEASE\Debug\Obj\hal_uart.o
#        D:\工作资料\斐联\sdk-ameba1-v3.4b\project\realtek_ameba1_va0_example\EWARM-RELEASE\Debug\Obj\havege.o
#        D:\工作资料\斐联\sdk-ameba1-v3.4b\project\realtek_ameba1_va0_example\EWARM-RELEASE\Debug\Obj\heap_5.o
#        D:\工作资料\斐联\sdk-ameba1-v3.4b\project\realtek_ameba1_va0_example\EWARM-RELEASE\Debug\Obj\hmac_drbg.o
#        D:\工作资料\斐联\sdk-ameba1-v3.4b\project\realtek_ameba1_va0_example\EWARM-RELEASE\Debug\Obj\i2c_api.o
#        D:\工作资料\斐联\sdk-ameba1-v3.4b\project\realtek_ameba1_va0_example\EWARM-RELEASE\Debug\Obj\i2s_api.o
#        D:\工作资料\斐联\sdk-ameba1-v3.4b\project\realtek_ameba1_va0_example\EWARM-RELEASE\Debug\Obj\icmp.o
#        D:\工作资料\斐联\sdk-ameba1-v3.4b\project\realtek_ameba1_va0_example\EWARM-RELEASE\Debug\Obj\igmp.o
#        D:\工作资料\斐联\sdk-ameba1-v3.4b\project\realtek_ameba1_va0_example\EWARM-RELEASE\Debug\Obj\inet.o
#        D:\工作资料\斐联\sdk-ameba1-v3.4b\project\realtek_ameba1_va0_example\EWARM-RELEASE\Debug\Obj\inet_chksum.o
#        D:\工作资料\斐联\sdk-ameba1-v3.4b\project\realtek_ameba1_va0_example\EWARM-RELEASE\Debug\Obj\init.o
#        D:\工作资料\斐联\sdk-ameba1-v3.4b\project\realtek_ameba1_va0_example\EWARM-RELEASE\Debug\Obj\ip.o
#        D:\工作资料\斐联\sdk-ameba1-v3.4b\project\realtek_ameba1_va0_example\EWARM-RELEASE\Debug\Obj\ip_addr.o
#        D:\工作资料\斐联\sdk-ameba1-v3.4b\project\realtek_ameba1_va0_example\EWARM-RELEASE\Debug\Obj\ip_frag.o
#        D:\工作资料\斐联\sdk-ameba1-v3.4b\component\soc\realtek\8195a\misc\bsp\lib\common\IAR\lib_mdns.a
#        D:\工作资料\斐联\sdk-ameba1-v3.4b\component\soc\realtek\8195a\misc\bsp\lib\common\IAR\lib_platform.a
#        D:\工作资料\斐联\sdk-ameba1-v3.4b\component\soc\realtek\8195a\misc\bsp\lib\common\IAR\lib_rtlstd.a
#        D:\工作资料\斐联\sdk-ameba1-v3.4b\component\soc\realtek\8195a\misc\bsp\lib\common\IAR\lib_wlan.a
#        D:\工作资料\斐联\sdk-ameba1-v3.4b\component\soc\realtek\8195a\misc\bsp\lib\common\IAR\lib_wps.a
#        D:\工作资料\斐联\sdk-ameba1-v3.4b\project\realtek_ameba1_va0_example\EWARM-RELEASE\Debug\Obj\list.o
#        D:\工作资料\斐联\sdk-ameba1-v3.4b\project\realtek_ameba1_va0_example\EWARM-RELEASE\Debug\Obj\log_service.o
#        D:\工作资料\斐联\sdk-ameba1-v3.4b\project\realtek_ameba1_va0_example\EWARM-RELEASE\Debug\Obj\low_level_io.o
#        D:\工作资料\斐联\sdk-ameba1-v3.4b\project\realtek_ameba1_va0_example\EWARM-RELEASE\Debug\Obj\lwip_intf.o
#        D:\工作资料\斐联\sdk-ameba1-v3.4b\project\realtek_ameba1_va0_example\EWARM-RELEASE\Debug\Obj\lwip_netconf.o
#        D:\工作资料\斐联\sdk-ameba1-v3.4b\project\realtek_ameba1_va0_example\EWARM-RELEASE\Debug\Obj\lwip_timers.o
#        D:\工作资料\斐联\sdk-ameba1-v3.4b\project\realtek_ameba1_va0_example\EWARM-RELEASE\Debug\Obj\mailbox.o
#        D:\工作资料\斐联\sdk-ameba1-v3.4b\project\realtek_ameba1_va0_example\EWARM-RELEASE\Debug\Obj\main.o
#        D:\工作资料\斐联\sdk-ameba1-v3.4b\project\realtek_ameba1_va0_example\EWARM-RELEASE\Debug\Obj\md.o
#        D:\工作资料\斐联\sdk-ameba1-v3.4b\project\realtek_ameba1_va0_example\EWARM-RELEASE\Debug\Obj\md2.o
#        D:\工作资料\斐联\sdk-ameba1-v3.4b\project\realtek_ameba1_va0_example\EWARM-RELEASE\Debug\Obj\md4.o
#        D:\工作资料\斐联\sdk-ameba1-v3.4b\project\realtek_ameba1_va0_example\EWARM-RELEASE\Debug\Obj\md5.o
#        D:\工作资料\斐联\sdk-ameba1-v3.4b\project\realtek_ameba1_va0_example\EWARM-RELEASE\Debug\Obj\md_wrap.o
#        D:\工作资料\斐联\sdk-ameba1-v3.4b\project\realtek_ameba1_va0_example\EWARM-RELEASE\Debug\Obj\mDNSPlatform.o
#        D:\工作资料\斐联\sdk-ameba1-v3.4b\project\realtek_ameba1_va0_example\EWARM-RELEASE\Debug\Obj\mem.o
#        D:\工作资料\斐联\sdk-ameba1-v3.4b\project\realtek_ameba1_va0_example\EWARM-RELEASE\Debug\Obj\memory_buffer_alloc.o
#        D:\工作资料\斐联\sdk-ameba1-v3.4b\project\realtek_ameba1_va0_example\EWARM-RELEASE\Debug\Obj\memp.o
#        D:\工作资料\斐联\sdk-ameba1-v3.4b\project\realtek_ameba1_va0_example\EWARM-RELEASE\Debug\Obj\net.o
#        D:\工作资料\斐联\sdk-ameba1-v3.4b\project\realtek_ameba1_va0_example\EWARM-RELEASE\Debug\Obj\netbuf.o
#        D:\工作资料\斐联\sdk-ameba1-v3.4b\project\realtek_ameba1_va0_example\EWARM-RELEASE\Debug\Obj\netdb.o
#        D:\工作资料\斐联\sdk-ameba1-v3.4b\project\realtek_ameba1_va0_example\EWARM-RELEASE\Debug\Obj\netif.o
#        D:\工作资料\斐联\sdk-ameba1-v3.4b\project\realtek_ameba1_va0_example\EWARM-RELEASE\Debug\Obj\netifapi.o
#        D:\工作资料\斐联\sdk-ameba1-v3.4b\project\realtek_ameba1_va0_example\EWARM-RELEASE\Debug\Obj\nfc_api.o
#        D:\工作资料\斐联\sdk-ameba1-v3.4b\project\realtek_ameba1_va0_example\EWARM-RELEASE\Debug\Obj\oid.o
#        D:\工作资料\斐联\sdk-ameba1-v3.4b\project\realtek_ameba1_va0_example\EWARM-RELEASE\Debug\Obj\osdep_api.o
#        D:\工作资料\斐联\sdk-ameba1-v3.4b\project\realtek_ameba1_va0_example\EWARM-RELEASE\Debug\Obj\osdep_service.o
#        D:\工作资料\斐联\sdk-ameba1-v3.4b\project\realtek_ameba1_va0_example\EWARM-RELEASE\Debug\Obj\padlock.o
#        D:\工作资料\斐联\sdk-ameba1-v3.4b\project\realtek_ameba1_va0_example\EWARM-RELEASE\Debug\Obj\pbkdf2.o
#        D:\工作资料\斐联\sdk-ameba1-v3.4b\project\realtek_ameba1_va0_example\EWARM-RELEASE\Debug\Obj\pbuf.o
#        D:\工作资料\斐联\sdk-ameba1-v3.4b\project\realtek_ameba1_va0_example\EWARM-RELEASE\Debug\Obj\pem.o
#        D:\工作资料\斐联\sdk-ameba1-v3.4b\project\realtek_ameba1_va0_example\EWARM-RELEASE\Debug\Obj\ping_test.o
#        D:\工作资料\斐联\sdk-ameba1-v3.4b\project\realtek_ameba1_va0_example\EWARM-RELEASE\Debug\Obj\pinmap.o
#        D:\工作资料\斐联\sdk-ameba1-v3.4b\project\realtek_ameba1_va0_example\EWARM-RELEASE\Debug\Obj\pinmap_common.o
#        D:\工作资料\斐联\sdk-ameba1-v3.4b\project\realtek_ameba1_va0_example\EWARM-RELEASE\Debug\Obj\pk.o
#        D:\工作资料\斐联\sdk-ameba1-v3.4b\project\realtek_ameba1_va0_example\EWARM-RELEASE\Debug\Obj\pk_wrap.o
#        D:\工作资料\斐联\sdk-ameba1-v3.4b\project\realtek_ameba1_va0_example\EWARM-RELEASE\Debug\Obj\pkcs11.o
#        D:\工作资料\斐联\sdk-ameba1-v3.4b\project\realtek_ameba1_va0_example\EWARM-RELEASE\Debug\Obj\pkcs12.o
#        D:\工作资料\斐联\sdk-ameba1-v3.4b\project\realtek_ameba1_va0_example\EWARM-RELEASE\Debug\Obj\pkcs5.o
#        D:\工作资料\斐联\sdk-ameba1-v3.4b\project\realtek_ameba1_va0_example\EWARM-RELEASE\Debug\Obj\pkparse.o
#        D:\工作资料\斐联\sdk-ameba1-v3.4b\project\realtek_ameba1_va0_example\EWARM-RELEASE\Debug\Obj\pkwrite.o
#        D:\工作资料\斐联\sdk-ameba1-v3.4b\project\realtek_ameba1_va0_example\EWARM-RELEASE\Debug\Obj\platform.o
#        D:\工作资料\斐联\sdk-ameba1-v3.4b\project\realtek_ameba1_va0_example\EWARM-RELEASE\Debug\Obj\port.o
#        D:\工作资料\斐联\sdk-ameba1-v3.4b\project\realtek_ameba1_va0_example\EWARM-RELEASE\Debug\Obj\port_api.o
#        D:\工作资料\斐联\sdk-ameba1-v3.4b\project\realtek_ameba1_va0_example\EWARM-RELEASE\Debug\Obj\portasm.o
#        D:\工作资料\斐联\sdk-ameba1-v3.4b\project\realtek_ameba1_va0_example\EWARM-RELEASE\Debug\Obj\pwmout_api.o
#        D:\工作资料\斐联\sdk-ameba1-v3.4b\project\realtek_ameba1_va0_example\EWARM-RELEASE\Debug\Obj\queue.o
#        D:\工作资料\斐联\sdk-ameba1-v3.4b\project\realtek_ameba1_va0_example\EWARM-RELEASE\Debug\Obj\raw.o
#        D:\工作资料\斐联\sdk-ameba1-v3.4b\project\realtek_ameba1_va0_example\EWARM-RELEASE\Debug\Obj\ripemd160.o
#        D:\工作资料\斐联\sdk-ameba1-v3.4b\component\soc\realtek\8195a\misc\bsp\lib\va0\rom.a
#        D:\工作资料\斐联\sdk-ameba1-v3.4b\project\realtek_ameba1_va0_example\EWARM-RELEASE\Debug\Obj\rom_ssl_ram_map.o
#        D:\工作资料\斐联\sdk-ameba1-v3.4b\project\realtek_ameba1_va0_example\EWARM-RELEASE\Debug\Obj\rsa.o
#        D:\工作资料\斐联\sdk-ameba1-v3.4b\project\realtek_ameba1_va0_example\EWARM-RELEASE\Debug\Obj\rtc_api.o
#        D:\工作资料\斐联\sdk-ameba1-v3.4b\project\realtek_ameba1_va0_example\EWARM-RELEASE\Debug\Obj\rtl8195a_adc.o
#        D:\工作资料\斐联\sdk-ameba1-v3.4b\project\realtek_ameba1_va0_example\EWARM-RELEASE\Debug\Obj\rtl8195a_gdma.o
#        D:\工作资料\斐联\sdk-ameba1-v3.4b\project\realtek_ameba1_va0_example\EWARM-RELEASE\Debug\Obj\rtl8195a_gpio.o
#        D:\工作资料\斐联\sdk-ameba1-v3.4b\project\realtek_ameba1_va0_example\EWARM-RELEASE\Debug\Obj\rtl8195a_i2c.o
#        D:\工作资料\斐联\sdk-ameba1-v3.4b\project\realtek_ameba1_va0_example\EWARM-RELEASE\Debug\Obj\rtl8195a_i2s.o
#        D:\工作资料\斐联\sdk-ameba1-v3.4b\project\realtek_ameba1_va0_example\EWARM-RELEASE\Debug\Obj\rtl8195a_it.o
#        D:\工作资料\斐联\sdk-ameba1-v3.4b\project\realtek_ameba1_va0_example\EWARM-RELEASE\Debug\Obj\rtl8195a_nfc.o
#        D:\工作资料\斐联\sdk-ameba1-v3.4b\project\realtek_ameba1_va0_example\EWARM-RELEASE\Debug\Obj\rtl8195a_pwm.o
#        D:\工作资料\斐联\sdk-ameba1-v3.4b\project\realtek_ameba1_va0_example\EWARM-RELEASE\Debug\Obj\rtl8195a_ssi.o
#        D:\工作资料\斐联\sdk-ameba1-v3.4b\project\realtek_ameba1_va0_example\EWARM-RELEASE\Debug\Obj\rtl8195a_timer.o
#        D:\工作资料\斐联\sdk-ameba1-v3.4b\project\realtek_ameba1_va0_example\EWARM-RELEASE\Debug\Obj\rtl8195a_uart.o
#        D:\工作资料\斐联\sdk-ameba1-v3.4b\project\realtek_ameba1_va0_example\EWARM-RELEASE\Debug\Obj\rtl_consol.o
#        D:\工作资料\斐联\sdk-ameba1-v3.4b\project\realtek_ameba1_va0_example\EWARM-RELEASE\Debug\Obj\serial_api.o
#        D:\工作资料\斐联\sdk-ameba1-v3.4b\project\realtek_ameba1_va0_example\EWARM-RELEASE\Debug\Obj\sha1.o
#        D:\工作资料\斐联\sdk-ameba1-v3.4b\project\realtek_ameba1_va0_example\EWARM-RELEASE\Debug\Obj\sha256.o
#        D:\工作资料\斐联\sdk-ameba1-v3.4b\project\realtek_ameba1_va0_example\EWARM-RELEASE\Debug\Obj\sha512.o
#        D:\工作资料\斐联\sdk-ameba1-v3.4b\project\realtek_ameba1_va0_example\EWARM-RELEASE\Debug\Obj\sleep.o
#        D:\工作资料\斐联\sdk-ameba1-v3.4b\project\realtek_ameba1_va0_example\EWARM-RELEASE\Debug\Obj\sockets.o
#        D:\工作资料\斐联\sdk-ameba1-v3.4b\project\realtek_ameba1_va0_example\EWARM-RELEASE\Debug\Obj\spi_api.o
#        D:\工作资料\斐联\sdk-ameba1-v3.4b\project\realtek_ameba1_va0_example\EWARM-RELEASE\Debug\Obj\ssl_cache.o
#        D:\工作资料\斐联\sdk-ameba1-v3.4b\project\realtek_ameba1_va0_example\EWARM-RELEASE\Debug\Obj\ssl_ciphersuites.o
#        D:\工作资料\斐联\sdk-ameba1-v3.4b\project\realtek_ameba1_va0_example\EWARM-RELEASE\Debug\Obj\ssl_cli.o
#        D:\工作资料\斐联\sdk-ameba1-v3.4b\project\realtek_ameba1_va0_example\EWARM-RELEASE\Debug\Obj\ssl_client.o
#        D:\工作资料\斐联\sdk-ameba1-v3.4b\project\realtek_ameba1_va0_example\EWARM-RELEASE\Debug\Obj\ssl_ram_map.o
#        D:\工作资料\斐联\sdk-ameba1-v3.4b\project\realtek_ameba1_va0_example\EWARM-RELEASE\Debug\Obj\ssl_srv.o
#        D:\工作资料\斐联\sdk-ameba1-v3.4b\project\realtek_ameba1_va0_example\EWARM-RELEASE\Debug\Obj\ssl_tls.o
#        D:\工作资料\斐联\sdk-ameba1-v3.4b\project\realtek_ameba1_va0_example\EWARM-RELEASE\Debug\Obj\stats.o
#        D:\工作资料\斐联\sdk-ameba1-v3.4b\project\realtek_ameba1_va0_example\EWARM-RELEASE\Debug\Obj\sys.o
#        D:\工作资料\斐联\sdk-ameba1-v3.4b\project\realtek_ameba1_va0_example\EWARM-RELEASE\Debug\Obj\sys_api.o
#        D:\工作资料\斐联\sdk-ameba1-v3.4b\project\realtek_ameba1_va0_example\EWARM-RELEASE\Debug\Obj\sys_arch.o
#        D:\工作资料\斐联\sdk-ameba1-v3.4b\project\realtek_ameba1_va0_example\EWARM-RELEASE\Debug\Obj\system_8195a.o
#        D:\工作资料\斐联\sdk-ameba1-v3.4b\project\realtek_ameba1_va0_example\EWARM-RELEASE\Debug\Obj\tasks.o
#        D:\工作资料\斐联\sdk-ameba1-v3.4b\project\realtek_ameba1_va0_example\EWARM-RELEASE\Debug\Obj\tcm_heap.o
#        D:\工作资料\斐联\sdk-ameba1-v3.4b\project\realtek_ameba1_va0_example\EWARM-RELEASE\Debug\Obj\tcp.o
#        D:\工作资料\斐联\sdk-ameba1-v3.4b\project\realtek_ameba1_va0_example\EWARM-RELEASE\Debug\Obj\tcp_in.o
#        D:\工作资料\斐联\sdk-ameba1-v3.4b\project\realtek_ameba1_va0_example\EWARM-RELEASE\Debug\Obj\tcp_out.o
#        D:\工作资料\斐联\sdk-ameba1-v3.4b\project\realtek_ameba1_va0_example\EWARM-RELEASE\Debug\Obj\tcpip.o
#        D:\工作资料\斐联\sdk-ameba1-v3.4b\project\realtek_ameba1_va0_example\EWARM-RELEASE\Debug\Obj\tcptest.o
#        D:\工作资料\斐联\sdk-ameba1-v3.4b\project\realtek_ameba1_va0_example\EWARM-RELEASE\Debug\Obj\threading.o
#        D:\工作资料\斐联\sdk-ameba1-v3.4b\project\realtek_ameba1_va0_example\EWARM-RELEASE\Debug\Obj\timer_api.o
#        D:\工作资料\斐联\sdk-ameba1-v3.4b\project\realtek_ameba1_va0_example\EWARM-RELEASE\Debug\Obj\timers.o
#        D:\工作资料\斐联\sdk-ameba1-v3.4b\project\realtek_ameba1_va0_example\EWARM-RELEASE\Debug\Obj\timing.o
#        D:\工作资料\斐联\sdk-ameba1-v3.4b\project\realtek_ameba1_va0_example\EWARM-RELEASE\Debug\Obj\uart_adapter.o
#        D:\工作资料\斐联\sdk-ameba1-v3.4b\project\realtek_ameba1_va0_example\EWARM-RELEASE\Debug\Obj\uart_socket.o
#        D:\工作资料\斐联\sdk-ameba1-v3.4b\project\realtek_ameba1_va0_example\EWARM-RELEASE\Debug\Obj\udp.o
#        D:\工作资料\斐联\sdk-ameba1-v3.4b\project\realtek_ameba1_va0_example\EWARM-RELEASE\Debug\Obj\update.o
#        D:\工作资料\斐联\sdk-ameba1-v3.4b\project\realtek_ameba1_va0_example\EWARM-RELEASE\Debug\Obj\us_ticker.o
#        D:\工作资料\斐联\sdk-ameba1-v3.4b\project\realtek_ameba1_va0_example\EWARM-RELEASE\Debug\Obj\us_ticker_api.o
#        D:\工作资料\斐联\sdk-ameba1-v3.4b\project\realtek_ameba1_va0_example\EWARM-RELEASE\Debug\Obj\version.o
#        D:\工作资料\斐联\sdk-ameba1-v3.4b\project\realtek_ameba1_va0_example\EWARM-RELEASE\Debug\Obj\version_features.o
#        D:\工作资料\斐联\sdk-ameba1-v3.4b\project\realtek_ameba1_va0_example\EWARM-RELEASE\Debug\Obj\wait_api.o
#        D:\工作资料\斐联\sdk-ameba1-v3.4b\project\realtek_ameba1_va0_example\EWARM-RELEASE\Debug\Obj\wdt_api.o
#        D:\工作资料\斐联\sdk-ameba1-v3.4b\project\realtek_ameba1_va0_example\EWARM-RELEASE\Debug\Obj\webserver.o
#        D:\工作资料\斐联\sdk-ameba1-v3.4b\project\realtek_ameba1_va0_example\EWARM-RELEASE\Debug\Obj\wifi_conf.o
#        D:\工作资料\斐联\sdk-ameba1-v3.4b\project\realtek_ameba1_va0_example\EWARM-RELEASE\Debug\Obj\wifi_ind.o
#        D:\工作资料\斐联\sdk-ameba1-v3.4b\project\realtek_ameba1_va0_example\EWARM-RELEASE\Debug\Obj\wifi_interactive_mode.o
#        D:\工作资料\斐联\sdk-ameba1-v3.4b\project\realtek_ameba1_va0_example\EWARM-RELEASE\Debug\Obj\wifi_promisc.o
#        D:\工作资料\斐联\sdk-ameba1-v3.4b\project\realtek_ameba1_va0_example\EWARM-RELEASE\Debug\Obj\wifi_simple_config.o
#        D:\工作资料\斐联\sdk-ameba1-v3.4b\project\realtek_ameba1_va0_example\EWARM-RELEASE\Debug\Obj\wifi_util.o
#        D:\工作资料\斐联\sdk-ameba1-v3.4b\project\realtek_ameba1_va0_example\EWARM-RELEASE\Debug\Obj\wifi_wps_config.o
#        D:\工作资料\斐联\sdk-ameba1-v3.4b\project\realtek_ameba1_va0_example\EWARM-RELEASE\Debug\Obj\wlan_network.o
#        D:\工作资料\斐联\sdk-ameba1-v3.4b\project\realtek_ameba1_va0_example\EWARM-RELEASE\Debug\Obj\x509.o
#        D:\工作资料\斐联\sdk-ameba1-v3.4b\project\realtek_ameba1_va0_example\EWARM-RELEASE\Debug\Obj\x509_create.o
#        D:\工作资料\斐联\sdk-ameba1-v3.4b\project\realtek_ameba1_va0_example\EWARM-RELEASE\Debug\Obj\x509_crl.o
#        D:\工作资料\斐联\sdk-ameba1-v3.4b\project\realtek_ameba1_va0_example\EWARM-RELEASE\Debug\Obj\x509_crt.o
#        D:\工作资料\斐联\sdk-ameba1-v3.4b\project\realtek_ameba1_va0_example\EWARM-RELEASE\Debug\Obj\x509_csr.o
#        D:\工作资料\斐联\sdk-ameba1-v3.4b\project\realtek_ameba1_va0_example\EWARM-RELEASE\Debug\Obj\x509write_crt.o
#        D:\工作资料\斐联\sdk-ameba1-v3.4b\project\realtek_ameba1_va0_example\EWARM-RELEASE\Debug\Obj\x509write_csr.o
#        D:\工作资料\斐联\sdk-ameba1-v3.4b\project\realtek_ameba1_va0_example\EWARM-RELEASE\Debug\Obj\xml.o
#        D:\工作资料\斐联\sdk-ameba1-v3.4b\project\realtek_ameba1_va0_example\EWARM-RELEASE\Debug\Obj\xtea.o
#        D:\工作资料\斐联\sdk-ameba1-v3.4b\project\realtek_ameba1_va0_example\EWARM-RELEASE\Debug\Obj\zc_bc.o
#        D:\工作资料\斐联\sdk-ameba1-v3.4b\project\realtek_ameba1_va0_example\EWARM-RELEASE\Debug\Obj\zc_client_manager.o
#        D:\工作资料\斐联\sdk-ameba1-v3.4b\project\realtek_ameba1_va0_example\EWARM-RELEASE\Debug\Obj\zc_cloud_event.o
#        D:\工作资料\斐联\sdk-ameba1-v3.4b\project\realtek_ameba1_va0_example\EWARM-RELEASE\Debug\Obj\zc_common.o
#        D:\工作资料\斐联\sdk-ameba1-v3.4b\project\realtek_ameba1_va0_example\EWARM-RELEASE\Debug\Obj\zc_configuration.o
#        D:\工作资料\斐联\sdk-ameba1-v3.4b\project\realtek_ameba1_va0_example\EWARM-RELEASE\Debug\Obj\zc_hf_adpter.o
#        D:\工作资料\斐联\sdk-ameba1-v3.4b\project\realtek_ameba1_va0_example\EWARM-RELEASE\Debug\Obj\zc_message_queue.o
#        D:\工作资料\斐联\sdk-ameba1-v3.4b\project\realtek_ameba1_va0_example\EWARM-RELEASE\Debug\Obj\zc_moudle_manager.o
#        D:\工作资料\斐联\sdk-ameba1-v3.4b\project\realtek_ameba1_va0_example\EWARM-RELEASE\Debug\Obj\zc_protocol_controller.o
#        D:\工作资料\斐联\sdk-ameba1-v3.4b\project\realtek_ameba1_va0_example\EWARM-RELEASE\Debug\Obj\zc_sec_engine.o
#        D:\工作资料\斐联\sdk-ameba1-v3.4b\project\realtek_ameba1_va0_example\EWARM-RELEASE\Debug\Obj\zc_timer.o
#        -o
#        D:\工作资料\斐联\sdk-ameba1-v3.4b\project\realtek_ameba1_va0_example\EWARM-RELEASE\Debug\Exe\application.axf
#        --redirect _Printf=_PrintfTiny --redirect _Scanf=_ScanfSmallNoMb
#        --keep bootloader --keep gImage2EntryFun0 --keep RAM_IMG2_VALID_PATTEN
#        --image_input=D:\工作资料\斐联\sdk-ameba1-v3.4b\project\realtek_ameba1_va0_example\EWARM-RELEASE\..\..\..\component\soc\realtek\8195a\misc\bsp\image\ram_1.r.bin,bootloader,LOADER,4
#        --map
#        D:\工作资料\斐联\sdk-ameba1-v3.4b\project\realtek_ameba1_va0_example\EWARM-RELEASE\Debug\List\application.map
#        --log veneers --log_file
#        D:\工作资料\斐联\sdk-ameba1-v3.4b\project\realtek_ameba1_va0_example\EWARM-RELEASE\Debug\List\application.log
#        --config
#        D:\工作资料\斐联\sdk-ameba1-v3.4b\project\realtek_ameba1_va0_example\EWARM-RELEASE\image2.icf
#        --diag_suppress Lt009,Lp005,Lp006 --entry Reset_Handler
#        --no_exceptions --no_vfe
#
###############################################################################

*******************************************************************************
*** RUNTIME MODEL ATTRIBUTES
***

CppFlavor       = *
__Heap_Handler  = DLMalloc
__SystemLibrary = DLib


*******************************************************************************
*** PLACEMENT SUMMARY
***

"A1":  place at start of [0x00000000-0x000fffff] { ro, section .rom };
"A2":  place at start of [0x10000000-0x10005fff] {
          rw, block .vector_table, block .user_vector_table,
          block .user_data_table, block .rom.bss, block IMAGE1 };
"A3":  place at start of [0x10006000-0x1006ffff] {
          rw, block IMAGE2, block .ram.bss };
"A4":  place at end of [0x10006000-0x1006ffff] { rw, block .bf_data };
"A6":  place at start of [0x1fff0000-0x1fffffff] { rw, overlay TCM_overlay };

  Section                 Kind        Address     Size  Object
  -------                 ----        -------     ----  ------
"A1":                                          0x43828
  .rom                    ro code  0x00000000  0x43828  rom.o [11]
                                 - 0x00043828  0x43828

"A2":                                           0x4294
  .vector_table                    0x10000000    0x100  <Block>
    .ram_dedecated_vector_table
                          const    0x10000000    0x100  rom.o [11]
  .user_vector_table               0x10000100    0x100  <Block>
    .ram_user_define_irq_table
                          const    0x10000100    0x100  rom.o [11]
  .user_data_table                 0x10000200    0x100  <Block>
    .ram_user_define_data_table
                          const    0x10000200    0x100  rom.o [11]
  .rom.bss                         0x10000300    0x8c8  <Block>
    .hal.ram.bss          const    0x10000300     0x58  rom.o [11]
    .timer2_7_vector_table.data
                          const    0x10000358     0x18  rom.o [11]
    .infra.ram.bss        const    0x10000370     0x14  rom.o [11]
    .mon.ram.bss          zero     0x10000384    0x324  rtl_consol.o [2]
    .mon.ram.bss          zero     0x100006a8      0x4  rtl_consol.o [2]
    .mon.ram.bss          zero     0x100006ac     0x28  rtl_consol.o [2]
    .wlan_ram_map         const    0x100006d4      0x8  rom_wlan_ram_map.o [11]
    .wlan_ram_map         const    0x100006e0     0x80  rom.o [11]
    .libc.ram.bss         const    0x10000760    0x468  rom.o [11]
  IMAGE1                           0x10000bc8   0x36cc  <Block>
    LOADER                const    0x10000bc8   0x36cc  ram_1.r.bin [1]
                                 - 0x10004294   0x4294

"A3":                                          0x55454
  IMAGE2                           0x10006000  0x4a990  <Block>
    .image2.start.table1           0x10006000      0x4  <Block>
      .image2.ram.data    const    0x10006000      0x4  startup.o [6]
    .image2.start.table2           0x10006004     0x34  <Block>
      .image2.validate.rodata
                          const    0x10006004     0x14  startup.o [6]
      .custom.validate.rodata
                          const    0x10006018     0x20  update.o [2]
    .ram_image2.text               0x10006038  0x47988  <Block>
      Veneer              ro code  0x10006038      0x8  - Linker created -
      Veneer              ro code  0x10006040      0x8  - Linker created -
      Veneer              ro code  0x10006048      0x8  - Linker created -
      .infra.ram.start    ro code  0x10006050    0x12c  startup.o [6]
      .rodata             const    0x1000617c   0x1000  aes_core.o [2]
      .rodata             const    0x1000717c     0x60  atcmd_sys.o [2]
      .rodata             const    0x100071dc     0xc0  atcmd_wifi.o [2]
      .rodata             const    0x1000729c    0x124  freertos_service.o [2]
      .rodata             const    0x100073c0      0x8  ip_addr.o [2]
      .rodata             const    0x100073c8     0x10  log_service.o [2]
      .rodata             const    0x100073d8     0xa4  rtw_mlme_ext.o [8]
      .rodata             const    0x1000747c     0x10  lxbus_hci_intf.o [8]
      .rodata             const    0x1000748c   0x116c  rom_rtw_message.o [8]
      .rodata             const    0x100085f8      0x8  rtw_wlan_util.o [8]
      .rodata             const    0x10008600     0xc4  dh_groups.o [9]
      .rodata             const    0x100086c4    0x270  phydm_PowerTracking.o [8]
      .rodata             const    0x10008934     0x80  HalHWImg8195A_RF.o [8]
      .rodata             const    0x100089b4      0x0  zero_init3.o [12]
      CPP_INIT                     0x100089b4      0x0  <Block>
        SHT$$PREINIT_ARRAY
                                   0x100089b4      0x0  <Block>
        SHT$$INIT_ARRAY            0x100089b4      0x0  <Block>
      Veneer              ro code  0x100089b4      0x8  - Linker created -
      Veneer              ro code  0x100089bc      0x8  - Linker created -
      Veneer              ro code  0x100089c4      0x8  - Linker created -
      Veneer              ro code  0x100089cc      0x8  - Linker created -
      Veneer              ro code  0x100089d4      0x8  - Linker created -
      Veneer              ro code  0x100089dc      0x8  - Linker created -
      .mon.ram.text       ro code  0x100089e4    0x1b4  rtl_consol.o [2]
      Veneer              ro code  0x10008b98      0x8  - Linker created -
      Veneer              ro code  0x10008ba0      0x8  - Linker created -
      Veneer              ro code  0x10008ba8      0x8  - Linker created -
      .hal.flash.text     ro code  0x10008bb0    0xe78  hal_spi_flash_ram.o [6]
      Veneer              ro code  0x10009a28      0x8  - Linker created -
      Veneer              ro code  0x10009a30      0x8  - Linker created -
      .hal.gpio.text      ro code  0x10009a38     0x74  hal_gpio.o [2]
      .text               ro code  0x10009aac     0x48  main.o [2]
      .text               ro code  0x10009af4    0x1b0  ac_api.o [2]
      .text               ro code  0x10009ca4     0x76  ABImemcpy_unaligned.o [12]
      .text               ro code  0x10009d1a      0x6  rtl8195a_recv.o [8]
      .text               ro code  0x10009d20     0x46  crc.o [2]
      .text               ro code  0x10009d66     0x1e  xsscin.o [4]
      .text               ro code  0x10009d84    0x29c  zc_moudle_manager.o [2]
      .text               ro code  0x1000a020     0xe0  ac_hal.o [2]
      .text               ro code  0x1000a100    0x1b0  zc_cloud_event.o [2]
      .text               ro code  0x1000a2b0     0x78  ABImemmove_unaligned.o [12]
      .text               ro code  0x1000a328    0x2d0  zc_configuration.o [2]
      .text               ro code  0x1000a5f8    0x1b2  aes_cbc.o [2]
      .text               ro code  0x1000a7aa     0x1a  xsnprout.o [4]
      .text               ro code  0x1000a7c4    0xdd0  zc_protocol_controller.o [2]
      .text               ro code  0x1000b594    0x11c  zc_timer.o [2]
      .text               ro code  0x1000b6b0    0x1d0  zc_common.o [2]
      .text               ro code  0x1000b880     0x3a  ABImemset48.o [12]
      .text               ro code  0x1000b8ba     0x22  zero_init3.o [12]
      .text               ro code  0x1000b8dc   0x2286  aes_core.o [2]
      .text               ro code  0x1000db64    0x258  zc_message_queue.o [2]
      .text               ro code  0x1000ddbc    0x2ca  zc_client_manager.o [2]
      .text               ro code  0x1000e088     0x62  memcmp_unaligned.o [12]
      .text               ro code  0x1000e0ec     0xe0  rand.o [4]
      .text               ro code  0x1000e1cc   0x1014  zc_hf_adpter.o [2]
      .text               ro code  0x1000f1e0    0x478  zc_sec_engine.o [2]
      .text               ro code  0x1000f658      0x2  xtls.o [4]
      .text               ro code  0x1000f65c    0x2e0  flash_api.o [2]
      Veneer              ro code  0x1000f93c      0x8  - Linker created -
      Veneer              ro code  0x1000f944      0x8  - Linker created -
      Veneer              ro code  0x1000f94c      0x8  - Linker created -
      Veneer              ro code  0x1000f954      0x8  - Linker created -
      Veneer              ro code  0x1000f95c      0x8  - Linker created -
      Veneer              ro code  0x1000f964      0x8  - Linker created -
      Veneer              ro code  0x1000f96c      0x8  - Linker created -
      Veneer              ro code  0x1000f974      0x8  - Linker created -
      Veneer              ro code  0x1000f97c      0x8  - Linker created -
      Veneer              ro code  0x1000f984      0x8  - Linker created -
      Veneer              ro code  0x1000f98c      0x8  - Linker created -
      Veneer              ro code  0x1000f994      0x8  - Linker created -
      .text               ro code  0x1000f99c    0x138  ram_libc.o [7]
      Veneer              ro code  0x1000fad4      0x8  - Linker created -
      .text               ro code  0x1000fadc    0xaa0  update.o [2]
      .text               ro code  0x1001057c     0x22  sys.o [2]
      .text               ro code  0x100105a0    0xb50  wifi_simple_config.o [2]
      .text               ro code  0x100110f0    0xc8c  sockets.o [2]
      .text               ro code  0x10011d7c    0x118  zc_bc.o [2]
      .text               ro code  0x10011e94      0x6  ABImemclr4.o [12]
      .text               ro code  0x10011e9c   0x15dc  wifi_conf.o [2]
      .text               ro code  0x10013478     0x24  sscanf.o [4]
      Veneer              ro code  0x1001349c      0x8  - Linker created -
      Veneer              ro code  0x100134a4      0x8  - Linker created -
      Veneer              ro code  0x100134ac      0x8  - Linker created -
      .text               ro code  0x100134b4    0x3b8  sys_api.o [2]
      .text               ro code  0x1001386c     0x26  def.o [2]
      .text               ro code  0x10013894    0x498  api_lib.o [2]
      .text               ro code  0x10013d2c     0x3c  vsnprint.o [4]
      .text               ro code  0x10013d68    0x1da  ip_addr.o [2]
      .text               ro code  0x10013f44    0x1ea  sys_arch.o [2]
      .text               ro code  0x10014130     0xe0  timer_api.o [2]
      .text               ro code  0x10014210    0x860  tasks.o [2]
      .text               ro code  0x10014a70    0x310  rsa.o [2]
      .text               ro code  0x10014d80   0x1586  bignum.o [2]
      Veneer              ro code  0x10016308      0x8  - Linker created -
      .text               ro code  0x10016310    0x104  ram_libgloss_retarget.o [7]
      .text               ro code  0x10016414     0x18  cmsis_os.o [2]
      .text               ro code  0x1001642c    0x1c0  heap_5.o [2]
      .text               ro code  0x100165ec    0x56c  osdep_service.o [2]
      .text               ro code  0x10016b58    0x344  lwip_netconf.o [2]
      .text               ro code  0x10016e9c    0x208  port.o [2]
      Veneer              ro code  0x100170a4      0x8  - Linker created -
      Veneer              ro code  0x100170ac      0x8  - Linker created -
      Veneer              ro code  0x100170b4      0x8  - Linker created -
      Veneer              ro code  0x100170bc      0x8  - Linker created -
      Veneer              ro code  0x100170c4      0x8  - Linker created -
      .text               ro code  0x100170cc    0xc34  wifi_simple_config_parser.o [8]
      Veneer              ro code  0x10017d00      0x8  - Linker created -
      Veneer              ro code  0x10017d08      0x8  - Linker created -
      Veneer              ro code  0x10017d10      0x8  - Linker created -
      Veneer              ro code  0x10017d18      0x8  - Linker created -
      Veneer              ro code  0x10017d20      0x8  - Linker created -
      Veneer              ro code  0x10017d28      0x8  - Linker created -
      .text               ro code  0x10017d30    0x8a0  rtw_promisc.o [8]
      .text               ro code  0x100185d0    0x45e  pbuf.o [2]
      .text               ro code  0x10018a2e     0x74  netbuf.o [2]
      .text               ro code  0x10018aa4    0x1f8  tcpip.o [2]
      .text               ro code  0x10018c9c    0x3b8  igmp.o [2]
      .text               ro code  0x10019054    0xc84  rtk_wlan_if.o [8]
      .text               ro code  0x10019cd8    0xc90  wifi_util.o [2]
      .text               ro code  0x1001a968     0xb4  wifi_ind.o [2]
      .text               ro code  0x1001aa1c    0x65a  dhcps.o [2]
      .text               ro code  0x1001b078    0x480  wifi_promisc.o [2]
      .text               ro code  0x1001b4f8    0x514  xscanfsmall_nomb.o [4]
      .text               ro code  0x1001ba0c     0x68  osdep_api.o [2]
      Veneer              ro code  0x1001ba74      0x8  - Linker created -
      Veneer              ro code  0x1001ba7c      0x8  - Linker created -
      Veneer              ro code  0x1001ba84      0x8  - Linker created -
      Veneer              ro code  0x1001ba8c      0x8  - Linker created -
      .text               ro code  0x1001ba94     0xf8  hal_log_uart.o [6]
      .text               ro code  0x1001bb8c    0xbac  api_msg.o [2]
      .text               ro code  0x1001c738     0xd0  memp.o [2]
      .text               ro code  0x1001c808    0x150  xprintftiny.o [4]
      .text               ro code  0x1001c958    0x4a2  queue.o [2]
      Veneer              ro code  0x1001cdfc      0x8  - Linker created -
      Veneer              ro code  0x1001ce04      0x8  - Linker created -
      Veneer              ro code  0x1001ce0c      0x8  - Linker created -
      .text               ro code  0x1001ce14    0x448  rtl8195a_timer.o [2]
      .text               ro code  0x1001d25c     0x8e  list.o [2]
      .text               ro code  0x1001d2ec    0x2f4  timers.o [2]
      Veneer              ro code  0x1001d5e0      0x8  - Linker created -
      .text               ro code  0x1001d5e8     0xc4  freertos_pmu.o [2]
      .text               ro code  0x1001d6ac      0x6  ABImemclr.o [12]
      .text               ro code  0x1001d6b4    0x14a  tcm_heap.o [2]
      .text               ro code  0x1001d800    0x142  netif.o [2]
      .text               ro code  0x1001d944    0xc16  dhcp.o [2]
      .text               ro code  0x1001e55c    0x2c2  autoip.o [2]
      .text               ro code  0x1001e820     0x66  ABImemset.o [12]
      .text               ro code  0x1001e888    0x710  rtw_pwrctrl.o [8]
      .text               ro code  0x1001ef98    0x3d8  hal_intf.o [8]
      Veneer              ro code  0x1001f370      0x8  - Linker created -
      .text               ro code  0x1001f378   0x11b8  rtw_recv.o [8]
      .text               ro code  0x10020530    0x350  freertos_skbuff.o [8]
      Veneer              ro code  0x10020880      0x8  - Linker created -
      .text               ro code  0x10020888   0x14a4  rtw_mlme.o [8]
      .text               ro code  0x10021d2c    0xb2c  tcp.o [2]
      .text               ro code  0x10022858    0x260  mem.o [2]
      .text               ro code  0x10022ab8    0x234  lwip_timers.o [2]
      .text               ro code  0x10022cec    0x6c8  etharp.o [2]
      .text               ro code  0x100233b4    0x358  ip.o [2]
      .text               ro code  0x1002370c     0x2e  init.o [2]
      .text               ro code  0x1002373a    0x132  inet_chksum.o [2]
      .text               ro code  0x1002386c    0x580  freertos_service.o [2]
      .text               ro code  0x10023dec    0xa80  freertos_intfs.o [8]
      .text               ro code  0x1002486c    0x268  lwip_intf.o [2]
      .text               ro code  0x10024ad4    0x410  udp.o [2]
      .text               ro code  0x10024ee4     0x16  strchr.o [12]
      .text               ro code  0x10024efa     0x86  xstol.o [4]
      .text               ro code  0x10024f80    0x19c  xstoul.o [4]
      .text               ro code  0x1002511c    0x174  raw.o [2]
      .text               ro code  0x10025290    0xa4a  tcp_out.o [2]
      .text               ro code  0x10025cdc    0x4a4  dns.o [2]
      .text               ro code  0x10026180     0x36  strlen.o [12]
      .text               ro code  0x100261b8     0x30  us_ticker.o [2]
      Veneer              ro code  0x100261e8      0x8  - Linker created -
      .text               ro code  0x100261f0    0x1b8  gpio_api.o [2]
      .text               ro code  0x100263a8     0x38  hal_pinmux.o [6]
      .text               ro code  0x100263e0     0x14  sleep.o [2]
      .text               ro code  0x100263f4    0x370  rtw_intfs.o [8]
      Veneer              ro code  0x10026764      0x8  - Linker created -
      .text               ro code  0x1002676c    0xf64  rtw_wlan_util.o [8]
      .text               ro code  0x100276d0     0x54  rtw_io.o [8]
      .text               ro code  0x10027724    0xf50  rtw_cmd.o [8]
      .text               ro code  0x10028674   0x1af8  rtl8195a_pmu_task.o [8]
      .text               ro code  0x1002a16c    0xb0c  hal_com.o [8]
      Veneer              ro code  0x1002ac78      0x8  - Linker created -
      Veneer              ro code  0x1002ac80      0x8  - Linker created -
      Veneer              ro code  0x1002ac88      0x8  - Linker created -
      Veneer              ro code  0x1002ac90      0x8  - Linker created -
      .text               ro code  0x1002ac98   0x159c  rtw_ap.o [8]
      .text               ro code  0x1002c234    0x1f4  freertos_recv.o [8]
      Veneer              ro code  0x1002c428      0x8  - Linker created -
      Veneer              ro code  0x1002c430      0x8  - Linker created -
      Veneer              ro code  0x1002c438      0x8  - Linker created -
      Veneer              ro code  0x1002c440      0x8  - Linker created -
      Veneer              ro code  0x1002c448      0x8  - Linker created -
      Veneer              ro code  0x1002c450      0x8  - Linker created -
      .text               ro code  0x1002c458    0x30c  rtw_security.o [8]
      .text               ro code  0x1002c764    0x5ec  rtw_sta_mgt.o [8]
      Veneer              ro code  0x1002cd50      0x8  - Linker created -
      Veneer              ro code  0x1002cd58      0x8  - Linker created -
      Veneer              ro code  0x1002cd60      0x8  - Linker created -
      .text               ro code  0x1002cd68   0x1644  rtw_xmit.o [8]
      Veneer              ro code  0x1002e3ac      0x8  - Linker created -
      Veneer              ro code  0x1002e3b4      0x8  - Linker created -
      Veneer              ro code  0x1002e3bc      0x8  - Linker created -
      .text               ro code  0x1002e3c4   0x4704  rtw_mlme_ext.o [8]
      .text               ro code  0x10032ac8    0xf1c  lxbus_ops.o [8]
      Veneer              ro code  0x100339e4      0x8  - Linker created -
      .text               ro code  0x100339ec   0x25f0  freertos_ioctl.o [8]
      .text               ro code  0x10035fdc     0xfa  freertos_xmit.o [8]
      .text               ro code  0x100360d8    0x55a  rtw_ioctl_set.o [8]
      .text               ro code  0x10036634    0x4f4  ip_frag.o [2]
      .text               ro code  0x10036b28    0xeac  tcp_in.o [2]
      .text               ro code  0x100379d4    0x188  icmp.o [2]
      .text               ro code  0x10037b5c     0x60  netdev.o [8]
      .text               ro code  0x10037bbc    0xa8c  lxbus_halinit.o [8]
      .text               ro code  0x10038648    0x1f2  rtw_ieee80211.o [8]
      .text               ro code  0x1003883c     0x38  hci_intfs.o [8]
      .text               ro code  0x10038874    0x14c  ethernetif.o [2]
      .text               ro code  0x100389c0      0xc  errno.o [4]
      .text               ro code  0x100389cc     0x58  memchr.o [12]
      .text               ro code  0x10038a24      0x2  pinmap.o [2]
      Veneer              ro code  0x10038a28      0x8  - Linker created -
      .text               ro code  0x10038a30    0x80c  hal_soc_ps_monitor.o [2]
      Veneer              ro code  0x1003923c      0x8  - Linker created -
      Veneer              ro code  0x10039244      0x8  - Linker created -
      Veneer              ro code  0x1003924c      0x8  - Linker created -
      Veneer              ro code  0x10039254      0x8  - Linker created -
      Veneer              ro code  0x1003925c      0x8  - Linker created -
      Veneer              ro code  0x10039264      0x8  - Linker created -
      Veneer              ro code  0x1003926c      0x8  - Linker created -
      .text               ro code  0x10039274   0x19bc  rtw_psk.o [8]
      .text               ro code  0x1003ac30    0x526  rtl8195a_dm.o [8]
      .text               ro code  0x1003b158    0x776  Hal8195ARateAdaptive.o [8]
      .text               ro code  0x1003b8d0   0x18b4  hal_com_phycfg.o [8]
      .text               ro code  0x1003d184    0x8f4  rtl8195a_xmit.o [8]
      .text               ro code  0x1003da78    0x2bc  rtl8195a_rxdesc.o [8]
      Veneer              ro code  0x1003dd34      0x8  - Linker created -
      Veneer              ro code  0x1003dd3c      0x8  - Linker created -
      .text               ro code  0x1003dd44    0x67c  rtw_efuse.o [8]
      Veneer              ro code  0x1003e3c0      0x8  - Linker created -
      .text               ro code  0x1003e3c8   0x24fc  rtl8195a_hal_init.o [8]
      Veneer              ro code  0x100408c4      0x8  - Linker created -
      Veneer              ro code  0x100408cc      0x8  - Linker created -
      Veneer              ro code  0x100408d4      0x8  - Linker created -
      .text               ro code  0x100408dc    0x9c4  rtl8195a_phycfg.o [8]
      .text               ro code  0x100412a0   0x1844  HalPhyRf_8195A.o [8]
      .text               ro code  0x10042ae4     0xdc  HalPwrSeqCmd.o [8]
      .text               ro code  0x10042bc0     0x18  wlan_ram_map.o [8]
      .text               ro code  0x10042bd8    0x3a4  PhyDM_Adaptivity.o [8]
      .text               ro code  0x10042f7c    0x3e0  phydm.o [8]
      .text               ro code  0x1004335c     0x58  phydm_interface.o [8]
      Veneer              ro code  0x100433b4      0x8  - Linker created -
      Veneer              ro code  0x100433bc      0x8  - Linker created -
      .text               ro code  0x100433c4    0x3fc  phydm_HWConfig.o [8]
      .text               ro code  0x100437c0    0x548  rtl8195a_cmd.o [8]
      .text               ro code  0x10043d08    0x398  phydm_RaInfo.o [8]
      Veneer              ro code  0x100440a0      0x8  - Linker created -
      .text               ro code  0x100440a8    0x4b6  phydm_DIG.o [8]
      .text               ro code  0x10044560    0x170  rtl8195a_rf6052.o [8]
      .text               ro code  0x100446d0    0x4f4  HalPhyRf.o [8]
      Veneer              ro code  0x10044bc4      0x8  - Linker created -
      Veneer              ro code  0x10044bcc      0x8  - Linker created -
      Veneer              ro code  0x10044bd4      0x8  - Linker created -
      .text               ro code  0x10044bdc     0x7c  phydm_CfoTracking.o [8]
      .text               ro code  0x10044c58    0x244  phydm_PowerTracking.o [8]
      .text               ro code  0x10044e9c     0x14  phydm_debug.o [8]
      .text               ro code  0x10044eb0     0x1e  U64Shr.o [12]
      .text               ro code  0x10044ed0    0x1e0  HalHWImg8195A_RF.o [8]
      .text               ro code  0x100450b0    0x1d8  HalHWImg8195A_BB.o [8]
      .text               ro code  0x10045288    0x134  HalHWImg8195A_MAC.o [8]
      .text               ro code  0x100453bc    0x17c  rtl8195a_pmu_cmd.o [8]
      .text               ro code  0x10045538     0xda  phydm_RegConfig8195A.o [8]
      .text               ro code  0x10045614    0x126  analogin_api.o [2]
      .text               ro code  0x1004573c    0x7d4  hal_adc.o [2]
      Veneer              ro code  0x10045f10      0x8  - Linker created -
      Veneer              ro code  0x10045f18      0x8  - Linker created -
      Veneer              ro code  0x10045f20      0x8  - Linker created -
      .text               ro code  0x10045f28    0xe0c  atcmd_sys.o [2]
      .text               ro code  0x10046d34    0x3e0  log_service.o [2]
      .text               ro code  0x10047114   0x17f4  atcmd_wifi.o [2]
      .text               ro code  0x10048908    0x22c  ping_test.o [2]
      .text               ro code  0x10048b34    0x8c0  wifi_wps_config.o [2]
      Veneer              ro code  0x100493f4      0x8  - Linker created -
      .text               ro code  0x100493fc     0x84  os_freertos.o [9]
      Veneer              ro code  0x10049480      0x8  - Linker created -
      Veneer              ro code  0x10049488      0x8  - Linker created -
      Veneer              ro code  0x10049490      0x8  - Linker created -
      Veneer              ro code  0x10049498      0x8  - Linker created -
      .text               ro code  0x100494a0    0x3c8  wps_common.o [9]
      .text               ro code  0x10049868     0x36  dh_group5.o [9]
      .text               ro code  0x100498a0     0xea  wpabuf.o [9]
      Veneer              ro code  0x1004998c      0x8  - Linker created -
      .text               ro code  0x10049994    0x334  wps_attr_build.o [9]
      .text               ro code  0x10049cc8     0xfe  dh_groups.o [9]
      .text               ro code  0x10049dc8    0x158  random.o [9]
      Veneer              ro code  0x10049f20      0x8  - Linker created -
      Veneer              ro code  0x10049f28      0x8  - Linker created -
      Veneer              ro code  0x10049f30      0x8  - Linker created -
      Veneer              ro code  0x10049f38      0x8  - Linker created -
      Veneer              ro code  0x10049f40      0x8  - Linker created -
      .text               ro code  0x10049f48     0x9a  crypto_internal-modexp.o [9]
      .text               ro code  0x10049fe4     0x1c  example_entry.o [2]
      .text               ro code  0x1004a000    0x1d4  example_wlan_fast_connect.o [2]
      .text               ro code  0x1004a1d4     0x24  printf.o [4]
      .text               ro code  0x1004a1f8     0x90  hal_32k.o [2]
      .text               ro code  0x1004a288     0x68  hal_gdma.o [2]
      .text               ro code  0x1004a2f0     0x3c  hal_timer.o [2]
      .text               ro code  0x1004a32c    0x318  rtl8195a_adc.o [2]
      Veneer              ro code  0x1004a644      0x8  - Linker created -
      .text               ro code  0x1004a64c    0x36c  rtl8195a_gdma.o [2]
      Veneer              ro code  0x1004a9b8      0x8  - Linker created -
      Veneer              ro code  0x1004a9c0      0x8  - Linker created -
      .text               ro code  0x1004a9c8     0x90  rtl_consol.o [2]
      .text               ro code  0x1004aa58     0x6c  strncpy_unaligned.o [12]
      .text               ro code  0x1004aac4     0x14  system_8195a.o [2]
      .text               ro code  0x1004aad8     0xdc  wlan_network.o [2]
      Veneer              ro code  0x1004abb4      0x8  - Linker created -
      Veneer              ro code  0x1004abbc      0x8  - Linker created -
      .text               ro code  0x1004abc4    0x1f8  startup.o [6]
      Veneer              ro code  0x1004adbc      0x8  - Linker created -
      .text               ro code  0x1004adc4     0x24  hal_crypto.o [6]
      .text               ro code  0x1004ade8     0x78  freertos_isr.o [8]
      .text               ro code  0x1004ae60    0x598  wps_protocol_handler.o [9]
      .text               ro code  0x1004b3f8    0x3a0  eap_wsc.o [9]
      .text               ro code  0x1004b798    0x1a4  wps.o [9]
      .text               ro code  0x1004b93c    0x11c  eap_common.o [9]
      .text               ro code  0x1004ba58     0x3e  eap_wsc_common.o [9]
      .text               ro code  0x1004ba98    0x2f8  wps_dev_attr.o [9]
      .text               ro code  0x1004bd90    0xa4e  wps_enrollee.o [9]
      .text               ro code  0x1004c7de    0x476  wps_attr_parse.o [9]
      .text               ro code  0x1004cc54    0x1c6  wps_attr_process.o [9]
      .text               ro code  0x1004ce1a    0x838  wps_validate.o [9]
      .text               ro code  0x1004d654     0x10  hal_common.o [6]
      .text               ro code  0x1004d664     0x24  app_start.o [6]
      .text               ro code  0x1004d688    0x124  lxbus_hci_intf.o [8]
      .text               ro code  0x1004d7ac     0x58  lxbus_intf.o [8]
      .text               ro code  0x1004d804     0x28  data_init.o [12]
      .text               ro code  0x1004d82c     0x2c  low_level_io.o [2]
      .text               ro code  0x1004d858      0x4  rtl8195a_led.o [8]
      .text               ro code  0x1004d85c     0x16  xprout.o [4]
      .text               ro code  0x1004d872     0x28  putchar.o [4]
      CODE                ro code  0x1004d89c     0x94  portasm.o [2]
      __DLIB_PERTHREAD    const    0x1004d930     0x8c  rand.o [4]
      __DLIB_PERTHREAD    const    0x1004d9bc      0x4  errno.o [4]
    .ram.data                      0x1004d9c0   0x2fd0  <Block>
      .data.log_init               0x1004d9c0      0xc  <Block>
        .data.log_init    const    0x1004d9c0      0x4  atcmd_sys.o [2]
        .data.log_init    const    0x1004d9c4      0x4  atcmd_wifi.o [2]
        .data.log_init    const    0x1004d9c8      0x4  log_service.o [2]
      .data               const    0x1004d9d0     0x80  ac_hal.o [2]
      .data               const    0x1004da50      0x8  atcmd_sys.o [2]
      .data               const    0x1004da58     0xc0  atcmd_sys.o [2]
      .data               const    0x1004db18    0x180  atcmd_wifi.o [2]
      .data               const    0x1004dc98     0x78  dhcps.o [2]
      .data               const    0x1004dd10      0x4  freertos_pmu.o [2]
      .data               const    0x1004dd14      0xc  freertos_pmu.o [2]
      .data               const    0x1004dd20      0x4  freertos_service.o [2]
      .data               const    0x1004dd24     0x20  log_service.o [2]
      .data               const    0x1004dd44      0x4  port.o [2]
      .data               const    0x1004dd48      0x4  system_8195a.o [2]
      .data               const    0x1004dd4c     0x9c  tasks.o [2]
      .data               const    0x1004dde8     0x20  tcp.o [2]
      .data               const    0x1004de08      0x8  udp.o [2]
      .data               const    0x1004de10     0x10  wifi_conf.o [2]
      .data               const    0x1004de20    0x1f4  zc_configuration.o [2]
      .data               const    0x1004e014     0x14  zc_hf_adpter.o [2]
      .data               const    0x1004e028      0x8  zc_hf_adpter.o [2]
      .data               const    0x1004e030      0x8  rtw_psk.o [8]
      .data               const    0x1004e038     0xd4  wifi_simple_config_parser.o [8]
      .data               const    0x1004e10c      0x8  wifi_simple_config_parser.o [8]
      .data               const    0x1004e114     0xa8  rtw_mlme_ext.o [8]
      .data               const    0x1004e1bc     0x38  freertos_ioctl.o [8]
      .data               const    0x1004e1f4    0x1b0  rom_rtw_message.o [8]
      .data               const    0x1004e3a4      0x8  rtw_xmit.o [8]
      .data               const    0x1004e3ac     0x40  Hal8195ARateAdaptive.o [8]
      .data               const    0x1004e3ec     0x40  Hal8195ARateAdaptive.o [8]
      .data               const    0x1004e42c     0x14  Hal8195ARateAdaptive.o [8]
      .data               const    0x1004e440     0xa0  Hal8195APwrSeq.o [8]
      .data               const    0x1004e4e0     0xa0  Hal8195APwrSeq.o [8]
      .data               const    0x1004e580     0x14  dh_groups.o [9]
      .data               const    0x1004e594    0x210  HalHWImg8195A_BB.o [8]
      .data               const    0x1004e7a4    0x678  HalHWImg8195A_BB.o [8]
      .data               const    0x1004ee1c     0x90  HalHWImg8195A_BB.o [8]
      .data               const    0x1004eeac    0x308  HalHWImg8195A_MAC.o [8]
      .data               const    0x1004f1b4    0x3a0  HalHWImg8195A_RF.o [8]
      .data               const    0x1004f554     0x80  HalHWImg8195A_RF.o [8]
      .data               const    0x1004f5d4     0x80  HalHWImg8195A_RF.o [8]
      .data               const    0x1004f654     0x80  HalHWImg8195A_RF.o [8]
      .data               const    0x1004f6d4   0x1260  HalHWImg8195A_RF.o [8]
      .data               const    0x10050934      0x2  tcp.o [2]
      .iar.init_table     const    0x10050938     0x58  - Linker created -
  .ram.bss                         0x100509a0   0xaac4  <Block>
    .bss                  zero     0x100509a0    0x500  hal_crypto.o [6]
    .bss                  zero     0x10050ea0    0x340  rtw_mlme_ext.o [8]
    .bss                  zero     0x100511e0      0x8  ac_hal.o [2]
    .bss                  zero     0x100511e8    0x200  ac_hal.o [2]
    .bss                  zero     0x100513e8     0x38  atcmd_wifi.o [2]
    .bss                  zero     0x10051420     0x78  atcmd_wifi.o [2]
    .bss                  zero     0x10051498      0x4  atcmd_wifi.o [2]
    .bss                  zero     0x1005149c    0x1b8  bignum.o [2]
    .bss                  zero     0x10051654   0x16b0  bignum.o [2]
    .bss                  zero     0x10052d04     0x34  dhcp.o [2]
    .bss                  zero     0x10052d38      0x4  dhcp.o [2]
    .bss                  zero     0x10052d3c    0x214  dns.o [2]
    .bss                  zero     0x10052f50    0x460  dns.o [2]
    .bss                  zero     0x100533b0     0xc8  etharp.o [2]
    .bss                  zero     0x10053478      0x4  ethernetif.o [2]
    .bss                  zero     0x1005347c      0x4  example_wlan_fast_connect.o [2]
    .bss                  zero     0x10053480      0xc  hal_adc.o [2]
    .bss                  zero     0x1005348c     0x2c  hal_adc.o [2]
    .bss                  zero     0x100534b8    0x290  hal_soc_ps_monitor.o [2]
    .bss                  zero     0x10053748     0x3c  heap_5.o [2]
    .bss                  zero     0x10053784      0xc  igmp.o [2]
    .bss                  zero     0x10053790     0x10  ip.o [2]
    .bss                  zero     0x100537a0     0x10  ip_addr.o [2]
    .bss                  zero     0x100537b0      0x8  ip_frag.o [2]
    .bss                  zero     0x100537b8    0x100  log_service.o [2]
    .bss                  zero     0x100538b8     0x70  log_service.o [2]
    .bss                  zero     0x10053928     0x78  lwip_netconf.o [2]
    .bss                  zero     0x100539a0      0x4  lwip_timers.o [2]
    .bss                  zero     0x100539a4      0x4  lwip_timers.o [2]
    .bss                  zero     0x100539a8      0xc  netif.o [2]
    .bss                  zero     0x100539b4      0x4  osdep_service.o [2]
    .bss                  zero     0x100539b8     0x28  ping_test.o [2]
    .bss                  zero     0x100539e0      0xc  port.o [2]
    .bss                  zero     0x100539ec      0x4  raw.o [2]
    .bss                  zero     0x100539f0    0x108  rsa.o [2]
    .bss                  zero     0x10053af8     0x40  rsa.o [2]
    .bss                  zero     0x10053b38     0x18  rtl8195a_timer.o [2]
    .bss                  zero     0x10053b50     0xf0  sockets.o [2]
    .bss                  zero     0x10053c40      0x8  sockets.o [2]
    .bss                  zero     0x10053c48     0x34  sys_arch.o [2]
    .bss                  zero     0x10053c7c     0xdc  tasks.o [2]
    .bss                  zero     0x10053d58      0xc  tcm_heap.o [2]
    .bss                  zero     0x10053d64     0x30  tcp_in.o [2]
    .bss                  zero     0x10053d94      0xc  tcpip.o [2]
    .bss                  zero     0x10053da0     0x38  timers.o [2]
    .bss                  zero     0x10053dd8      0x4  update.o [2]
    .bss                  zero     0x10053ddc     0x24  wifi_conf.o [2]
    .bss                  zero     0x10053e00      0x8  wifi_conf.o [2]
    .bss                  zero     0x10053e08     0x18  wifi_conf.o [2]
    .bss                  zero     0x10053e20    0x150  wifi_ind.o [2]
    .bss                  zero     0x10053f70      0x8  wifi_promisc.o [2]
    .bss                  zero     0x10053f78     0x78  wifi_promisc.o [2]
    .bss                  zero     0x10053ff0     0x40  wifi_simple_config.o [2]
    .bss                  zero     0x10054030     0x28  wifi_wps_config.o [2]
    .bss                  zero     0x10054058     0x10  zc_bc.o [2]
    .bss                  zero     0x10054068     0x28  zc_client_manager.o [2]
    .bss                  zero     0x10054090     0x7c  zc_hf_adpter.o [2]
    .bss                  zero     0x1005410c    0x260  zc_hf_adpter.o [2]
    .bss                  zero     0x1005436c    0x260  zc_hf_adpter.o [2]
    .bss                  zero     0x100545cc     0x28  zc_hf_adpter.o [2]
    .bss                  zero     0x100545f4    0x720  zc_hf_adpter.o [2]
    .bss                  zero     0x10054d14     0x28  zc_hf_adpter.o [2]
    .bss                  zero     0x10054d3c    0x258  zc_hf_adpter.o [2]
    .bss                  zero     0x10054f94    0x83c  zc_hf_adpter.o [2]
    .bss                  zero     0x100557d0     0x50  zc_hf_adpter.o [2]
    .bss                  zero     0x10055820     0x14  zc_hf_adpter.o [2]
    .bss                  zero     0x10055834      0xc  zc_hf_adpter.o [2]
    .bss                  zero     0x10055840     0x88  zc_protocol_controller.o [2]
    .bss                  zero     0x100558c8     0x50  zc_timer.o [2]
    .bss                  zero     0x10055918      0x8  startup.o [6]
    .bss                  zero     0x10055920      0x4  ram_libc.o [7]
    .bss                  zero     0x10055924     0x40  rtk_wlan_if.o [8]
    .bss                  zero     0x10055964      0x4  freertos_intfs.o [8]
    .bss                  zero     0x10055968      0xc  freertos_intfs.o [8]
    .bss                  zero     0x10055974     0x14  freertos_intfs.o [8]
    .bss                  zero     0x10055988    0x11c  rtw_psk.o [8]
    .bss                  zero     0x10055aa4     0x44  rtw_psk.o [8]
    .bss                  zero     0x10055ae8      0x4  freertos_skbuff.o [8]
    .bss                  zero     0x10055aec    0x1b8  freertos_skbuff.o [8]
    .bss                  zero     0x10055ca4     0x18  freertos_skbuff.o [8]
    .bss                  zero     0x10055cbc      0x4  freertos_isr.o [8]
    .bss                  zero     0x10055cc0      0x8  rtw_promisc.o [8]
    .bss                  zero     0x10055cc8      0x4  rtw_mlme.o [8]
    .bss                  zero     0x10055ccc      0x4  wifi_simple_config_parser.o [8]
    .bss                  zero     0x10055cd0     0x10  wps_protocol_handler.o [9]
    .bss                  zero     0x10055ce0      0x4  ram_libgloss_retarget.o [7]
    .bss                  zero     0x10055ce4      0x4  rtl8195a_pmu_task.o [8]
    .bss                  zero     0x10055ce8   0x20e0  lxbus_ops.o [8]
    .bss                  zero     0x10057dc8     0x1c  eap_wsc.o [9]
    .bss                  zero     0x10057de4     0x80  random.o [9]
    .bss                  zero     0x10057e64     0x20  random.o [9]
    .bss                  zero     0x10057e84      0x2  ip.o [2]
    .bss                  zero     0x10057e86      0x1  dns.o [2]
    .bss                  zero     0x10057e87      0x1  etharp.o [2]
    .bss                  zero     0x10057e88      0x1  pbuf.o [2]
    .bss                  zero     0x10057e89      0x1  tcp.o [2]
    .bss                  zero     0x10057e8a      0x1  wifi_promisc.o [2]
    .bss                  zero     0x10057e8b      0x1  zc_hf_adpter.o [2]
    .bss                  zero     0x10057e8c      0x1  rtl8195a_pmu_task.o [8]
    .bss                  zero     0x10057e8d      0x1  rtw_mlme_ext.o [8]
    .bss                  zero     0x10057e8e      0x1  lxbus_ops.o [8]
    .hal.flash.data       zero     0x10057e90     0x90  hal_spi_flash_ram.o [6]
    .hal.gpio.data        zero     0x10057f20    0x12c  hal_gpio.o [2]
    .bdsram.data          zero     0x1005804c   0x3400  freertos_skbuff.o [8]
    .bdsram.data          zero     0x1005b44c      0x8  freertos_skbuff.o [8]
                                 - 0x1005b454  0x55454

"A4":                                           0xf000
  .bf_data                         0x10061000   0xf000  <Block>
    .bfsram.data          zero     0x10061000   0xf000  heap_5.o [2]
                                 - 0x10070000   0xf000

"A6":                                           0xf4e8
  TCM_overlay                      0x1fff0000   0xf4e8  <Overlay>
    part 1:
      .bss                zero     0x1fff0000   0x1424  mem.o [2]
      .bss                zero     0x1fff1424   0x40c0  memp.o [2]
      .tcm.heap           zero     0x1fff54e4   0xa000  tcm_heap.o [2]
      .heap                        0x1ffff4e4      0x4  <Block>
        .heap.stdlib      zero     0x1ffff4e4      0x1  ram_libgloss_retarget.o [7]
    part 2:
      IMAGE1_DBG                   0x1fff0000   0x24c0  <Block>
        .ram.start.table           0x1fff0000     0x14  <Block>
          .start.ram.data.a
                          const    0x1fff0000      0x4  startup.o [6]
          .start.ram.data.b
                          const    0x1fff0004      0x4  startup.o [6]
          .start.ram.data.c
                          const    0x1fff0008      0x4  startup.o [6]
          .start.ram.data.d
                          const    0x1fff000c      0x4  startup.o [6]
          .start.ram.data.e
                          const    0x1fff0010      0x4  startup.o [6]
        .ram_image1.data           0x1fff0014   0x14d0  <Block>
          .image1.validate.rodata
                          const    0x1fff0014      0x8  startup.o [6]
          .cutb.ram.data  const    0x1fff001c     0x10  hal_sdr_controller.o [2]
          .cutb.ram.data  const    0x1fff002c     0x1c  hal_sdr_controller.o [2]
          .cutb.ram.data  const    0x1fff0048     0x34  hal_sdr_controller.o [2]
          .cutb.ram.data  const    0x1fff007c     0x14  hal_sdr_controller.o [2]
          .cutb.ram.data  const    0x1fff0090      0x4  hal_sdr_controller.o [2]
          .cutb.ram.data  zero     0x1fff0094   0x1000  hal_sdr_controller.o [2]
          .hal.ram.data   const    0x1fff1098    0x430  rom.o [11]
          .hal.ram.data   const    0x1fff14c8      0xc  hal_sdr_controller.o [2]
          .hal.ram.data   zero     0x1fff14d4     0x10  startup.o [6]
        .ram_image1.bss            0x1fff14e4      0x0  <Block>
        .ram_image1.text           0x1fff14e4    0xfdc  <Block>
          Veneer          ro code  0x1fff14e4      0x8  - Linker created -
          Veneer          ro code  0x1fff14ec      0x8  - Linker created -
          Veneer          ro code  0x1fff14f4      0x8  - Linker created -
          Veneer          ro code  0x1fff14fc      0x8  - Linker created -
          Veneer          ro code  0x1fff1504      0x8  - Linker created -
          Veneer          ro code  0x1fff150c      0x8  - Linker created -
          Veneer          ro code  0x1fff1514      0x8  - Linker created -
          Veneer          ro code  0x1fff151c      0x8  - Linker created -
          Veneer          ro code  0x1fff1524      0x8  - Linker created -
          Veneer          ro code  0x1fff152c      0x8  - Linker created -
          Veneer          ro code  0x1fff1534      0x8  - Linker created -
          Veneer          ro code  0x1fff153c      0x8  - Linker created -
          Veneer          ro code  0x1fff1544      0x8  - Linker created -
          Veneer          ro code  0x1fff154c      0x8  - Linker created -
          Veneer          ro code  0x1fff1554      0x8  - Linker created -
          Veneer          ro code  0x1fff155c      0x8  - Linker created -
          Veneer          ro code  0x1fff1564      0x8  - Linker created -
          Veneer          ro code  0x1fff156c      0x8  - Linker created -
          Veneer          ro code  0x1fff1574      0x8  - Linker created -
          Veneer          ro code  0x1fff157c      0x8  - Linker created -
          Veneer          ro code  0x1fff1584      0x8  - Linker created -
          Veneer          ro code  0x1fff158c      0x8  - Linker created -
          Veneer          ro code  0x1fff1594      0x8  - Linker created -
          .hal.ram.text   ro code  0x1fff159c    0x700  startup.o [6]
          Veneer          ro code  0x1fff1c9c      0x8  - Linker created -
          .hal.sdrc.text  ro code  0x1fff1ca4    0x81c  hal_sdr_controller.o [2]
                                 - 0x1ffff4e8   0xf4e8


*******************************************************************************
*** INIT TABLE
***

          Address     Size
          -------     ----
Zero (__iar_zero_init3)
    8 destination ranges, total size 0x292e8:
          0x10000384   0x350
          0x100509a0  0x74ef
          0x10057e90    0x90
          0x10057f20   0x12c
          0x1005804c  0x3408
          0x10061000  0xf000
          0x1fff0000  0xf4e4
          0x1ffff4e4     0x1



*******************************************************************************
*** MODULE SUMMARY
***

    Module                       ro code  rw code  ro data  rw data
    ------                       -------  -------  -------  -------
D:\工作资料\斐联\sdk-ameba1-v3.4b\project\realtek_ameba1_va0_example\EWARM-RELEASE\..\..\..\component\soc\realtek\8195a\misc\bsp\image: [1]
    ram_1.r.bin                                     14 028
    ---------------------------------------------------------------
    Total:                                          14 028

D:\工作资料\斐联\sdk-ameba1-v3.4b\project\realtek_ameba1_va0_example\EWARM-RELEASE\Debug\Obj: [2]
    ac_api.o                         432
    ac_hal.o                         224                        648
    aes_cbc.o                        434
    aes_core.o                     8 838             4 096
    analogin_api.o                   294
    api_lib.o                      1 176
    api_msg.o                      2 988
    atcmd_sys.o                    3 596                96      204
    atcmd_wifi.o                   6 132               192      568
    autoip.o                         706
    bignum.o                       5 510                      6 248
    cmsis_os.o                        24
    crc.o                             70
    def.o                             38
    dhcp.o                         3 094                         56
    dhcps.o                        1 626                        120
    dns.o                          1 188                      1 653
    etharp.o                       1 736                        201
    ethernetif.o                     332                          4
    example_entry.o                   28
    example_wlan_fast_connect.o      468                          4
    flash_api.o                      736
    freertos_pmu.o                   196                         16
    freertos_service.o             1 408               292        4
    gpio_api.o                       440
    hal_32k.o                        144
    hal_adc.o                      2 004                         56
    hal_gdma.o                       104
    hal_gpio.o                       116                        300
    hal_soc_ps_monitor.o           2 060                        656
    hal_timer.o                       60
    heap_5.o                         448                     61 500
    icmp.o                           392
    igmp.o                           952                         12
    inet_chksum.o                    306
    init.o                            46
    ip.o                             856                         18
    ip_addr.o                        474                 8       16
    ip_frag.o                      1 268                          8
    list.o                           142
    log_service.o                    992                16      404
    low_level_io.o                    44
    lwip_intf.o                      616
    lwip_netconf.o                   836                        120
    lwip_timers.o                    564                          8
    main.o                            72
    mem.o                            608
    memp.o                           208
    netbuf.o                         116
    netif.o                          322                         12
    osdep_api.o                      104
    osdep_service.o                1 388                          4
    pbuf.o                         1 118                          1
    ping_test.o                      556                         40
    pinmap.o                           2
    port.o                           520                         16
    portasm.o                        148
    queue.o                        1 186
    raw.o                            372                          4
    rsa.o                            784                        328
    rtl8195a_adc.o                   792
    rtl8195a_gdma.o                  876
    rtl8195a_timer.o               1 096                         24
    rtl_consol.o                     580                        848
    sleep.o                           20
    sockets.o                      3 212                        248
    sys.o                             34
    sys_api.o                        952
    sys_arch.o                       490                         52
    system_8195a.o                    20                          4
    tasks.o                        2 144                        376
    tcm_heap.o                       330                         12
    tcp.o                          2 860                         35
    tcp_in.o                       3 756                         48
    tcp_out.o                      2 634
    tcpip.o                          504                         12
    timer_api.o                      224
    timers.o                         756                         56
    udp.o                          1 040                          8
    update.o                       2 720                32        4
    us_ticker.o                       48
    wifi_conf.o                    5 596                         84
    wifi_ind.o                       180                        336
    wifi_promisc.o                 1 152                        129
    wifi_simple_config.o           2 896                         64
    wifi_util.o                    3 216
    wifi_wps_config.o              2 240                         40
    wlan_network.o                   220
    zc_bc.o                          280                         16
    zc_client_manager.o              714                         40
    zc_cloud_event.o                 432
    zc_common.o                      464
    zc_configuration.o               720                        500
    zc_hf_adpter.o                 4 116                      6 093
    zc_message_queue.o               600
    zc_moudle_manager.o              668
    zc_protocol_controller.o       3 536                        136
    zc_sec_engine.o                1 144
    zc_timer.o                       284                         80
    ---------------------------------------------------------------
    Total:                       115 188             4 732   82 474

command line: [3]
    ---------------------------------------------------------------
    Total:

dl7M_tln.a: [4]
    errno.o                           12                          4
    printf.o                          36
    putchar.o                         40
    rand.o                           224                        140
    sscanf.o                          36
    vsnprint.o                        60
    xprintftiny.o                    336
    xprout.o                          22
    xscanfsmall_nomb.o             1 300
    xsnprout.o                        26
    xsscin.o                          30
    xstol.o                          134
    xstoul.o                         412
    xtls.o                             2
    ---------------------------------------------------------------
    Total:                         2 670                        144

lib_mdns.a: [5]
    ---------------------------------------------------------------
    Total:

lib_platform.a: [6]
    app_start.o                       36
    hal_common.o                      16
    hal_crypto.o                      36                      1 280
    hal_log_uart.o                   248
    hal_pinmux.o                      56
    hal_spi_flash_ram.o            3 704                        144
    startup.o                        804                20       12
    ---------------------------------------------------------------
    Total:                         4 900                20    1 436

lib_rtlstd.a: [7]
    ram_libc.o                       312                          4
    ram_libgloss_retarget.o          260                          4
    ---------------------------------------------------------------
    Total:                           572                          8

lib_wlan.a: [8]
    Hal8195APwrSeq.o                                            320
    Hal8195ARateAdaptive.o         1 910                        148
    HalHWImg8195A_BB.o               472                      2 328
    HalHWImg8195A_MAC.o              308                        776
    HalHWImg8195A_RF.o               480               128    6 016
    HalPhyRf.o                     1 268
    HalPhyRf_8195A.o               6 212
    HalPwrSeqCmd.o                   220
    PhyDM_Adaptivity.o               932
    freertos_intfs.o               2 688                         36
[...]
                        0x10012ad1     0x4  Code  Gb  wifi_conf.o [2]
wifi_mac_hash           0x1002c765    0x2a  Code  Lc  rtw_sta_mgt.o [8]
wifi_mode               0x10053e00     0x4  Data  Lc  wifi_conf.o [2]
wifi_no_network_hdl     0x100121d7     0xe  Code  Lc  wifi_conf.o [2]
wifi_off                0x10012a23    0x6a  Code  Gb  wifi_conf.o [2]
wifi_on                 0x10012995    0x8e  Code  Gb  wifi_conf.o [2]
wifi_reg_event_handler  0x1001a9a3    0x3a  Code  Gb  wifi_ind.o [2]
wifi_remove_packet_filter
                        0x10013161     0x4  Code  Gb  wifi_conf.o [2]
wifi_rx_beacon_hdl      0x100121d5     0x2  Code  Gb  wifi_conf.o [2]
wifi_scan               0x10012d39    0x56  Code  Gb  wifi_conf.o [2]
wifi_scan_done_hdl      0x10012ccf    0x64  Code  Lc  wifi_conf.o [2]
wifi_scan_each_report_hdl
                        0x10012ba5   0x12a  Code  Lc  wifi_conf.o [2]
wifi_scan_networks      0x10012db5    0x92  Code  Gb  wifi_conf.o [2]
wifi_set_autoreconnect  0x100130ed    0x1c  Code  Gb  wifi_conf.o [2]
wifi_set_channel        0x1001298b     0xa  Code  Gb  wifi_conf.o [2]
wifi_set_lps_dtim       0x10012aad     0xa  Code  Gb  wifi_conf.o [2]
wifi_set_power_mode     0x10012a8d     0x4  Code  Gb  wifi_conf.o [2]
wifi_set_promisc        0x10012fd1     0x4  Code  Gb  wifi_conf.o [2]
wifi_set_pscan_chan     0x10012e55    0x12  Code  Gb  wifi_conf.o [2]
wifi_set_tdma_param     0x10012a99    0x14  Code  Gb  wifi_conf.o [2]
wifi_set_wps_phase      0x10012fcd     0x4  Code  Gb  wifi_conf.o [2]
wifi_show_setting       0x10012f21    0x9e  Code  Gb  wifi_conf.o [2]
wifi_start_ap           0x10012ad5    0xcc  Code  Gb  wifi_conf.o [2]
wifi_unreg_event_handler
                        0x1001a9dd    0x30  Code  Gb  wifi_ind.o [2]
wifirate2_ratetbl_inx   0x100272b5    0x60  Code  Gb  rtw_wlan_util.o [8]
wireless_send_event     0x100339f7     0xa  Code  Gb  freertos_ioctl.o [8]
wlan_init_done_callback
                        0x1004a05d    0xd0  Code  Gb  example_wlan_fast_connect.o [2]
wlan_network            0x1004ab09    0x3a  Code  Gb  wlan_network.o [2]
wlan_wrtie_reconnect_data_to_flash
                        0x1004a001    0x5c  Code  Gb  example_wlan_fast_connect.o [2]
wlancmds                0x1002847c   0x1f8  Data  Gb  rtw_cmd.o [8]
wlanevents              0x10032a00    0xc0  Data  Lc  rtw_mlme_ext.o [8]
wlanhdr_to_ethhdr       0x10020159   0x138  Code  Gb  rtw_recv.o [8]
wpa_global_PSK          0x10055a54    0x50  Data  Gb  rtw_psk.o [8]
wpa_set_encryption      0x10033bbb   0x176  Code  Lc  freertos_ioctl.o [8]
wpabuf_alloc            0x100498cd    0x18  Code  Gb  wpabuf.o [9]
wpabuf_alloc_copy       0x100498e5    0x1c  Code  Gb  wpabuf.o [9]
wpabuf_dup              0x10049901    0x1a  Code  Gb  wpabuf.o [9]
wpabuf_free             0x1004991b    0x24  Code  Gb  wpabuf.o [9]
wpabuf_put              0x10049945     0xc  Code  Gb  wpabuf.o [9]
wpabuf_put_be16         0x100499a5    0x14  Code  Lc  wps_attr_build.o [9]
wpabuf_put_be16         0x1004ba99    0x14  Code  Lc  wps_dev_attr.o [9]
wpabuf_put_be16         0x1004bd91    0x14  Code  Lc  wps_enrollee.o [9]
wpabuf_put_buf          0x100498c3     0xa  Code  Lc  wpabuf.o [9]
wpabuf_put_buf          0x100499db     0xa  Code  Lc  wps_attr_build.o [9]
wpabuf_put_data         0x1004b409    0x22  Code  Lc  eap_wsc.o [9]
wpabuf_put_data         0x100498a1    0x22  Code  Lc  wpabuf.o [9]
wpabuf_put_data         0x100499b9    0x22  Code  Lc  wps_attr_build.o [9]
wpabuf_put_data         0x1004baad    0x22  Code  Lc  wps_dev_attr.o [9]
wpabuf_put_data         0x1004bda5    0x22  Code  Lc  wps_enrollee.o [9]
wpabuf_put_u8           0x1004b3f9    0x10  Code  Lc  eap_wsc.o [9]
wpabuf_put_u8           0x10049995    0x10  Code  Lc  wps_attr_build.o [9]
wpabuf_put_u8           0x1004b93d    0x10  Code  Lc  eap_common.o [9]
wpabuf_put_u8           0x1004ba59    0x10  Code  Lc  eap_wsc_common.o [9]
wpabuf_zeropad          0x10049951    0x3a  Code  Gb  wpabuf.o [9]
wpas_eap_wsc_init       0x1004ae61    0x12  Code  Gb  wps_protocol_handler.o [9]
wpas_swith_to_wps_auth  0x1004ae73    0x14  Code  Gb  wps_protocol_handler.o [9]
wpas_swith_to_wps_encr  0x1004ae87    0x20  Code  Gb  wps_protocol_handler.o [9]
wpas_wps_dev_config     0x1004aea7    0xd0  Code  Gb  wps_protocol_handler.o [9]
wpas_wps_init           0x1004af77    0x7e  Code  Gb  wps_protocol_handler.o [9]
wpas_wps_notify_wps_finish
                        0x1004b11d    0x34  Code  Gb  wps_protocol_handler.o [9]
wpas_wps_notify_wps_finish_hdl
                        0x1004b151     0x2  Code  Gb  wps_protocol_handler.o [9]
wpas_wsc_eapol_recvd    0x1004b2ff    0x66  Code  Gb  wps_protocol_handler.o [9]
wpas_wsc_eapol_recvd_hdl
                        0x1004b375    0x24  Code  Gb  wps_protocol_handler.o [9]
wpas_wsc_enrollee_handle_eap_fail
                        0x1004b153    0x48  Code  Gb  wps_protocol_handler.o [9]
wpas_wsc_enrollee_handle_recvd
                        0x1004b287    0x78  Code  Gb  wps_protocol_handler.o [9]
wpas_wsc_send_eap_rspidentity
                        0x1004b05b    0x78  Code  Gb  wps_protocol_handler.o [9]
wpas_wsc_send_eapol     0x1004b1ab    0xcc  Code  Gb  wps_protocol_handler.o [9]
wpas_wsc_send_packet    0x1004aff5    0x66  Code  Gb  wps_protocol_handler.o [9]
wps_build_ap_settings   0x1004c003    0xdc  Code  Lc  wps_enrollee.o [9]
wps_build_assoc_state   0x10049beb    0x14  Code  Gb  wps_attr_build.o [9]
wps_build_auth_type_flags
                        0x10049b91    0x14  Code  Gb  wps_attr_build.o [9]
wps_build_authenticator
                        0x10049ad7    0x52  Code  Gb  wps_attr_build.o [9]
wps_build_config_error  0x10049acb     0xc  Code  Gb  wps_attr_build.o [9]
wps_build_config_methods
                        0x10049a85     0xc  Code  Gb  wps_attr_build.o [9]
wps_build_conn_type_flags
                        0x10049bcd    0x14  Code  Gb  wps_attr_build.o [9]
wps_build_dev_name      0x1004bb6f    0x24  Code  Gb  wps_dev_attr.o [9]
wps_build_dev_password_id
                        0x10049aa9     0xa  Code  Gb  wps_attr_build.o [9]
wps_build_device_attrs  0x1004bb93    0x5e  Code  Gb  wps_dev_attr.o [9]
wps_build_e_hash        0x1004bdc7    0x9e  Code  Lc  wps_enrollee.o [9]
wps_build_encr_settings
                        0x10049c31    0x76  Code  Gb  wps_attr_build.o [9]
wps_build_encr_type_flags
                        0x10049ba5    0x12  Code  Gb  wps_attr_build.o [9]
wps_build_enrollee_nonce
                        0x10049b4f    0x1e  Code  Gb  wps_attr_build.o [9]
wps_build_key_wrap_auth
                        0x10049bff    0x32  Code  Gb  wps_attr_build.o [9]
wps_build_m1            0x1004be7b   0x100  Code  Gb  wps_enrollee.o [9]
wps_build_m5            0x1004bf7b    0x82  Code  Lc  wps_enrollee.o [9]
wps_build_m7            0x1004c0e5    0x96  Code  Lc  wps_enrollee.o [9]
wps_build_mac_addr      0x10049ca7    0x16  Code  Gb  wps_attr_build.o [9]
wps_build_manufacturer  0x1004bacf    0x24  Code  Gb  wps_dev_attr.o [9]
wps_build_model_name    0x1004baf3    0x22  Code  Gb  wps_dev_attr.o [9]
wps_build_model_number  0x1004bb21    0x24  Code  Gb  wps_dev_attr.o [9]
wps_build_msg_type      0x10049b43     0xc  Code  Gb  wps_attr_build.o [9]
wps_build_os_version    0x1004bbf1    0x30  Code  Gb  wps_dev_attr.o [9]
wps_build_primary_dev_type
                        0x1004bb45    0x24  Code  Gb  wps_dev_attr.o [9]
wps_build_public_key    0x100499e5    0x88  Code  Gb  wps_attr_build.o [9]
wps_build_registrar_nonce
                        0x10049b6d    0x1e  Code  Gb  wps_attr_build.o [9]
wps_build_rf_bands      0x1004bc25    0x24  Code  Gb  wps_dev_attr.o [9]
wps_build_uuid_e        0x10049a91    0x18  Code  Gb  wps_attr_build.o [9]
wps_build_version       0x10049b29    0x16  Code  Gb  wps_attr_build.o [9]
wps_build_wfa_ext       0x10049b3f     0x4  Code  Gb  wps_attr_build.o [9]
wps_build_wsc_ack       0x10049799    0x42  Code  Gb  wps_common.o [9]
wps_build_wsc_nack      0x100497db    0x4e  Code  Gb  wps_common.o [9]
wps_check_and_show_connection_info
                        0x10048b35    0x24  Code  Gb  wifi_wps_config.o [2]
wps_decrypt_encr_settings
                        0x10049675    0x7e  Code  Gb  wps_common.o [9]
wps_deinit              0x1004b8b7    0x58  Code  Gb  wps.o [9]
wps_derive_keys         0x10049545    0xde  Code  Gb  wps_common.o [9]
wps_derive_psk          0x10049623    0x52  Code  Gb  wps_common.o [9]
wps_device_data_free    0x1004bd47    0x44  Code  Gb  wps_dev_attr.o [9]
wps_enrollee_get_msg    0x1004c1ab   0x11e  Code  Gb  wps_enrollee.o [9]
wps_enrollee_process_msg
                        0x1004c717    0xb4  Code  Gb  wps_enrollee.o [9]
wps_generate_pin        0x10049753    0x3a  Code  Gb  wps_common.o [9]
wps_get_msg             0x1004b919     0x4  Code  Gb  wps.o [9]
wps_init                0x1004b799   0x106  Code  Gb  wps.o [9]
wps_judge_staion_disconnect
                        0x10048ed3    0x46  Code  Gb  wifi_wps_config.o [2]
wps_kdf                 0x100494a1    0xa4  Code  Gb  wps_common.o [9]
wps_oui                 0x00035440     0x4  Data  Lc  rom.o [11]
wps_parse_msg           0x1004cbc9    0x8c  Code  Gb  wps_attr_parse.o [9]
wps_parse_vendor_ext_wfa
                        0x1004c7df    0x5c  Code  Lc  wps_attr_parse.o [9]
wps_password_id         0x10054030     0x1  Data  Gb  wifi_wps_config.o [2]
wps_pin_checksum        0x100496f3    0x3e  Code  Gb  wps_common.o [9]
wps_pin_code            0x10054038    0x20  Data  Gb  wifi_wps_config.o [2]
wps_pin_valid           0x10049731    0x22  Code  Gb  wps_common.o [9]
wps_process_authenticator
                        0x1004cc55    0x4e  Code  Gb  wps_attr_process.o [9]
wps_process_cred        0x1004cda7    0x54  Code  Gb  wps_attr_process.o [9]
wps_process_cred_auth_type
                        0x1004cd09    0x12  Code  Lc  wps_attr_process.o [9]
wps_process_cred_e      0x1004c387    0x42  Code  Lc  wps_enrollee.o [9]
wps_process_cred_encr_type
                        0x1004cd1b    0x12  Code  Lc  wps_attr_process.o [9]
wps_process_cred_mac_addr
                        0x1004cd6d    0x16  Code  Lc  wps_attr_process.o [9]
wps_process_cred_network_key
                        0x1004cd3f    0x28  Code  Lc  wps_attr_process.o [9]
wps_process_cred_network_key_idx
                        0x1004cd33     0xc  Code  Lc  wps_attr_process.o [9]
wps_process_cred_ssid   0x1004ccdf    0x2a  Code  Lc  wps_attr_process.o [9]
wps_process_creds       0x1004c3c9    0x40  Code  Lc  wps_enrollee.o [9]
wps_process_device_attrs
                        0x1004bc49    0xea  Code  Gb  wps_dev_attr.o [9]
wps_process_enrollee_nonce
                        0x1004c2c9    0x18  Code  Lc  wps_enrollee.o [9]
wps_process_key_wrap_auth
                        0x1004cca3    0x3c  Code  Gb  wps_attr_process.o [9]
wps_process_m2          0x1004c409    0x90  Code  Lc  wps_enrollee.o [9]
wps_process_m4          0x1004c499    0x86  Code  Lc  wps_enrollee.o [9]
wps_process_m8          0x1004c52f    0x7a  Code  Lc  wps_enrollee.o [9]
wps_process_msg         0x1004b915     0x4  Code  Gb  wps.o [9]
wps_process_r_snonce1   0x1004c2e1    0x38  Code  Lc  wps_enrollee.o [9]
wps_process_r_snonce2   0x1004c319    0x38  Code  Lc  wps_enrollee.o [9]
wps_process_wsc_msg     0x1004c5c9   0x14e  Code  Lc  wps_enrollee.o [9]
wps_scan_result_handler
                        0x10048b59    0x82  Code  Lc  wifi_wps_config.o [2]
wps_set_attr            0x1004c83b   0x38e  Code  Lc  wps_attr_parse.o [9]
wps_start               0x10048be7   0x2e2  Code  Gb  wifi_wps_config.o [2]
wps_validate_assoc_state
                        0x1004cec5    0x18  Code  Lc  wps_validate.o [9]
wps_validate_auth_type  0x1004cff5    0x2c  Code  Lc  wps_validate.o [9]
wps_validate_auth_type_flags
                        0x1004cfd9    0x1c  Code  Lc  wps_validate.o [9]
wps_validate_authenticator
                        0x1004d08f     0xa  Code  Lc  wps_validate.o [9]
wps_validate_config_error
                        0x1004cedd    0x18  Code  Lc  wps_validate.o [9]
wps_validate_config_methods
                        0x1004ce79    0x20  Code  Lc  wps_validate.o [9]
wps_validate_conn_type_flags
                        0x1004d06f    0x16  Code  Lc  wps_validate.o [9]
wps_validate_cred       0x1004d105    0x82  Code  Lc  wps_validate.o [9]
wps_validate_dev_name   0x1004cf67    0x16  Code  Lc  wps_validate.o [9]
wps_validate_dev_password_id
                        0x1004cef5    0x1a  Code  Lc  wps_validate.o [9]
wps_validate_encr_settings
                        0x1004d099    0x10  Code  Lc  wps_validate.o [9]
wps_validate_encr_type  0x1004d03d    0x2c  Code  Lc  wps_validate.o [9]
wps_validate_encr_type_flags
                        0x1004d021    0x1c  Code  Lc  wps_validate.o [9]
wps_validate_enrollee_nonce
                        0x1004cfa3     0xa  Code  Lc  wps_validate.o [9]
wps_validate_key_wrap_auth
                        0x1004d0a9     0xa  Code  Lc  wps_validate.o [9]
wps_validate_m2         0x1004d1c3   0x10e  Code  Gb  wps_validate.o [9]
wps_validate_m2d        0x1004d2d1    0xda  Code  Gb  wps_validate.o [9]
wps_validate_m4         0x1004d3b9    0x56  Code  Gb  wps_validate.o [9]
wps_validate_m4_encr    0x1004d40f    0x28  Code  Gb  wps_validate.o [9]
wps_validate_m6         0x1004d45b    0x4a  Code  Gb  wps_validate.o [9]
wps_validate_m6_encr    0x1004d4bb    0x28  Code  Gb  wps_validate.o [9]
wps_validate_m8         0x1004d4e3    0x4a  Code  Gb  wps_validate.o [9]
wps_validate_m8_encr    0x1004d52d    0x8a  Code  Gb  wps_validate.o [9]
wps_validate_mac_addr   0x1004cf91    0x12  Code  Lc  wps_validate.o [9]
wps_validate_manufacturer
                        0x1004cf0f    0x16  Code  Lc  wps_validate.o [9]
wps_validate_model_name
                        0x1004cf25    0x16  Code  Lc  wps_validate.o [9]
wps_validate_model_number
                        0x1004cf3b    0x16  Code  Lc  wps_validate.o [9]
wps_validate_msg_type   0x1004cf7d    0x14  Code  Lc  wps_validate.o [9]
wps_validate_network_key
                        0x1004d0d7    0x2e  Code  Lc  wps_validate.o [9]
wps_validate_network_key_index
                        0x1004d0cd     0xa  Code  Lc  wps_validate.o [9]
wps_validate_os_version
                        0x1004d085     0xa  Code  Lc  wps_validate.o [9]
wps_validate_primary_dev_type
                        0x1004cea3     0xa  Code  Lc  wps_validate.o [9]
wps_validate_public_key
                        0x1004cfb7    0x10  Code  Lc  wps_validate.o [9]
wps_validate_registrar_nonce
                        0x1004cfad     0xa  Code  Lc  wps_validate.o [9]
wps_validate_rf_bands   0x1004cead    0x18  Code  Lc  wps_validate.o [9]
wps_validate_serial_number
                        0x1004cf51    0x16  Code  Lc  wps_validate.o [9]
wps_validate_ssid       0x1004d0b3    0x1a  Code  Lc  wps_validate.o [9]
wps_validate_uuid_r     0x1004ce99     0xa  Code  Lc  wps_validate.o [9]
wps_validate_version    0x1004ce1b    0x12  Code  Lc  wps_validate.o [9]
wps_validate_version2   0x1004ce2d    0x12  Code  Lc  wps_validate.o [9]
wps_validate_wsc_ack    0x1004d5b7    0x46  Code  Gb  wps_validate.o [9]
wps_validate_wsc_nack   0x1004d5fd    0x4e  Code  Gb  wps_validate.o [9]
wps_workaround_cred_key
                        0x1004cd83    0x24  Code  Lc  wps_attr_process.o [9]
wrapper_skbbuf_list     0x10055ca4     0x8  Data  Lc  freertos_skbuff.o [8]
write_cam               0x10026bc1    0x6a  Code  Gb  rtw_wlan_util.o [8]
write_ota_addr_to_system_data
                        0x1000fb09    0x96  Code  Gb  update.o [2]
wsc_eap                 0x10057dc8    0x1c  Data  Gb  eap_wsc.o [9]
xActiveTimerList1       0x10053db0    0x14  Data  Lc  timers.o [2]
xActiveTimerList2       0x10053dc4    0x14  Data  Lc  timers.o [2]
xBlockAllocatedBit      0x10053774     0x4  Data  Lc  heap_5.o [2]
xDelayedTaskList1       0x1004ddc0    0x14  Data  Lc  tasks.o [2]
xDelayedTaskList2       0x1004ddd4    0x14  Data  Lc  tasks.o [2]
xFreeBytesRemaining     0x1005376c     0x4  Data  Lc  heap_5.o [2]
xHeapRegions            0x10053748    0x18  Data  Gb  heap_5.o [2]
xMaximumPossibleSuppressedTicks
                        0x100539e4     0x4  Data  Lc  port.o [2]
xMinimumEverFreeBytesRemaining
                        0x10053770     0x4  Data  Lc  heap_5.o [2]
xNextTaskUnblockTime    0x1004ddb8     0x4  Data  Lc  tasks.o [2]
xNumOfOverflows         0x1004ddb0     0x4  Data  Lc  tasks.o [2]
xPendingReadyList       0x1004dd4c    0x14  Data  Lc  tasks.o [2]
xPortGetFreeHeapSize    0x10016533     0x6  Code  Gb  heap_5.o [2]
xPortPendSVHandler      0x1004d89d          Code  Gb  portasm.o [2]
xPortStartScheduler     0x10016ec1    0x26  Code  Gb  port.o [2]
xPortSysTickHandler     0x10016f23    0x1e  Code  Gb  port.o [2]
xQueueCreateCountingSemaphore
                        0x1001ca3f    0x12  Code  Gb  queue.o [2]
xQueueCreateMutex       0x1001c9f5    0x40  Code  Gb  queue.o [2]
xQueueGenericCreate     0x1001c9b9    0x3c  Code  Gb  queue.o [2]
xQueueGenericReceive    0x1001cb81    0xfa  Code  Gb  queue.o [2]
xQueueGenericReset      0x1001c959    0x60  Code  Gb  queue.o [2]
xQueueGenericSend       0x1001ca51    0xc4  Code  Gb  queue.o [2]
xQueueGenericSendFromISR
                        0x1001cb15    0x6c  Code  Gb  queue.o [2]
xSchedulerRunning       0x1004dda4     0x4  Data  Lc  tasks.o [2]
xStart                  0x10053760     0x8  Data  Lc  heap_5.o [2]
xSuspendedTaskList      0x1004dd84    0x14  Data  Lc  tasks.o [2]
xTaskCheckForTimeOut    0x100147d3    0x3c  Code  Gb  tasks.o [2]
xTaskGenericCreate      0x10014211   0x118  Code  Gb  tasks.o [2]
xTaskGetSchedulerState  0x1001493b    0x16  Code  Gb  tasks.o [2]
xTaskGetTickCount       0x10014599     0xc  Code  Gb  tasks.o [2]
xTaskIncrementTick      0x100145c5    0xb0  Code  Gb  tasks.o [2]
xTaskPriorityDisinherit
                        0x100149d1    0x6a  Code  Gb  tasks.o [2]
xTaskRemoveFromEventList
                        0x10014769    0x38  Code  Gb  tasks.o [2]
xTaskResumeAll          0x1001450d    0x8c  Code  Gb  tasks.o [2]
xTasksWaitingTermination
                        0x1004dd60    0x14  Data  Lc  tasks.o [2]
xTickCount              0x1004dd9c     0x4  Data  Lc  tasks.o [2]
xTimerCreate            0x1001d31f    0x3a  Code  Gb  timers.o [2]
xTimerCreateTimerTask   0x1001d2ed    0x32  Code  Gb  timers.o [2]
xTimerGenericCommand    0x1001d359    0x46  Code  Gb  timers.o [2]
xTimerIsTimerActive     0x1001d5bb    0x1a  Code  Gb  timers.o [2]
xTimerQueue             0x10053da8     0x4  Data  Lc  timers.o [2]
xYieldPending           0x1004ddac     0x4  Data  Lc  tasks.o [2]
xmit_delivery_enabled_frames
                        0x1002e1bf   0x102  Code  Gb  rtw_xmit.o [8]
xmitframe_addmic        0x1002d3cb   0x18e  Code  Gb  rtw_xmit.o [8]
xmitframe_enqueue_for_sleeping_sta
                        0x1002dd4f   0x154  Code  Gb  rtw_xmit.o [8]
xmitframe_swencrypt     0x1002d55f    0x30  Code  Gb  rtw_xmit.o [8]
xnetif                  0x10053928    0x78  Data  Gb  lwip_netconf.o [2]
z1                      0x10000374     0x4  Data  Lc  rom.o [11]
z2                      0x10000378     0x4  Data  Lc  rom.o [11]
z3                      0x1000037c     0x4  Data  Lc  rom.o [11]
z4                      0x10000380     0x4  Data  Lc  rom.o [11]
zero_bssid              0x100185c8     0x8  Data  Gb  rtw_promisc.o [8]
zeroes                  0x0003ec14    0x10  Data  Lc  rom.o [11]


[1] = D:\工作资料\斐联\sdk-ameba1-v3.4b\project\realtek_ameba1_va0_example\EWARM-RELEASE\..\..\..\component\soc\realtek\8195a\misc\bsp\image
[2] = D:\工作资料\斐联\sdk-ameba1-v3.4b\project\realtek_ameba1_va0_example\EWARM-RELEASE\Debug\Obj
[3] = command line
[4] = dl7M_tln.a
[5] = lib_mdns.a
[6] = lib_platform.a
[7] = lib_rtlstd.a
[8] = lib_wlan.a
[9] = lib_wps.a
[10] = m7M_tl.a
[11] = rom.a
[12] = rt7M_tl.a

  282 816 bytes of readonly  code memory
  276 520 bytes of readwrite code memory
   24 466 bytes of readonly  data memory
  183 150 bytes of readwrite data memory

Errors: none
Warnings: none
