###############################################################################
#
# IAR ELF Linker V7.30.1.7746/W32 for ARM                 26/Feb/2016  18:52:22
# Copyright 2007-2014 IAR Systems AB.
#
#    Output file  =  
#        D:\工作资料\斐联\sdk-ameba1-v3.4b\project\realtek_ameba1_va0_example\EWARM-RELEASE\Debug\Exe\application.axf
#    Map file     =  
#        D:\工作资料\斐联\sdk-ameba1-v3.4b\project\realtek_ameba1_va0_example\EWARM-RELEASE\Debug\List\application.map
#    Command line =  
#        D:\工作资料\斐联\sdk-ameba1-v3.4b\project\realtek_ameba1_va0_example\EWARM-RELEASE\Debug\Obj\ac_api.o
#        D:\工作资料\斐联\sdk-ameba1-v3.4b\project\realtek_ameba1_va0_example\EWARM-RELEASE\Debug\Obj\ac_hal.o
#        D:\工作资料\斐联\sdk-ameba1-v3.4b\project\realtek_ameba1_va0_example\EWARM-RELEASE\Debug\Obj\aes.o
#        D:\工作资料\斐联\sdk-ameba1-v3.4b\project\realtek_ameba1_va0_example\EWARM-RELEASE\Debug\Obj\aes_cbc.o
#        D:\工作资料\斐联\sdk-ameba1-v3.4b\project\realtek_ameba1_va0_example\EWARM-RELEASE\Debug\Obj\aes_core.o
#        D:\工作资料\斐联\sdk-ameba1-v3.4b\project\realtek_ameba1_va0_example\EWARM-RELEASE\Debug\Obj\aesni.o
#        D:\工作资料\斐联\sdk-ameba1-v3.4b\project\realtek_ameba1_va0_example\EWARM-RELEASE\Debug\Obj\analogin_api.o
#        D:\工作资料\斐联\sdk-ameba1-v3.4b\project\realtek_ameba1_va0_example\EWARM-RELEASE\Debug\Obj\api_lib.o
#        D:\工作资料\斐联\sdk-ameba1-v3.4b\project\realtek_ameba1_va0_example\EWARM-RELEASE\Debug\Obj\api_msg.o
#        D:\工作资料\斐联\sdk-ameba1-v3.4b\project\realtek_ameba1_va0_example\EWARM-RELEASE\Debug\Obj\arc4.o
#        D:\工作资料\斐联\sdk-ameba1-v3.4b\project\realtek_ameba1_va0_example\EWARM-RELEASE\Debug\Obj\asn1parse.o
#        D:\工作资料\斐联\sdk-ameba1-v3.4b\project\realtek_ameba1_va0_example\EWARM-RELEASE\Debug\Obj\asn1write.o
#        D:\工作资料\斐联\sdk-ameba1-v3.4b\project\realtek_ameba1_va0_example\EWARM-RELEASE\Debug\Obj\atcmd_google.o
#        D:\工作资料\斐联\sdk-ameba1-v3.4b\project\realtek_ameba1_va0_example\EWARM-RELEASE\Debug\Obj\atcmd_sys.o
#        D:\工作资料\斐联\sdk-ameba1-v3.4b\project\realtek_ameba1_va0_example\EWARM-RELEASE\Debug\Obj\atcmd_wifi.o
#        D:\工作资料\斐联\sdk-ameba1-v3.4b\project\realtek_ameba1_va0_example\EWARM-RELEASE\Debug\Obj\autoip.o
#        D:\工作资料\斐联\sdk-ameba1-v3.4b\project\realtek_ameba1_va0_example\EWARM-RELEASE\Debug\Obj\base64.o
#        D:\工作资料\斐联\sdk-ameba1-v3.4b\project\realtek_ameba1_va0_example\EWARM-RELEASE\Debug\Obj\bignum.o
#        D:\工作资料\斐联\sdk-ameba1-v3.4b\project\realtek_ameba1_va0_example\EWARM-RELEASE\Debug\Obj\blowfish.o
#        D:\工作资料\斐联\sdk-ameba1-v3.4b\project\realtek_ameba1_va0_example\EWARM-RELEASE\Debug\Obj\camellia.o
#        D:\工作资料\斐联\sdk-ameba1-v3.4b\project\realtek_ameba1_va0_example\EWARM-RELEASE\Debug\Obj\ccm.o
#        D:\工作资料\斐联\sdk-ameba1-v3.4b\project\realtek_ameba1_va0_example\EWARM-RELEASE\Debug\Obj\certs.o
#        D:\工作资料\斐联\sdk-ameba1-v3.4b\project\realtek_ameba1_va0_example\EWARM-RELEASE\Debug\Obj\cipher.o
#        D:\工作资料\斐联\sdk-ameba1-v3.4b\project\realtek_ameba1_va0_example\EWARM-RELEASE\Debug\Obj\cipher_wrap.o
#        D:\工作资料\斐联\sdk-ameba1-v3.4b\project\realtek_ameba1_va0_example\EWARM-RELEASE\Debug\Obj\cJSON.o
#        D:\工作资料\斐联\sdk-ameba1-v3.4b\project\realtek_ameba1_va0_example\EWARM-RELEASE\Debug\Obj\cmsis_os.o
#        D:\工作资料\斐联\sdk-ameba1-v3.4b\project\realtek_ameba1_va0_example\EWARM-RELEASE\Debug\Obj\crc.o
#        D:\工作资料\斐联\sdk-ameba1-v3.4b\project\realtek_ameba1_va0_example\EWARM-RELEASE\Debug\Obj\croutine.o
#        D:\工作资料\斐联\sdk-ameba1-v3.4b\project\realtek_ameba1_va0_example\EWARM-RELEASE\Debug\Obj\ctr_drbg.o
#        D:\工作资料\斐联\sdk-ameba1-v3.4b\project\realtek_ameba1_va0_example\EWARM-RELEASE\Debug\Obj\debug.o
#        D:\工作资料\斐联\sdk-ameba1-v3.4b\project\realtek_ameba1_va0_example\EWARM-RELEASE\Debug\Obj\def.o
#        D:\工作资料\斐联\sdk-ameba1-v3.4b\project\realtek_ameba1_va0_example\EWARM-RELEASE\Debug\Obj\des.o
#        D:\工作资料\斐联\sdk-ameba1-v3.4b\project\realtek_ameba1_va0_example\EWARM-RELEASE\Debug\Obj\dhcp.o
#        D:\工作资料\斐联\sdk-ameba1-v3.4b\project\realtek_ameba1_va0_example\EWARM-RELEASE\Debug\Obj\dhcps.o
#        D:\工作资料\斐联\sdk-ameba1-v3.4b\project\realtek_ameba1_va0_example\EWARM-RELEASE\Debug\Obj\dhm.o
#        D:\工作资料\斐联\sdk-ameba1-v3.4b\project\realtek_ameba1_va0_example\EWARM-RELEASE\Debug\Obj\dma_api.o
#        D:\工作资料\斐联\sdk-ameba1-v3.4b\project\realtek_ameba1_va0_example\EWARM-RELEASE\Debug\Obj\dns.o
#        D:\工作资料\斐联\sdk-ameba1-v3.4b\project\realtek_ameba1_va0_example\EWARM-RELEASE\Debug\Obj\ecdh.o
#        D:\工作资料\斐联\sdk-ameba1-v3.4b\project\realtek_ameba1_va0_example\EWARM-RELEASE\Debug\Obj\ecdsa.o
#        D:\工作资料\斐联\sdk-ameba1-v3.4b\project\realtek_ameba1_va0_example\EWARM-RELEASE\Debug\Obj\ecp.o
#        D:\工作资料\斐联\sdk-ameba1-v3.4b\project\realtek_ameba1_va0_example\EWARM-RELEASE\Debug\Obj\ecp_curves.o
#        D:\工作资料\斐联\sdk-ameba1-v3.4b\project\realtek_ameba1_va0_example\EWARM-RELEASE\Debug\Obj\efuse1_api.o
#        D:\工作资料\斐联\sdk-ameba1-v3.4b\project\realtek_ameba1_va0_example\EWARM-RELEASE\Debug\Obj\efuse2_api.o
#        D:\工作资料\斐联\sdk-ameba1-v3.4b\project\realtek_ameba1_va0_example\EWARM-RELEASE\Debug\Obj\efuse3_api.o
#        D:\工作资料\斐联\sdk-ameba1-v3.4b\project\realtek_ameba1_va0_example\EWARM-RELEASE\Debug\Obj\entropy.o
#        D:\工作资料\斐联\sdk-ameba1-v3.4b\project\realtek_ameba1_va0_example\EWARM-RELEASE\Debug\Obj\entropy_poll.o
#        D:\工作资料\斐联\sdk-ameba1-v3.4b\project\realtek_ameba1_va0_example\EWARM-RELEASE\Debug\Obj\err.o
#        D:\工作资料\斐联\sdk-ameba1-v3.4b\project\realtek_ameba1_va0_example\EWARM-RELEASE\Debug\Obj\error.o
#        D:\工作资料\斐联\sdk-ameba1-v3.4b\project\realtek_ameba1_va0_example\EWARM-RELEASE\Debug\Obj\etharp.o
#        D:\工作资料\斐联\sdk-ameba1-v3.4b\project\realtek_ameba1_va0_example\EWARM-RELEASE\Debug\Obj\ethernetif.o
#        D:\工作资料\斐联\sdk-ameba1-v3.4b\project\realtek_ameba1_va0_example\EWARM-RELEASE\Debug\Obj\event_groups.o
#        D:\工作资料\斐联\sdk-ameba1-v3.4b\project\realtek_ameba1_va0_example\EWARM-RELEASE\Debug\Obj\example_entry.o
#        D:\工作资料\斐联\sdk-ameba1-v3.4b\project\realtek_ameba1_va0_example\EWARM-RELEASE\Debug\Obj\example_google.o
#        D:\工作资料\斐联\sdk-ameba1-v3.4b\project\realtek_ameba1_va0_example\EWARM-RELEASE\Debug\Obj\example_mcast.o
#        D:\工作资料\斐联\sdk-ameba1-v3.4b\project\realtek_ameba1_va0_example\EWARM-RELEASE\Debug\Obj\example_mdns.o
#        D:\工作资料\斐联\sdk-ameba1-v3.4b\project\realtek_ameba1_va0_example\EWARM-RELEASE\Debug\Obj\example_socket_select.o
#        D:\工作资料\斐联\sdk-ameba1-v3.4b\project\realtek_ameba1_va0_example\EWARM-RELEASE\Debug\Obj\example_ssl_download.o
#        D:\工作资料\斐联\sdk-ameba1-v3.4b\project\realtek_ameba1_va0_example\EWARM-RELEASE\Debug\Obj\example_wlan_fast_connect.o
#        D:\工作资料\斐联\sdk-ameba1-v3.4b\project\realtek_ameba1_va0_example\EWARM-RELEASE\Debug\Obj\example_xml.o
#        D:\工作资料\斐联\sdk-ameba1-v3.4b\project\realtek_ameba1_va0_example\EWARM-RELEASE\Debug\Obj\flash_api.o
#        D:\工作资料\斐联\sdk-ameba1-v3.4b\project\realtek_ameba1_va0_example\EWARM-RELEASE\Debug\Obj\freertos_pmu.o
#        D:\工作资料\斐联\sdk-ameba1-v3.4b\project\realtek_ameba1_va0_example\EWARM-RELEASE\Debug\Obj\freertos_service.o
#        D:\工作资料\斐联\sdk-ameba1-v3.4b\project\realtek_ameba1_va0_example\EWARM-RELEASE\Debug\Obj\gcm.o
#        D:\工作资料\斐联\sdk-ameba1-v3.4b\project\realtek_ameba1_va0_example\EWARM-RELEASE\Debug\Obj\gpio_api.o
#        D:\工作资料\斐联\sdk-ameba1-v3.4b\project\realtek_ameba1_va0_example\EWARM-RELEASE\Debug\Obj\gpio_irq_api.o
#        D:\工作资料\斐联\sdk-ameba1-v3.4b\project\realtek_ameba1_va0_example\EWARM-RELEASE\Debug\Obj\hal_32k.o
#        D:\工作资料\斐联\sdk-ameba1-v3.4b\project\realtek_ameba1_va0_example\EWARM-RELEASE\Debug\Obj\hal_adc.o
#        D:\工作资料\斐联\sdk-ameba1-v3.4b\project\realtek_ameba1_va0_example\EWARM-RELEASE\Debug\Obj\hal_gdma.o
#        D:\工作资料\斐联\sdk-ameba1-v3.4b\project\realtek_ameba1_va0_example\EWARM-RELEASE\Debug\Obj\hal_gpio.o
#        D:\工作资料\斐联\sdk-ameba1-v3.4b\project\realtek_ameba1_va0_example\EWARM-RELEASE\Debug\Obj\hal_i2c.o
#        D:\工作资料\斐联\sdk-ameba1-v3.4b\project\realtek_ameba1_va0_example\EWARM-RELEASE\Debug\Obj\hal_i2s.o
#        D:\工作资料\斐联\sdk-ameba1-v3.4b\project\realtek_ameba1_va0_example\EWARM-RELEASE\Debug\Obj\hal_mii.o
#        D:\工作资料\斐联\sdk-ameba1-v3.4b\project\realtek_ameba1_va0_example\EWARM-RELEASE\Debug\Obj\hal_nfc.o
#        D:\工作资料\斐联\sdk-ameba1-v3.4b\project\realtek_ameba1_va0_example\EWARM-RELEASE\Debug\Obj\hal_pcm.o
#        D:\工作资料\斐联\sdk-ameba1-v3.4b\project\realtek_ameba1_va0_example\EWARM-RELEASE\Debug\Obj\hal_pwm.o
#        D:\工作资料\斐联\sdk-ameba1-v3.4b\project\realtek_ameba1_va0_example\EWARM-RELEASE\Debug\Obj\hal_sdr_controller.o
#        D:\工作资料\斐联\sdk-ameba1-v3.4b\project\realtek_ameba1_va0_example\EWARM-RELEASE\Debug\Obj\hal_soc_ps_monitor.o
#        D:\工作资料\斐联\sdk-ameba1-v3.4b\project\realtek_ameba1_va0_example\EWARM-RELEASE\Debug\Obj\hal_ssi.o
#        D:\工作资料\斐联\sdk-ameba1-v3.4b\project\realtek_ameba1_va0_example\EWARM-RELEASE\Debug\Obj\hal_timer.o
#        D:\工作资料\斐联\sdk-ameba1-v3.4b\project\realtek_ameba1_va0_example\EWARM-RELEASE\Debug\Obj\hal_uart.o
#        D:\工作资料\斐联\sdk-ameba1-v3.4b\project\realtek_ameba1_va0_example\EWARM-RELEASE\Debug\Obj\havege.o
#        D:\工作资料\斐联\sdk-ameba1-v3.4b\project\realtek_ameba1_va0_example\EWARM-RELEASE\Debug\Obj\heap_5.o
#        D:\工作资料\斐联\sdk-ameba1-v3.4b\project\realtek_ameba1_va0_example\EWARM-RELEASE\Debug\Obj\hmac_drbg.o
#        D:\工作资料\斐联\sdk-ameba1-v3.4b\project\realtek_ameba1_va0_example\EWARM-RELEASE\Debug\Obj\i2c_api.o
#        D:\工作资料\斐联\sdk-ameba1-v3.4b\project\realtek_ameba1_va0_example\EWARM-RELEASE\Debug\Obj\i2s_api.o
#        D:\工作资料\斐联\sdk-ameba1-v3.4b\project\realtek_ameba1_va0_example\EWARM-RELEASE\Debug\Obj\icmp.o
#        D:\工作资料\斐联\sdk-ameba1-v3.4b\project\realtek_ameba1_va0_example\EWARM-RELEASE\Debug\Obj\igmp.o
#        D:\工作资料\斐联\sdk-ameba1-v3.4b\project\realtek_ameba1_va0_example\EWARM-RELEASE\Debug\Obj\inet.o
#        D:\工作资料\斐联\sdk-ameba1-v3.4b\project\realtek_ameba1_va0_example\EWARM-RELEASE\Debug\Obj\inet_chksum.o
#        D:\工作资料\斐联\sdk-ameba1-v3.4b\project\realtek_ameba1_va0_example\EWARM-RELEASE\Debug\Obj\init.o
#        D:\工作资料\斐联\sdk-ameba1-v3.4b\project\realtek_ameba1_va0_example\EWARM-RELEASE\Debug\Obj\ip.o
#        D:\工作资料\斐联\sdk-ameba1-v3.4b\project\realtek_ameba1_va0_example\EWARM-RELEASE\Debug\Obj\ip_addr.o
#        D:\工作资料\斐联\sdk-ameba1-v3.4b\project\realtek_ameba1_va0_example\EWARM-RELEASE\Debug\Obj\ip_frag.o
#        D:\工作资料\斐联\sdk-ameba1-v3.4b\component\soc\realtek\8195a\misc\bsp\lib\common\IAR\lib_mdns.a
#        D:\工作资料\斐联\sdk-ameba1-v3.4b\component\soc\realtek\8195a\misc\bsp\lib\common\IAR\lib_platform.a
#        D:\工作资料\斐联\sdk-ameba1-v3.4b\component\soc\realtek\8195a\misc\bsp\lib\common\IAR\lib_rtlstd.a
#        D:\工作资料\斐联\sdk-ameba1-v3.4b\component\soc\realtek\8195a\misc\bsp\lib\common\IAR\lib_wlan.a
#        D:\工作资料\斐联\sdk-ameba1-v3.4b\component\soc\realtek\8195a\misc\bsp\lib\common\IAR\lib_wps.a
#        D:\工作资料\斐联\sdk-ameba1-v3.4b\project\realtek_ameba1_va0_example\EWARM-RELEASE\Debug\Obj\list.o
#        D:\工作资料\斐联\sdk-ameba1-v3.4b\project\realtek_ameba1_va0_example\EWARM-RELEASE\Debug\Obj\log_service.o
#        D:\工作资料\斐联\sdk-ameba1-v3.4b\project\realtek_ameba1_va0_example\EWARM-RELEASE\Debug\Obj\low_level_io.o
#        D:\工作资料\斐联\sdk-ameba1-v3.4b\project\realtek_ameba1_va0_example\EWARM-RELEASE\Debug\Obj\lwip_intf.o
#        D:\工作资料\斐联\sdk-ameba1-v3.4b\project\realtek_ameba1_va0_example\EWARM-RELEASE\Debug\Obj\lwip_netconf.o
#        D:\工作资料\斐联\sdk-ameba1-v3.4b\project\realtek_ameba1_va0_example\EWARM-RELEASE\Debug\Obj\lwip_timers.o
#        D:\工作资料\斐联\sdk-ameba1-v3.4b\project\realtek_ameba1_va0_example\EWARM-RELEASE\Debug\Obj\mailbox.o
#        D:\工作资料\斐联\sdk-ameba1-v3.4b\project\realtek_ameba1_va0_example\EWARM-RELEASE\Debug\Obj\main.o
#        D:\工作资料\斐联\sdk-ameba1-v3.4b\project\realtek_ameba1_va0_example\EWARM-RELEASE\Debug\Obj\md.o
#        D:\工作资料\斐联\sdk-ameba1-v3.4b\project\realtek_ameba1_va0_example\EWARM-RELEASE\Debug\Obj\md2.o
#        D:\工作资料\斐联\sdk-ameba1-v3.4b\project\realtek_ameba1_va0_example\EWARM-RELEASE\Debug\Obj\md4.o
#        D:\工作资料\斐联\sdk-ameba1-v3.4b\project\realtek_ameba1_va0_example\EWARM-RELEASE\Debug\Obj\md5.o
#        D:\工作资料\斐联\sdk-ameba1-v3.4b\project\realtek_ameba1_va0_example\EWARM-RELEASE\Debug\Obj\md_wrap.o
#        D:\工作资料\斐联\sdk-ameba1-v3.4b\project\realtek_ameba1_va0_example\EWARM-RELEASE\Debug\Obj\mDNSPlatform.o
#        D:\工作资料\斐联\sdk-ameba1-v3.4b\project\realtek_ameba1_va0_example\EWARM-RELEASE\Debug\Obj\mem.o
#        D:\工作资料\斐联\sdk-ameba1-v3.4b\project\realtek_ameba1_va0_example\EWARM-RELEASE\Debug\Obj\memory_buffer_alloc.o
#        D:\工作资料\斐联\sdk-ameba1-v3.4b\project\realtek_ameba1_va0_example\EWARM-RELEASE\Debug\Obj\memp.o
#        D:\工作资料\斐联\sdk-ameba1-v3.4b\project\realtek_ameba1_va0_example\EWARM-RELEASE\Debug\Obj\net.o
#        D:\工作资料\斐联\sdk-ameba1-v3.4b\project\realtek_ameba1_va0_example\EWARM-RELEASE\Debug\Obj\netbuf.o
#        D:\工作资料\斐联\sdk-ameba1-v3.4b\project\realtek_ameba1_va0_example\EWARM-RELEASE\Debug\Obj\netdb.o
#        D:\工作资料\斐联\sdk-ameba1-v3.4b\project\realtek_ameba1_va0_example\EWARM-RELEASE\Debug\Obj\netif.o
#        D:\工作资料\斐联\sdk-ameba1-v3.4b\project\realtek_ameba1_va0_example\EWARM-RELEASE\Debug\Obj\netifapi.o
#        D:\工作资料\斐联\sdk-ameba1-v3.4b\project\realtek_ameba1_va0_example\EWARM-RELEASE\Debug\Obj\nfc_api.o
#        D:\工作资料\斐联\sdk-ameba1-v3.4b\project\realtek_ameba1_va0_example\EWARM-RELEASE\Debug\Obj\oid.o
#        D:\工作资料\斐联\sdk-ameba1-v3.4b\project\realtek_ameba1_va0_example\EWARM-RELEASE\Debug\Obj\osdep_api.o
#        D:\工作资料\斐联\sdk-ameba1-v3.4b\project\realtek_ameba1_va0_example\EWARM-RELEASE\Debug\Obj\osdep_service.o
#        D:\工作资料\斐联\sdk-ameba1-v3.4b\project\realtek_ameba1_va0_example\EWARM-RELEASE\Debug\Obj\padlock.o
#        D:\工作资料\斐联\sdk-ameba1-v3.4b\project\realtek_ameba1_va0_example\EWARM-RELEASE\Debug\Obj\pbkdf2.o
#        D:\工作资料\斐联\sdk-ameba1-v3.4b\project\realtek_ameba1_va0_example\EWARM-RELEASE\Debug\Obj\pbuf.o
#        D:\工作资料\斐联\sdk-ameba1-v3.4b\project\realtek_ameba1_va0_example\EWARM-RELEASE\Debug\Obj\pem.o
#        D:\工作资料\斐联\sdk-ameba1-v3.4b\project\realtek_ameba1_va0_example\EWARM-RELEASE\Debug\Obj\ping_test.o
#        D:\工作资料\斐联\sdk-ameba1-v3.4b\project\realtek_ameba1_va0_example\EWARM-RELEASE\Debug\Obj\pinmap.o
#        D:\工作资料\斐联\sdk-ameba1-v3.4b\project\realtek_ameba1_va0_example\EWARM-RELEASE\Debug\Obj\pinmap_common.o
#        D:\工作资料\斐联\sdk-ameba1-v3.4b\project\realtek_ameba1_va0_example\EWARM-RELEASE\Debug\Obj\pk.o
#        D:\工作资料\斐联\sdk-ameba1-v3.4b\project\realtek_ameba1_va0_example\EWARM-RELEASE\Debug\Obj\pk_wrap.o
#        D:\工作资料\斐联\sdk-ameba1-v3.4b\project\realtek_ameba1_va0_example\EWARM-RELEASE\Debug\Obj\pkcs11.o
#        D:\工作资料\斐联\sdk-ameba1-v3.4b\project\realtek_ameba1_va0_example\EWARM-RELEASE\Debug\Obj\pkcs12.o
#        D:\工作资料\斐联\sdk-ameba1-v3.4b\project\realtek_ameba1_va0_example\EWARM-RELEASE\Debug\Obj\pkcs5.o
#        D:\工作资料\斐联\sdk-ameba1-v3.4b\project\realtek_ameba1_va0_example\EWARM-RELEASE\Debug\Obj\pkparse.o
#        D:\工作资料\斐联\sdk-ameba1-v3.4b\project\realtek_ameba1_va0_example\EWARM-RELEASE\Debug\Obj\pkwrite.o
#        D:\工作资料\斐联\sdk-ameba1-v3.4b\project\realtek_ameba1_va0_example\EWARM-RELEASE\Debug\Obj\platform.o
#        D:\工作资料\斐联\sdk-ameba1-v3.4b\project\realtek_ameba1_va0_example\EWARM-RELEASE\Debug\Obj\port.o
#        D:\工作资料\斐联\sdk-ameba1-v3.4b\project\realtek_ameba1_va0_example\EWARM-RELEASE\Debug\Obj\port_api.o
#        D:\工作资料\斐联\sdk-ameba1-v3.4b\project\realtek_ameba1_va0_example\EWARM-RELEASE\Debug\Obj\portasm.o
#        D:\工作资料\斐联\sdk-ameba1-v3.4b\project\realtek_ameba1_va0_example\EWARM-RELEASE\Debug\Obj\pwmout_api.o
#        D:\工作资料\斐联\sdk-ameba1-v3.4b\project\realtek_ameba1_va0_example\EWARM-RELEASE\Debug\Obj\queue.o
#        D:\工作资料\斐联\sdk-ameba1-v3.4b\project\realtek_ameba1_va0_example\EWARM-RELEASE\Debug\Obj\raw.o
#        D:\工作资料\斐联\sdk-ameba1-v3.4b\project\realtek_ameba1_va0_example\EWARM-RELEASE\Debug\Obj\ripemd160.o
#        D:\工作资料\斐联\sdk-ameba1-v3.4b\component\soc\realtek\8195a\misc\bsp\lib\va0\rom.a
#        D:\工作资料\斐联\sdk-ameba1-v3.4b\project\realtek_ameba1_va0_example\EWARM-RELEASE\Debug\Obj\rom_ssl_ram_map.o
#        D:\工作资料\斐联\sdk-ameba1-v3.4b\project\realtek_ameba1_va0_example\EWARM-RELEASE\Debug\Obj\rsa.o
#        D:\工作资料\斐联\sdk-ameba1-v3.4b\project\realtek_ameba1_va0_example\EWARM-RELEASE\Debug\Obj\rtc_api.o
#        D:\工作资料\斐联\sdk-ameba1-v3.4b\project\realtek_ameba1_va0_example\EWARM-RELEASE\Debug\Obj\rtl8195a_adc.o
#        D:\工作资料\斐联\sdk-ameba1-v3.4b\project\realtek_ameba1_va0_example\EWARM-RELEASE\Debug\Obj\rtl8195a_gdma.o
#        D:\工作资料\斐联\sdk-ameba1-v3.4b\project\realtek_ameba1_va0_example\EWARM-RELEASE\Debug\Obj\rtl8195a_gpio.o
#        D:\工作资料\斐联\sdk-ameba1-v3.4b\project\realtek_ameba1_va0_example\EWARM-RELEASE\Debug\Obj\rtl8195a_i2c.o
#        D:\工作资料\斐联\sdk-ameba1-v3.4b\project\realtek_ameba1_va0_example\EWARM-RELEASE\Debug\Obj\rtl8195a_i2s.o
#        D:\工作资料\斐联\sdk-ameba1-v3.4b\project\realtek_ameba1_va0_example\EWARM-RELEASE\Debug\Obj\rtl8195a_it.o
#        D:\工作资料\斐联\sdk-ameba1-v3.4b\project\realtek_ameba1_va0_example\EWARM-RELEASE\Debug\Obj\rtl8195a_nfc.o
#        D:\工作资料\斐联\sdk-ameba1-v3.4b\project\realtek_ameba1_va0_example\EWARM-RELEASE\Debug\Obj\rtl8195a_pwm.o
#        D:\工作资料\斐联\sdk-ameba1-v3.4b\project\realtek_ameba1_va0_example\EWARM-RELEASE\Debug\Obj\rtl8195a_ssi.o
#        D:\工作资料\斐联\sdk-ameba1-v3.4b\project\realtek_ameba1_va0_example\EWARM-RELEASE\Debug\Obj\rtl8195a_timer.o
#        D:\工作资料\斐联\sdk-ameba1-v3.4b\project\realtek_ameba1_va0_example\EWARM-RELEASE\Debug\Obj\rtl8195a_uart.o
#        D:\工作资料\斐联\sdk-ameba1-v3.4b\project\realtek_ameba1_va0_example\EWARM-RELEASE\Debug\Obj\rtl_consol.o
#        D:\工作资料\斐联\sdk-ameba1-v3.4b\project\realtek_ameba1_va0_example\EWARM-RELEASE\Debug\Obj\serial_api.o
#        D:\工作资料\斐联\sdk-ameba1-v3.4b\project\realtek_ameba1_va0_example\EWARM-RELEASE\Debug\Obj\sha1.o
#        D:\工作资料\斐联\sdk-ameba1-v3.4b\project\realtek_ameba1_va0_example\EWARM-RELEASE\Debug\Obj\sha256.o
#        D:\工作资料\斐联\sdk-ameba1-v3.4b\project\realtek_ameba1_va0_example\EWARM-RELEASE\Debug\Obj\sha512.o
#        D:\工作资料\斐联\sdk-ameba1-v3.4b\project\realtek_ameba1_va0_example\EWARM-RELEASE\Debug\Obj\sleep.o
#        D:\工作资料\斐联\sdk-ameba1-v3.4b\project\realtek_ameba1_va0_example\EWARM-RELEASE\Debug\Obj\sockets.o
#        D:\工作资料\斐联\sdk-ameba1-v3.4b\project\realtek_ameba1_va0_example\EWARM-RELEASE\Debug\Obj\spi_api.o
#        D:\工作资料\斐联\sdk-ameba1-v3.4b\project\realtek_ameba1_va0_example\EWARM-RELEASE\Debug\Obj\ssl_cache.o
#        D:\工作资料\斐联\sdk-ameba1-v3.4b\project\realtek_ameba1_va0_example\EWARM-RELEASE\Debug\Obj\ssl_ciphersuites.o
#        D:\工作资料\斐联\sdk-ameba1-v3.4b\project\realtek_ameba1_va0_example\EWARM-RELEASE\Debug\Obj\ssl_cli.o
#        D:\工作资料\斐联\sdk-ameba1-v3.4b\project\realtek_ameba1_va0_example\EWARM-RELEASE\Debug\Obj\ssl_client.o
#        D:\工作资料\斐联\sdk-ameba1-v3.4b\project\realtek_ameba1_va0_example\EWARM-RELEASE\Debug\Obj\ssl_ram_map.o
#        D:\工作资料\斐联\sdk-ameba1-v3.4b\project\realtek_ameba1_va0_example\EWARM-RELEASE\Debug\Obj\ssl_srv.o
#        D:\工作资料\斐联\sdk-ameba1-v3.4b\project\realtek_ameba1_va0_example\EWARM-RELEASE\Debug\Obj\ssl_tls.o
#        D:\工作资料\斐联\sdk-ameba1-v3.4b\project\realtek_ameba1_va0_example\EWARM-RELEASE\Debug\Obj\stats.o
#        D:\工作资料\斐联\sdk-ameba1-v3.4b\project\realtek_ameba1_va0_example\EWARM-RELEASE\Debug\Obj\sys.o
#        D:\工作资料\斐联\sdk-ameba1-v3.4b\project\realtek_ameba1_va0_example\EWARM-RELEASE\Debug\Obj\sys_api.o
#        D:\工作资料\斐联\sdk-ameba1-v3.4b\project\realtek_ameba1_va0_example\EWARM-RELEASE\Debug\Obj\sys_arch.o
#        D:\工作资料\斐联\sdk-ameba1-v3.4b\project\realtek_ameba1_va0_example\EWARM-RELEASE\Debug\Obj\system_8195a.o
#        D:\工作资料\斐联\sdk-ameba1-v3.4b\project\realtek_ameba1_va0_example\EWARM-RELEASE\Debug\Obj\tasks.o
#        D:\工作资料\斐联\sdk-ameba1-v3.4b\project\realtek_ameba1_va0_example\EWARM-RELEASE\Debug\Obj\tcm_heap.o
#        D:\工作资料\斐联\sdk-ameba1-v3.4b\project\realtek_ameba1_va0_example\EWARM-RELEASE\Debug\Obj\tcp.o
#        D:\工作资料\斐联\sdk-ameba1-v3.4b\project\realtek_ameba1_va0_example\EWARM-RELEASE\Debug\Obj\tcp_in.o
#        D:\工作资料\斐联\sdk-ameba1-v3.4b\project\realtek_ameba1_va0_example\EWARM-RELEASE\Debug\Obj\tcp_out.o
#        D:\工作资料\斐联\sdk-ameba1-v3.4b\project\realtek_ameba1_va0_example\EWARM-RELEASE\Debug\Obj\tcpip.o
#        D:\工作资料\斐联\sdk-ameba1-v3.4b\project\realtek_ameba1_va0_example\EWARM-RELEASE\Debug\Obj\tcptest.o
#        D:\工作资料\斐联\sdk-ameba1-v3.4b\project\realtek_ameba1_va0_example\EWARM-RELEASE\Debug\Obj\threading.o
#        D:\工作资料\斐联\sdk-ameba1-v3.4b\project\realtek_ameba1_va0_example\EWARM-RELEASE\Debug\Obj\timer_api.o
#        D:\工作资料\斐联\sdk-ameba1-v3.4b\project\realtek_ameba1_va0_example\EWARM-RELEASE\Debug\Obj\timers.o
#        D:\工作资料\斐联\sdk-ameba1-v3.4b\project\realtek_ameba1_va0_example\EWARM-RELEASE\Debug\Obj\timing.o
#        D:\工作资料\斐联\sdk-ameba1-v3.4b\project\realtek_ameba1_va0_example\EWARM-RELEASE\Debug\Obj\uart_adapter.o
#        D:\工作资料\斐联\sdk-ameba1-v3.4b\project\realtek_ameba1_va0_example\EWARM-RELEASE\Debug\Obj\uart_socket.o
#        D:\工作资料\斐联\sdk-ameba1-v3.4b\project\realtek_ameba1_va0_example\EWARM-RELEASE\Debug\Obj\udp.o
#        D:\工作资料\斐联\sdk-ameba1-v3.4b\project\realtek_ameba1_va0_example\EWARM-RELEASE\Debug\Obj\update.o
#        D:\工作资料\斐联\sdk-ameba1-v3.4b\project\realtek_ameba1_va0_example\EWARM-RELEASE\Debug\Obj\us_ticker.o
#        D:\工作资料\斐联\sdk-ameba1-v3.4b\project\realtek_ameba1_va0_example\EWARM-RELEASE\Debug\Obj\us_ticker_api.o
#        D:\工作资料\斐联\sdk-ameba1-v3.4b\project\realtek_ameba1_va0_example\EWARM-RELEASE\Debug\Obj\version.o
#        D:\工作资料\斐联\sdk-ameba1-v3.4b\project\realtek_ameba1_va0_example\EWARM-RELEASE\Debug\Obj\version_features.o
#        D:\工作资料\斐联\sdk-ameba1-v3.4b\project\realtek_ameba1_va0_example\EWARM-RELEASE\Debug\Obj\wait_api.o
#        D:\工作资料\斐联\sdk-ameba1-v3.4b\project\realtek_ameba1_va0_example\EWARM-RELEASE\Debug\Obj\wdt_api.o
#        D:\工作资料\斐联\sdk-ameba1-v3.4b\project\realtek_ameba1_va0_example\EWARM-RELEASE\Debug\Obj\webserver.o
#        D:\工作资料\斐联\sdk-ameba1-v3.4b\project\realtek_ameba1_va0_example\EWARM-RELEASE\Debug\Obj\wifi_conf.o
#        D:\工作资料\斐联\sdk-ameba1-v3.4b\project\realtek_ameba1_va0_example\EWARM-RELEASE\Debug\Obj\wifi_ind.o
#        D:\工作资料\斐联\sdk-ameba1-v3.4b\project\realtek_ameba1_va0_example\EWARM-RELEASE\Debug\Obj\wifi_interactive_mode.o
#        D:\工作资料\斐联\sdk-ameba1-v3.4b\project\realtek_ameba1_va0_example\EWARM-RELEASE\Debug\Obj\wifi_promisc.o
#        D:\工作资料\斐联\sdk-ameba1-v3.4b\project\realtek_ameba1_va0_example\EWARM-RELEASE\Debug\Obj\wifi_simple_config.o
#        D:\工作资料\斐联\sdk-ameba1-v3.4b\project\realtek_ameba1_va0_example\EWARM-RELEASE\Debug\Obj\wifi_util.o
#        D:\工作资料\斐联\sdk-ameba1-v3.4b\project\realtek_ameba1_va0_example\EWARM-RELEASE\Debug\Obj\wifi_wps_config.o
#        D:\工作资料\斐联\sdk-ameba1-v3.4b\project\realtek_ameba1_va0_example\EWARM-RELEASE\Debug\Obj\wlan_network.o
#        D:\工作资料\斐联\sdk-ameba1-v3.4b\project\realtek_ameba1_va0_example\EWARM-RELEASE\Debug\Obj\x509.o
#        D:\工作资料\斐联\sdk-ameba1-v3.4b\project\realtek_ameba1_va0_example\EWARM-RELEASE\Debug\Obj\x509_create.o
#        D:\工作资料\斐联\sdk-ameba1-v3.4b\project\realtek_ameba1_va0_example\EWARM-RELEASE\Debug\Obj\x509_crl.o
#        D:\工作资料\斐联\sdk-ameba1-v3.4b\project\realtek_ameba1_va0_example\EWARM-RELEASE\Debug\Obj\x509_crt.o
#        D:\工作资料\斐联\sdk-ameba1-v3.4b\project\realtek_ameba1_va0_example\EWARM-RELEASE\Debug\Obj\x509_csr.o
#        D:\工作资料\斐联\sdk-ameba1-v3.4b\project\realtek_ameba1_va0_example\EWARM-RELEASE\Debug\Obj\x509write_crt.o
#        D:\工作资料\斐联\sdk-ameba1-v3.4b\project\realtek_ameba1_va0_example\EWARM-RELEASE\Debug\Obj\x509write_csr.o
#        D:\工作资料\斐联\sdk-ameba1-v3.4b\project\realtek_ameba1_va0_example\EWARM-RELEASE\Debug\Obj\xml.o
#        D:\工作资料\斐联\sdk-ameba1-v3.4b\project\realtek_ameba1_va0_example\EWARM-RELEASE\Debug\Obj\xtea.o
#        D:\工作资料\斐联\sdk-ameba1-v3.4b\project\realtek_ameba1_va0_example\EWARM-RELEASE\Debug\Obj\zc_bc.o
#        D:\工作资料\斐联\sdk-ameba1-v3.4b\project\realtek_ameba1_va0_example\EWARM-RELEASE\Debug\Obj\zc_client_manager.o
#        D:\工作资料\斐联\sdk-ameba1-v3.4b\project\realtek_ameba1_va0_example\EWARM-RELEASE\Debug\Obj\zc_cloud_event.o
#        D:\工作资料\斐联\sdk-ameba1-v3.4b\project\realtek_ameba1_va0_example\EWARM-RELEASE\Debug\Obj\zc_common.o
#        D:\工作资料\斐联\sdk-ameba1-v3.4b\project\realtek_ameba1_va0_example\EWARM-RELEASE\Debug\Obj\zc_configuration.o
#        D:\工作资料\斐联\sdk-ameba1-v3.4b\project\realtek_ameba1_va0_example\EWARM-RELEASE\Debug\Obj\zc_hf_adpter.o
#        D:\工作资料\斐联\sdk-ameba1-v3.4b\project\realtek_ameba1_va0_example\EWARM-RELEASE\Debug\Obj\zc_message_queue.o
#        D:\工作资料\斐联\sdk-ameba1-v3.4b\project\realtek_ameba1_va0_example\EWARM-RELEASE\Debug\Obj\zc_moudle_manager.o
#        D:\工作资料\斐联\sdk-ameba1-v3.4b\project\realtek_ameba1_va0_example\EWARM-RELEASE\Debug\Obj\zc_protocol_controller.o
#        D:\工作资料\斐联\sdk-ameba1-v3.4b\project\realtek_ameba1_va0_example\EWARM-RELEASE\Debug\Obj\zc_sec_engine.o
#        D:\工作资料\斐联\sdk-ameba1-v3.4b\project\realtek_ameba1_va0_example\EWARM-RELEASE\Debug\Obj\zc_timer.o
#        -o
#        D:\工作资料\斐联\sdk-ameba1-v3.4b\project\realtek_ameba1_va0_example\EWARM-RELEASE\Debug\Exe\application.axf
#        --redirect _Printf=_PrintfTiny --redirect _Scanf=_ScanfSmallNoMb
#        --keep bootloader --keep gImage2EntryFun0 --keep RAM_IMG2_VALID_PATTEN
#        --image_input=D:\工作资料\斐联\sdk-ameba1-v3.4b\project\realtek_ameba1_va0_example\EWARM-RELEASE\..\..\..\component\soc\realtek\8195a\misc\bsp\image\ram_1.r.bin,bootloader,LOADER,4
#        --map
#        D:\工作资料\斐联\sdk-ameba1-v3.4b\project\realtek_ameba1_va0_example\EWARM-RELEASE\Debug\List\application.map
#        --log veneers --log_file
#        D:\工作资料\斐联\sdk-ameba1-v3.4b\project\realtek_ameba1_va0_example\EWARM-RELEASE\Debug\List\application.log
#        --config
#        D:\工作资料\斐联\sdk-ameba1-v3.4b\project\realtek_ameba1_va0_example\EWARM-RELEASE\image2.icf
#        --diag_suppress Lt009,Lp005,Lp006 --entry Reset_Handler
#        --no_exceptions --no_vfe
#
###############################################################################

*******************************************************************************
*** RUNTIME MODEL ATTRIBUTES
***

CppFlavor       = *
__Heap_Handler  = DLMalloc
__SystemLibrary = DLib


*******************************************************************************
*** PLACEMENT SUMMARY
***

"A1":  place at start of [0x00000000-0x000fffff] { ro, section .rom };
"A2":  place at start of [0x10000000-0x10005fff] {
          rw, block .vector_table, block .user_vector_table,
          block .user_data_table, block .rom.bss, block IMAGE1 };
"A3":  place at start of [0x10006000-0x1006ffff] {
          rw, block IMAGE2, block .ram.bss };
"A4":  place at end of [0x10006000-0x1006ffff] { rw, block .bf_data };
"A6":  place at start of [0x1fff0000-0x1fffffff] { rw, overlay TCM_overlay };

  Section                 Kind        Address     Size  Object
  -------                 ----        -------     ----  ------
"A1":                                          0x43828
  .rom                    ro code  0x00000000  0x43828  rom.o [11]
                                 - 0x00043828  0x43828

"A2":                                           0x4294
  .vector_table                    0x10000000    0x100  <Block>
    .ram_dedecated_vector_table
                          const    0x10000000    0x100  rom.o [11]
  .user_vector_table               0x10000100    0x100  <Block>
    .ram_user_define_irq_table
                          const    0x10000100    0x100  rom.o [11]
  .user_data_table                 0x10000200    0x100  <Block>
    .ram_user_define_data_table
                          const    0x10000200    0x100  rom.o [11]
  .rom.bss                         0x10000300    0x8c8  <Block>
    .hal.ram.bss          const    0x10000300     0x58  rom.o [11]
    .timer2_7_vector_table.data
                          const    0x10000358     0x18  rom.o [11]
    .infra.ram.bss        const    0x10000370     0x14  rom.o [11]
    .mon.ram.bss          zero     0x10000384    0x324  rtl_consol.o [2]
    .mon.ram.bss          zero     0x100006a8      0x4  rtl_consol.o [2]
    .mon.ram.bss          zero     0x100006ac     0x28  rtl_consol.o [2]
    .wlan_ram_map         const    0x100006d4      0x8  rom_wlan_ram_map.o [11]
    .wlan_ram_map         const    0x100006e0     0x80  rom.o [11]
    .libc.ram.bss         const    0x10000760    0x468  rom.o [11]
  IMAGE1                           0x10000bc8   0x36cc  <Block>
    LOADER                const    0x10000bc8   0x36cc  ram_1.r.bin [1]
                                 - 0x10004294   0x4294

"A3":                                          0x577f8
  IMAGE2                           0x10006000  0x4cce0  <Block>
    .image2.start.table1           0x10006000      0x4  <Block>
      .image2.ram.data    const    0x10006000      0x4  startup.o [6]
    .image2.start.table2           0x10006004     0x34  <Block>
      .image2.validate.rodata
                          const    0x10006004     0x14  startup.o [6]
      .custom.validate.rodata
                          const    0x10006018     0x20  update.o [2]
    .ram_image2.text               0x10006038  0x49cdc  <Block>
      Veneer              ro code  0x10006038      0x8  - Linker created -
      Veneer              ro code  0x10006040      0x8  - Linker created -
      Veneer              ro code  0x10006048      0x8  - Linker created -
      .infra.ram.start    ro code  0x10006050    0x12c  startup.o [6]
      .rodata             const    0x1000617c   0x1000  aes_core.o [2]
      .rodata             const    0x1000717c     0x60  atcmd_sys.o [2]
      .rodata             const    0x100071dc    0x1a8  atcmd_wifi.o [2]
      .rodata             const    0x10007384    0x124  freertos_service.o [2]
      .rodata             const    0x100074a8      0x8  ip_addr.o [2]
      .rodata             const    0x100074b0     0x10  log_service.o [2]
      .rodata             const    0x100074c0     0xa4  rtw_mlme_ext.o [8]
      .rodata             const    0x10007564     0x10  lxbus_hci_intf.o [8]
      .rodata             const    0x10007574   0x116c  rom_rtw_message.o [8]
      .rodata             const    0x100086e0      0x8  rtw_wlan_util.o [8]
      .rodata             const    0x100086e8     0xc4  dh_groups.o [9]
      .rodata             const    0x100087ac    0x270  phydm_PowerTracking.o [8]
      .rodata             const    0x10008a1c     0x80  HalHWImg8195A_RF.o [8]
      .rodata             const    0x10008a9c      0x0  zero_init3.o [12]
      CPP_INIT                     0x10008a9c      0x0  <Block>
        SHT$$PREINIT_ARRAY
                                   0x10008a9c      0x0  <Block>
        SHT$$INIT_ARRAY            0x10008a9c      0x0  <Block>
      Veneer              ro code  0x10008a9c      0x8  - Linker created -
      Veneer              ro code  0x10008aa4      0x8  - Linker created -
      Veneer              ro code  0x10008aac      0x8  - Linker created -
      Veneer              ro code  0x10008ab4      0x8  - Linker created -
      Veneer              ro code  0x10008abc      0x8  - Linker created -
      Veneer              ro code  0x10008ac4      0x8  - Linker created -
      .mon.ram.text       ro code  0x10008acc    0x1b4  rtl_consol.o [2]
      Veneer              ro code  0x10008c80      0x8  - Linker created -
      Veneer              ro code  0x10008c88      0x8  - Linker created -
      Veneer              ro code  0x10008c90      0x8  - Linker created -
      .hal.flash.text     ro code  0x10008c98    0xe78  hal_spi_flash_ram.o [6]
      Veneer              ro code  0x10009b10      0x8  - Linker created -
      Veneer              ro code  0x10009b18      0x8  - Linker created -
      .hal.gpio.text      ro code  0x10009b20     0x74  hal_gpio.o [2]
      .text               ro code  0x10009b94     0x48  main.o [2]
      .text               ro code  0x10009bdc    0x24a  ac_api.o [2]
      .text               ro code  0x10009e26      0x6  rtl8195a_recv.o [8]
      .text               ro code  0x10009e2c     0x76  ABImemcpy_unaligned.o [12]
      .text               ro code  0x10009ea2     0x1e  xsscin.o [4]
      .text               ro code  0x10009ec0     0x46  crc.o [2]
      .text               ro code  0x10009f06     0x1a  xsnprout.o [4]
      .text               ro code  0x10009f20    0x29c  zc_moudle_manager.o [2]
      .text               ro code  0x1000a1bc    0x1f8  ac_hal.o [2]
      .text               ro code  0x1000a3b4    0x1b0  zc_cloud_event.o [2]
      .text               ro code  0x1000a564     0x78  ABImemmove_unaligned.o [12]
      .text               ro code  0x1000a5dc    0x318  zc_configuration.o [2]
      .text               ro code  0x1000a8f4    0x1b2  aes_cbc.o [2]
      .text               ro code  0x1000aaa6     0x22  zero_init3.o [12]
      .text               ro code  0x1000aac8    0xdec  zc_protocol_controller.o [2]
      .text               ro code  0x1000b8b4    0x11c  zc_timer.o [2]
      .text               ro code  0x1000b9d0    0x1d0  zc_common.o [2]
      .text               ro code  0x1000bba0     0x3a  ABImemset48.o [12]
      .text               ro code  0x1000bbda     0x22  sys.o [2]
      .text               ro code  0x1000bbfc   0x2286  aes_core.o [2]
      .text               ro code  0x1000de84    0x258  zc_message_queue.o [2]
      .text               ro code  0x1000e0dc    0x2ca  zc_client_manager.o [2]
      .text               ro code  0x1000e3a8     0x62  memcmp_unaligned.o [12]
      .text               ro code  0x1000e40c     0xe0  rand.o [4]
      .text               ro code  0x1000e4ec    0xfa4  zc_hf_adpter.o [2]
      .text               ro code  0x1000f490    0x478  zc_sec_engine.o [2]
      .text               ro code  0x1000f908    0x1ea  sys_arch.o [2]
      .text               ro code  0x1000faf2      0x2  xtls.o [4]
      .text               ro code  0x1000faf4    0x2e0  flash_api.o [2]
      Veneer              ro code  0x1000fdd4      0x8  - Linker created -
      Veneer              ro code  0x1000fddc      0x8  - Linker created -
      Veneer              ro code  0x1000fde4      0x8  - Linker created -
      Veneer              ro code  0x1000fdec      0x8  - Linker created -
      Veneer              ro code  0x1000fdf4      0x8  - Linker created -
      Veneer              ro code  0x1000fdfc      0x8  - Linker created -
      Veneer              ro code  0x1000fe04      0x8  - Linker created -
      Veneer              ro code  0x1000fe0c      0x8  - Linker created -
      Veneer              ro code  0x1000fe14      0x8  - Linker created -
      Veneer              ro code  0x1000fe1c      0x8  - Linker created -
      Veneer              ro code  0x1000fe24      0x8  - Linker created -
      Veneer              ro code  0x1000fe2c      0x8  - Linker created -
      Veneer              ro code  0x1000fe34      0x8  - Linker created -
      .text               ro code  0x1000fe3c    0x13c  ram_libc.o [7]
      Veneer              ro code  0x1000ff78      0x8  - Linker created -
      .text               ro code  0x1000ff80    0xaac  update.o [2]
      .text               ro code  0x10010a2c   0x1758  atcmd_wifi.o [2]
      .text               ro code  0x10012184    0xd78  sockets.o [2]
      .text               ro code  0x10012efc    0x118  zc_bc.o [2]
      .text               ro code  0x10013014      0x6  ABImemclr4.o [12]
      .text               ro code  0x1001301c   0x15ac  wifi_conf.o [2]
      .text               ro code  0x100145c8     0x24  sscanf.o [4]
      Veneer              ro code  0x100145ec      0x8  - Linker created -
      Veneer              ro code  0x100145f4      0x8  - Linker created -
      Veneer              ro code  0x100145fc      0x8  - Linker created -
      .text               ro code  0x10014604    0x3b8  sys_api.o [2]
      .text               ro code  0x100149bc     0x26  def.o [2]
      .text               ro code  0x100149e4    0x498  api_lib.o [2]
      .text               ro code  0x10014e7c     0x3c  vsnprint.o [4]
      .text               ro code  0x10014eb8    0x1da  ip_addr.o [2]
      .text               ro code  0x10015094     0xe0  timer_api.o [2]
      .text               ro code  0x10015174    0x720  uart_socket.o [2]
      .text               ro code  0x10015894    0x874  tasks.o [2]
      .text               ro code  0x10016108    0x310  rsa.o [2]
      .text               ro code  0x10016418   0x1586  bignum.o [2]
      .text               ro code  0x1001799e    0x4a2  queue.o [2]
      .text               ro code  0x10017e40    0x208  port.o [2]
      Veneer              ro code  0x10018048      0x8  - Linker created -
      .text               ro code  0x10018050    0x104  ram_libgloss_retarget.o [7]
      .text               ro code  0x10018154     0x18  cmsis_os.o [2]
      .text               ro code  0x1001816c    0x1c0  heap_5.o [2]
      .text               ro code  0x1001832c    0x142  netif.o [2]
      .text               ro code  0x10018470    0xc90  wifi_util.o [2]
      .text               ro code  0x10019100    0x65a  dhcps.o [2]
      .text               ro code  0x1001975c    0x358  lwip_netconf.o [2]
      .text               ro code  0x10019ab4    0x3e0  log_service.o [2]
      .text               ro code  0x10019e94    0x22c  ping_test.o [2]
      .text               ro code  0x1001a0c0    0x480  wifi_promisc.o [2]
      .text               ro code  0x1001a540    0xb50  wifi_simple_config.o [2]
      .text               ro code  0x1001b090    0x8c0  wifi_wps_config.o [2]
      .text               ro code  0x1001b950    0xc84  rtk_wlan_if.o [8]
      .text               ro code  0x1001c5d4    0x45e  pbuf.o [2]
      .text               ro code  0x1001ca32     0x74  netbuf.o [2]
      .text               ro code  0x1001caa8    0x1f8  tcpip.o [2]
      .text               ro code  0x1001cca0    0x3b8  igmp.o [2]
      Veneer              ro code  0x1001d058      0x8  - Linker created -
      Veneer              ro code  0x1001d060      0x8  - Linker created -
      Veneer              ro code  0x1001d068      0x8  - Linker created -
      Veneer              ro code  0x1001d070      0x8  - Linker created -
      Veneer              ro code  0x1001d078      0x8  - Linker created -
      Veneer              ro code  0x1001d080      0x8  - Linker created -
      .text               ro code  0x1001d088    0x8a0  rtw_promisc.o [8]
      .text               ro code  0x1001d928    0x56c  osdep_service.o [2]
      .text               ro code  0x1001de94     0xb4  wifi_ind.o [2]
      .text               ro code  0x1001df48    0x514  xscanfsmall_nomb.o [4]
      .text               ro code  0x1001e45c     0x90  osdep_api.o [2]
      Veneer              ro code  0x1001e4ec      0x8  - Linker created -
      Veneer              ro code  0x1001e4f4      0x8  - Linker created -
      Veneer              ro code  0x1001e4fc      0x8  - Linker created -
      Veneer              ro code  0x1001e504      0x8  - Linker created -
      .text               ro code  0x1001e50c     0xf8  hal_log_uart.o [6]
      .text               ro code  0x1001e604    0xbac  api_msg.o [2]
      .text               ro code  0x1001f1b0     0xd0  memp.o [2]
      .text               ro code  0x1001f280    0x150  xprintftiny.o [4]
      Veneer              ro code  0x1001f3d0      0x8  - Linker created -
      Veneer              ro code  0x1001f3d8      0x8  - Linker created -
      Veneer              ro code  0x1001f3e0      0x8  - Linker created -
      .text               ro code  0x1001f3e8    0x448  rtl8195a_timer.o [2]
      Veneer              ro code  0x1001f830      0x8  - Linker created -
      .text               ro code  0x1001f838    0x448  serial_api.o [2]
      .text               ro code  0x1001fc80     0x8e  list.o [2]
      .text               ro code  0x1001fd10    0x2f4  timers.o [2]
      Veneer              ro code  0x10020004      0x8  - Linker created -
      .text               ro code  0x1002000c     0xc4  freertos_pmu.o [2]
      .text               ro code  0x100200d0      0x6  ABImemclr.o [12]
      .text               ro code  0x100200d8    0xb2c  tcp.o [2]
      .text               ro code  0x10020c04    0x6c8  etharp.o [2]
      .text               ro code  0x100212cc    0x410  udp.o [2]
      .text               ro code  0x100216dc    0xc16  dhcp.o [2]
      .text               ro code  0x100222f4    0x2c2  autoip.o [2]
      .text               ro code  0x100225b6    0x132  inet_chksum.o [2]
      Veneer              ro code  0x100226e8      0x8  - Linker created -
      Veneer              ro code  0x100226f0      0x8  - Linker created -
      Veneer              ro code  0x100226f8      0x8  - Linker created -
      Veneer              ro code  0x10022700      0x8  - Linker created -
      Veneer              ro code  0x10022708      0x8  - Linker created -
      .text               ro code  0x10022710    0xc34  wifi_simple_config_parser.o [8]
      Veneer              ro code  0x10023344      0x8  - Linker created -
      .text               ro code  0x1002334c     0x84  os_freertos.o [9]
      Veneer              ro code  0x100233d0      0x8  - Linker created -
      Veneer              ro code  0x100233d8      0x8  - Linker created -
      Veneer              ro code  0x100233e0      0x8  - Linker created -
      Veneer              ro code  0x100233e8      0x8  - Linker created -
      .text               ro code  0x100233f0    0x3c8  wps_common.o [9]
      .text               ro code  0x100237b8    0x580  freertos_service.o [2]
      .text               ro code  0x10023d38    0x350  freertos_skbuff.o [8]
      .text               ro code  0x10024088    0xa80  freertos_intfs.o [8]
      .text               ro code  0x10024b08    0x268  lwip_intf.o [2]
      .text               ro code  0x10024d70    0x260  mem.o [2]
      .text               ro code  0x10024fd0    0x234  lwip_timers.o [2]
      .text               ro code  0x10025204    0x358  ip.o [2]
      .text               ro code  0x1002555c     0x2e  init.o [2]
      .text               ro code  0x1002558c    0x710  rtw_pwrctrl.o [8]
      .text               ro code  0x10025c9c    0x3d8  hal_intf.o [8]
      Veneer              ro code  0x10026074      0x8  - Linker created -
      .text               ro code  0x1002607c   0x11b8  rtw_recv.o [8]
      Veneer              ro code  0x10027234      0x8  - Linker created -
      .text               ro code  0x1002723c   0x14a4  rtw_mlme.o [8]
      .text               ro code  0x100286e0    0x14a  tcm_heap.o [2]
      .text               ro code  0x1002882c     0x16  strchr.o [12]
      .text               ro code  0x10028842     0x86  xstol.o [4]
      .text               ro code  0x100288c8    0x19c  xstoul.o [4]
      .text               ro code  0x10028a64    0x174  raw.o [2]
      .text               ro code  0x10028bd8    0xa4a  tcp_out.o [2]
      .text               ro code  0x10029624    0x4a4  dns.o [2]
      .text               ro code  0x10029ac8     0x36  strlen.o [12]
      .text               ro code  0x10029b00     0xfc  pinmap_common.o [2]
      Veneer              ro code  0x10029bfc      0x8  - Linker created -
      .text               ro code  0x10029c04    0x588  hal_uart.o [2]
      .text               ro code  0x1002a18c    0x19c  hal_gdma.o [2]
      .text               ro code  0x1002a328     0x30  us_ticker.o [2]
      Veneer              ro code  0x1002a358      0x8  - Linker created -
      .text               ro code  0x1002a360    0x1b8  gpio_api.o [2]
      .text               ro code  0x1002a518     0x38  hal_pinmux.o [6]
      .text               ro code  0x1002a550     0x14  sleep.o [2]
      .text               ro code  0x1002a564     0x66  ABImemset.o [12]
      .text               ro code  0x1002a5cc    0x188  icmp.o [2]
      .text               ro code  0x1002a754     0x36  dh_group5.o [9]
      .text               ro code  0x1002a78c     0xea  wpabuf.o [9]
      Veneer              ro code  0x1002a878      0x8  - Linker created -
      .text               ro code  0x1002a880    0x334  wps_attr_build.o [9]
      Veneer              ro code  0x1002abb4      0x8  - Linker created -
      .text               ro code  0x1002abbc   0x25f0  freertos_ioctl.o [8]
      .text               ro code  0x1002d1ac    0xf50  rtw_cmd.o [8]
      .text               ro code  0x1002e0fc     0x60  netdev.o [8]
      .text               ro code  0x1002e15c    0xa8c  lxbus_halinit.o [8]
      .text               ro code  0x1002ebe8    0x370  rtw_intfs.o [8]
      Veneer              ro code  0x1002ef58      0x8  - Linker created -
      Veneer              ro code  0x1002ef60      0x8  - Linker created -
      Veneer              ro code  0x1002ef68      0x8  - Linker created -
      Veneer              ro code  0x1002ef70      0x8  - Linker created -
      Veneer              ro code  0x1002ef78      0x8  - Linker created -
      .text               ro code  0x1002ef80   0x159c  rtw_ap.o [8]
      Veneer              ro code  0x1003051c      0x8  - Linker created -
      Veneer              ro code  0x10030524      0x8  - Linker created -
      Veneer              ro code  0x1003052c      0x8  - Linker created -
      .text               ro code  0x10030534   0x4704  rtw_mlme_ext.o [8]
      .text               ro code  0x10034c38    0x1f2  rtw_ieee80211.o [8]
      .text               ro code  0x10034e2c     0x38  hci_intfs.o [8]
      .text               ro code  0x10034e64    0x14c  ethernetif.o [2]
      .text               ro code  0x10034fb0    0x4f4  ip_frag.o [2]
      .text               ro code  0x100354a4    0xeac  tcp_in.o [2]
      .text               ro code  0x10036350    0xf64  rtw_wlan_util.o [8]
      .text               ro code  0x100372b4     0x54  rtw_io.o [8]
      .text               ro code  0x10037308   0x1af8  rtl8195a_pmu_task.o [8]
      .text               ro code  0x10038e00    0xb0c  hal_com.o [8]
      .text               ro code  0x1003990c    0x1f4  freertos_recv.o [8]
      Veneer              ro code  0x10039b00      0x8  - Linker created -
      Veneer              ro code  0x10039b08      0x8  - Linker created -
      Veneer              ro code  0x10039b10      0x8  - Linker created -
      Veneer              ro code  0x10039b18      0x8  - Linker created -
      Veneer              ro code  0x10039b20      0x8  - Linker created -
      Veneer              ro code  0x10039b28      0x8  - Linker created -
      .text               ro code  0x10039b30    0x30c  rtw_security.o [8]
      .text               ro code  0x10039e3c    0x5ec  rtw_sta_mgt.o [8]
      Veneer              ro code  0x1003a428      0x8  - Linker created -
      Veneer              ro code  0x1003a430      0x8  - Linker created -
      Veneer              ro code  0x1003a438      0x8  - Linker created -
      .text               ro code  0x1003a440   0x1644  rtw_xmit.o [8]
      .text               ro code  0x1003ba84    0xf1c  lxbus_ops.o [8]
      .text               ro code  0x1003c9a0     0xfa  freertos_xmit.o [8]
      .text               ro code  0x1003ca9c    0x55a  rtw_ioctl_set.o [8]
      .text               ro code  0x1003cff8      0xc  errno.o [4]
      .text               ro code  0x1003d004     0x58  memchr.o [12]
      Veneer              ro code  0x1003d05c      0x8  - Linker created -
      Veneer              ro code  0x1003d064      0x8  - Linker created -
      Veneer              ro code  0x1003d06c      0x8  - Linker created -
      Veneer              ro code  0x1003d074      0x8  - Linker created -
      Veneer              ro code  0x1003d07c      0x8  - Linker created -
      .text               ro code  0x1003d084    0xcac  rtl8195a_uart.o [2]
      Veneer              ro code  0x1003dd30      0x8  - Linker created -
      .text               ro code  0x1003dd38    0x80c  hal_soc_ps_monitor.o [2]
      .text               ro code  0x1003e544      0x2  pinmap.o [2]
      .text               ro code  0x1003e548     0xfe  dh_groups.o [9]
      .text               ro code  0x1003e648    0x158  random.o [9]
      Veneer              ro code  0x1003e7a0      0x8  - Linker created -
      Veneer              ro code  0x1003e7a8      0x8  - Linker created -
      Veneer              ro code  0x1003e7b0      0x8  - Linker created -
      Veneer              ro code  0x1003e7b8      0x8  - Linker created -
      Veneer              ro code  0x1003e7c0      0x8  - Linker created -
      Veneer              ro code  0x1003e7c8      0x8  - Linker created -
      Veneer              ro code  0x1003e7d0      0x8  - Linker created -
      .text               ro code  0x1003e7d8   0x19bc  rtw_psk.o [8]
      .text               ro code  0x10040194   0x18b4  hal_com_phycfg.o [8]
      Veneer              ro code  0x10041a48      0x8  - Linker created -
      Veneer              ro code  0x10041a50      0x8  - Linker created -
      .text               ro code  0x10041a58    0x67c  rtw_efuse.o [8]
      Veneer              ro code  0x100420d4      0x8  - Linker created -
      .text               ro code  0x100420dc   0x24fc  rtl8195a_hal_init.o [8]
      Veneer              ro code  0x100445d8      0x8  - Linker created -
      Veneer              ro code  0x100445e0      0x8  - Linker created -
      Veneer              ro code  0x100445e8      0x8  - Linker created -
      .text               ro code  0x100445f0    0x9c4  rtl8195a_phycfg.o [8]
      .text               ro code  0x10044fb4    0x526  rtl8195a_dm.o [8]
      .text               ro code  0x100454dc   0x1844  HalPhyRf_8195A.o [8]
      .text               ro code  0x10046d20     0xdc  HalPwrSeqCmd.o [8]
      .text               ro code  0x10046dfc     0x18  wlan_ram_map.o [8]
      .text               ro code  0x10046e14    0x3a4  PhyDM_Adaptivity.o [8]
      .text               ro code  0x100471b8    0x776  Hal8195ARateAdaptive.o [8]
      .text               ro code  0x10047930    0x8f4  rtl8195a_xmit.o [8]
      .text               ro code  0x10048224    0x2bc  rtl8195a_rxdesc.o [8]
      Veneer              ro code  0x100484e0      0x8  - Linker created -
      .text               ro code  0x100484e8    0x3b0  rtl8195a_gdma.o [2]
      Veneer              ro code  0x10048898      0x8  - Linker created -
      Veneer              ro code  0x100488a0      0x8  - Linker created -
      Veneer              ro code  0x100488a8      0x8  - Linker created -
      Veneer              ro code  0x100488b0      0x8  - Linker created -
      Veneer              ro code  0x100488b8      0x8  - Linker created -
      .text               ro code  0x100488c0     0x9a  crypto_internal-modexp.o [9]
      .text               ro code  0x1004895c    0x548  rtl8195a_cmd.o [8]
      .text               ro code  0x10048ea4    0x398  phydm_RaInfo.o [8]
      Veneer              ro code  0x1004923c      0x8  - Linker created -
      .text               ro code  0x10049244    0x4b6  phydm_DIG.o [8]
      .text               ro code  0x100496fc    0x3e0  phydm.o [8]
      Veneer              ro code  0x10049adc      0x8  - Linker created -
      Veneer              ro code  0x10049ae4      0x8  - Linker created -
      .text               ro code  0x10049aec    0x3fc  phydm_HWConfig.o [8]
      .text               ro code  0x10049ee8    0x170  rtl8195a_rf6052.o [8]
      .text               ro code  0x1004a058     0x58  phydm_interface.o [8]
      .text               ro code  0x1004a0b0    0x4f4  HalPhyRf.o [8]
      .text               ro code  0x1004a5a4    0x17c  rtl8195a_pmu_cmd.o [8]
      Veneer              ro code  0x1004a720      0x8  - Linker created -
      Veneer              ro code  0x1004a728      0x8  - Linker created -
      Veneer              ro code  0x1004a730      0x8  - Linker created -
      .text               ro code  0x1004a738     0x7c  phydm_CfoTracking.o [8]
      .text               ro code  0x1004a7b4    0x244  phydm_PowerTracking.o [8]
      .text               ro code  0x1004a9f8     0x14  phydm_debug.o [8]
      .text               ro code  0x1004aa0c     0x1e  U64Shr.o [12]
      .text               ro code  0x1004aa2c    0x1e0  HalHWImg8195A_RF.o [8]
      .text               ro code  0x1004ac0c    0x1d8  HalHWImg8195A_BB.o [8]
      .text               ro code  0x1004ade4    0x134  HalHWImg8195A_MAC.o [8]
      .text               ro code  0x1004af18     0xda  phydm_RegConfig8195A.o [8]
      .text               ro code  0x1004aff4    0x126  analogin_api.o [2]
      .text               ro code  0x1004b11c    0x7d4  hal_adc.o [2]
      Veneer              ro code  0x1004b8f0      0x8  - Linker created -
      Veneer              ro code  0x1004b8f8      0x8  - Linker created -
      Veneer              ro code  0x1004b900      0x8  - Linker created -
      .text               ro code  0x1004b908    0xe0c  atcmd_sys.o [2]
      .text               ro code  0x1004c714     0x1c  example_entry.o [2]
      .text               ro code  0x1004c730    0x1d4  example_wlan_fast_connect.o [2]
      .text               ro code  0x1004c904     0x24  printf.o [4]
      .text               ro code  0x1004c928     0x90  hal_32k.o [2]
      .text               ro code  0x1004c9b8     0x3c  hal_timer.o [2]
      .text               ro code  0x1004c9f4    0x318  rtl8195a_adc.o [2]
      Veneer              ro code  0x1004cd0c      0x8  - Linker created -
      Veneer              ro code  0x1004cd14      0x8  - Linker created -
      .text               ro code  0x1004cd1c     0x90  rtl_consol.o [2]
      .text               ro code  0x1004cdac     0x6c  strncpy_unaligned.o [12]
      .text               ro code  0x1004ce18     0x14  system_8195a.o [2]
      .text               ro code  0x1004ce2c     0xdc  wlan_network.o [2]
      Veneer              ro code  0x1004cf08      0x8  - Linker created -
      Veneer              ro code  0x1004cf10      0x8  - Linker created -
      .text               ro code  0x1004cf18    0x1f8  startup.o [6]
      Veneer              ro code  0x1004d110      0x8  - Linker created -
      .text               ro code  0x1004d118     0x24  hal_crypto.o [6]
      .text               ro code  0x1004d13c     0x78  freertos_isr.o [8]
      .text               ro code  0x1004d1b4    0x598  wps_protocol_handler.o [9]
      .text               ro code  0x1004d74c    0x3a0  eap_wsc.o [9]
      .text               ro code  0x1004daec    0x1a4  wps.o [9]
      .text               ro code  0x1004dc90    0x11c  eap_common.o [9]
      .text               ro code  0x1004ddac     0x3e  eap_wsc_common.o [9]
      .text               ro code  0x1004ddec    0x2f8  wps_dev_attr.o [9]
      .text               ro code  0x1004e0e4    0xa4e  wps_enrollee.o [9]
      .text               ro code  0x1004eb32    0x476  wps_attr_parse.o [9]
      .text               ro code  0x1004efa8    0x1c6  wps_attr_process.o [9]
      .text               ro code  0x1004f16e    0x838  wps_validate.o [9]
      .text               ro code  0x1004f9a8     0x10  hal_common.o [6]
      .text               ro code  0x1004f9b8     0x24  app_start.o [6]
      .text               ro code  0x1004f9dc    0x124  lxbus_hci_intf.o [8]
      .text               ro code  0x1004fb00     0x58  lxbus_intf.o [8]
      .text               ro code  0x1004fb58     0x28  data_init.o [12]
      .text               ro code  0x1004fb80     0x2c  low_level_io.o [2]
      .text               ro code  0x1004fbac      0x4  rtl8195a_led.o [8]
      .text               ro code  0x1004fbb0     0x16  xprout.o [4]
      .text               ro code  0x1004fbc6     0x28  putchar.o [4]
      CODE                ro code  0x1004fbf0     0x94  portasm.o [2]
      __DLIB_PERTHREAD    const    0x1004fc84     0x8c  rand.o [4]
      __DLIB_PERTHREAD    const    0x1004fd10      0x4  errno.o [4]
    .ram.data                      0x1004fd14   0x2fcc  <Block>
      .data.log_init               0x1004fd14      0xc  <Block>
        .data.log_init    const    0x1004fd14      0x4  atcmd_sys.o [2]
        .data.log_init    const    0x1004fd18      0x4  atcmd_wifi.o [2]
        .data.log_init    const    0x1004fd1c      0x4  log_service.o [2]
      .data               const    0x1004fd20     0x80  ac_hal.o [2]
      .data               const    0x1004fda0      0x8  atcmd_sys.o [2]
      .data               const    0x1004fda8     0xc0  atcmd_sys.o [2]
      .data               const    0x1004fe68    0x180  atcmd_wifi.o [2]
      .data               const    0x1004ffe8     0x78  dhcps.o [2]
      .data               const    0x10050060      0x4  freertos_pmu.o [2]
      .data               const    0x10050064      0xc  freertos_pmu.o [2]
      .data               const    0x10050070      0x4  freertos_service.o [2]
      .data               const    0x10050074     0x20  log_service.o [2]
      .data               const    0x10050094      0x4  port.o [2]
      .data               const    0x10050098      0x4  system_8195a.o [2]
      .data               const    0x1005009c     0x9c  tasks.o [2]
      .data               const    0x10050138     0x20  tcp.o [2]
      .data               const    0x10050158      0x8  udp.o [2]
      .data               const    0x10050160     0x10  wifi_conf.o [2]
      .data               const    0x10050170    0x1f4  zc_configuration.o [2]
      .data               const    0x10050364     0x14  zc_hf_adpter.o [2]
      .data               const    0x10050378      0x8  zc_hf_adpter.o [2]
      .data               const    0x10050380      0x8  rtw_psk.o [8]
      .data               const    0x10050388     0xd4  wifi_simple_config_parser.o [8]
      .data               const    0x1005045c      0x8  wifi_simple_config_parser.o [8]
      .data               const    0x10050464     0xa8  rtw_mlme_ext.o [8]
      .data               const    0x1005050c     0x38  freertos_ioctl.o [8]
      .data               const    0x10050544    0x1b0  rom_rtw_message.o [8]
      .data               const    0x100506f4      0x8  rtw_xmit.o [8]
      .data               const    0x100506fc     0x40  Hal8195ARateAdaptive.o [8]
      .data               const    0x1005073c     0x40  Hal8195ARateAdaptive.o [8]
      .data               const    0x1005077c     0x14  Hal8195ARateAdaptive.o [8]
      .data               const    0x10050790     0xa0  Hal8195APwrSeq.o [8]
      .data               const    0x10050830     0xa0  Hal8195APwrSeq.o [8]
      .data               const    0x100508d0     0x14  dh_groups.o [9]
      .data               const    0x100508e4    0x210  HalHWImg8195A_BB.o [8]
      .data               const    0x10050af4    0x678  HalHWImg8195A_BB.o [8]
      .data               const    0x1005116c     0x90  HalHWImg8195A_BB.o [8]
      .data               const    0x100511fc    0x308  HalHWImg8195A_MAC.o [8]
      .data               const    0x10051504    0x3a0  HalHWImg8195A_RF.o [8]
      .data               const    0x100518a4     0x80  HalHWImg8195A_RF.o [8]
      .data               const    0x10051924     0x80  HalHWImg8195A_RF.o [8]
      .data               const    0x100519a4     0x80  HalHWImg8195A_RF.o [8]
      .data               const    0x10051a24   0x1260  HalHWImg8195A_RF.o [8]
      .data               const    0x10052c84      0x2  tcp.o [2]
      .iar.init_table     const    0x10052c88     0x58  - Linker created -
  .ram.bss                         0x10052ce0   0xab18  <Block>
    .bss                  zero     0x10052ce0    0x500  hal_crypto.o [6]
    .bss                  zero     0x100531e0    0x340  rtw_mlme_ext.o [8]
    .bss                  zero     0x10053520      0x8  ac_hal.o [2]
    .bss                  zero     0x10053528    0x200  ac_hal.o [2]
    .bss                  zero     0x10053728      0x8  ac_hal.o [2]
    .bss                  zero     0x10053730     0x38  atcmd_wifi.o [2]
    .bss                  zero     0x10053768     0x78  atcmd_wifi.o [2]
    .bss                  zero     0x100537e0      0x4  atcmd_wifi.o [2]
    .bss                  zero     0x100537e4    0x1b8  bignum.o [2]
    .bss                  zero     0x1005399c   0x16b0  bignum.o [2]
    .bss                  zero     0x1005504c     0x34  dhcp.o [2]
    .bss                  zero     0x10055080      0x4  dhcp.o [2]
    .bss                  zero     0x10055084    0x214  dns.o [2]
    .bss                  zero     0x10055298    0x460  dns.o [2]
    .bss                  zero     0x100556f8     0xc8  etharp.o [2]
    .bss                  zero     0x100557c0      0x4  ethernetif.o [2]
    .bss                  zero     0x100557c4      0x4  example_wlan_fast_connect.o [2]
    .bss                  zero     0x100557c8      0xc  hal_adc.o [2]
    .bss                  zero     0x100557d4     0x2c  hal_adc.o [2]
    .bss                  zero     0x10055800    0x290  hal_soc_ps_monitor.o [2]
    .bss                  zero     0x10055a90     0x3c  heap_5.o [2]
    .bss                  zero     0x10055acc      0xc  igmp.o [2]
    .bss                  zero     0x10055ad8     0x10  ip.o [2]
    .bss                  zero     0x10055ae8     0x10  ip_addr.o [2]
    .bss                  zero     0x10055af8      0x8  ip_frag.o [2]
    .bss                  zero     0x10055b00    0x100  log_service.o [2]
    .bss                  zero     0x10055c00     0x70  log_service.o [2]
    .bss                  zero     0x10055c70     0x78  lwip_netconf.o [2]
    .bss                  zero     0x10055ce8      0x4  lwip_timers.o [2]
    .bss                  zero     0x10055cec      0x4  lwip_timers.o [2]
    .bss                  zero     0x10055cf0      0xc  netif.o [2]
    .bss                  zero     0x10055cfc      0x4  osdep_service.o [2]
    .bss                  zero     0x10055d00     0x28  ping_test.o [2]
    .bss                  zero     0x10055d28      0xc  port.o [2]
    .bss                  zero     0x10055d34      0x4  raw.o [2]
    .bss                  zero     0x10055d38    0x108  rsa.o [2]
    .bss                  zero     0x10055e40     0x40  rsa.o [2]
    .bss                  zero     0x10055e80     0x18  rtl8195a_timer.o [2]
    .bss                  zero     0x10055e98     0x18  serial_api.o [2]
    .bss                  zero     0x10055eb0      0xc  serial_api.o [2]
    .bss                  zero     0x10055ebc      0xc  serial_api.o [2]
    .bss                  zero     0x10055ec8     0x28  serial_api.o [2]
    .bss                  zero     0x10055ef0     0xf0  sockets.o [2]
    .bss                  zero     0x10055fe0      0x8  sockets.o [2]
    .bss                  zero     0x10055fe8     0x34  sys_arch.o [2]
    .bss                  zero     0x1005601c     0xdc  tasks.o [2]
    .bss                  zero     0x100560f8      0xc  tcm_heap.o [2]
    .bss                  zero     0x10056104     0x30  tcp_in.o [2]
    .bss                  zero     0x10056134      0xc  tcpip.o [2]
    .bss                  zero     0x10056140     0x38  timers.o [2]
    .bss                  zero     0x10056178      0x4  uart_socket.o [2]
    .bss                  zero     0x1005617c      0x4  update.o [2]
    .bss                  zero     0x10056180     0x24  wifi_conf.o [2]
    .bss                  zero     0x100561a4      0x8  wifi_conf.o [2]
    .bss                  zero     0x100561ac     0x18  wifi_conf.o [2]
    .bss                  zero     0x100561c4    0x150  wifi_ind.o [2]
    .bss                  zero     0x10056314      0x8  wifi_promisc.o [2]
    .bss                  zero     0x1005631c     0x78  wifi_promisc.o [2]
    .bss                  zero     0x10056394     0x40  wifi_simple_config.o [2]
    .bss                  zero     0x100563d4     0x28  wifi_wps_config.o [2]
    .bss                  zero     0x100563fc     0x10  zc_bc.o [2]
    .bss                  zero     0x1005640c     0x28  zc_client_manager.o [2]
    .bss                  zero     0x10056434     0x78  zc_hf_adpter.o [2]
    .bss                  zero     0x100564ac    0x260  zc_hf_adpter.o [2]
    .bss                  zero     0x1005670c    0x260  zc_hf_adpter.o [2]
    .bss                  zero     0x1005696c     0x28  zc_hf_adpter.o [2]
    .bss                  zero     0x10056994    0x720  zc_hf_adpter.o [2]
    .bss                  zero     0x100570b4     0x28  zc_hf_adpter.o [2]
    .bss                  zero     0x100570dc    0x258  zc_hf_adpter.o [2]
    .bss                  zero     0x10057334    0x83c  zc_hf_adpter.o [2]
    .bss                  zero     0x10057b70     0x50  zc_hf_adpter.o [2]
    .bss                  zero     0x10057bc0     0x14  zc_hf_adpter.o [2]
    .bss                  zero     0x10057bd4      0xc  zc_hf_adpter.o [2]
    .bss                  zero     0x10057be0     0x88  zc_protocol_controller.o [2]
    .bss                  zero     0x10057c68     0x50  zc_timer.o [2]
    .bss                  zero     0x10057cb8      0x8  startup.o [6]
    .bss                  zero     0x10057cc0      0x4  ram_libc.o [7]
    .bss                  zero     0x10057cc4     0x40  rtk_wlan_if.o [8]
    .bss                  zero     0x10057d04      0x4  freertos_intfs.o [8]
    .bss                  zero     0x10057d08      0xc  freertos_intfs.o [8]
    .bss                  zero     0x10057d14     0x14  freertos_intfs.o [8]
    .bss                  zero     0x10057d28    0x11c  rtw_psk.o [8]
    .bss                  zero     0x10057e44     0x44  rtw_psk.o [8]
    .bss                  zero     0x10057e88      0x4  freertos_skbuff.o [8]
    .bss                  zero     0x10057e8c    0x1b8  freertos_skbuff.o [8]
    .bss                  zero     0x10058044     0x18  freertos_skbuff.o [8]
    .bss                  zero     0x1005805c      0x4  freertos_isr.o [8]
    .bss                  zero     0x10058060      0x8  rtw_promisc.o [8]
    .bss                  zero     0x10058068      0x4  rtw_mlme.o [8]
    .bss                  zero     0x1005806c      0x4  wifi_simple_config_parser.o [8]
    .bss                  zero     0x10058070     0x10  wps_protocol_handler.o [9]
    .bss                  zero     0x10058080      0x4  ram_libgloss_retarget.o [7]
    .bss                  zero     0x10058084      0x4  rtl8195a_pmu_task.o [8]
    .bss                  zero     0x10058088   0x20e0  lxbus_ops.o [8]
    .bss                  zero     0x1005a168     0x1c  eap_wsc.o [9]
    .bss                  zero     0x1005a184     0x80  random.o [9]
    .bss                  zero     0x1005a204     0x20  random.o [9]
    .bss                  zero     0x1005a224      0x2  hal_gdma.o [2]
    .bss                  zero     0x1005a226      0x2  ip.o [2]
    .bss                  zero     0x1005a228      0x1  dns.o [2]
    .bss                  zero     0x1005a229      0x1  etharp.o [2]
    .bss                  zero     0x1005a22a      0x1  pbuf.o [2]
    .bss                  zero     0x1005a22b      0x1  tcp.o [2]
    .bss                  zero     0x1005a22c      0x1  wifi_promisc.o [2]
    .bss                  zero     0x1005a22d      0x1  zc_hf_adpter.o [2]
    .bss                  zero     0x1005a22e      0x1  rtl8195a_pmu_task.o [8]
    .bss                  zero     0x1005a22f      0x1  rtw_mlme_ext.o [8]
    .bss                  zero     0x1005a230      0x1  lxbus_ops.o [8]
    .hal.flash.data       zero     0x1005a234     0x90  hal_spi_flash_ram.o [6]
    .hal.gpio.data        zero     0x1005a2c4    0x12c  hal_gpio.o [2]
    .bdsram.data          zero     0x1005a3f0   0x3400  freertos_skbuff.o [8]
    .bdsram.data          zero     0x1005d7f0      0x8  freertos_skbuff.o [8]
                                 - 0x1005d7f8  0x577f8

"A4":                                           0xf000
  .bf_data                         0x10061000   0xf000  <Block>
    .bfsram.data          zero     0x10061000   0xf000  heap_5.o [2]
                                 - 0x10070000   0xf000

"A6":                                           0xf4e8
  TCM_overlay                      0x1fff0000   0xf4e8  <Overlay>
    part 1:
      .bss                zero     0x1fff0000   0x1424  mem.o [2]
      .bss                zero     0x1fff1424   0x40c0  memp.o [2]
      .tcm.heap           zero     0x1fff54e4   0xa000  tcm_heap.o [2]
      .heap                        0x1ffff4e4      0x4  <Block>
        .heap.stdlib      zero     0x1ffff4e4      0x1  ram_libgloss_retarget.o [7]
    part 2:
      IMAGE1_DBG                   0x1fff0000   0x24c0  <Block>
        .ram.start.table           0x1fff0000     0x14  <Block>
          .start.ram.data.a
                          const    0x1fff0000      0x4  startup.o [6]
          .start.ram.data.b
                          const    0x1fff0004      0x4  startup.o [6]
          .start.ram.data.c
                          const    0x1fff0008      0x4  startup.o [6]
          .start.ram.data.d
                          const    0x1fff000c      0x4  startup.o [6]
          .start.ram.data.e
                          const    0x1fff0010      0x4  startup.o [6]
        .ram_image1.data           0x1fff0014   0x14d0  <Block>
          .image1.validate.rodata
                          const    0x1fff0014      0x8  startup.o [6]
          .cutb.ram.data  const    0x1fff001c     0x10  hal_sdr_controller.o [2]
          .cutb.ram.data  const    0x1fff002c     0x1c  hal_sdr_controller.o [2]
          .cutb.ram.data  const    0x1fff0048     0x34  hal_sdr_controller.o [2]
          .cutb.ram.data  const    0x1fff007c     0x14  hal_sdr_controller.o [2]
          .cutb.ram.data  const    0x1fff0090      0x4  hal_sdr_controller.o [2]
          .cutb.ram.data  zero     0x1fff0094   0x1000  hal_sdr_controller.o [2]
          .hal.ram.data   const    0x1fff1098    0x430  rom.o [11]
          .hal.ram.data   const    0x1fff14c8      0xc  hal_sdr_controller.o [2]
          .hal.ram.data   zero     0x1fff14d4     0x10  startup.o [6]
        .ram_image1.bss            0x1fff14e4      0x0  <Block>
        .ram_image1.text           0x1fff14e4    0xfdc  <Block>
          Veneer          ro code  0x1fff14e4      0x8  - Linker created -
          Veneer          ro code  0x1fff14ec      0x8  - Linker created -
          Veneer          ro code  0x1fff14f4      0x8  - Linker created -
          Veneer          ro code  0x1fff14fc      0x8  - Linker created -
          Veneer          ro code  0x1fff1504      0x8  - Linker created -
          Veneer          ro code  0x1fff150c      0x8  - Linker created -
          Veneer          ro code  0x1fff1514      0x8  - Linker created -
          Veneer          ro code  0x1fff151c      0x8  - Linker created -
          Veneer          ro code  0x1fff1524      0x8  - Linker created -
          Veneer          ro code  0x1fff152c      0x8  - Linker created -
          Veneer          ro code  0x1fff1534      0x8  - Linker created -
          Veneer          ro code  0x1fff153c      0x8  - Linker created -
          Veneer          ro code  0x1fff1544      0x8  - Linker created -
          Veneer          ro code  0x1fff154c      0x8  - Linker created -
          Veneer          ro code  0x1fff1554      0x8  - Linker created -
          Veneer          ro code  0x1fff155c      0x8  - Linker created -
          Veneer          ro code  0x1fff1564      0x8  - Linker created -
          Veneer          ro code  0x1fff156c      0x8  - Linker created -
          Veneer          ro code  0x1fff1574      0x8  - Linker created -
          Veneer          ro code  0x1fff157c      0x8  - Linker created -
          Veneer          ro code  0x1fff1584      0x8  - Linker created -
          Veneer          ro code  0x1fff158c      0x8  - Linker created -
          Veneer          ro code  0x1fff1594      0x8  - Linker created -
          .hal.ram.text   ro code  0x1fff159c    0x700  startup.o [6]
          Veneer          ro code  0x1fff1c9c      0x8  - Linker created -
          .hal.sdrc.text  ro code  0x1fff1ca4    0x81c  hal_sdr_controller.o [2]
                                 - 0x1ffff4e8   0xf4e8


*******************************************************************************
*** INIT TABLE
***

          Address     Size
          -------     ----
Zero (__iar_zero_init3)
    8 destination ranges, total size 0x2934a:
          0x10000384   0x350
          0x10052ce0  0x7551
          0x1005a234    0x90
          0x1005a2c4   0x12c
          0x1005a3f0  0x3408
          0x10061000  0xf000
          0x1fff0000  0xf4e4
          0x1ffff4e4     0x1



*******************************************************************************
*** MODULE SUMMARY
***

    Module                       ro code  rw code  ro data  rw data
    ------                       -------  -------  -------  -------
D:\工作资料\斐联\sdk-ameba1-v3.4b\project\realtek_ameba1_va0_example\EWARM-RELEASE\..\..\..\component\soc\realtek\8195a\misc\bsp\image: [1]
    ram_1.r.bin                                     14 028
    ---------------------------------------------------------------
    Total:                                          14 028

D:\工作资料\斐联\sdk-ameba1-v3.4b\project\realtek_ameba1_va0_example\EWARM-RELEASE\Debug\Obj: [2]
    ac_api.o                         586
    ac_hal.o                         504                        656
    aes_cbc.o                        434
    aes_core.o                     8 838             4 096
    analogin_api.o                   294
    api_lib.o                      1 176
    api_msg.o                      2 988
    atcmd_sys.o                    3 596                96      204
    atcmd_wifi.o                   5 976               424      568
    autoip.o                         706
    bignum.o                       5 510                      6 248
    cmsis_os.o                        24
    crc.o                             70
    def.o                             38
    dhcp.o                         3 094                         56
    dhcps.o                        1 626                        120
    dns.o                          1 188                      1 653
    etharp.o                       1 736                        201
    ethernetif.o                     332                          4
    example_entry.o                   28
    example_wlan_fast_connect.o      468                          4
    flash_api.o                      736
    freertos_pmu.o                   196                         16
    freertos_service.o             1 408               292        4
    gpio_api.o                       440
    hal_32k.o                        144
    hal_adc.o                      2 004                         56
    hal_gdma.o                       412                          2
    hal_gpio.o                       116                        300
    hal_soc_ps_monitor.o           2 060                        656
    hal_timer.o                       60
    hal_uart.o                     1 416
    heap_5.o                         448                     61 500
    icmp.o                           392
    igmp.o                           952                         12
    inet_chksum.o                    306
    init.o                            46
    ip.o                             856                         18
    ip_addr.o                        474                 8       16
    ip_frag.o                      1 268                          8
    list.o                           142
    log_service.o                    992                16      404
    low_level_io.o                    44
    lwip_intf.o                      616
    lwip_netconf.o                   856                        120
    lwip_timers.o                    564                          8
    main.o                            72
    mem.o                            608
    memp.o                           208
    netbuf.o                         116
    netif.o                          322                         12
    osdep_api.o                      144
    osdep_service.o                1 388                          4
    pbuf.o                         1 118                          1
    ping_test.o                      556                         40
    pinmap.o                           2
    pinmap_common.o                  252
    port.o                           520                         16
    portasm.o                        148
    queue.o                        1 186
    raw.o                            372                          4
    rsa.o                            784                        328
    rtl8195a_adc.o                   792
    rtl8195a_gdma.o                  944
    rtl8195a_timer.o               1 096                         24
    rtl8195a_uart.o                3 244
    rtl_consol.o                     580                        848
    serial_api.o                   1 096                         88
    sleep.o                           20
    sockets.o                      3 448                        248
    sys.o                             34
    sys_api.o                        952
    sys_arch.o                       490                         52
    system_8195a.o                    20                          4
    tasks.o                        2 164                        376
    tcm_heap.o                       330                         12
    tcp.o                          2 860                         35
    tcp_in.o                       3 756                         48
    tcp_out.o                      2 634
    tcpip.o                          504                         12
    timer_api.o                      224
    timers.o                         756                         56
    uart_socket.o                  1 824                          4
    udp.o                          1 040                          8
    update.o                       2 732                32        4
    us_ticker.o                       48
    wifi_conf.o                    5 548                         84
    wifi_ind.o                       180                        336
    wifi_promisc.o                 1 152                        129
    wifi_simple_config.o           2 896                         64
    wifi_util.o                    3 216
    wifi_wps_config.o              2 240                         40
    wlan_network.o                   220
    zc_bc.o                          280                         16
    zc_client_manager.o              714                         40
    zc_cloud_event.o                 432
    zc_common.o                      464
    zc_configuration.o               792                        500
    zc_hf_adpter.o                 4 004                      6 089
    zc_message_queue.o               600
    zc_moudle_manager.o              668
    zc_protocol_controller.o       3 564                        136
    zc_sec_engine.o                1 144
    zc_timer.o                       284                         80
    ---------------------------------------------------------------
    Total:                       123 942             4 964   82 572

command line: [3]
    ---------------------------------------------------------------
    Total:

dl7M_tln.a: [4]
    errno.o                           12                          4
    printf.o                          36
    putchar.o                         40
    rand.o                           224                        140
    sscanf.o                          36
    vsnprint.o                        60
    xprintftiny.o                    336
    xprout.o                          22
    xscanfsmall_nomb.o             1 300
    xsnprout.o                        26
    xsscin.o                          30
[...]
wifi_mode               0x100561a4     0x4  Data  Lc  wifi_conf.o [2]
wifi_no_network_hdl     0x10013327     0xe  Code  Lc  wifi_conf.o [2]
wifi_off                0x10013b6f    0x6a  Code  Gb  wifi_conf.o [2]
wifi_on                 0x10013ae1    0x8e  Code  Gb  wifi_conf.o [2]
wifi_reg_event_handler  0x1001decf    0x3a  Code  Gb  wifi_ind.o [2]
wifi_remove_packet_filter
                        0x100142b1     0x4  Code  Gb  wifi_conf.o [2]
wifi_rx_beacon_hdl      0x10013325     0x2  Code  Gb  wifi_conf.o [2]
wifi_scan               0x10013e85    0x56  Code  Gb  wifi_conf.o [2]
wifi_scan_done_hdl      0x10013e1b    0x64  Code  Lc  wifi_conf.o [2]
wifi_scan_each_report_hdl
                        0x10013cf1   0x12a  Code  Lc  wifi_conf.o [2]
wifi_scan_networks      0x10013efd    0x92  Code  Gb  wifi_conf.o [2]
wifi_set_autoreconnect  0x1001423d    0x1c  Code  Gb  wifi_conf.o [2]
wifi_set_channel        0x10013ad7     0xa  Code  Gb  wifi_conf.o [2]
wifi_set_lps_dtim       0x10013bf9     0xa  Code  Gb  wifi_conf.o [2]
wifi_set_power_mode     0x10013bd9     0x4  Code  Gb  wifi_conf.o [2]
wifi_set_promisc        0x10014119     0x4  Code  Gb  wifi_conf.o [2]
wifi_set_pscan_chan     0x10013f9d    0x12  Code  Gb  wifi_conf.o [2]
wifi_set_tdma_param     0x10013be5    0x14  Code  Gb  wifi_conf.o [2]
wifi_set_wps_phase      0x10014115     0x4  Code  Gb  wifi_conf.o [2]
wifi_show_setting       0x10014069    0x9e  Code  Gb  wifi_conf.o [2]
wifi_start_ap           0x10013c21    0xcc  Code  Gb  wifi_conf.o [2]
wifi_unreg_event_handler
                        0x1001df09    0x30  Code  Gb  wifi_ind.o [2]
wifirate2_ratetbl_inx   0x10036e99    0x60  Code  Gb  rtw_wlan_util.o [8]
wireless_send_event     0x1002abc7     0xa  Code  Gb  freertos_ioctl.o [8]
wlan_init_done_callback
                        0x1004c78d    0xd0  Code  Gb  example_wlan_fast_connect.o [2]
wlan_network            0x1004ce5d    0x3a  Code  Gb  wlan_network.o [2]
wlan_wrtie_reconnect_data_to_flash
                        0x1004c731    0x5c  Code  Gb  example_wlan_fast_connect.o [2]
wlancmds                0x1002df04   0x1f8  Data  Gb  rtw_cmd.o [8]
wlanevents              0x10034b70    0xc0  Data  Lc  rtw_mlme_ext.o [8]
wlanhdr_to_ethhdr       0x10026e5d   0x138  Code  Gb  rtw_recv.o [8]
wpa_global_PSK          0x10057df4    0x50  Data  Gb  rtw_psk.o [8]
wpa_set_encryption      0x1002ad8b   0x176  Code  Lc  freertos_ioctl.o [8]
wpabuf_alloc            0x1002a7b9    0x18  Code  Gb  wpabuf.o [9]
wpabuf_alloc_copy       0x1002a7d1    0x1c  Code  Gb  wpabuf.o [9]
wpabuf_dup              0x1002a7ed    0x1a  Code  Gb  wpabuf.o [9]
wpabuf_free             0x1002a807    0x24  Code  Gb  wpabuf.o [9]
wpabuf_put              0x1002a831     0xc  Code  Gb  wpabuf.o [9]
wpabuf_put_be16         0x1002a891    0x14  Code  Lc  wps_attr_build.o [9]
wpabuf_put_be16         0x1004dded    0x14  Code  Lc  wps_dev_attr.o [9]
wpabuf_put_be16         0x1004e0e5    0x14  Code  Lc  wps_enrollee.o [9]
wpabuf_put_buf          0x1002a7af     0xa  Code  Lc  wpabuf.o [9]
wpabuf_put_buf          0x1002a8c7     0xa  Code  Lc  wps_attr_build.o [9]
wpabuf_put_data         0x1004d75d    0x22  Code  Lc  eap_wsc.o [9]
wpabuf_put_data         0x1002a78d    0x22  Code  Lc  wpabuf.o [9]
wpabuf_put_data         0x1002a8a5    0x22  Code  Lc  wps_attr_build.o [9]
wpabuf_put_data         0x1004de01    0x22  Code  Lc  wps_dev_attr.o [9]
wpabuf_put_data         0x1004e0f9    0x22  Code  Lc  wps_enrollee.o [9]
wpabuf_put_u8           0x1004d74d    0x10  Code  Lc  eap_wsc.o [9]
wpabuf_put_u8           0x1002a881    0x10  Code  Lc  wps_attr_build.o [9]
wpabuf_put_u8           0x1004dc91    0x10  Code  Lc  eap_common.o [9]
wpabuf_put_u8           0x1004ddad    0x10  Code  Lc  eap_wsc_common.o [9]
wpabuf_zeropad          0x1002a83d    0x3a  Code  Gb  wpabuf.o [9]
wpas_eap_wsc_init       0x1004d1b5    0x12  Code  Gb  wps_protocol_handler.o [9]
wpas_swith_to_wps_auth  0x1004d1c7    0x14  Code  Gb  wps_protocol_handler.o [9]
wpas_swith_to_wps_encr  0x1004d1db    0x20  Code  Gb  wps_protocol_handler.o [9]
wpas_wps_dev_config     0x1004d1fb    0xd0  Code  Gb  wps_protocol_handler.o [9]
wpas_wps_init           0x1004d2cb    0x7e  Code  Gb  wps_protocol_handler.o [9]
wpas_wps_notify_wps_finish
                        0x1004d471    0x34  Code  Gb  wps_protocol_handler.o [9]
wpas_wps_notify_wps_finish_hdl
                        0x1004d4a5     0x2  Code  Gb  wps_protocol_handler.o [9]
wpas_wsc_eapol_recvd    0x1004d653    0x66  Code  Gb  wps_protocol_handler.o [9]
wpas_wsc_eapol_recvd_hdl
                        0x1004d6c9    0x24  Code  Gb  wps_protocol_handler.o [9]
wpas_wsc_enrollee_handle_eap_fail
                        0x1004d4a7    0x48  Code  Gb  wps_protocol_handler.o [9]
wpas_wsc_enrollee_handle_recvd
                        0x1004d5db    0x78  Code  Gb  wps_protocol_handler.o [9]
wpas_wsc_send_eap_rspidentity
                        0x1004d3af    0x78  Code  Gb  wps_protocol_handler.o [9]
wpas_wsc_send_eapol     0x1004d4ff    0xcc  Code  Gb  wps_protocol_handler.o [9]
wpas_wsc_send_packet    0x1004d349    0x66  Code  Gb  wps_protocol_handler.o [9]
wps_build_ap_settings   0x1004e357    0xdc  Code  Lc  wps_enrollee.o [9]
wps_build_assoc_state   0x1002aad7    0x14  Code  Gb  wps_attr_build.o [9]
wps_build_auth_type_flags
                        0x1002aa7d    0x14  Code  Gb  wps_attr_build.o [9]
wps_build_authenticator
                        0x1002a9c3    0x52  Code  Gb  wps_attr_build.o [9]
wps_build_config_error  0x1002a9b7     0xc  Code  Gb  wps_attr_build.o [9]
wps_build_config_methods
                        0x1002a971     0xc  Code  Gb  wps_attr_build.o [9]
wps_build_conn_type_flags
                        0x1002aab9    0x14  Code  Gb  wps_attr_build.o [9]
wps_build_dev_name      0x1004dec3    0x24  Code  Gb  wps_dev_attr.o [9]
wps_build_dev_password_id
                        0x1002a995     0xa  Code  Gb  wps_attr_build.o [9]
wps_build_device_attrs  0x1004dee7    0x5e  Code  Gb  wps_dev_attr.o [9]
wps_build_e_hash        0x1004e11b    0x9e  Code  Lc  wps_enrollee.o [9]
wps_build_encr_settings
                        0x1002ab1d    0x76  Code  Gb  wps_attr_build.o [9]
wps_build_encr_type_flags
                        0x1002aa91    0x12  Code  Gb  wps_attr_build.o [9]
wps_build_enrollee_nonce
                        0x1002aa3b    0x1e  Code  Gb  wps_attr_build.o [9]
wps_build_key_wrap_auth
                        0x1002aaeb    0x32  Code  Gb  wps_attr_build.o [9]
wps_build_m1            0x1004e1cf   0x100  Code  Gb  wps_enrollee.o [9]
wps_build_m5            0x1004e2cf    0x82  Code  Lc  wps_enrollee.o [9]
wps_build_m7            0x1004e439    0x96  Code  Lc  wps_enrollee.o [9]
wps_build_mac_addr      0x1002ab93    0x16  Code  Gb  wps_attr_build.o [9]
wps_build_manufacturer  0x1004de23    0x24  Code  Gb  wps_dev_attr.o [9]
wps_build_model_name    0x1004de47    0x22  Code  Gb  wps_dev_attr.o [9]
wps_build_model_number  0x1004de75    0x24  Code  Gb  wps_dev_attr.o [9]
wps_build_msg_type      0x1002aa2f     0xc  Code  Gb  wps_attr_build.o [9]
wps_build_os_version    0x1004df45    0x30  Code  Gb  wps_dev_attr.o [9]
wps_build_primary_dev_type
                        0x1004de99    0x24  Code  Gb  wps_dev_attr.o [9]
wps_build_public_key    0x1002a8d1    0x88  Code  Gb  wps_attr_build.o [9]
wps_build_registrar_nonce
                        0x1002aa59    0x1e  Code  Gb  wps_attr_build.o [9]
wps_build_rf_bands      0x1004df79    0x24  Code  Gb  wps_dev_attr.o [9]
wps_build_uuid_e        0x1002a97d    0x18  Code  Gb  wps_attr_build.o [9]
wps_build_version       0x1002aa15    0x16  Code  Gb  wps_attr_build.o [9]
wps_build_wfa_ext       0x1002aa2b     0x4  Code  Gb  wps_attr_build.o [9]
wps_build_wsc_ack       0x100236e9    0x42  Code  Gb  wps_common.o [9]
wps_build_wsc_nack      0x1002372b    0x4e  Code  Gb  wps_common.o [9]
wps_check_and_show_connection_info
                        0x1001b091    0x24  Code  Gb  wifi_wps_config.o [2]
wps_decrypt_encr_settings
                        0x100235c5    0x7e  Code  Gb  wps_common.o [9]
wps_deinit              0x1004dc0b    0x58  Code  Gb  wps.o [9]
wps_derive_keys         0x10023495    0xde  Code  Gb  wps_common.o [9]
wps_derive_psk          0x10023573    0x52  Code  Gb  wps_common.o [9]
wps_device_data_free    0x1004e09b    0x44  Code  Gb  wps_dev_attr.o [9]
wps_enrollee_get_msg    0x1004e4ff   0x11e  Code  Gb  wps_enrollee.o [9]
wps_enrollee_process_msg
                        0x1004ea6b    0xb4  Code  Gb  wps_enrollee.o [9]
wps_generate_pin        0x100236a3    0x3a  Code  Gb  wps_common.o [9]
wps_get_msg             0x1004dc6d     0x4  Code  Gb  wps.o [9]
wps_init                0x1004daed   0x106  Code  Gb  wps.o [9]
wps_judge_staion_disconnect
                        0x1001b42f    0x46  Code  Gb  wifi_wps_config.o [2]
wps_kdf                 0x100233f1    0xa4  Code  Gb  wps_common.o [9]
wps_oui                 0x00035440     0x4  Data  Lc  rom.o [11]
wps_parse_msg           0x1004ef1d    0x8c  Code  Gb  wps_attr_parse.o [9]
wps_parse_vendor_ext_wfa
                        0x1004eb33    0x5c  Code  Lc  wps_attr_parse.o [9]
wps_password_id         0x100563d4     0x1  Data  Gb  wifi_wps_config.o [2]
wps_pin_checksum        0x10023643    0x3e  Code  Gb  wps_common.o [9]
wps_pin_code            0x100563dc    0x20  Data  Gb  wifi_wps_config.o [2]
wps_pin_valid           0x10023681    0x22  Code  Gb  wps_common.o [9]
wps_process_authenticator
                        0x1004efa9    0x4e  Code  Gb  wps_attr_process.o [9]
wps_process_cred        0x1004f0fb    0x54  Code  Gb  wps_attr_process.o [9]
wps_process_cred_auth_type
                        0x1004f05d    0x12  Code  Lc  wps_attr_process.o [9]
wps_process_cred_e      0x1004e6db    0x42  Code  Lc  wps_enrollee.o [9]
wps_process_cred_encr_type
                        0x1004f06f    0x12  Code  Lc  wps_attr_process.o [9]
wps_process_cred_mac_addr
                        0x1004f0c1    0x16  Code  Lc  wps_attr_process.o [9]
wps_process_cred_network_key
                        0x1004f093    0x28  Code  Lc  wps_attr_process.o [9]
wps_process_cred_network_key_idx
                        0x1004f087     0xc  Code  Lc  wps_attr_process.o [9]
wps_process_cred_ssid   0x1004f033    0x2a  Code  Lc  wps_attr_process.o [9]
wps_process_creds       0x1004e71d    0x40  Code  Lc  wps_enrollee.o [9]
wps_process_device_attrs
                        0x1004df9d    0xea  Code  Gb  wps_dev_attr.o [9]
wps_process_enrollee_nonce
                        0x1004e61d    0x18  Code  Lc  wps_enrollee.o [9]
wps_process_key_wrap_auth
                        0x1004eff7    0x3c  Code  Gb  wps_attr_process.o [9]
wps_process_m2          0x1004e75d    0x90  Code  Lc  wps_enrollee.o [9]
wps_process_m4          0x1004e7ed    0x86  Code  Lc  wps_enrollee.o [9]
wps_process_m8          0x1004e883    0x7a  Code  Lc  wps_enrollee.o [9]
wps_process_msg         0x1004dc69     0x4  Code  Gb  wps.o [9]
wps_process_r_snonce1   0x1004e635    0x38  Code  Lc  wps_enrollee.o [9]
wps_process_r_snonce2   0x1004e66d    0x38  Code  Lc  wps_enrollee.o [9]
wps_process_wsc_msg     0x1004e91d   0x14e  Code  Lc  wps_enrollee.o [9]
wps_scan_result_handler
                        0x1001b0b5    0x82  Code  Lc  wifi_wps_config.o [2]
wps_set_attr            0x1004eb8f   0x38e  Code  Lc  wps_attr_parse.o [9]
wps_start               0x1001b143   0x2e2  Code  Gb  wifi_wps_config.o [2]
wps_validate_assoc_state
                        0x1004f219    0x18  Code  Lc  wps_validate.o [9]
wps_validate_auth_type  0x1004f349    0x2c  Code  Lc  wps_validate.o [9]
wps_validate_auth_type_flags
                        0x1004f32d    0x1c  Code  Lc  wps_validate.o [9]
wps_validate_authenticator
                        0x1004f3e3     0xa  Code  Lc  wps_validate.o [9]
wps_validate_config_error
                        0x1004f231    0x18  Code  Lc  wps_validate.o [9]
wps_validate_config_methods
                        0x1004f1cd    0x20  Code  Lc  wps_validate.o [9]
wps_validate_conn_type_flags
                        0x1004f3c3    0x16  Code  Lc  wps_validate.o [9]
wps_validate_cred       0x1004f459    0x82  Code  Lc  wps_validate.o [9]
wps_validate_dev_name   0x1004f2bb    0x16  Code  Lc  wps_validate.o [9]
wps_validate_dev_password_id
                        0x1004f249    0x1a  Code  Lc  wps_validate.o [9]
wps_validate_encr_settings
                        0x1004f3ed    0x10  Code  Lc  wps_validate.o [9]
wps_validate_encr_type  0x1004f391    0x2c  Code  Lc  wps_validate.o [9]
wps_validate_encr_type_flags
                        0x1004f375    0x1c  Code  Lc  wps_validate.o [9]
wps_validate_enrollee_nonce
                        0x1004f2f7     0xa  Code  Lc  wps_validate.o [9]
wps_validate_key_wrap_auth
                        0x1004f3fd     0xa  Code  Lc  wps_validate.o [9]
wps_validate_m2         0x1004f517   0x10e  Code  Gb  wps_validate.o [9]
wps_validate_m2d        0x1004f625    0xda  Code  Gb  wps_validate.o [9]
wps_validate_m4         0x1004f70d    0x56  Code  Gb  wps_validate.o [9]
wps_validate_m4_encr    0x1004f763    0x28  Code  Gb  wps_validate.o [9]
wps_validate_m6         0x1004f7af    0x4a  Code  Gb  wps_validate.o [9]
wps_validate_m6_encr    0x1004f80f    0x28  Code  Gb  wps_validate.o [9]
wps_validate_m8         0x1004f837    0x4a  Code  Gb  wps_validate.o [9]
wps_validate_m8_encr    0x1004f881    0x8a  Code  Gb  wps_validate.o [9]
wps_validate_mac_addr   0x1004f2e5    0x12  Code  Lc  wps_validate.o [9]
wps_validate_manufacturer
                        0x1004f263    0x16  Code  Lc  wps_validate.o [9]
wps_validate_model_name
                        0x1004f279    0x16  Code  Lc  wps_validate.o [9]
wps_validate_model_number
                        0x1004f28f    0x16  Code  Lc  wps_validate.o [9]
wps_validate_msg_type   0x1004f2d1    0x14  Code  Lc  wps_validate.o [9]
wps_validate_network_key
                        0x1004f42b    0x2e  Code  Lc  wps_validate.o [9]
wps_validate_network_key_index
                        0x1004f421     0xa  Code  Lc  wps_validate.o [9]
wps_validate_os_version
                        0x1004f3d9     0xa  Code  Lc  wps_validate.o [9]
wps_validate_primary_dev_type
                        0x1004f1f7     0xa  Code  Lc  wps_validate.o [9]
wps_validate_public_key
                        0x1004f30b    0x10  Code  Lc  wps_validate.o [9]
wps_validate_registrar_nonce
                        0x1004f301     0xa  Code  Lc  wps_validate.o [9]
wps_validate_rf_bands   0x1004f201    0x18  Code  Lc  wps_validate.o [9]
wps_validate_serial_number
                        0x1004f2a5    0x16  Code  Lc  wps_validate.o [9]
wps_validate_ssid       0x1004f407    0x1a  Code  Lc  wps_validate.o [9]
wps_validate_uuid_r     0x1004f1ed     0xa  Code  Lc  wps_validate.o [9]
wps_validate_version    0x1004f16f    0x12  Code  Lc  wps_validate.o [9]
wps_validate_version2   0x1004f181    0x12  Code  Lc  wps_validate.o [9]
wps_validate_wsc_ack    0x1004f90b    0x46  Code  Gb  wps_validate.o [9]
wps_validate_wsc_nack   0x1004f951    0x4e  Code  Gb  wps_validate.o [9]
wps_workaround_cred_key
                        0x1004f0d7    0x24  Code  Lc  wps_attr_process.o [9]
wrapper_skbbuf_list     0x10058044     0x8  Data  Lc  freertos_skbuff.o [8]
write_cam               0x100367a5    0x6a  Code  Gb  rtw_wlan_util.o [8]
write_ota_addr_to_system_data
                        0x1000ffad    0x96  Code  Gb  update.o [2]
wsc_eap                 0x1005a168    0x1c  Data  Gb  eap_wsc.o [9]
xActiveTimerList1       0x10056150    0x14  Data  Lc  timers.o [2]
xActiveTimerList2       0x10056164    0x14  Data  Lc  timers.o [2]
xBlockAllocatedBit      0x10055abc     0x4  Data  Lc  heap_5.o [2]
xDelayedTaskList1       0x10050110    0x14  Data  Lc  tasks.o [2]
xDelayedTaskList2       0x10050124    0x14  Data  Lc  tasks.o [2]
xFreeBytesRemaining     0x10055ab4     0x4  Data  Lc  heap_5.o [2]
xHeapRegions            0x10055a90    0x18  Data  Gb  heap_5.o [2]
xMaximumPossibleSuppressedTicks
                        0x10055d2c     0x4  Data  Lc  port.o [2]
xMinimumEverFreeBytesRemaining
                        0x10055ab8     0x4  Data  Lc  heap_5.o [2]
xNextTaskUnblockTime    0x10050108     0x4  Data  Lc  tasks.o [2]
xNumOfOverflows         0x10050100     0x4  Data  Lc  tasks.o [2]
xPendingReadyList       0x1005009c    0x14  Data  Lc  tasks.o [2]
xPortGetFreeHeapSize    0x10018273     0x6  Code  Gb  heap_5.o [2]
xPortPendSVHandler      0x1004fbf1          Code  Gb  portasm.o [2]
xPortStartScheduler     0x10017e65    0x26  Code  Gb  port.o [2]
xPortSysTickHandler     0x10017ec7    0x1e  Code  Gb  port.o [2]
xQueueCreateCountingSemaphore
                        0x10017a85    0x12  Code  Gb  queue.o [2]
xQueueCreateMutex       0x10017a3b    0x40  Code  Gb  queue.o [2]
xQueueGenericCreate     0x100179ff    0x3c  Code  Gb  queue.o [2]
xQueueGenericReceive    0x10017bc7    0xfa  Code  Gb  queue.o [2]
xQueueGenericReset      0x1001799f    0x60  Code  Gb  queue.o [2]
xQueueGenericSend       0x10017a97    0xc4  Code  Gb  queue.o [2]
xQueueGenericSendFromISR
                        0x10017b5b    0x6c  Code  Gb  queue.o [2]
xSchedulerRunning       0x100500f4     0x4  Data  Lc  tasks.o [2]
xStart                  0x10055aa8     0x8  Data  Lc  heap_5.o [2]
xSuspendedTaskList      0x100500d4    0x14  Data  Lc  tasks.o [2]
xTaskCheckForTimeOut    0x10015e6b    0x3c  Code  Gb  tasks.o [2]
xTaskGenericCreate      0x10015895   0x118  Code  Gb  tasks.o [2]
xTaskGetSchedulerState  0x10015fd3    0x16  Code  Gb  tasks.o [2]
xTaskGetTickCount       0x10015c1d     0xc  Code  Gb  tasks.o [2]
xTaskGetTickCountFromISR
                        0x10015c31    0x14  Code  Gb  tasks.o [2]
xTaskIncrementTick      0x10015c5d    0xb0  Code  Gb  tasks.o [2]
xTaskPriorityDisinherit
                        0x10016069    0x6a  Code  Gb  tasks.o [2]
xTaskRemoveFromEventList
                        0x10015e01    0x38  Code  Gb  tasks.o [2]
xTaskResumeAll          0x10015b91    0x8c  Code  Gb  tasks.o [2]
xTasksWaitingTermination
                        0x100500b0    0x14  Data  Lc  tasks.o [2]
xTickCount              0x100500ec     0x4  Data  Lc  tasks.o [2]
xTimerCreate            0x1001fd43    0x3a  Code  Gb  timers.o [2]
xTimerCreateTimerTask   0x1001fd11    0x32  Code  Gb  timers.o [2]
xTimerGenericCommand    0x1001fd7d    0x46  Code  Gb  timers.o [2]
xTimerIsTimerActive     0x1001ffdf    0x1a  Code  Gb  timers.o [2]
xTimerQueue             0x10056148     0x4  Data  Lc  timers.o [2]
xYieldPending           0x100500fc     0x4  Data  Lc  tasks.o [2]
xmit_delivery_enabled_frames
                        0x1003b897   0x102  Code  Gb  rtw_xmit.o [8]
xmitframe_addmic        0x1003aaa3   0x18e  Code  Gb  rtw_xmit.o [8]
xmitframe_enqueue_for_sleeping_sta
                        0x1003b427   0x154  Code  Gb  rtw_xmit.o [8]
xmitframe_swencrypt     0x1003ac37    0x30  Code  Gb  rtw_xmit.o [8]
xnetif                  0x10055c70    0x78  Data  Gb  lwip_netconf.o [2]
z1                      0x10000374     0x4  Data  Lc  rom.o [11]
z2                      0x10000378     0x4  Data  Lc  rom.o [11]
z3                      0x1000037c     0x4  Data  Lc  rom.o [11]
z4                      0x10000380     0x4  Data  Lc  rom.o [11]
zero_bssid              0x1001d920     0x8  Data  Gb  rtw_promisc.o [8]
zeroes                  0x0003ec14    0x10  Data  Lc  rom.o [11]


[1] = D:\工作资料\斐联\sdk-ameba1-v3.4b\project\realtek_ameba1_va0_example\EWARM-RELEASE\..\..\..\component\soc\realtek\8195a\misc\bsp\image
[2] = D:\工作资料\斐联\sdk-ameba1-v3.4b\project\realtek_ameba1_va0_example\EWARM-RELEASE\Debug\Obj
[3] = command line
[4] = dl7M_tln.a
[5] = lib_mdns.a
[6] = lib_platform.a
[7] = lib_rtlstd.a
[8] = lib_wlan.a
[9] = lib_wps.a
[10] = m7M_tl.a
[11] = rom.a
[12] = rt7M_tl.a

  291 628 bytes of readonly  code memory
  276 520 bytes of readwrite code memory
   24 698 bytes of readonly  data memory
  183 246 bytes of readwrite data memory

Errors: none
Warnings: none
